[0.282s] Invoking command in '/home/syafihidayat/Documents/robot_smoothing/build/robot_waypoint_pkg': CMAKE_PREFIX_PATH=${CMAKE_PREFIX_PATH}:/opt/ros/humble /usr/bin/cmake --build /home/syafihidayat/Documents/robot_smoothing/build/robot_waypoint_pkg -- -j16 -l16
[0.383s] [100%] Built target robot_waypoint
[0.400s] Invoked command in '/home/syafihidayat/Documents/robot_smoothing/build/robot_waypoint_pkg' returned '0': CMAKE_PREFIX_PATH=${CMAKE_PREFIX_PATH}:/opt/ros/humble /usr/bin/cmake --build /home/syafihidayat/Documents/robot_smoothing/build/robot_waypoint_pkg -- -j16 -l16
[0.402s] Invoking command in '/home/syafihidayat/Documents/robot_smoothing/build/robot_waypoint_pkg': CMAKE_PREFIX_PATH=${CMAKE_PREFIX_PATH}:/opt/ros/humble /usr/bin/cmake --install /home/syafihidayat/Documents/robot_smoothing/build/robot_waypoint_pkg
[0.410s] -- Install configuration: ""
[0.411s] -- Up-to-date: /home/syafihidayat/Documents/robot_smoothing/install/robot_waypoint_pkg/lib/robot_waypoint_pkg/robot_waypoint
[0.411s] -- Up-to-date: /home/syafihidayat/Documents/robot_smoothing/install/robot_waypoint_pkg/share/ament_index/resource_index/package_run_dependencies/robot_waypoint_pkg
[0.411s] -- Up-to-date: /home/syafihidayat/Documents/robot_smoothing/install/robot_waypoint_pkg/share/ament_index/resource_index/parent_prefix_path/robot_waypoint_pkg
[0.412s] -- Up-to-date: /home/syafihidayat/Documents/robot_smoothing/install/robot_waypoint_pkg/share/robot_waypoint_pkg/environment/ament_prefix_path.sh
[0.412s] -- Up-to-date: /home/syafihidayat/Documents/robot_smoothing/install/robot_waypoint_pkg/share/robot_waypoint_pkg/environment/ament_prefix_path.dsv
[0.412s] -- Up-to-date: /home/syafihidayat/Documents/robot_smoothing/install/robot_waypoint_pkg/share/robot_waypoint_pkg/environment/path.sh
[0.412s] -- Up-to-date: /home/syafihidayat/Documents/robot_smoothing/install/robot_waypoint_pkg/share/robot_waypoint_pkg/environment/path.dsv
[0.412s] -- Up-to-date: /home/syafihidayat/Documents/robot_smoothing/install/robot_waypoint_pkg/share/robot_waypoint_pkg/local_setup.bash
[0.412s] -- Up-to-date: /home/syafihidayat/Documents/robot_smoothing/install/robot_waypoint_pkg/share/robot_waypoint_pkg/local_setup.sh
[0.412s] -- Up-to-date: /home/syafihidayat/Documents/robot_smoothing/install/robot_waypoint_pkg/share/robot_waypoint_pkg/local_setup.zsh
[0.412s] -- Up-to-date: /home/syafihidayat/Documents/robot_smoothing/install/robot_waypoint_pkg/share/robot_waypoint_pkg/local_setup.dsv
[0.412s] -- Installing: /home/syafihidayat/Documents/robot_smoothing/install/robot_waypoint_pkg/share/robot_waypoint_pkg/package.dsv
[0.413s] -- Up-to-date: /home/syafihidayat/Documents/robot_smoothing/install/robot_waypoint_pkg/share/ament_index/resource_index/packages/robot_waypoint_pkg
[0.413s] -- Up-to-date: /home/syafihidayat/Documents/robot_smoothing/install/robot_waypoint_pkg/share/robot_waypoint_pkg/cmake/robot_waypoint_pkgConfig.cmake
[0.413s] -- Up-to-date: /home/syafihidayat/Documents/robot_smoothing/install/robot_waypoint_pkg/share/robot_waypoint_pkg/cmake/robot_waypoint_pkgConfig-version.cmake
[0.413s] -- Up-to-date: /home/syafihidayat/Documents/robot_smoothing/install/robot_waypoint_pkg/share/robot_waypoint_pkg/package.xml
[0.416s] Invoked command in '/home/syafihidayat/Documents/robot_smoothing/build/robot_waypoint_pkg' returned '0': CMAKE_PREFIX_PATH=${CMAKE_PREFIX_PATH}:/opt/ros/humble /usr/bin/cmake --install /home/syafihidayat/Documents/robot_smoothing/build/robot_waypoint_pkg
