[0.039s] Invoking command in '/home/syafihidayat/Documents/robot_smoothing/build/lbringup': CMAKE_PREFIX_PATH=${CMAKE_PREFIX_PATH}:/opt/ros/humble /usr/bin/cmake --build /home/syafihidayat/Documents/robot_smoothing/build/lbringup -- -j16 -l16
[0.354s] Invoked command in '/home/syafihidayat/Documents/robot_smoothing/build/lbringup' returned '0': CMAKE_PREFIX_PATH=${CMAKE_PREFIX_PATH}:/opt/ros/humble /usr/bin/cmake --build /home/syafihidayat/Documents/robot_smoothing/build/lbringup -- -j16 -l16
[0.371s] Invoking command in '/home/syafihidayat/Documents/robot_smoothing/build/lbringup': CMAKE_PREFIX_PATH=${CMAKE_PREFIX_PATH}:/opt/ros/humble /usr/bin/cmake --install /home/syafihidayat/Documents/robot_smoothing/build/lbringup
[0.392s] -- Install configuration: ""
[0.392s] -- Up-to-date: /home/syafihidayat/Documents/robot_smoothing/install/lbringup/share/lbringup/launch
[0.392s] -- Up-to-date: /home/syafihidayat/Documents/robot_smoothing/install/lbringup/share/lbringup/launch/lasers.launch.py
[0.392s] -- Up-to-date: /home/syafihidayat/Documents/robot_smoothing/install/lbringup/share/lbringup/launch/default_robot.launch.py
[0.392s] -- Up-to-date: /home/syafihidayat/Documents/robot_smoothing/install/lbringup/share/lbringup/launch/depth.launch.py
[0.393s] -- Up-to-date: /home/syafihidayat/Documents/robot_smoothing/install/lbringup/share/lbringup/launch/extra_launch.py
[0.393s] -- Up-to-date: /home/syafihidayat/Documents/robot_smoothing/install/lbringup/share/lbringup/launch/custom_robot.launch.py
[0.393s] -- Up-to-date: /home/syafihidayat/Documents/robot_smoothing/install/lbringup/share/lbringup/launch/sensors.launch.py
[0.393s] -- Up-to-date: /home/syafihidayat/Documents/robot_smoothing/install/lbringup/share/lbringup/launch/bringup.launch.py
[0.393s] -- Up-to-date: /home/syafihidayat/Documents/robot_smoothing/install/lbringup/share/lbringup/launch/joy_teleop.launch.py
[0.393s] -- Up-to-date: /home/syafihidayat/Documents/robot_smoothing/install/lbringup/share/lbringup/config
[0.393s] -- Up-to-date: /home/syafihidayat/Documents/robot_smoothing/install/lbringup/share/lbringup/config/twist_mux.yaml
[0.393s] -- Up-to-date: /home/syafihidayat/Documents/robot_smoothing/install/lbringup/share/lbringup/config/zed_common.yaml
[0.393s] -- Up-to-date: /home/syafihidayat/Documents/robot_smoothing/install/lbringup/share/lbringup/config/box_laser_filter.yaml
[0.393s] -- Up-to-date: /home/syafihidayat/Documents/robot_smoothing/install/lbringup/share/lbringup/config/fake_laser.yaml
[0.394s] -- Up-to-date: /home/syafihidayat/Documents/robot_smoothing/install/lbringup/share/lbringup/config/ekf.yaml
[0.394s] -- Up-to-date: /home/syafihidayat/Documents/robot_smoothing/install/lbringup/share/lbringup/config/joy.yaml
[0.394s] -- Up-to-date: /home/syafihidayat/Documents/robot_smoothing/install/lbringup/share/ament_index/resource_index/package_run_dependencies/lbringup
[0.394s] -- Up-to-date: /home/syafihidayat/Documents/robot_smoothing/install/lbringup/share/ament_index/resource_index/parent_prefix_path/lbringup
[0.394s] -- Up-to-date: /home/syafihidayat/Documents/robot_smoothing/install/lbringup/share/lbringup/environment/ament_prefix_path.sh
[0.394s] -- Up-to-date: /home/syafihidayat/Documents/robot_smoothing/install/lbringup/share/lbringup/environment/ament_prefix_path.dsv
[0.394s] -- Up-to-date: /home/syafihidayat/Documents/robot_smoothing/install/lbringup/share/lbringup/environment/path.sh
[0.394s] -- Up-to-date: /home/syafihidayat/Documents/robot_smoothing/install/lbringup/share/lbringup/environment/path.dsv
[0.395s] -- Up-to-date: /home/syafihidayat/Documents/robot_smoothing/install/lbringup/share/lbringup/local_setup.bash
[0.395s] -- Up-to-date: /home/syafihidayat/Documents/robot_smoothing/install/lbringup/share/lbringup/local_setup.sh
[0.398s] -- Up-to-date: /home/syafihidayat/Documents/robot_smoothing/install/lbringup/share/lbringup/local_setup.zsh
[0.398s] -- Up-to-date: /home/syafihidayat/Documents/robot_smoothing/install/lbringup/share/lbringup/local_setup.dsv
[0.398s] -- Installing: /home/syafihidayat/Documents/robot_smoothing/install/lbringup/share/lbringup/package.dsv
[0.398s] -- Up-to-date: /home/syafihidayat/Documents/robot_smoothing/install/lbringup/share/ament_index/resource_index/packages/lbringup
[0.399s] -- Up-to-date: /home/syafihidayat/Documents/robot_smoothing/install/lbringup/share/lbringup/cmake/lbringupConfig.cmake
[0.399s] -- Up-to-date: /home/syafihidayat/Documents/robot_smoothing/install/lbringup/share/lbringup/cmake/lbringupConfig-version.cmake
[0.399s] -- Up-to-date: /home/syafihidayat/Documents/robot_smoothing/install/lbringup/share/lbringup/package.xml
[0.400s] Invoked command in '/home/syafihidayat/Documents/robot_smoothing/build/lbringup' returned '0': CMAKE_PREFIX_PATH=${CMAKE_PREFIX_PATH}:/opt/ros/humble /usr/bin/cmake --install /home/syafihidayat/Documents/robot_smoothing/build/lbringup
