[0.319s] Invoking command in '/home/syafihidayat/Documents/robot_smoothing/build/robot_waypoint_pkg': CMAKE_PREFIX_PATH=${CMAKE_PREFIX_PATH}:/opt/ros/humble /usr/bin/cmake --build /home/syafihidayat/Documents/robot_smoothing/build/robot_waypoint_pkg -- -j16 -l16
[0.399s] [ 50%] [32mBuilding CXX object CMakeFiles/robot_waypoint.dir/src/robot_waypoint.cpp.o[0m
[12.041s] [100%] [32m[1mLinking CXX executable robot_waypoint[0m
[13.067s] [100%] Built target robot_waypoint
[13.084s] Invoked command in '/home/syafihidayat/Documents/robot_smoothing/build/robot_waypoint_pkg' returned '0': CMAKE_PREFIX_PATH=${CMAKE_PREFIX_PATH}:/opt/ros/humble /usr/bin/cmake --build /home/syafihidayat/Documents/robot_smoothing/build/robot_waypoint_pkg -- -j16 -l16
[13.087s] Invoking command in '/home/syafihidayat/Documents/robot_smoothing/build/robot_waypoint_pkg': CMAKE_PREFIX_PATH=${CMAKE_PREFIX_PATH}:/opt/ros/humble /usr/bin/cmake --install /home/syafihidayat/Documents/robot_smoothing/build/robot_waypoint_pkg
[13.097s] -- Install configuration: ""
[13.098s] -- Installing: /home/syafihidayat/Documents/robot_smoothing/install/robot_waypoint_pkg/lib/robot_waypoint_pkg/robot_waypoint
[13.110s] -- Set runtime path of "/home/syafihidayat/Documents/robot_smoothing/install/robot_waypoint_pkg/lib/robot_waypoint_pkg/robot_waypoint" to ""
[13.110s] -- Up-to-date: /home/syafihidayat/Documents/robot_smoothing/install/robot_waypoint_pkg/share/ament_index/resource_index/package_run_dependencies/robot_waypoint_pkg
[13.111s] -- Up-to-date: /home/syafihidayat/Documents/robot_smoothing/install/robot_waypoint_pkg/share/ament_index/resource_index/parent_prefix_path/robot_waypoint_pkg
[13.111s] -- Up-to-date: /home/syafihidayat/Documents/robot_smoothing/install/robot_waypoint_pkg/share/robot_waypoint_pkg/environment/ament_prefix_path.sh
[13.111s] -- Up-to-date: /home/syafihidayat/Documents/robot_smoothing/install/robot_waypoint_pkg/share/robot_waypoint_pkg/environment/ament_prefix_path.dsv
[13.111s] -- Up-to-date: /home/syafihidayat/Documents/robot_smoothing/install/robot_waypoint_pkg/share/robot_waypoint_pkg/environment/path.sh
[13.111s] -- Up-to-date: /home/syafihidayat/Documents/robot_smoothing/install/robot_waypoint_pkg/share/robot_waypoint_pkg/environment/path.dsv
[13.111s] -- Up-to-date: /home/syafihidayat/Documents/robot_smoothing/install/robot_waypoint_pkg/share/robot_waypoint_pkg/local_setup.bash
[13.111s] -- Up-to-date: /home/syafihidayat/Documents/robot_smoothing/install/robot_waypoint_pkg/share/robot_waypoint_pkg/local_setup.sh
[13.111s] -- Up-to-date: /home/syafihidayat/Documents/robot_smoothing/install/robot_waypoint_pkg/share/robot_waypoint_pkg/local_setup.zsh
[13.111s] -- Up-to-date: /home/syafihidayat/Documents/robot_smoothing/install/robot_waypoint_pkg/share/robot_waypoint_pkg/local_setup.dsv
[13.111s] -- Installing: /home/syafihidayat/Documents/robot_smoothing/install/robot_waypoint_pkg/share/robot_waypoint_pkg/package.dsv
[13.111s] -- Up-to-date: /home/syafihidayat/Documents/robot_smoothing/install/robot_waypoint_pkg/share/ament_index/resource_index/packages/robot_waypoint_pkg
[13.112s] -- Up-to-date: /home/syafihidayat/Documents/robot_smoothing/install/robot_waypoint_pkg/share/robot_waypoint_pkg/cmake/robot_waypoint_pkgConfig.cmake
[13.112s] -- Up-to-date: /home/syafihidayat/Documents/robot_smoothing/install/robot_waypoint_pkg/share/robot_waypoint_pkg/cmake/robot_waypoint_pkgConfig-version.cmake
[13.112s] -- Up-to-date: /home/syafihidayat/Documents/robot_smoothing/install/robot_waypoint_pkg/share/robot_waypoint_pkg/package.xml
[13.115s] Invoked command in '/home/syafihidayat/Documents/robot_smoothing/build/robot_waypoint_pkg' returned '0': CMAKE_PREFIX_PATH=${CMAKE_PREFIX_PATH}:/opt/ros/humble /usr/bin/cmake --install /home/syafihidayat/Documents/robot_smoothing/build/robot_waypoint_pkg
