[0.361s] Invoking command in '/home/syafihidayat/Documents/robot_smoothing/build/robot_waypoint_pkg': CMAKE_PREFIX_PATH=${CMAKE_PREFIX_PATH}:/home/syafihidayat/Documents/robot_smoothing/install/robot_gui_pkg:/opt/ros/humble /usr/bin/cmake --build /home/syafihidayat/Documents/robot_smoothing/build/robot_waypoint_pkg -- -j16 -l16
[0.431s] [ 50%] [32mBuilding CXX object CMakeFiles/robot_waypoint.dir/src/robot_waypoint.cpp.o[0m
[9.925s] [100%] [32m[1mLinking CXX executable robot_waypoint[0m
[10.728s] [100%] Built target robot_waypoint
[10.742s] Invoked command in '/home/syafihidayat/Documents/robot_smoothing/build/robot_waypoint_pkg' returned '0': CMAKE_PREFIX_PATH=${CMAKE_PREFIX_PATH}:/home/syafihidayat/Documents/robot_smoothing/install/robot_gui_pkg:/opt/ros/humble /usr/bin/cmake --build /home/syafihidayat/Documents/robot_smoothing/build/robot_waypoint_pkg -- -j16 -l16
[10.744s] Invoking command in '/home/syafihidayat/Documents/robot_smoothing/build/robot_waypoint_pkg': CMAKE_PREFIX_PATH=${CMAKE_PREFIX_PATH}:/home/syafihidayat/Documents/robot_smoothing/install/robot_gui_pkg:/opt/ros/humble /usr/bin/cmake --install /home/syafihidayat/Documents/robot_smoothing/build/robot_waypoint_pkg
[10.752s] -- Install configuration: ""
[10.752s] -- Installing: /home/syafihidayat/Documents/robot_smoothing/install/robot_waypoint_pkg/lib/robot_waypoint_pkg/robot_waypoint
[10.762s] -- Set runtime path of "/home/syafihidayat/Documents/robot_smoothing/install/robot_waypoint_pkg/lib/robot_waypoint_pkg/robot_waypoint" to ""
[10.762s] -- Up-to-date: /home/syafihidayat/Documents/robot_smoothing/install/robot_waypoint_pkg/share/ament_index/resource_index/package_run_dependencies/robot_waypoint_pkg
[10.763s] -- Up-to-date: /home/syafihidayat/Documents/robot_smoothing/install/robot_waypoint_pkg/share/ament_index/resource_index/parent_prefix_path/robot_waypoint_pkg
[10.763s] -- Up-to-date: /home/syafihidayat/Documents/robot_smoothing/install/robot_waypoint_pkg/share/robot_waypoint_pkg/environment/ament_prefix_path.sh
[10.763s] -- Up-to-date: /home/syafihidayat/Documents/robot_smoothing/install/robot_waypoint_pkg/share/robot_waypoint_pkg/environment/ament_prefix_path.dsv
[10.763s] -- Up-to-date: /home/syafihidayat/Documents/robot_smoothing/install/robot_waypoint_pkg/share/robot_waypoint_pkg/environment/path.sh
[10.763s] -- Up-to-date: /home/syafihidayat/Documents/robot_smoothing/install/robot_waypoint_pkg/share/robot_waypoint_pkg/environment/path.dsv
[10.763s] -- Up-to-date: /home/syafihidayat/Documents/robot_smoothing/install/robot_waypoint_pkg/share/robot_waypoint_pkg/local_setup.bash
[10.763s] -- Up-to-date: /home/syafihidayat/Documents/robot_smoothing/install/robot_waypoint_pkg/share/robot_waypoint_pkg/local_setup.sh
[10.763s] -- Up-to-date: /home/syafihidayat/Documents/robot_smoothing/install/robot_waypoint_pkg/share/robot_waypoint_pkg/local_setup.zsh
[10.763s] -- Up-to-date: /home/syafihidayat/Documents/robot_smoothing/install/robot_waypoint_pkg/share/robot_waypoint_pkg/local_setup.dsv
[10.763s] -- Installing: /home/syafihidayat/Documents/robot_smoothing/install/robot_waypoint_pkg/share/robot_waypoint_pkg/package.dsv
[10.764s] -- Up-to-date: /home/syafihidayat/Documents/robot_smoothing/install/robot_waypoint_pkg/share/ament_index/resource_index/packages/robot_waypoint_pkg
[10.764s] -- Up-to-date: /home/syafihidayat/Documents/robot_smoothing/install/robot_waypoint_pkg/share/robot_waypoint_pkg/cmake/robot_waypoint_pkgConfig.cmake
[10.764s] -- Up-to-date: /home/syafihidayat/Documents/robot_smoothing/install/robot_waypoint_pkg/share/robot_waypoint_pkg/cmake/robot_waypoint_pkgConfig-version.cmake
[10.764s] -- Up-to-date: /home/syafihidayat/Documents/robot_smoothing/install/robot_waypoint_pkg/share/robot_waypoint_pkg/package.xml
[10.766s] Invoked command in '/home/syafihidayat/Documents/robot_smoothing/build/robot_waypoint_pkg' returned '0': CMAKE_PREFIX_PATH=${CMAKE_PREFIX_PATH}:/home/syafihidayat/Documents/robot_smoothing/install/robot_gui_pkg:/opt/ros/humble /usr/bin/cmake --install /home/syafihidayat/Documents/robot_smoothing/build/robot_waypoint_pkg
