[35m[1mConsolidate compiler generated dependencies of target robot_main[0m
[ 50%] [32mBuilding CXX object CMakeFiles/robot_main.dir/src/robot_main.cpp.o[0m
[100%] [32m[1mLinking CXX executable robot_main[0m
[100%] Built target robot_main
-- Install configuration: ""
-- Installing: /home/syafihidayat/Documents/robot_smoothing/install/robot_main_pkg/lib/robot_main_pkg/robot_main
-- Set runtime path of "/home/syafihidayat/Documents/robot_smoothing/install/robot_main_pkg/lib/robot_main_pkg/robot_main" to ""
-- Up-to-date: /home/syafihidayat/Documents/robot_smoothing/install/robot_main_pkg/share/ament_index/resource_index/package_run_dependencies/robot_main_pkg
-- Installing: /home/syafihidayat/Documents/robot_smoothing/install/robot_main_pkg/share/ament_index/resource_index/parent_prefix_path/robot_main_pkg
-- Up-to-date: /home/syafihidayat/Documents/robot_smoothing/install/robot_main_pkg/share/robot_main_pkg/environment/ament_prefix_path.sh
-- Installing: /home/syafihidayat/Documents/robot_smoothing/install/robot_main_pkg/share/robot_main_pkg/environment/ament_prefix_path.dsv
-- Up-to-date: /home/syafihidayat/Documents/robot_smoothing/install/robot_main_pkg/share/robot_main_pkg/environment/path.sh
-- Installing: /home/syafihidayat/Documents/robot_smoothing/install/robot_main_pkg/share/robot_main_pkg/environment/path.dsv
-- Up-to-date: /home/syafihidayat/Documents/robot_smoothing/install/robot_main_pkg/share/robot_main_pkg/local_setup.bash
-- Up-to-date: /home/syafihidayat/Documents/robot_smoothing/install/robot_main_pkg/share/robot_main_pkg/local_setup.sh
-- Up-to-date: /home/syafihidayat/Documents/robot_smoothing/install/robot_main_pkg/share/robot_main_pkg/local_setup.zsh
-- Installing: /home/syafihidayat/Documents/robot_smoothing/install/robot_main_pkg/share/robot_main_pkg/local_setup.dsv
-- Installing: /home/syafihidayat/Documents/robot_smoothing/install/robot_main_pkg/share/robot_main_pkg/package.dsv
-- Up-to-date: /home/syafihidayat/Documents/robot_smoothing/install/robot_main_pkg/share/ament_index/resource_index/packages/robot_main_pkg
-- Up-to-date: /home/syafihidayat/Documents/robot_smoothing/install/robot_main_pkg/share/robot_main_pkg/cmake/robot_main_pkgConfig.cmake
-- Up-to-date: /home/syafihidayat/Documents/robot_smoothing/install/robot_main_pkg/share/robot_main_pkg/cmake/robot_main_pkgConfig-version.cmake
-- Up-to-date: /home/syafihidayat/Documents/robot_smoothing/install/robot_main_pkg/share/robot_main_pkg/package.xml
