[01m[K/home/syafihidayat/Documents/robot_smoothing/src/purpuresuit_pkg/src/purpuresuit.cpp:73:36:[m[K [01;31m[Kerror: [m[K‘[01m[KFLoat32MultiArray[m[K’ is not a member of ‘[01m[Kstd_msgs[m[K’
   73 |     rclcpp::Subscription<std_msgs::[01;31m[KFLoat32MultiArray[m[K>::SharedPtr pose_sub;
      |                                    [01;31m[K^~~~~~~~~~~~~~~~~[m[K
[01m[K/home/syafihidayat/Documents/robot_smoothing/src/purpuresuit_pkg/src/purpuresuit.cpp:73:53:[m[K [01;31m[Kerror: [m[Ktemplate argument 1 is invalid
   73 |     rclcpp::Subscription<std_msgs::FLoat32MultiArray[01;31m[K>[m[K::SharedPtr pose_sub;
      |                                                     [01;31m[K^[m[K
[01m[K/home/syafihidayat/Documents/robot_smoothing/src/purpuresuit_pkg/src/purpuresuit.cpp:73:53:[m[K [01;31m[Kerror: [m[Ktemplate argument 3 is invalid
[01m[K/home/syafihidayat/Documents/robot_smoothing/src/purpuresuit_pkg/src/purpuresuit.cpp:73:53:[m[K [01;31m[Kerror: [m[Ktemplate argument 4 is invalid
[01m[K/home/syafihidayat/Documents/robot_smoothing/src/purpuresuit_pkg/src/purpuresuit.cpp:73:53:[m[K [01;31m[Kerror: [m[Ktemplate argument 5 is invalid
[01m[K/home/syafihidayat/Documents/robot_smoothing/src/purpuresuit_pkg/src/purpuresuit.cpp:73:56:[m[K [01;31m[Kerror: [m[Kexpected ‘[01m[K;[m[K’ at end of member declaration
   73 |     rclcpp::Subscription<std_msgs::FLoat32MultiArray>::[01;31m[KSharedPtr[m[K pose_sub;
      |                                                        [01;31m[K^~~~~~~~~[m[K
      |                                                                 [32m[K;[m[K
[01m[K/home/syafihidayat/Documents/robot_smoothing/src/purpuresuit_pkg/src/purpuresuit.cpp:73:66:[m[K [01;31m[Kerror: [m[K‘[01m[Kpose_sub[m[K’ does not name a type
   73 |  rclcpp::Subscription<std_msgs::FLoat32MultiArray>::SharedPtr [01;31m[Kpose_sub[m[K;
      |                                                               [01;31m[K^~~~~~~~[m[K

[01m[K/home/syafihidayat/Documents/robot_smoothing/src/purpuresuit_pkg/src/purpuresuit.cpp:[m[K In constructor ‘[01m[KPurepursuitPathNode::PurepursuitPathNode()[m[K’:
[01m[K/home/syafihidayat/Documents/robot_smoothing/src/purpuresuit_pkg/src/purpuresuit.cpp:38:9:[m[K [01;31m[Kerror: [m[K‘[01m[Kpath_sub[m[K’ was not declared in this scope; did you mean ‘[01m[Kpath_step[m[K’?
   38 |         [01;31m[Kpath_sub[m[K = this->create_subscription<std_msgs::msg::Float32MultiArray>("path_points", 10, std::bind(&PurepursuitPathNode::pose_callback, this, std::placeholders::_1));
      |         [01;31m[K^~~~~~~~[m[K
      |         [32m[Kpath_step[m[K
[01m[K/home/syafihidayat/Documents/robot_smoothing/src/purpuresuit_pkg/src/purpuresuit.cpp:57:51:[m[K [01;31m[Kerror: [m[K‘[01m[Kpath_sampling_step[m[K’ was not declared in this scope
   57 |         this->get_parameter("path_sampling_step", [01;31m[Kpath_sampling_step[m[K);
      |                                                   [01;31m[K^~~~~~~~~~~~~~~~~~[m[K
[01m[K/home/syafihidayat/Documents/robot_smoothing/src/purpuresuit_pkg/src/purpuresuit.cpp:65:9:[m[K [01;31m[Kerror: [m[K‘[01m[Ktimer_[m[K’ was not declared in this scope; did you mean ‘[01m[Ktimer_t[m[K’?
   65 |         [01;31m[Ktimer_[m[K = this->create_wall_timer(
      |         [01;31m[K^~~~~~[m[K
      |         [32m[Ktimer_t[m[K
[01m[K/home/syafihidayat/Documents/robot_smoothing/src/purpuresuit_pkg/src/purpuresuit.cpp:67:24:[m[K [01;31m[Kerror: [m[K‘[01m[KPurePursuitPathNode[m[K’ has not been declared
   67 |             std::bind(&[01;31m[KPurePursuitPathNode[m[K::control_loop, this));
      |                        [01;31m[K^~~~~~~~~~~~~~~~~~~[m[K
[01m[K/home/syafihidayat/Documents/robot_smoothing/src/purpuresuit_pkg/src/purpuresuit.cpp:[m[K In static member function ‘[01m[Kstatic Point2D PurepursuitPathNode::catmullRomPoint(const Point2D&, const Point2D&, const Point2D&, const Point2D&, double)[m[K’:
[01m[K/home/syafihidayat/Documents/robot_smoothing/src/purpuresuit_pkg/src/purpuresuit.cpp:101:9:[m[K [01;31m[Kerror: [m[K‘[01m[KPoint2d[m[K’ was not declared in this scope; did you mean ‘[01m[KPoint2D[m[K’?
  101 |         [01;31m[KPoint2d[m[K out;
      |         [01;31m[K^~~~~~~[m[K
      |         [32m[KPoint2D[m[K
[01m[K/home/syafihidayat/Documents/robot_smoothing/src/purpuresuit_pkg/src/purpuresuit.cpp:103:9:[m[K [01;31m[Kerror: [m[K‘[01m[Kout[m[K’ was not declared in this scope
  103 |         [01;31m[Kout[m[K.x = 0.5 * ((2 * p1.x) + (-p0.x + p2.x) * t +
      |         [01;31m[K^~~[m[K
[01m[K/home/syafihidayat/Documents/robot_smoothing/src/purpuresuit_pkg/src/purpuresuit.cpp:[m[K In member function ‘[01m[Ksize_t PurepursuitPathNode::findLookaheadIndex(const Point2D&, double, size_t)[m[K’:
[01m[K/home/syafihidayat/Documents/robot_smoothing/src/purpuresuit_pkg/src/purpuresuit.cpp:144:40:[m[K [01;31m[Kerror: [m[K‘[01m[Kpath_[m[K’ was not declared in this scope; did you mean ‘[01m[Kpath[m[K’?
  144 |         for (size_t i = start_idx; i < [01;31m[Kpath_[m[K.size(); i++)
      |                                        [01;31m[K^~~~~[m[K
      |                                        [32m[Kpath[m[K
[01m[K/home/syafihidayat/Documents/robot_smoothing/src/purpuresuit_pkg/src/purpuresuit.cpp:149:9:[m[K [01;31m[Kerror: [m[Kexpected ‘[01m[K;[m[K’ before ‘[01m[K}[m[K’ token
  149 |         [01;31m[K}[m[K
      |         [01;31m[K^[m[K
[01m[K/home/syafihidayat/Documents/robot_smoothing/src/purpuresuit_pkg/src/purpuresuit.cpp:151:35:[m[K [01;31m[Kerror: [m[K‘[01m[Kpath_[m[K’ was not declared in this scope; did you mean ‘[01m[Kpath[m[K’?
  151 |         return path.empty() ? 0 : [01;31m[Kpath_[m[K.size() - 1;
      |                                   [01;31m[K^~~~~[m[K
      |                                   [32m[Kpath[m[K
[01m[K/home/syafihidayat/Documents/robot_smoothing/src/purpuresuit_pkg/src/purpuresuit.cpp:[m[K In member function ‘[01m[Kvoid PurepursuitPathNode::pose_callback(geometry_msgs::msg::Point_<std::allocator<void> >::SharedPtr)[m[K’:
[01m[K/home/syafihidayat/Documents/robot_smoothing/src/purpuresuit_pkg/src/purpuresuit.cpp:172:18:[m[K [01;31m[Kerror: [m[K‘[01m[Kusing element_type = struct geometry_msgs::msg::Point_<std::allocator<void> >[m[K’ {aka ‘[01m[Kstruct geometry_msgs::msg::Point_<std::allocator<void> >[m[K’} has no member named ‘[01m[Kdata[m[K’
  172 |         if (msg->[01;31m[Kdata[m[K.size() < 2 || msg->data.size() % 2 != 0)
      |                  [01;31m[K^~~~[m[K
[01m[K/home/syafihidayat/Documents/robot_smoothing/src/purpuresuit_pkg/src/purpuresuit.cpp:172:42:[m[K [01;31m[Kerror: [m[K‘[01m[Kusing element_type = struct geometry_msgs::msg::Point_<std::allocator<void> >[m[K’ {aka ‘[01m[Kstruct geometry_msgs::msg::Point_<std::allocator<void> >[m[K’} has no member named ‘[01m[Kdata[m[K’
  172 |         if (msg->data.size() < 2 || msg->[01;31m[Kdata[m[K.size() % 2 != 0)
      |                                          [01;31m[K^~~~[m[K
In file included from [01m[K/opt/ros/humble/include/rclcpp/rclcpp/logging.hpp:24[m[K,
                 from [01m[K/opt/ros/humble/include/rclcpp/rclcpp/client.hpp:40[m[K,
                 from [01m[K/opt/ros/humble/include/rclcpp/rclcpp/callback_group.hpp:24[m[K,
                 from [01m[K/opt/ros/humble/include/rclcpp/rclcpp/any_executable.hpp:20[m[K,
                 from [01m[K/opt/ros/humble/include/rclcpp/rclcpp/memory_strategy.hpp:25[m[K,
                 from [01m[K/opt/ros/humble/include/rclcpp/rclcpp/memory_strategies.hpp:18[m[K,
                 from [01m[K/opt/ros/humble/include/rclcpp/rclcpp/executor_options.hpp:20[m[K,
                 from [01m[K/opt/ros/humble/include/rclcpp/rclcpp/executor.hpp:37[m[K,
                 from [01m[K/opt/ros/humble/include/rclcpp/rclcpp/executors/multi_threaded_executor.hpp:25[m[K,
                 from [01m[K/opt/ros/humble/include/rclcpp/rclcpp/executors.hpp:21[m[K,
                 from [01m[K/opt/ros/humble/include/rclcpp/rclcpp/rclcpp.hpp:155[m[K,
                 from [01m[K/home/syafihidayat/Documents/robot_smoothing/src/purpuresuit_pkg/src/purpuresuit.cpp:19[m[K:
[01m[K/home/syafihidayat/Documents/robot_smoothing/src/purpuresuit_pkg/src/purpuresuit.cpp:174:82:[m[K [01;31m[Kerror: [m[K‘[01m[Kusing element_type = struct geometry_msgs::msg::Point_<std::allocator<void> >[m[K’ {aka ‘[01m[Kstruct geometry_msgs::msg::Point_<std::allocator<void> >[m[K’} has no member named ‘[01m[Kdata[m[K’
  174 | RN(get_logger(), "path_points data invalid size: %zu", msg->[01;31m[Kdata[m[K.size());
      |                                                             [01;31m[K^~~~[m[K

[01m[K/home/syafihidayat/Documents/robot_smoothing/src/purpuresuit_pkg/src/purpuresuit.cpp:182:41:[m[K [01;31m[Kerror: [m[K‘[01m[Kusing element_type = struct geometry_msgs::msg::Point_<std::allocator<void> >[m[K’ {aka ‘[01m[Kstruct geometry_msgs::msg::Point_<std::allocator<void> >[m[K’} has no member named ‘[01m[Kdata[m[K’
  182 |         for (size_t i = 0; i + 1 < msg->[01;31m[Kdata[m[K.size(); i += 2)
      |                                         [01;31m[K^~~~[m[K
[01m[K/home/syafihidayat/Documents/robot_smoothing/src/purpuresuit_pkg/src/purpuresuit.cpp:184:59:[m[K [01;31m[Kerror: [m[K‘[01m[Kusing element_type = struct geometry_msgs::msg::Point_<std::allocator<void> >[m[K’ {aka ‘[01m[Kstruct geometry_msgs::msg::Point_<std::allocator<void> >[m[K’} has no member named ‘[01m[Kdata[m[K’
  184 |             waypoints.push_back({static_cast<double>(msg->[01;31m[Kdata[m[K[i]), static_cast<double>(msg->data[i + 1])});
      |                                                           [01;31m[K^~~~[m[K
[01m[K/home/syafihidayat/Documents/robot_smoothing/src/purpuresuit_pkg/src/purpuresuit.cpp:184:94:[m[K [01;31m[Kerror: [m[K‘[01m[Kusing element_type = struct geometry_msgs::msg::Point_<std::allocator<void> >[m[K’ {aka ‘[01m[Kstruct geometry_msgs::msg::Point_<std::allocator<void> >[m[K’} has no member named ‘[01m[Kdata[m[K’
  184 | static_cast<double>(msg->data[i]), static_cast<double>(msg->[01;31m[Kdata[m[K[i + 1])});
      |                                                             [01;31m[K^~~~[m[K

[01m[K/home/syafihidayat/Documents/robot_smoothing/src/purpuresuit_pkg/src/purpuresuit.cpp:184:32:[m[K [01;31m[Kerror: [m[Kno matching function for call to ‘[01m[Kstd::vector<Point2D>::push_back(<brace-enclosed initializer list>)[m[K’
  184 |             [01;31m[Kwaypoints.push_back({static_cast<double>(msg->data[i]), static_cast<double>(msg->data[i + 1])})[m[K;
      |             [01;31m[K~~~~~~~~~~~~~~~~~~~^~~~~~~~~~~~~~~~~~~~~~~~~~~~~~~~~~~~~~~~~~~~~~~~~~~~~~~~~~~~~~~~~~~~~~~~~~~~[m[K
In file included from [01m[K/usr/include/c++/11/vector:67[m[K,
                 from [01m[K/home/syafihidayat/Documents/robot_smoothing/src/purpuresuit_pkg/src/purpuresuit.cpp:15[m[K:
[01m[K/usr/include/c++/11/bits/stl_vector.h:1187:7:[m[K [01;36m[Knote: [m[Kcandidate: ‘[01m[Kvoid std::vector<_Tp, _Alloc>::push_back(const value_type&) [with _Tp = Point2D; _Alloc = std::allocator<Point2D>; std::vector<_Tp, _Alloc>::value_type = Point2D][m[K’
 1187 |       [01;36m[Kpush_back[m[K(const value_type& __x)
      |       [01;36m[K^~~~~~~~~[m[K
[01m[K/usr/include/c++/11/bits/stl_vector.h:1187:35:[m[K [01;36m[Knote: [m[K  no known conversion for argument 1 from ‘[01m[K<brace-enclosed initializer list>[m[K’ to ‘[01m[Kconst value_type&[m[K’ {aka ‘[01m[Kconst Point2D&[m[K’}
 1187 |       push_back([01;36m[Kconst value_type& __x[m[K)
      |                 [01;36m[K~~~~~~~~~~~~~~~~~~^~~[m[K
[01m[K/usr/include/c++/11/bits/stl_vector.h:1203:7:[m[K [01;36m[Knote: [m[Kcandidate: ‘[01m[Kvoid std::vector<_Tp, _Alloc>::push_back(std::vector<_Tp, _Alloc>::value_type&&) [with _Tp = Point2D; _Alloc = std::allocator<Point2D>; std::vector<_Tp, _Alloc>::value_type = Point2D][m[K’
 1203 |       [01;36m[Kpush_back[m[K(value_type&& __x)
      |       [01;36m[K^~~~~~~~~[m[K
[01m[K/usr/include/c++/11/bits/stl_vector.h:1203:30:[m[K [01;36m[Knote: [m[K  no known conversion for argument 1 from ‘[01m[K<brace-enclosed initializer list>[m[K’ to ‘[01m[Kstd::vector<Point2D>::value_type&&[m[K’ {aka ‘[01m[KPoint2D&&[m[K’}
 1203 |       push_back([01;36m[Kvalue_type&& __x[m[K)
      |                 [01;36m[K~~~~~~~~~~~~~^~~[m[K
[01m[K/home/syafihidayat/Documents/robot_smoothing/src/purpuresuit_pkg/src/purpuresuit.cpp:188:32:[m[K [01;31m[Kerror: [m[K‘[01m[KbuildStraightPath[m[K’ was not declared in this scope
  188 |                              : [01;31m[KbuildStraightPath[m[K(waypoints, path_step);
      |                                [01;31m[K^~~~~~~~~~~~~~~~~[m[K
In file included from [01m[K/opt/ros/humble/include/rclcpp/rclcpp/logging.hpp:24[m[K,
                 from [01m[K/opt/ros/humble/include/rclcpp/rclcpp/client.hpp:40[m[K,
                 from [01m[K/opt/ros/humble/include/rclcpp/rclcpp/callback_group.hpp:24[m[K,
                 from [01m[K/opt/ros/humble/include/rclcpp/rclcpp/any_executable.hpp:20[m[K,
                 from [01m[K/opt/ros/humble/include/rclcpp/rclcpp/memory_strategy.hpp:25[m[K,
                 from [01m[K/opt/ros/humble/include/rclcpp/rclcpp/memory_strategies.hpp:18[m[K,
                 from [01m[K/opt/ros/humble/include/rclcpp/rclcpp/executor_options.hpp:20[m[K,
                 from [01m[K/opt/ros/humble/include/rclcpp/rclcpp/executor.hpp:37[m[K,
                 from [01m[K/opt/ros/humble/include/rclcpp/rclcpp/executors/multi_threaded_executor.hpp:25[m[K,
                 from [01m[K/opt/ros/humble/include/rclcpp/rclcpp/executors.hpp:21[m[K,
                 from [01m[K/opt/ros/humble/include/rclcpp/rclcpp/rclcpp.hpp:155[m[K,
                 from [01m[K/home/syafihidayat/Documents/robot_smoothing/src/purpuresuit_pkg/src/purpuresuit.cpp:19[m[K:
[01m[K/home/syafihidayat/Documents/robot_smoothing/src/purpuresuit_pkg/src/purpuresuit.cpp:195:27:[m[K [01;31m[Kerror: [m[K‘[01m[Kusing element_type = struct geometry_msgs::msg::Point_<std::allocator<void> >[m[K’ {aka ‘[01m[Kstruct geometry_msgs::msg::Point_<std::allocator<void> >[m[K’} has no member named ‘[01m[Kdata[m[K’
  195 |                     (msg->[01;31m[Kdata[m[K.size() / 2), path.size(), use_smoothing ? "true" : "false");
      |                           [01;31m[K^~~~[m[K
[01m[K/home/syafihidayat/Documents/robot_smoothing/src/purpuresuit_pkg/src/purpuresuit.cpp:[m[K At global scope:
[01m[K/home/syafihidayat/Documents/robot_smoothing/src/purpuresuit_pkg/src/purpuresuit.cpp:261:1:[m[K [01;35m[Kwarning: [m[KISO C++ forbids declaration of ‘[01m[Kmain[m[K’ with no type [[01;35m[K]8;;https://gcc.gnu.org/onlinedocs/gcc/Warning-Options.html#index-Wpedantic-Wpedantic]8;;[m[K]
  261 | [01;35m[Kmain[m[K(int argc, char **argv)
      | [01;35m[K^~~~[m[K
[01m[K/home/syafihidayat/Documents/robot_smoothing/src/purpuresuit_pkg/src/purpuresuit.cpp:[m[K In function ‘[01m[Kint main(int, char**)[m[K’:
[01m[K/home/syafihidayat/Documents/robot_smoothing/src/purpuresuit_pkg/src/purpuresuit.cpp:264:34:[m[K [01;31m[Kerror: [m[K‘[01m[KPurePursuitPathNode[m[K’ was not declared in this scope; did you mean ‘[01m[KPurepursuitPathNode[m[K’?
  264 |     auto node = std::make_shared<[01;31m[KPurePursuitPathNode[m[K>();
      |                                  [01;31m[K^~~~~~~~~~~~~~~~~~~[m[K
      |                                  [32m[KPurepursuitPathNode[m[K
[01m[K/home/syafihidayat/Documents/robot_smoothing/src/purpuresuit_pkg/src/purpuresuit.cpp:264:54:[m[K [01;31m[Kerror: [m[Kno matching function for call to ‘[01m[Kmake_shared<<expression error> >()[m[K’
  264 |     auto node = [01;31m[Kstd::make_shared<PurePursuitPathNode>()[m[K;
      |                 [01;31m[K~~~~~~~~~~~~~~~~~~~~~~~~~~~~~~~~~~~~~^~[m[K
In file included from [01m[K/usr/include/c++/11/memory:77[m[K,
                 from [01m[K/home/syafihidayat/Documents/robot_smoothing/src/purpuresuit_pkg/src/purpuresuit.cpp:14[m[K:
[01m[K/usr/include/c++/11/bits/shared_ptr.h:875:5:[m[K [01;36m[Knote: [m[Kcandidate: ‘[01m[Ktemplate<class _Tp, class ... _Args> std::shared_ptr<_Tp> std::make_shared(_Args&& ...)[m[K’
  875 |     [01;36m[Kmake_shared[m[K(_Args&&... __args)
      |     [01;36m[K^~~~~~~~~~~[m[K
[01m[K/usr/include/c++/11/bits/shared_ptr.h:875:5:[m[K [01;36m[Knote: [m[K  template argument deduction/substitution failed:
[01m[K/home/syafihidayat/Documents/robot_smoothing/src/purpuresuit_pkg/src/purpuresuit.cpp:264:54:[m[K [01;31m[Kerror: [m[Ktemplate argument 1 is invalid
  264 |     auto node = [01;31m[Kstd::make_shared<PurePursuitPathNode>()[m[K;
      |                 [01;31m[K~~~~~~~~~~~~~~~~~~~~~~~~~~~~~~~~~~~~~^~[m[K
In file included from [01m[K/opt/ros/humble/include/rclcpp/rclcpp/subscription_base.hpp:32[m[K,
                 from [01m[K/opt/ros/humble/include/rclcpp/rclcpp/callback_group.hpp:29[m[K,
                 from [01m[K/opt/ros/humble/include/rclcpp/rclcpp/any_executable.hpp:20[m[K,
                 from [01m[K/opt/ros/humble/include/rclcpp/rclcpp/memory_strategy.hpp:25[m[K,
                 from [01m[K/opt/ros/humble/include/rclcpp/rclcpp/memory_strategies.hpp:18[m[K,
                 from [01m[K/opt/ros/humble/include/rclcpp/rclcpp/executor_options.hpp:20[m[K,
                 from [01m[K/opt/ros/humble/include/rclcpp/rclcpp/executor.hpp:37[m[K,
                 from [01m[K/opt/ros/humble/include/rclcpp/rclcpp/executors/multi_threaded_executor.hpp:25[m[K,
                 from [01m[K/opt/ros/humble/include/rclcpp/rclcpp/executors.hpp:21[m[K,
                 from [01m[K/opt/ros/humble/include/rclcpp/rclcpp/rclcpp.hpp:155[m[K,
                 from [01m[K/home/syafihidayat/Documents/robot_smoothing/src/purpuresuit_pkg/src/purpuresuit.cpp:19[m[K:
/opt/ros/humble/include/rclcpp/rclcpp/any_subscription_callback.hpp: In instantiation of ‘[01m[Krclcpp::AnySubscriptionCallback<MessageT, AllocatorT> rclcpp::AnySubscriptionCallback<MessageT, AllocatorT>::set(CallbackT) [with CallbackT = std::_Bind<void (PurepursuitPathNode::*(PurepursuitPathNode*, std::_Placeholder<1>))(std::shared_ptr<geometry_msgs::msg::Point_<std::allocator<void> > >)>; MessageT = std_msgs::msg::Float32MultiArray_<std::allocator<void> >; AllocatorT = std::allocator<void>][m[K’:
[01m[K/opt/ros/humble/include/rclcpp/rclcpp/subscription_factory.hpp:94:32:[m[K   required from ‘[01m[Krclcpp::SubscriptionFactory rclcpp::create_subscription_factory(CallbackT&&, const rclcpp::SubscriptionOptionsWithAllocator<AllocatorT>&, typename MessageMemoryStrategyT::SharedPtr, std::shared_ptr<rclcpp::topic_statistics::SubscriptionTopicStatistics<ROSMessageType> >) [with MessageT = std_msgs::msg::Float32MultiArray_<std::allocator<void> >; CallbackT = std::_Bind<void (PurepursuitPathNode::*(PurepursuitPathNode*, std::_Placeholder<1>))(std::shared_ptr<geometry_msgs::msg::Point_<std::allocator<void> > >)>; AllocatorT = std::allocator<void>; SubscriptionT = rclcpp::Subscription<std_msgs::msg::Float32MultiArray_<std::allocator<void> >, std::allocator<void>, std_msgs::msg::Float32MultiArray_<std::allocator<void> >, std_msgs::msg::Float32MultiArray_<std::allocator<void> >, rclcpp::message_memory_strategy::MessageMemoryStrategy<std_msgs::msg::Float32MultiArray_<std::allocator<void> >, std::allocator<void> > >; MessageMemoryStrategyT = rclcpp::message_memory_strategy::MessageMemoryStrategy<std_msgs::msg::Float32MultiArray_<std::allocator<void> >, std::allocator<void> >; ROSMessageType = std_msgs::msg::Float32MultiArray_<std::allocator<void> >; typename MessageMemoryStrategyT::SharedPtr = std::shared_ptr<rclcpp::message_memory_strategy::MessageMemoryStrategy<std_msgs::msg::Float32MultiArray_<std::allocator<void> >, std::allocator<void> > >][m[K’
[01m[K/opt/ros/humble/include/rclcpp/rclcpp/create_subscription.hpp:122:63:[m[K   required from ‘[01m[Kstd::shared_ptr<ROSMessageT> rclcpp::detail::create_subscription(NodeParametersT&, NodeTopicsT&, const string&, const rclcpp::QoS&, CallbackT&&, const rclcpp::SubscriptionOptionsWithAllocator<AllocatorT>&, typename MessageMemoryStrategyT::SharedPtr) [with MessageT = std_msgs::msg::Float32MultiArray_<std::allocator<void> >; CallbackT = std::_Bind<void (PurepursuitPathNode::*(PurepursuitPathNode*, std::_Placeholder<1>))(std::shared_ptr<geometry_msgs::msg::Point_<std::allocator<void> > >)>; AllocatorT = std::allocator<void>; SubscriptionT = rclcpp::Subscription<std_msgs::msg::Float32MultiArray_<std::allocator<void> >, std::allocator<void>, std_msgs::msg::Float32MultiArray_<std::allocator<void> >, std_msgs::msg::Float32MultiArray_<std::allocator<void> >, rclcpp::message_memory_strategy::MessageMemoryStrategy<std_msgs::msg::Float32MultiArray_<std::allocator<void> >, std::allocator<void> > >; MessageMemoryStrategyT = rclcpp::message_memory_strategy::MessageMemoryStrategy<std_msgs::msg::Float32MultiArray_<std::allocator<void> >, std::allocator<void> >; NodeParametersT = rclcpp::Node; NodeTopicsT = rclcpp::Node; ROSMessageType = std_msgs::msg::Float32MultiArray_<std::allocator<void> >; std::string = std::__cxx11::basic_string<char>; typename MessageMemoryStrategyT::SharedPtr = std::shared_ptr<rclcpp::message_memory_strategy::MessageMemoryStrategy<std_msgs::msg::Float32MultiArray_<std::allocator<void> >, std::allocator<void> > >][m[K’
[01m[K/opt/ros/humble/include/rclcpp/rclcpp/create_subscription.hpp:191:76:[m[K   required from ‘[01m[Kstd::shared_ptr<ROSMessageT> rclcpp::create_subscription(NodeT&, const string&, const rclcpp::QoS&, CallbackT&&, const rclcpp::SubscriptionOptionsWithAllocator<AllocatorT>&, typename MessageMemoryStrategyT::SharedPtr) [with MessageT = std_msgs::msg::Float32MultiArray_<std::allocator<void> >; CallbackT = std::_Bind<void (PurepursuitPathNode::*(PurepursuitPathNode*, std::_Placeholder<1>))(std::shared_ptr<geometry_msgs::msg::Point_<std::allocator<void> > >)>; AllocatorT = std::allocator<void>; SubscriptionT = rclcpp::Subscription<std_msgs::msg::Float32MultiArray_<std::allocator<void> >, std::allocator<void>, std_msgs::msg::Float32MultiArray_<std::allocator<void> >, std_msgs::msg::Float32MultiArray_<std::allocator<void> >, rclcpp::message_memory_strategy::MessageMemoryStrategy<std_msgs::msg::Float32MultiArray_<std::allocator<void> >, std::allocator<void> > >; MessageMemoryStrategyT = rclcpp::message_memory_strategy::MessageMemoryStrategy<std_msgs::msg::Float32MultiArray_<std::allocator<void> >, std::allocator<void> >; NodeT = rclcpp::Node; std::string = std::__cxx11::basic_string<char>; typename MessageMemoryStrategyT::SharedPtr = std::shared_ptr<rclcpp::message_memory_strategy::MessageMemoryStrategy<std_msgs::msg::Float32MultiArray_<std::allocator<void> >, std::allocator<void> > >][m[K’
[01m[K/opt/ros/humble/include/rclcpp/rclcpp/node_impl.hpp:99:47:[m[K   required from ‘[01m[Kstd::shared_ptr<ROSMessageT> rclcpp::Node::create_subscription(const string&, const rclcpp::QoS&, CallbackT&&, const rclcpp::SubscriptionOptionsWithAllocator<AllocatorT>&, typename MessageMemoryStrategyT::SharedPtr) [with MessageT = std_msgs::msg::Float32MultiArray_<std::allocator<void> >; CallbackT = std::_Bind<void (PurepursuitPathNode::*(PurepursuitPathNode*, std::_Placeholder<1>))(std::shared_ptr<geometry_msgs::msg::Point_<std::allocator<void> > >)>; AllocatorT = std::allocator<void>; SubscriptionT = rclcpp::Subscription<std_msgs::msg::Float32MultiArray_<std::allocator<void> >, std::allocator<void>, std_msgs::msg::Float32MultiArray_<std::allocator<void> >, std_msgs::msg::Float32MultiArray_<std::allocator<void> >, rclcpp::message_memory_strategy::MessageMemoryStrategy<std_msgs::msg::Float32MultiArray_<std::allocator<void> >, std::allocator<void> > >; MessageMemoryStrategyT = rclcpp::message_memory_strategy::MessageMemoryStrategy<std_msgs::msg::Float32MultiArray_<std::allocator<void> >, std::allocator<void> >; std::string = std::__cxx11::basic_string<char>; typename MessageMemoryStrategyT::SharedPtr = std::shared_ptr<rclcpp::message_memory_strategy::MessageMemoryStrategy<std_msgs::msg::Float32MultiArray_<std::allocator<void> >, std::allocator<void> > >][m[K’
[01m[K/home/syafihidayat/Documents/robot_smoothing/src/purpuresuit_pkg/src/purpuresuit.cpp:38:79:[m[K   required from here
[01m[K/opt/ros/humble/include/rclcpp/rclcpp/any_subscription_callback.hpp:394:25:[m[K [01;31m[Kerror: [m[Kno match for ‘[01m[Koperator=[m[K’ (operand types are ‘[01m[Krclcpp::detail::AnySubscriptionCallbackHelper<std_msgs::msg::Float32MultiArray_<std::allocator<void> >, std::allocator<void>, false>::variant_type[m[K’ {aka ‘[01m[Kstd::variant<std::function<void(const std_msgs::msg::Float32MultiArray_<std::allocator<void> >&)>, std::function<void(const std_msgs::msg::Float32MultiArray_<std::allocator<void> >&, const rclcpp::MessageInfo&)>, std::function<void(const rclcpp::SerializedMessage&)>, std::function<void(const rclcpp::SerializedMessage&, const rclcpp::MessageInfo&)>, std::function<void(std::unique_ptr<std_msgs::msg::Float32MultiArray_<std::allocator<void> >, std::default_delete<std_msgs::msg::Float32MultiArray_<std::allocator<void> > > >)>, std::function<void(std::unique_ptr<std_msgs::msg::Float32MultiArray_<std::allocator<void> >, std::default_delete<std_msgs::msg::Float32MultiArray_<std::allocator<void> > > >, const rclcpp::MessageInfo&)>, std::function<void(std::unique_ptr<rclcpp::SerializedMessage, std::default_delete<rclcpp::SerializedMessage> >)>, std::function<void(std::unique_ptr<rclcpp::SerializedMessage, std::default_delete<rclcpp::SerializedMessage> >, const rclcpp::MessageInfo&)>, std::function<void(std::shared_ptr<const std_msgs::msg::Float32MultiArray_<std::allocator<void> > >)>, std::function<void(std::shared_ptr<const std_msgs::msg::Float32MultiArray_<std::allocator<void> > >, const rclcpp::MessageInfo&)>, std::function<void(std::shared_ptr<const rclcpp::SerializedMessage>)>, std::function<void(std::shared_ptr<const rclcpp::SerializedMessage>, const rclcpp::MessageInfo&)>, std::function<void(const std::shared_ptr<const std_msgs::msg::Float32MultiArray_<std::allocator<void> > >&)>, std::function<void(const std::shared_ptr<const std_msgs::msg::Float32MultiArray_<std::allocator<void> > >&, const rclcpp::MessageInfo&)>, std::function<void(const std::shared_ptr<const rclcpp::SerializedMessage>&)>, std::function<void(const std::shared_ptr<const rclcpp::SerializedMessage>&, const rclcpp::MessageInfo&)>, std::function<void(std::shared_ptr<std_msgs::msg::Float32MultiArray_<std::allocator<void> > >)>, std::function<void(std::shared_ptr<std_msgs::msg::Float32MultiArray_<std::allocator<void> > >, const rclcpp::MessageInfo&)>, std::function<void(std::shared_ptr<rclcpp::SerializedMessage>)>, std::function<void(std::shared_ptr<rclcpp::SerializedMessage>, const rclcpp::MessageInfo&)> >[m[K’} and ‘[01m[Krclcpp::detail::SubscriptionCallbackTypeHelper<std_msgs::msg::Float32MultiArray_<std::allocator<void> >, std::_Bind<void (PurepursuitPathNode::*(PurepursuitPathNode*, std::_Placeholder<1>))(std::shared_ptr<geometry_msgs::msg::Point_<std::allocator<void> > >)>, void>::callback_type[m[K’ {aka ‘[01m[Kstd::function<void(std::shared_ptr<geometry_msgs::msg::Point_<std::allocator<void> > >)>[m[K’})
  394 |       [01;31m[Kcallback_variant_ = static_cast<typename scbth::callback_type>(callback)[m[K;
      |       [01;31m[K~~~~~~~~~~~~~~~~~~^~~~~~~~~~~~~~~~~~~~~~~~~~~~~~~~~~~~~~~~~~~~~~~~~~~~~~[m[K
In file included from [01m[K/opt/ros/humble/include/rclcpp/rclcpp/client.hpp:28[m[K,
                 from [01m[K/opt/ros/humble/include/rclcpp/rclcpp/callback_group.hpp:24[m[K,
                 from [01m[K/opt/ros/humble/include/rclcpp/rclcpp/any_executable.hpp:20[m[K,
                 from [01m[K/opt/ros/humble/include/rclcpp/rclcpp/memory_strategy.hpp:25[m[K,
                 from [01m[K/opt/ros/humble/include/rclcpp/rclcpp/memory_strategies.hpp:18[m[K,
                 from [01m[K/opt/ros/humble/include/rclcpp/rclcpp/executor_options.hpp:20[m[K,
                 from [01m[K/opt/ros/humble/include/rclcpp/rclcpp/executor.hpp:37[m[K,
                 from [01m[K/opt/ros/humble/include/rclcpp/rclcpp/executors/multi_threaded_executor.hpp:25[m[K,
                 from [01m[K/opt/ros/humble/include/rclcpp/rclcpp/executors.hpp:21[m[K,
                 from [01m[K/opt/ros/humble/include/rclcpp/rclcpp/rclcpp.hpp:155[m[K,
                 from [01m[K/home/syafihidayat/Documents/robot_smoothing/src/purpuresuit_pkg/src/purpuresuit.cpp:19[m[K:
[01m[K/usr/include/c++/11/variant:1461:9:[m[K [01;36m[Knote: [m[Kcandidate: ‘[01m[Ktemplate<class _Tp> std::enable_if_t<((__exactly_once<std::variant<_Types>::__accepted_type<_Tp&&, typename std::enable_if<__not_self<_Tp&&>, void>::type> > && is_constructible_v<std::variant<_Types>::__accepted_type<_Tp&&, typename std::enable_if<__not_self<_Tp&&>, void>::type>, _Tp>) && is_assignable_v<std::variant<_Types>::__accepted_type<_Tp&&, typename std::enable_if<__not_self<_Tp&&>, void>::type>&, _Tp>), std::variant<_Types>&> std::variant<_Types>::operator=(_Tp&&) [with _Tp = _Tp; _Types = {std::function<void(const std_msgs::msg::Float32MultiArray_<std::allocator<void> >&)>, std::function<void(const std_msgs::msg::Float32MultiArray_<std::allocator<void> >&, const rclcpp::MessageInfo&)>, std::function<void(const rclcpp::SerializedMessage&)>, std::function<void(const rclcpp::SerializedMessage&, const rclcpp::MessageInfo&)>, std::function<void(std::unique_ptr<std_msgs::msg::Float32MultiArray_<std::allocator<void> >, std::default_delete<std_msgs::msg::Float32MultiArray_<std::allocator<void> > > >)>, std::function<void(std::unique_ptr<std_msgs::msg::Float32MultiArray_<std::allocator<void> >, std::default_delete<std_msgs::msg::Float32MultiArray_<std::allocator<void> > > >, const rclcpp::MessageInfo&)>, std::function<void(std::unique_ptr<rclcpp::SerializedMessage, std::default_delete<rclcpp::SerializedMessage> >)>, std::function<void(std::unique_ptr<rclcpp::SerializedMessage, std::default_delete<rclcpp::SerializedMessage> >, const rclcpp::MessageInfo&)>, std::function<void(std::shared_ptr<const std_msgs::msg::Float32MultiArray_<std::allocator<void> > >)>, std::function<void(std::shared_ptr<const std_msgs::msg::Float32MultiArray_<std::allocator<void> > >, const rclcpp::MessageInfo&)>, std::function<void(std::shared_ptr<const rclcpp::SerializedMessage>)>, std::function<void(std::shared_ptr<const rclcpp::SerializedMessage>, const rclcpp::MessageInfo&)>, std::function<void(const std::shared_ptr<const std_msgs::msg::Float32MultiArray_<std::allocator<void> > >&)>, std::function<void(const std::shared_ptr<const std_msgs::msg::Float32MultiArray_<std::allocator<void> > >&, const rclcpp::MessageInfo&)>, std::function<void(const std::shared_ptr<const rclcpp::SerializedMessage>&)>, std::function<void(const std::shared_ptr<const rclcpp::SerializedMessage>&, const rclcpp::MessageInfo&)>, std::function<void(std::shared_ptr<std_msgs::msg::Float32MultiArray_<std::allocator<void> > >)>, std::function<void(std::shared_ptr<std_msgs::msg::Float32MultiArray_<std::allocator<void> > >, const rclcpp::MessageInfo&)>, std::function<void(std::shared_ptr<rclcpp::SerializedMessage>)>, std::function<void(std::shared_ptr<rclcpp::SerializedMessage>, const rclcpp::MessageInfo&)>}][m[K’
 1461 |         [01;36m[Koperator[m[K=(_Tp&& __rhs)
      |         [01;36m[K^~~~~~~~[m[K
[01m[K/usr/include/c++/11/variant:1461:9:[m[K [01;36m[Knote: [m[K  template argument deduction/substitution failed:
/usr/include/c++/11/variant: In substitution of ‘[01m[Ktemplate<class ... _Types> template<class _Tp, class> using __accepted_type = std::variant<_Types>::__to_type<__accepted_index<_Tp> > [with _Tp = std::function<void(std::shared_ptr<geometry_msgs::msg::Point_<std::allocator<void> > >)>&&; <template-parameter-2-2> = void; _Types = {std::function<void(const std_msgs::msg::Float32MultiArray_<std::allocator<void> >&)>, std::function<void(const std_msgs::msg::Float32MultiArray_<std::allocator<void> >&, const rclcpp::MessageInfo&)>, std::function<void(const rclcpp::SerializedMessage&)>, std::function<void(const rclcpp::SerializedMessage&, const rclcpp::MessageInfo&)>, std::function<void(std::unique_ptr<std_msgs::msg::Float32MultiArray_<std::allocator<void> >, std::default_delete<std_msgs::msg::Float32MultiArray_<std::allocator<void> > > >)>, std::function<void(std::unique_ptr<std_msgs::msg::Float32MultiArray_<std::allocator<void> >, std::default_delete<std_msgs::msg::Float32MultiArray_<std::allocator<void> > > >, const rclcpp::MessageInfo&)>, std::function<void(std::unique_ptr<rclcpp::SerializedMessage, std::default_delete<rclcpp::SerializedMessage> >)>, std::function<void(std::unique_ptr<rclcpp::SerializedMessage, std::default_delete<rclcpp::SerializedMessage> >, const rclcpp::MessageInfo&)>, std::function<void(std::shared_ptr<const std_msgs::msg::Float32MultiArray_<std::allocator<void> > >)>, std::function<void(std::shared_ptr<const std_msgs::msg::Float32MultiArray_<std::allocator<void> > >, const rclcpp::MessageInfo&)>, std::function<void(std::shared_ptr<const rclcpp::SerializedMessage>)>, std::function<void(std::shared_ptr<const rclcpp::SerializedMessage>, const rclcpp::MessageInfo&)>, std::function<void(const std::shared_ptr<const std_msgs::msg::Float32MultiArray_<std::allocator<void> > >&)>, std::function<void(const std::shared_ptr<const std_msgs::msg::Float32MultiArray_<std::allocator<void> > >&, const rclcpp::MessageInfo&)>, std::function<void(const std::shared_ptr<const rclcpp::SerializedMessage>&)>, std::function<void(const std::shared_ptr<const rclcpp::SerializedMessage>&, const rclcpp::MessageInfo&)>, std::function<void(std::shared_ptr<std_msgs::msg::Float32MultiArray_<std::allocator<void> > >)>, std::function<void(std::shared_ptr<std_msgs::msg::Float32MultiArray_<std::allocator<void> > >, const rclcpp::MessageInfo&)>, std::function<void(std::shared_ptr<rclcpp::SerializedMessage>)>, std::function<void(std::shared_ptr<rclcpp::SerializedMessage>, const rclcpp::MessageInfo&)>}][m[K’:
[01m[K/usr/include/c++/11/variant:1457:14:[m[K   required by substitution of ‘[01m[Ktemplate<class _Tp> std::enable_if_t<((__exactly_once<std::variant<std::function<void(const std_msgs::msg::Float32MultiArray_<std::allocator<void> >&)>, std::function<void(const std_msgs::msg::Float32MultiArray_<std::allocator<void> >&, const rclcpp::MessageInfo&)>, std::function<void(const rclcpp::SerializedMessage&)>, std::function<void(const rclcpp::SerializedMessage&, const rclcpp::MessageInfo&)>, std::function<void(std::unique_ptr<std_msgs::msg::Float32MultiArray_<std::allocator<void> >, std::default_delete<std_msgs::msg::Float32MultiArray_<std::allocator<void> > > >)>, std::function<void(std::unique_ptr<std_msgs::msg::Float32MultiArray_<std::allocator<void> >, std::default_delete<std_msgs::msg::Float32MultiArray_<std::allocator<void> > > >, const rclcpp::MessageInfo&)>, std::function<void(std::unique_ptr<rclcpp::SerializedMessage, std::default_delete<rclcpp::SerializedMessage> >)>, std::function<void(std::unique_ptr<rclcpp::SerializedMessage, std::default_delete<rclcpp::SerializedMessage> >, const rclcpp::MessageInfo&)>, std::function<void(std::shared_ptr<const std_msgs::msg::Float32MultiArray_<std::allocator<void> > >)>, std::function<void(std::shared_ptr<const std_msgs::msg::Float32MultiArray_<std::allocator<void> > >, const rclcpp::MessageInfo&)>, std::function<void(std::shared_ptr<const rclcpp::SerializedMessage>)>, std::function<void(std::shared_ptr<const rclcpp::SerializedMessage>, const rclcpp::MessageInfo&)>, std::function<void(const std::shared_ptr<const std_msgs::msg::Float32MultiArray_<std::allocator<void> > >&)>, std::function<void(const std::shared_ptr<const std_msgs::msg::Float32MultiArray_<std::allocator<void> > >&, const rclcpp::MessageInfo&)>, std::function<void(const std::shared_ptr<const rclcpp::SerializedMessage>&)>, std::function<void(const std::shared_ptr<const rclcpp::SerializedMessage>&, const rclcpp::MessageInfo&)>, std::function<void(std::shared_ptr<std_msgs::msg::Float32MultiArray_<std::allocator<void> > >)>, std::function<void(std::shared_ptr<std_msgs::msg::Float32MultiArray_<std::allocator<void> > >, const rclcpp::MessageInfo&)>, std::function<void(std::shared_ptr<rclcpp::SerializedMessage>)>, std::function<void(std::shared_ptr<rclcpp::SerializedMessage>, const rclcpp::MessageInfo&)> >::__accepted_type<_Tp&&, typename std::enable_if<__not_self<_Tp&&>, void>::type> > && is_constructible_v<std::variant<std::function<void(const std_msgs::msg::Float32MultiArray_<std::allocator<void> >&)>, std::function<void(const std_msgs::msg::Float32MultiArray_<std::allocator<void> >&, const rclcpp::MessageInfo&)>, std::function<void(const rclcpp::SerializedMessage&)>, std::function<void(const rclcpp::SerializedMessage&, const rclcpp::MessageInfo&)>, std::function<void(std::unique_ptr<std_msgs::msg::Float32MultiArray_<std::allocator<void> >, std::default_delete<std_msgs::msg::Float32MultiArray_<std::allocator<void> > > >)>, std::function<void(std::unique_ptr<std_msgs::msg::Float32MultiArray_<std::allocator<void> >, std::default_delete<std_msgs::msg::Float32MultiArray_<std::allocator<void> > > >, const rclcpp::MessageInfo&)>, std::function<void(std::unique_ptr<rclcpp::SerializedMessage, std::default_delete<rclcpp::SerializedMessage> >)>, std::function<void(std::unique_ptr<rclcpp::SerializedMessage, std::default_delete<rclcpp::SerializedMessage> >, const rclcpp::MessageInfo&)>, std::function<void(std::shared_ptr<const std_msgs::msg::Float32MultiArray_<std::allocator<void> > >)>, std::function<void(std::shared_ptr<const std_msgs::msg::Float32MultiArray_<std::allocator<void> > >, const rclcpp::MessageInfo&)>, std::function<void(std::shared_ptr<const rclcpp::SerializedMessage>)>, std::function<void(std::shared_ptr<const rclcpp::SerializedMessage>, const rclcpp::MessageInfo&)>, std::function<void(const std::shared_ptr<const std_msgs::msg::Float32MultiArray_<std::allocator<void> > >&)>, std::function<void(const std::shared_ptr<const std_msgs::msg::Float32MultiArray_<std::allocator<void> > >&, const rclcpp::MessageInfo&)>, std::function<void(const std::shared_ptr<const rclcpp::SerializedMessage>&)>, std::function<void(const std::shared_ptr<const rclcpp::SerializedMessage>&, const rclcpp::MessageInfo&)>, std::function<void(std::shared_ptr<std_msgs::msg::Float32MultiArray_<std::allocator<void> > >)>, std::function<void(std::shared_ptr<std_msgs::msg::Float32MultiArray_<std::allocator<void> > >, const rclcpp::MessageInfo&)>, std::function<void(std::shared_ptr<rclcpp::SerializedMessage>)>, std::function<void(std::shared_ptr<rclcpp::SerializedMessage>, const rclcpp::MessageInfo&)> >::__accepted_type<_Tp&&, typename std::enable_if<__not_self<_Tp&&>, void>::type>, _Tp>) && is_assignable_v<std::variant<std::function<void(const std_msgs::msg::Float32MultiArray_<std::allocator<void> >&)>, std::function<void(const std_msgs::msg::Float32MultiArray_<std::allocator<void> >&, const rclcpp::MessageInfo&)>, std::function<void(const rclcpp::SerializedMessage&)>, std::function<void(const rclcpp::SerializedMessage&, const rclcpp::MessageInfo&)>, std::function<void(std::unique_ptr<std_msgs::msg::Float32MultiArray_<std::allocator<void> >, std::default_delete<std_msgs::msg::Float32MultiArray_<std::allocator<void> > > >)>, std::function<void(std::unique_ptr<std_msgs::msg::Float32MultiArray_<std::allocator<void> >, std::default_delete<std_msgs::msg::Float32MultiArray_<std::allocator<void> > > >, const rclcpp::MessageInfo&)>, std::function<void(std::unique_ptr<rclcpp::SerializedMessage, std::default_delete<rclcpp::SerializedMessage> >)>, std::function<void(std::unique_ptr<rclcpp::SerializedMessage, std::default_delete<rclcpp::SerializedMessage> >, const rclcpp::MessageInfo&)>, std::function<void(std::shared_ptr<const std_msgs::msg::Float32MultiArray_<std::allocator<void> > >)>, std::function<void(std::shared_ptr<const std_msgs::msg::Float32MultiArray_<std::allocator<void> > >, const rclcpp::MessageInfo&)>, std::function<void(std::shared_ptr<const rclcpp::SerializedMessage>)>, std::function<void(std::shared_ptr<const rclcpp::SerializedMessage>, const rclcpp::MessageInfo&)>, std::function<void(const std::shared_ptr<const std_msgs::msg::Float32MultiArray_<std::allocator<void> > >&)>, std::function<void(const std::shared_ptr<const std_msgs::msg::Float32MultiArray_<std::allocator<void> > >&, const rclcpp::MessageInfo&)>, std::function<void(const std::shared_ptr<const rclcpp::SerializedMessage>&)>, std::function<void(const std::shared_ptr<const rclcpp::SerializedMessage>&, const rclcpp::MessageInfo&)>, std::function<void(std::shared_ptr<std_msgs::msg::Float32MultiArray_<std::allocator<void> > >)>, std::function<void(std::shared_ptr<std_msgs::msg::Float32MultiArray_<std::allocator<void> > >, const rclcpp::MessageInfo&)>, std::function<void(std::shared_ptr<rclcpp::SerializedMessage>)>, std::function<void(std::shared_ptr<rclcpp::SerializedMessage>, const rclcpp::MessageInfo&)> >::__accepted_type<_Tp&&, typename std::enable_if<__not_self<_Tp&&>, void>::type>&, _Tp>), std::variant<std::function<void(const std_msgs::msg::Float32MultiArray_<std::allocator<void> >&)>, std::function<void(const std_msgs::msg::Float32MultiArray_<std::allocator<void> >&, const rclcpp::MessageInfo&)>, std::function<void(const rclcpp::SerializedMessage&)>, std::function<void(const rclcpp::SerializedMessage&, const rclcpp::MessageInfo&)>, std::function<void(std::unique_ptr<std_msgs::msg::Float32MultiArray_<std::allocator<void> >, std::default_delete<std_msgs::msg::Float32MultiArray_<std::allocator<void> > > >)>, std::function<void(std::unique_ptr<std_msgs::msg::Float32MultiArray_<std::allocator<void> >, std::default_delete<std_msgs::msg::Float32MultiArray_<std::allocator<void> > > >, const rclcpp::MessageInfo&)>, std::function<void(std::unique_ptr<rclcpp::SerializedMessage, std::default_delete<rclcpp::SerializedMessage> >)>, std::function<void(std::unique_ptr<rclcpp::SerializedMessage, std::default_delete<rclcpp::SerializedMessage> >, const rclcpp::MessageInfo&)>, std::function<void(std::shared_ptr<const std_msgs::msg::Float32MultiArray_<std::allocator<void> > >)>, std::function<void(std::shared_ptr<const std_msgs::msg::Float32MultiArray_<std::allocator<void> > >, const rclcpp::MessageInfo&)>, std::function<void(std::shared_ptr<const rclcpp::SerializedMessage>)>, std::function<void(std::shared_ptr<const rclcpp::SerializedMessage>, const rclcpp::MessageInfo&)>, std::function<void(const std::shared_ptr<const std_msgs::msg::Float32MultiArray_<std::allocator<void> > >&)>, std::function<void(const std::shared_ptr<const std_msgs::msg::Float32MultiArray_<std::allocator<void> > >&, const rclcpp::MessageInfo&)>, std::function<void(const std::shared_ptr<const rclcpp::SerializedMessage>&)>, std::function<void(const std::shared_ptr<const rclcpp::SerializedMessage>&, const rclcpp::MessageInfo&)>, std::function<void(std::shared_ptr<std_msgs::msg::Float32MultiArray_<std::allocator<void> > >)>, std::function<void(std::shared_ptr<std_msgs::msg::Float32MultiArray_<std::allocator<void> > >, const rclcpp::MessageInfo&)>, std::function<void(std::shared_ptr<rclcpp::SerializedMessage>)>, std::function<void(std::shared_ptr<rclcpp::SerializedMessage>, const rclcpp::MessageInfo&)> >&> std::variant<std::function<void(const std_msgs::msg::Float32MultiArray_<std::allocator<void> >&)>, std::function<void(const std_msgs::msg::Float32MultiArray_<std::allocator<void> >&, const rclcpp::MessageInfo&)>, std::function<void(const rclcpp::SerializedMessage&)>, std::function<void(const rclcpp::SerializedMessage&, const rclcpp::MessageInfo&)>, std::function<void(std::unique_ptr<std_msgs::msg::Float32MultiArray_<std::allocator<void> >, std::default_delete<std_msgs::msg::Float32MultiArray_<std::allocator<void> > > >)>, std::function<void(std::unique_ptr<std_msgs::msg::Float32MultiArray_<std::allocator<void> >, std::default_delete<std_msgs::msg::Float32MultiArray_<std::allocator<void> > > >, const rclcpp::MessageInfo&)>, std::function<void(std::unique_ptr<rclcpp::SerializedMessage, std::default_delete<rclcpp::SerializedMessage> >)>, std::function<void(std::unique_ptr<rclcpp::SerializedMessage, std::default_delete<rclcpp::SerializedMessage> >, const rclcpp::MessageInfo&)>, std::function<void(std::shared_ptr<const std_msgs::msg::Float32MultiArray_<std::allocator<void> > >)>, std::function<void(std::shared_ptr<const std_msgs::msg::Float32MultiArray_<std::allocator<void> > >, const rclcpp::MessageInfo&)>, std::function<void(std::shared_ptr<const rclcpp::SerializedMessage>)>, std::function<void(std::shared_ptr<const rclcpp::SerializedMessage>, const rclcpp::MessageInfo&)>, std::function<void(const std::shared_ptr<const std_msgs::msg::Float32MultiArray_<std::allocator<void> > >&)>, std::function<void(const std::shared_ptr<const std_msgs::msg::Float32MultiArray_<std::allocator<void> > >&, const rclcpp::MessageInfo&)>, std::function<void(const std::shared_ptr<const rclcpp::SerializedMessage>&)>, std::function<void(const std::shared_ptr<const rclcpp::SerializedMessage>&, const rclcpp::MessageInfo&)>, std::function<void(std::shared_ptr<std_msgs::msg::Float32MultiArray_<std::allocator<void> > >)>, std::function<void(std::shared_ptr<std_msgs::msg::Float32MultiArray_<std::allocator<void> > >, const rclcpp::MessageInfo&)>, std::function<void(std::shared_ptr<rclcpp::SerializedMessage>)>, std::function<void(std::shared_ptr<rclcpp::SerializedMessage>, const rclcpp::MessageInfo&)> >::operator=<_Tp>(_Tp&&) [with _Tp = std::function<void(std::shared_ptr<geometry_msgs::msg::Point_<std::allocator<void> > >)>][m[K’
[01m[K/opt/ros/humble/include/rclcpp/rclcpp/any_subscription_callback.hpp:394:25:[m[K   required from ‘[01m[Krclcpp::AnySubscriptionCallback<MessageT, AllocatorT> rclcpp::AnySubscriptionCallback<MessageT, AllocatorT>::set(CallbackT) [with CallbackT = std::_Bind<void (PurepursuitPathNode::*(PurepursuitPathNode*, std::_Placeholder<1>))(std::shared_ptr<geometry_msgs::msg::Point_<std::allocator<void> > >)>; MessageT = std_msgs::msg::Float32MultiArray_<std::allocator<void> >; AllocatorT = std::allocator<void>][m[K’
[01m[K/opt/ros/humble/include/rclcpp/rclcpp/subscription_factory.hpp:94:32:[m[K   required from ‘[01m[Krclcpp::SubscriptionFactory rclcpp::create_subscription_factory(CallbackT&&, const rclcpp::SubscriptionOptionsWithAllocator<AllocatorT>&, typename MessageMemoryStrategyT::SharedPtr, std::shared_ptr<rclcpp::topic_statistics::SubscriptionTopicStatistics<ROSMessageType> >) [with MessageT = std_msgs::msg::Float32MultiArray_<std::allocator<void> >; CallbackT = std::_Bind<void (PurepursuitPathNode::*(PurepursuitPathNode*, std::_Placeholder<1>))(std::shared_ptr<geometry_msgs::msg::Point_<std::allocator<void> > >)>; AllocatorT = std::allocator<void>; SubscriptionT = rclcpp::Subscription<std_msgs::msg::Float32MultiArray_<std::allocator<void> >, std::allocator<void>, std_msgs::msg::Float32MultiArray_<std::allocator<void> >, std_msgs::msg::Float32MultiArray_<std::allocator<void> >, rclcpp::message_memory_strategy::MessageMemoryStrategy<std_msgs::msg::Float32MultiArray_<std::allocator<void> >, std::allocator<void> > >; MessageMemoryStrategyT = rclcpp::message_memory_strategy::MessageMemoryStrategy<std_msgs::msg::Float32MultiArray_<std::allocator<void> >, std::allocator<void> >; ROSMessageType = std_msgs::msg::Float32MultiArray_<std::allocator<void> >; typename MessageMemoryStrategyT::SharedPtr = std::shared_ptr<rclcpp::message_memory_strategy::MessageMemoryStrategy<std_msgs::msg::Float32MultiArray_<std::allocator<void> >, std::allocator<void> > >][m[K’
[01m[K/opt/ros/humble/include/rclcpp/rclcpp/create_subscription.hpp:122:63:[m[K   required from ‘[01m[Kstd::shared_ptr<ROSMessageT> rclcpp::detail::create_subscription(NodeParametersT&, NodeTopicsT&, const string&, const rclcpp::QoS&, CallbackT&&, const rclcpp::SubscriptionOptionsWithAllocator<AllocatorT>&, typename MessageMemoryStrategyT::SharedPtr) [with MessageT = std_msgs::msg::Float32MultiArray_<std::allocator<void> >; CallbackT = std::_Bind<void (PurepursuitPathNode::*(PurepursuitPathNode*, std::_Placeholder<1>))(std::shared_ptr<geometry_msgs::msg::Point_<std::allocator<void> > >)>; AllocatorT = std::allocator<void>; SubscriptionT = rclcpp::Subscription<std_msgs::msg::Float32MultiArray_<std::allocator<void> >, std::allocator<void>, std_msgs::msg::Float32MultiArray_<std::allocator<void> >, std_msgs::msg::Float32MultiArray_<std::allocator<void> >, rclcpp::message_memory_strategy::MessageMemoryStrategy<std_msgs::msg::Float32MultiArray_<std::allocator<void> >, std::allocator<void> > >; MessageMemoryStrategyT = rclcpp::message_memory_strategy::MessageMemoryStrategy<std_msgs::msg::Float32MultiArray_<std::allocator<void> >, std::allocator<void> >; NodeParametersT = rclcpp::Node; NodeTopicsT = rclcpp::Node; ROSMessageType = std_msgs::msg::Float32MultiArray_<std::allocator<void> >; std::string = std::__cxx11::basic_string<char>; typename MessageMemoryStrategyT::SharedPtr = std::shared_ptr<rclcpp::message_memory_strategy::MessageMemoryStrategy<std_msgs::msg::Float32MultiArray_<std::allocator<void> >, std::allocator<void> > >][m[K’
[01m[K/opt/ros/humble/include/rclcpp/rclcpp/create_subscription.hpp:191:76:[m[K   required from ‘[01m[Kstd::shared_ptr<ROSMessageT> rclcpp::create_subscription(NodeT&, const string&, const rclcpp::QoS&, CallbackT&&, const rclcpp::SubscriptionOptionsWithAllocator<AllocatorT>&, typename MessageMemoryStrategyT::SharedPtr) [with MessageT = std_msgs::msg::Float32MultiArray_<std::allocator<void> >; CallbackT = std::_Bind<void (PurepursuitPathNode::*(PurepursuitPathNode*, std::_Placeholder<1>))(std::shared_ptr<geometry_msgs::msg::Point_<std::allocator<void> > >)>; AllocatorT = std::allocator<void>; SubscriptionT = rclcpp::Subscription<std_msgs::msg::Float32MultiArray_<std::allocator<void> >, std::allocator<void>, std_msgs::msg::Float32MultiArray_<std::allocator<void> >, std_msgs::msg::Float32MultiArray_<std::allocator<void> >, rclcpp::message_memory_strategy::MessageMemoryStrategy<std_msgs::msg::Float32MultiArray_<std::allocator<void> >, std::allocator<void> > >; MessageMemoryStrategyT = rclcpp::message_memory_strategy::MessageMemoryStrategy<std_msgs::msg::Float32MultiArray_<std::allocator<void> >, std::allocator<void> >; NodeT = rclcpp::Node; std::string = std::__cxx11::basic_string<char>; typename MessageMemoryStrategyT::SharedPtr = std::shared_ptr<rclcpp::message_memory_strategy::MessageMemoryStrategy<std_msgs::msg::Float32MultiArray_<std::allocator<void> >, std::allocator<void> > >][m[K’
[01m[K/opt/ros/humble/include/rclcpp/rclcpp/node_impl.hpp:99:47:[m[K   required from ‘[01m[Kstd::shared_ptr<ROSMessageT> rclcpp::Node::create_subscription(const string&, const rclcpp::QoS&, CallbackT&&, const rclcpp::SubscriptionOptionsWithAllocator<AllocatorT>&, typename MessageMemoryStrategyT::SharedPtr) [with MessageT = std_msgs::msg::Float32MultiArray_<std::allocator<void> >; CallbackT = std::_Bind<void (PurepursuitPathNode::*(PurepursuitPathNode*, std::_Placeholder<1>))(std::shared_ptr<geometry_msgs::msg::Point_<std::allocator<void> > >)>; AllocatorT = std::allocator<void>; SubscriptionT = rclcpp::Subscription<std_msgs::msg::Float32MultiArray_<std::allocator<void> >, std::allocator<void>, std_msgs::msg::Float32MultiArray_<std::allocator<void> >, std_msgs::msg::Float32MultiArray_<std::allocator<void> >, rclcpp::message_memory_strategy::MessageMemoryStrategy<std_msgs::msg::Float32MultiArray_<std::allocator<void> >, std::allocator<void> > >; MessageMemoryStrategyT = rclcpp::message_memory_strategy::MessageMemoryStrategy<std_msgs::msg::Float32MultiArray_<std::allocator<void> >, std::allocator<void> >; std::string = std::__cxx11::basic_string<char>; typename MessageMemoryStrategyT::SharedPtr = std::shared_ptr<rclcpp::message_memory_strategy::MessageMemoryStrategy<std_msgs::msg::Float32MultiArray_<std::allocator<void> >, std::allocator<void> > >][m[K’
[01m[K/home/syafihidayat/Documents/robot_smoothing/src/purpuresuit_pkg/src/purpuresuit.cpp:38:79:[m[K   required from here
[01m[K/usr/include/c++/11/variant:1375:15:[m[K [01;31m[Kerror: [m[Kno type named ‘[01m[Ktype[m[K’ in ‘[01m[Kstruct std::enable_if<false, void>[m[K’
 1375 |         using [01;31m[K__accepted_type[m[K = __to_type<__accepted_index<_Tp>>;
      |               [01;31m[K^~~~~~~~~~~~~~~[m[K
/opt/ros/humble/include/rclcpp/rclcpp/any_subscription_callback.hpp: In instantiation of ‘[01m[Krclcpp::AnySubscriptionCallback<MessageT, AllocatorT> rclcpp::AnySubscriptionCallback<MessageT, AllocatorT>::set(CallbackT) [with CallbackT = std::_Bind<void (PurepursuitPathNode::*(PurepursuitPathNode*, std::_Placeholder<1>))(std::shared_ptr<geometry_msgs::msg::Point_<std::allocator<void> > >)>; MessageT = std_msgs::msg::Float32MultiArray_<std::allocator<void> >; AllocatorT = std::allocator<void>][m[K’:
[01m[K/opt/ros/humble/include/rclcpp/rclcpp/subscription_factory.hpp:94:32:[m[K   required from ‘[01m[Krclcpp::SubscriptionFactory rclcpp::create_subscription_factory(CallbackT&&, const rclcpp::SubscriptionOptionsWithAllocator<AllocatorT>&, typename MessageMemoryStrategyT::SharedPtr, std::shared_ptr<rclcpp::topic_statistics::SubscriptionTopicStatistics<ROSMessageType> >) [with MessageT = std_msgs::msg::Float32MultiArray_<std::allocator<void> >; CallbackT = std::_Bind<void (PurepursuitPathNode::*(PurepursuitPathNode*, std::_Placeholder<1>))(std::shared_ptr<geometry_msgs::msg::Point_<std::allocator<void> > >)>; AllocatorT = std::allocator<void>; SubscriptionT = rclcpp::Subscription<std_msgs::msg::Float32MultiArray_<std::allocator<void> >, std::allocator<void>, std_msgs::msg::Float32MultiArray_<std::allocator<void> >, std_msgs::msg::Float32MultiArray_<std::allocator<void> >, rclcpp::message_memory_strategy::MessageMemoryStrategy<std_msgs::msg::Float32MultiArray_<std::allocator<void> >, std::allocator<void> > >; MessageMemoryStrategyT = rclcpp::message_memory_strategy::MessageMemoryStrategy<std_msgs::msg::Float32MultiArray_<std::allocator<void> >, std::allocator<void> >; ROSMessageType = std_msgs::msg::Float32MultiArray_<std::allocator<void> >; typename MessageMemoryStrategyT::SharedPtr = std::shared_ptr<rclcpp::message_memory_strategy::MessageMemoryStrategy<std_msgs::msg::Float32MultiArray_<std::allocator<void> >, std::allocator<void> > >][m[K’
[01m[K/opt/ros/humble/include/rclcpp/rclcpp/create_subscription.hpp:122:63:[m[K   required from ‘[01m[Kstd::shared_ptr<ROSMessageT> rclcpp::detail::create_subscription(NodeParametersT&, NodeTopicsT&, const string&, const rclcpp::QoS&, CallbackT&&, const rclcpp::SubscriptionOptionsWithAllocator<AllocatorT>&, typename MessageMemoryStrategyT::SharedPtr) [with MessageT = std_msgs::msg::Float32MultiArray_<std::allocator<void> >; CallbackT = std::_Bind<void (PurepursuitPathNode::*(PurepursuitPathNode*, std::_Placeholder<1>))(std::shared_ptr<geometry_msgs::msg::Point_<std::allocator<void> > >)>; AllocatorT = std::allocator<void>; SubscriptionT = rclcpp::Subscription<std_msgs::msg::Float32MultiArray_<std::allocator<void> >, std::allocator<void>, std_msgs::msg::Float32MultiArray_<std::allocator<void> >, std_msgs::msg::Float32MultiArray_<std::allocator<void> >, rclcpp::message_memory_strategy::MessageMemoryStrategy<std_msgs::msg::Float32MultiArray_<std::allocator<void> >, std::allocator<void> > >; MessageMemoryStrategyT = rclcpp::message_memory_strategy::MessageMemoryStrategy<std_msgs::msg::Float32MultiArray_<std::allocator<void> >, std::allocator<void> >; NodeParametersT = rclcpp::Node; NodeTopicsT = rclcpp::Node; ROSMessageType = std_msgs::msg::Float32MultiArray_<std::allocator<void> >; std::string = std::__cxx11::basic_string<char>; typename MessageMemoryStrategyT::SharedPtr = std::shared_ptr<rclcpp::message_memory_strategy::MessageMemoryStrategy<std_msgs::msg::Float32MultiArray_<std::allocator<void> >, std::allocator<void> > >][m[K’
[01m[K/opt/ros/humble/include/rclcpp/rclcpp/create_subscription.hpp:191:76:[m[K   required from ‘[01m[Kstd::shared_ptr<ROSMessageT> rclcpp::create_subscription(NodeT&, const string&, const rclcpp::QoS&, CallbackT&&, const rclcpp::SubscriptionOptionsWithAllocator<AllocatorT>&, typename MessageMemoryStrategyT::SharedPtr) [with MessageT = std_msgs::msg::Float32MultiArray_<std::allocator<void> >; CallbackT = std::_Bind<void (PurepursuitPathNode::*(PurepursuitPathNode*, std::_Placeholder<1>))(std::shared_ptr<geometry_msgs::msg::Point_<std::allocator<void> > >)>; AllocatorT = std::allocator<void>; SubscriptionT = rclcpp::Subscription<std_msgs::msg::Float32MultiArray_<std::allocator<void> >, std::allocator<void>, std_msgs::msg::Float32MultiArray_<std::allocator<void> >, std_msgs::msg::Float32MultiArray_<std::allocator<void> >, rclcpp::message_memory_strategy::MessageMemoryStrategy<std_msgs::msg::Float32MultiArray_<std::allocator<void> >, std::allocator<void> > >; MessageMemoryStrategyT = rclcpp::message_memory_strategy::MessageMemoryStrategy<std_msgs::msg::Float32MultiArray_<std::allocator<void> >, std::allocator<void> >; NodeT = rclcpp::Node; std::string = std::__cxx11::basic_string<char>; typename MessageMemoryStrategyT::SharedPtr = std::shared_ptr<rclcpp::message_memory_strategy::MessageMemoryStrategy<std_msgs::msg::Float32MultiArray_<std::allocator<void> >, std::allocator<void> > >][m[K’
[01m[K/opt/ros/humble/include/rclcpp/rclcpp/node_impl.hpp:99:47:[m[K   required from ‘[01m[Kstd::shared_ptr<ROSMessageT> rclcpp::Node::create_subscription(const string&, const rclcpp::QoS&, CallbackT&&, const rclcpp::SubscriptionOptionsWithAllocator<AllocatorT>&, typename MessageMemoryStrategyT::SharedPtr) [with MessageT = std_msgs::msg::Float32MultiArray_<std::allocator<void> >; CallbackT = std::_Bind<void (PurepursuitPathNode::*(PurepursuitPathNode*, std::_Placeholder<1>))(std::shared_ptr<geometry_msgs::msg::Point_<std::allocator<void> > >)>; AllocatorT = std::allocator<void>; SubscriptionT = rclcpp::Subscription<std_msgs::msg::Float32MultiArray_<std::allocator<void> >, std::allocator<void>, std_msgs::msg::Float32MultiArray_<std::allocator<void> >, std_msgs::msg::Float32MultiArray_<std::allocator<void> >, rclcpp::message_memory_strategy::MessageMemoryStrategy<std_msgs::msg::Float32MultiArray_<std::allocator<void> >, std::allocator<void> > >; MessageMemoryStrategyT = rclcpp::message_memory_strategy::MessageMemoryStrategy<std_msgs::msg::Float32MultiArray_<std::allocator<void> >, std::allocator<void> >; std::string = std::__cxx11::basic_string<char>; typename MessageMemoryStrategyT::SharedPtr = std::shared_ptr<rclcpp::message_memory_strategy::MessageMemoryStrategy<std_msgs::msg::Float32MultiArray_<std::allocator<void> >, std::allocator<void> > >][m[K’
[01m[K/home/syafihidayat/Documents/robot_smoothing/src/purpuresuit_pkg/src/purpuresuit.cpp:38:79:[m[K   required from here
[01m[K/usr/include/c++/11/variant:1398:16:[m[K [01;36m[Knote: [m[Kcandidate: ‘[01m[Kstd::variant<_Types>& std::variant<_Types>::operator=(const std::variant<_Types>&) [with _Types = {std::function<void(const std_msgs::msg::Float32MultiArray_<std::allocator<void> >&)>, std::function<void(const std_msgs::msg::Float32MultiArray_<std::allocator<void> >&, const rclcpp::MessageInfo&)>, std::function<void(const rclcpp::SerializedMessage&)>, std::function<void(const rclcpp::SerializedMessage&, const rclcpp::MessageInfo&)>, std::function<void(std::unique_ptr<std_msgs::msg::Float32MultiArray_<std::allocator<void> >, std::default_delete<std_msgs::msg::Float32MultiArray_<std::allocator<void> > > >)>, std::function<void(std::unique_ptr<std_msgs::msg::Float32MultiArray_<std::allocator<void> >, std::default_delete<std_msgs::msg::Float32MultiArray_<std::allocator<void> > > >, const rclcpp::MessageInfo&)>, std::function<void(std::unique_ptr<rclcpp::SerializedMessage, std::default_delete<rclcpp::SerializedMessage> >)>, std::function<void(std::unique_ptr<rclcpp::SerializedMessage, std::default_delete<rclcpp::SerializedMessage> >, const rclcpp::MessageInfo&)>, std::function<void(std::shared_ptr<const std_msgs::msg::Float32MultiArray_<std::allocator<void> > >)>, std::function<void(std::shared_ptr<const std_msgs::msg::Float32MultiArray_<std::allocator<void> > >, const rclcpp::MessageInfo&)>, std::function<void(std::shared_ptr<const rclcpp::SerializedMessage>)>, std::function<void(std::shared_ptr<const rclcpp::SerializedMessage>, const rclcpp::MessageInfo&)>, std::function<void(const std::shared_ptr<const std_msgs::msg::Float32MultiArray_<std::allocator<void> > >&)>, std::function<void(const std::shared_ptr<const std_msgs::msg::Float32MultiArray_<std::allocator<void> > >&, const rclcpp::MessageInfo&)>, std::function<void(const std::shared_ptr<const rclcpp::SerializedMessage>&)>, std::function<void(const std::shared_ptr<const rclcpp::SerializedMessage>&, const rclcpp::MessageInfo&)>, std::function<void(std::shared_ptr<std_msgs::msg::Float32MultiArray_<std::allocator<void> > >)>, std::function<void(std::shared_ptr<std_msgs::msg::Float32MultiArray_<std::allocator<void> > >, const rclcpp::MessageInfo&)>, std::function<void(std::shared_ptr<rclcpp::SerializedMessage>)>, std::function<void(std::shared_ptr<rclcpp::SerializedMessage>, const rclcpp::MessageInfo&)>}][m[K’
 1398 |       variant& [01;36m[Koperator[m[K=(const variant&) = default;
      |                [01;36m[K^~~~~~~~[m[K
[01m[K/usr/include/c++/11/variant:1398:26:[m[K [01;36m[Knote: [m[K  no known conversion for argument 1 from ‘[01m[Krclcpp::detail::SubscriptionCallbackTypeHelper<std_msgs::msg::Float32MultiArray_<std::allocator<void> >, std::_Bind<void (PurepursuitPathNode::*(PurepursuitPathNode*, std::_Placeholder<1>))(std::shared_ptr<geometry_msgs::msg::Point_<std::allocator<void> > >)>, void>::callback_type[m[K’ {aka ‘[01m[Kstd::function<void(std::shared_ptr<geometry_msgs::msg::Point_<std::allocator<void> > >)>[m[K’} to ‘[01m[Kconst std::variant<std::function<void(const std_msgs::msg::Float32MultiArray_<std::allocator<void> >&)>, std::function<void(const std_msgs::msg::Float32MultiArray_<std::allocator<void> >&, const rclcpp::MessageInfo&)>, std::function<void(const rclcpp::SerializedMessage&)>, std::function<void(const rclcpp::SerializedMessage&, const rclcpp::MessageInfo&)>, std::function<void(std::unique_ptr<std_msgs::msg::Float32MultiArray_<std::allocator<void> >, std::default_delete<std_msgs::msg::Float32MultiArray_<std::allocator<void> > > >)>, std::function<void(std::unique_ptr<std_msgs::msg::Float32MultiArray_<std::allocator<void> >, std::default_delete<std_msgs::msg::Float32MultiArray_<std::allocator<void> > > >, const rclcpp::MessageInfo&)>, std::function<void(std::unique_ptr<rclcpp::SerializedMessage, std::default_delete<rclcpp::SerializedMessage> >)>, std::function<void(std::unique_ptr<rclcpp::SerializedMessage, std::default_delete<rclcpp::SerializedMessage> >, const rclcpp::MessageInfo&)>, std::function<void(std::shared_ptr<const std_msgs::msg::Float32MultiArray_<std::allocator<void> > >)>, std::function<void(std::shared_ptr<const std_msgs::msg::Float32MultiArray_<std::allocator<void> > >, const rclcpp::MessageInfo&)>, std::function<void(std::shared_ptr<const rclcpp::SerializedMessage>)>, std::function<void(std::shared_ptr<const rclcpp::SerializedMessage>, const rclcpp::MessageInfo&)>, std::function<void(const std::shared_ptr<const std_msgs::msg::Float32MultiArray_<std::allocator<void> > >&)>, std::function<void(const std::shared_ptr<const std_msgs::msg::Float32MultiArray_<std::allocator<void> > >&, const rclcpp::MessageInfo&)>, std::function<void(const std::shared_ptr<const rclcpp::SerializedMessage>&)>, std::function<void(const std::shared_ptr<const rclcpp::SerializedMessage>&, const rclcpp::MessageInfo&)>, std::function<void(std::shared_ptr<std_msgs::msg::Float32MultiArray_<std::allocator<void> > >)>, std::function<void(std::shared_ptr<std_msgs::msg::Float32MultiArray_<std::allocator<void> > >, const rclcpp::MessageInfo&)>, std::function<void(std::shared_ptr<rclcpp::SerializedMessage>)>, std::function<void(std::shared_ptr<rclcpp::SerializedMessage>, const rclcpp::MessageInfo&)> >&[m[K’
 1398 |       variant& operator=([01;36m[Kconst variant&[m[K) = default;
      |                          [01;36m[K^~~~~~~~~~~~~~[m[K
[01m[K/usr/include/c++/11/variant:1399:16:[m[K [01;36m[Knote: [m[Kcandidate: ‘[01m[Kstd::variant<_Types>& std::variant<_Types>::operator=(std::variant<_Types>&&) [with _Types = {std::function<void(const std_msgs::msg::Float32MultiArray_<std::allocator<void> >&)>, std::function<void(const std_msgs::msg::Float32MultiArray_<std::allocator<void> >&, const rclcpp::MessageInfo&)>, std::function<void(const rclcpp::SerializedMessage&)>, std::function<void(const rclcpp::SerializedMessage&, const rclcpp::MessageInfo&)>, std::function<void(std::unique_ptr<std_msgs::msg::Float32MultiArray_<std::allocator<void> >, std::default_delete<std_msgs::msg::Float32MultiArray_<std::allocator<void> > > >)>, std::function<void(std::unique_ptr<std_msgs::msg::Float32MultiArray_<std::allocator<void> >, std::default_delete<std_msgs::msg::Float32MultiArray_<std::allocator<void> > > >, const rclcpp::MessageInfo&)>, std::function<void(std::unique_ptr<rclcpp::SerializedMessage, std::default_delete<rclcpp::SerializedMessage> >)>, std::function<void(std::unique_ptr<rclcpp::SerializedMessage, std::default_delete<rclcpp::SerializedMessage> >, const rclcpp::MessageInfo&)>, std::function<void(std::shared_ptr<const std_msgs::msg::Float32MultiArray_<std::allocator<void> > >)>, std::function<void(std::shared_ptr<const std_msgs::msg::Float32MultiArray_<std::allocator<void> > >, const rclcpp::MessageInfo&)>, std::function<void(std::shared_ptr<const rclcpp::SerializedMessage>)>, std::function<void(std::shared_ptr<const rclcpp::SerializedMessage>, const rclcpp::MessageInfo&)>, std::function<void(const std::shared_ptr<const std_msgs::msg::Float32MultiArray_<std::allocator<void> > >&)>, std::function<void(const std::shared_ptr<const std_msgs::msg::Float32MultiArray_<std::allocator<void> > >&, const rclcpp::MessageInfo&)>, std::function<void(const std::shared_ptr<const rclcpp::SerializedMessage>&)>, std::function<void(const std::shared_ptr<const rclcpp::SerializedMessage>&, const rclcpp::MessageInfo&)>, std::function<void(std::shared_ptr<std_msgs::msg::Float32MultiArray_<std::allocator<void> > >)>, std::function<void(std::shared_ptr<std_msgs::msg::Float32MultiArray_<std::allocator<void> > >, const rclcpp::MessageInfo&)>, std::function<void(std::shared_ptr<rclcpp::SerializedMessage>)>, std::function<void(std::shared_ptr<rclcpp::SerializedMessage>, const rclcpp::MessageInfo&)>}][m[K’
 1399 |       variant& [01;36m[Koperator[m[K=(variant&&) = default;
      |                [01;36m[K^~~~~~~~[m[K
[01m[K/usr/include/c++/11/variant:1399:26:[m[K [01;36m[Knote: [m[K  no known conversion for argument 1 from ‘[01m[Krclcpp::detail::SubscriptionCallbackTypeHelper<std_msgs::msg::Float32MultiArray_<std::allocator<void> >, std::_Bind<void (PurepursuitPathNode::*(PurepursuitPathNode*, std::_Placeholder<1>))(std::shared_ptr<geometry_msgs::msg::Point_<std::allocator<void> > >)>, void>::callback_type[m[K’ {aka ‘[01m[Kstd::function<void(std::shared_ptr<geometry_msgs::msg::Point_<std::allocator<void> > >)>[m[K’} to ‘[01m[Kstd::variant<std::function<void(const std_msgs::msg::Float32MultiArray_<std::allocator<void> >&)>, std::function<void(const std_msgs::msg::Float32MultiArray_<std::allocator<void> >&, const rclcpp::MessageInfo&)>, std::function<void(const rclcpp::SerializedMessage&)>, std::function<void(const rclcpp::SerializedMessage&, const rclcpp::MessageInfo&)>, std::function<void(std::unique_ptr<std_msgs::msg::Float32MultiArray_<std::allocator<void> >, std::default_delete<std_msgs::msg::Float32MultiArray_<std::allocator<void> > > >)>, std::function<void(std::unique_ptr<std_msgs::msg::Float32MultiArray_<std::allocator<void> >, std::default_delete<std_msgs::msg::Float32MultiArray_<std::allocator<void> > > >, const rclcpp::MessageInfo&)>, std::function<void(std::unique_ptr<rclcpp::SerializedMessage, std::default_delete<rclcpp::SerializedMessage> >)>, std::function<void(std::unique_ptr<rclcpp::SerializedMessage, std::default_delete<rclcpp::SerializedMessage> >, const rclcpp::MessageInfo&)>, std::function<void(std::shared_ptr<const std_msgs::msg::Float32MultiArray_<std::allocator<void> > >)>, std::function<void(std::shared_ptr<const std_msgs::msg::Float32MultiArray_<std::allocator<void> > >, const rclcpp::MessageInfo&)>, std::function<void(std::shared_ptr<const rclcpp::SerializedMessage>)>, std::function<void(std::shared_ptr<const rclcpp::SerializedMessage>, const rclcpp::MessageInfo&)>, std::function<void(const std::shared_ptr<const std_msgs::msg::Float32MultiArray_<std::allocator<void> > >&)>, std::function<void(const std::shared_ptr<const std_msgs::msg::Float32MultiArray_<std::allocator<void> > >&, const rclcpp::MessageInfo&)>, std::function<void(const std::shared_ptr<const rclcpp::SerializedMessage>&)>, std::function<void(const std::shared_ptr<const rclcpp::SerializedMessage>&, const rclcpp::MessageInfo&)>, std::function<void(std::shared_ptr<std_msgs::msg::Float32MultiArray_<std::allocator<void> > >)>, std::function<void(std::shared_ptr<std_msgs::msg::Float32MultiArray_<std::allocator<void> > >, const rclcpp::MessageInfo&)>, std::function<void(std::shared_ptr<rclcpp::SerializedMessage>)>, std::function<void(std::shared_ptr<rclcpp::SerializedMessage>, const rclcpp::MessageInfo&)> >&&[m[K’
 1399 |       variant& operator=([01;36m[Kvariant&&[m[K) = default;
      |                          [01;36m[K^~~~~~~~~[m[K
gmake[2]: *** [CMakeFiles/purpuresuit.dir/build.make:76: CMakeFiles/purpuresuit.dir/src/purpuresuit.cpp.o] Error 1
gmake[1]: *** [CMakeFiles/Makefile2:137: CMakeFiles/purpuresuit.dir/all] Error 2
gmake: *** [Makefile:146: all] Error 2
