[0.014s] Invoking command in '/home/syafihidayat/Documents/robot_smoothing/build/robot_waypoint_pkg': CMAKE_PREFIX_PATH=${CMAKE_PREFIX_PATH}:/opt/ros/humble /usr/bin/cmake --build /home/syafihidayat/Documents/robot_smoothing/build/robot_waypoint_pkg -- -j16 -l16
[0.143s] [ 50%] [32mBuilding CXX object CMakeFiles/robot_waypoint.dir/src/robot_waypoint.cpp.o[0m
[2.389s] In file included from [01m[K/usr/include/c++/11/bits/unique_ptr.h:37[m[K,
[2.390s]                  from [01m[K/usr/include/c++/11/memory:76[m[K,
[2.390s]                  from [01m[K/opt/ros/humble/include/rclcpp/rclcpp/rclcpp.hpp:153[m[K,
[2.390s]                  from [01m[K/home/syafihidayat/Documents/robot_smoothing/src/robot_waypoint_pkg/src/robot_waypoint.cpp:2[m[K:
[2.390s] /usr/include/c++/11/tuple: In instantiation of ‘[01m[Kstruct std::tuple_element<0, std::tuple<> >[m[K’:
[2.390s] [01m[K/usr/include/c++/11/tuple:1353:12:[m[K   recursively required from ‘[01m[Kstruct std::tuple_element<2, std::tuple<double, double> >[m[K’
[2.390s] [01m[K/usr/include/c++/11/tuple:1353:12:[m[K   required from ‘[01m[Kstruct std::tuple_element<3, std::tuple<double, double, double> >[m[K’
[2.390s] [01m[K/usr/include/c++/11/utility:118:11:[m[K   required by substitution of ‘[01m[Ktemplate<long unsigned int __i, class _Tp> using __tuple_element_t = typename std::tuple_element::type [with long unsigned int __i = 3; _Tp = std::tuple<double, double, double>][m[K’
[2.390s] [01m[K/usr/include/c++/11/tuple:1414:5:[m[K   required by substitution of ‘[01m[Ktemplate<long unsigned int __i, class ... _Elements> constexpr std::__tuple_element_t<__i, std::tuple<_UTypes ...> >&& std::get(const std::tuple<_UTypes ...>&&) [with long unsigned int __i = 3; _Elements = {double, double, double}][m[K’
[2.391s] [01m[K/home/syafihidayat/Documents/robot_smoothing/src/robot_waypoint_pkg/src/robot_waypoint.cpp:98:52:[m[K   required from here
[2.391s] [01m[K/usr/include/c++/11/tuple:1371:25:[m[K [01;31m[Kerror: [m[Kstatic assertion failed: tuple index must be in range
[2.391s]  1371 |       static_assert([01;31m[K__i < tuple_size<tuple<>>::value[m[K,
[2.391s]       |                     [01;31m[K~~~~^~~~~~~~~~~~~~~~~~~~~~~~~~~~[m[K
[2.391s] [01m[K/usr/include/c++/11/tuple:1371:25:[m[K [01;36m[Knote: [m[K‘[01m[K(0 < ((long unsigned int)std::integral_constant<long unsigned int, 0>::value))[m[K’ evaluates to false
[2.391s] [01m[K/home/syafihidayat/Documents/robot_smoothing/src/robot_waypoint_pkg/src/robot_waypoint.cpp:[m[K In member function ‘[01m[Kvoid waypointPublish::send_waypoint()[m[K’:
[2.391s] [01m[K/home/syafihidayat/Documents/robot_smoothing/src/robot_waypoint_pkg/src/robot_waypoint.cpp:98:52:[m[K [01;31m[Kerror: [m[Kno matching function for call to ‘[01m[Kget<3>(__gnu_cxx::__alloc_traits<std::allocator<std::tuple<double, double, double> >, std::tuple<double, double, double> >::value_type&)[m[K’
[2.391s]    98 |     speed_msg.data = static_cast<float>([01;31m[Kstd::get<3>(waypoint[current_waypoint_index])[m[K);
[2.391s]       |                                         [01;31m[K~~~~~~~~~~~^~~~~~~~~~~~~~~~~~~~~~~~~~~~~~~~~~[m[K
[2.391s] In file included from [01m[K/usr/include/c++/11/bits/unique_ptr.h:36[m[K,
[2.391s]                  from [01m[K/usr/include/c++/11/memory:76[m[K,
[2.391s]                  from [01m[K/opt/ros/humble/include/rclcpp/rclcpp/rclcpp.hpp:153[m[K,
[2.391s]                  from [01m[K/home/syafihidayat/Documents/robot_smoothing/src/robot_waypoint_pkg/src/robot_waypoint.cpp:2[m[K:
[2.392s] [01m[K/usr/include/c++/11/utility:223:5:[m[K [01;36m[Knote: [m[Kcandidate: ‘[01m[Ktemplate<long unsigned int _Int, class _Tp1, class _Tp2> constexpr typename std::tuple_element<_Int, std::pair<_Tp1, _Tp2> >::type& std::get(std::pair<_Tp1, _Tp2>&)[m[K’
[2.392s]   223 |     [01;36m[Kget[m[K(pair<_Tp1, _Tp2>& __in) noexcept
[2.392s]       |     [01;36m[K^~~[m[K
[2.392s] [01m[K/usr/include/c++/11/utility:223:5:[m[K [01;36m[Knote: [m[K  template argument deduction/substitution failed:
[2.392s] [01m[K/home/syafihidayat/Documents/robot_smoothing/src/robot_waypoint_pkg/src/robot_waypoint.cpp:98:52:[m[K [01;36m[Knote: [m[K  ‘[01m[K__gnu_cxx::__alloc_traits<std::allocator<std::tuple<double, double, double> >, std::tuple<double, double, double> >::value_type[m[K’ {aka ‘[01m[Kstd::tuple<double, double, double>[m[K’} is not derived from ‘[01m[Kstd::pair<_Tp1, _Tp2>[m[K’
[2.392s]    98 |     speed_msg.data = static_cast<float>([01;36m[Kstd::get<3>(waypoint[current_waypoint_index])[m[K);
[2.392s]       |                                         [01;36m[K~~~~~~~~~~~^~~~~~~~~~~~~~~~~~~~~~~~~~~~~~~~~~[m[K
[2.392s] In file included from [01m[K/usr/include/c++/11/bits/unique_ptr.h:36[m[K,
[2.392s]                  from [01m[K/usr/include/c++/11/memory:76[m[K,
[2.392s]                  from [01m[K/opt/ros/humble/include/rclcpp/rclcpp/rclcpp.hpp:153[m[K,
[2.392s]                  from [01m[K/home/syafihidayat/Documents/robot_smoothing/src/robot_waypoint_pkg/src/robot_waypoint.cpp:2[m[K:
[2.392s] [01m[K/usr/include/c++/11/utility:228:5:[m[K [01;36m[Knote: [m[Kcandidate: ‘[01m[Ktemplate<long unsigned int _Int, class _Tp1, class _Tp2> constexpr typename std::tuple_element<_Int, std::pair<_Tp1, _Tp2> >::type&& std::get(std::pair<_Tp1, _Tp2>&&)[m[K’
[2.392s]   228 |     [01;36m[Kget[m[K(pair<_Tp1, _Tp2>&& __in) noexcept
[2.393s]       |     [01;36m[K^~~[m[K
[2.393s] [01m[K/usr/include/c++/11/utility:228:5:[m[K [01;36m[Knote: [m[K  template argument deduction/substitution failed:
[2.393s] [01m[K/home/syafihidayat/Documents/robot_smoothing/src/robot_waypoint_pkg/src/robot_waypoint.cpp:98:52:[m[K [01;36m[Knote: [m[K  ‘[01m[K__gnu_cxx::__alloc_traits<std::allocator<std::tuple<double, double, double> >, std::tuple<double, double, double> >::value_type[m[K’ {aka ‘[01m[Kstd::tuple<double, double, double>[m[K’} is not derived from ‘[01m[Kstd::pair<_Tp1, _Tp2>[m[K’
[2.393s]    98 |     speed_msg.data = static_cast<float>([01;36m[Kstd::get<3>(waypoint[current_waypoint_index])[m[K);
[2.393s]       |                                         [01;36m[K~~~~~~~~~~~^~~~~~~~~~~~~~~~~~~~~~~~~~~~~~~~~~[m[K
[2.393s] In file included from [01m[K/usr/include/c++/11/bits/unique_ptr.h:36[m[K,
[2.393s]                  from [01m[K/usr/include/c++/11/memory:76[m[K,
[2.393s]                  from [01m[K/opt/ros/humble/include/rclcpp/rclcpp/rclcpp.hpp:153[m[K,
[2.393s]                  from [01m[K/home/syafihidayat/Documents/robot_smoothing/src/robot_waypoint_pkg/src/robot_waypoint.cpp:2[m[K:
[2.393s] [01m[K/usr/include/c++/11/utility:233:5:[m[K [01;36m[Knote: [m[Kcandidate: ‘[01m[Ktemplate<long unsigned int _Int, class _Tp1, class _Tp2> constexpr const typename std::tuple_element<_Int, std::pair<_Tp1, _Tp2> >::type& std::get(const std::pair<_Tp1, _Tp2>&)[m[K’
[2.393s]   233 |     [01;36m[Kget[m[K(const pair<_Tp1, _Tp2>& __in) noexcept
[2.393s]       |     [01;36m[K^~~[m[K
[2.393s] [01m[K/usr/include/c++/11/utility:233:5:[m[K [01;36m[Knote: [m[K  template argument deduction/substitution failed:
[2.394s] [01m[K/home/syafihidayat/Documents/robot_smoothing/src/robot_waypoint_pkg/src/robot_waypoint.cpp:98:52:[m[K [01;36m[Knote: [m[K  ‘[01m[K__gnu_cxx::__alloc_traits<std::allocator<std::tuple<double, double, double> >, std::tuple<double, double, double> >::value_type[m[K’ {aka ‘[01m[Kstd::tuple<double, double, double>[m[K’} is not derived from ‘[01m[Kconst std::pair<_Tp1, _Tp2>[m[K’
[2.394s]    98 |     speed_msg.data = static_cast<float>([01;36m[Kstd::get<3>(waypoint[current_waypoint_index])[m[K);
[2.394s]       |                                         [01;36m[K~~~~~~~~~~~^~~~~~~~~~~~~~~~~~~~~~~~~~~~~~~~~~[m[K
[2.394s] In file included from [01m[K/usr/include/c++/11/bits/unique_ptr.h:36[m[K,
[2.394s]                  from [01m[K/usr/include/c++/11/memory:76[m[K,
[2.394s]                  from [01m[K/opt/ros/humble/include/rclcpp/rclcpp/rclcpp.hpp:153[m[K,
[2.394s]                  from [01m[K/home/syafihidayat/Documents/robot_smoothing/src/robot_waypoint_pkg/src/robot_waypoint.cpp:2[m[K:
[2.394s] [01m[K/usr/include/c++/11/utility:238:5:[m[K [01;36m[Knote: [m[Kcandidate: ‘[01m[Ktemplate<long unsigned int _Int, class _Tp1, class _Tp2> constexpr const typename std::tuple_element<_Int, std::pair<_Tp1, _Tp2> >::type&& std::get(const std::pair<_Tp1, _Tp2>&&)[m[K’
[2.394s]   238 |     [01;36m[Kget[m[K(const pair<_Tp1, _Tp2>&& __in) noexcept
[2.394s]       |     [01;36m[K^~~[m[K
[2.394s] [01m[K/usr/include/c++/11/utility:238:5:[m[K [01;36m[Knote: [m[K  template argument deduction/substitution failed:
[2.394s] [01m[K/home/syafihidayat/Documents/robot_smoothing/src/robot_waypoint_pkg/src/robot_waypoint.cpp:98:52:[m[K [01;36m[Knote: [m[K  ‘[01m[K__gnu_cxx::__alloc_traits<std::allocator<std::tuple<double, double, double> >, std::tuple<double, double, double> >::value_type[m[K’ {aka ‘[01m[Kstd::tuple<double, double, double>[m[K’} is not derived from ‘[01m[Kconst std::pair<_Tp1, _Tp2>[m[K’
[2.395s]    98 |     speed_msg.data = static_cast<float>([01;36m[Kstd::get<3>(waypoint[current_waypoint_index])[m[K);
[2.395s]       |                                         [01;36m[K~~~~~~~~~~~^~~~~~~~~~~~~~~~~~~~~~~~~~~~~~~~~~[m[K
[2.395s] In file included from [01m[K/usr/include/c++/11/bits/unique_ptr.h:36[m[K,
[2.395s]                  from [01m[K/usr/include/c++/11/memory:76[m[K,
[2.395s]                  from [01m[K/opt/ros/humble/include/rclcpp/rclcpp/rclcpp.hpp:153[m[K,
[2.395s]                  from [01m[K/home/syafihidayat/Documents/robot_smoothing/src/robot_waypoint_pkg/src/robot_waypoint.cpp:2[m[K:
[2.395s] [01m[K/usr/include/c++/11/utility:247:5:[m[K [01;36m[Knote: [m[Kcandidate: ‘[01m[Ktemplate<class _Tp, class _Up> constexpr _Tp& std::get(std::pair<_T1, _T2>&)[m[K’
[2.395s]   247 |     [01;36m[Kget[m[K(pair<_Tp, _Up>& __p) noexcept
[2.395s]       |     [01;36m[K^~~[m[K
[2.395s] [01m[K/usr/include/c++/11/utility:247:5:[m[K [01;36m[Knote: [m[K  template argument deduction/substitution failed:
[2.395s] [01m[K/home/syafihidayat/Documents/robot_smoothing/src/robot_waypoint_pkg/src/robot_waypoint.cpp:98:52:[m[K [01;31m[Kerror: [m[Ktype/value mismatch at argument 1 in template parameter list for ‘[01m[Ktemplate<class _Tp, class _Up> constexpr _Tp& std::get(std::pair<_T1, _T2>&)[m[K’
[2.395s]    98 |     speed_msg.data = static_cast<float>([01;31m[Kstd::get<3>(waypoint[current_waypoint_index])[m[K);
[2.395s]       |                                         [01;31m[K~~~~~~~~~~~^~~~~~~~~~~~~~~~~~~~~~~~~~~~~~~~~~[m[K
[2.395s] [01m[K/home/syafihidayat/Documents/robot_smoothing/src/robot_waypoint_pkg/src/robot_waypoint.cpp:98:52:[m[K [01;36m[Knote: [m[K  expected a type, got ‘[01m[K3[m[K’
[2.396s] In file included from [01m[K/usr/include/c++/11/bits/unique_ptr.h:36[m[K,
[2.396s]                  from [01m[K/usr/include/c++/11/memory:76[m[K,
[2.396s]                  from [01m[K/opt/ros/humble/include/rclcpp/rclcpp/rclcpp.hpp:153[m[K,
[2.396s]                  from [01m[K/home/syafihidayat/Documents/robot_smoothing/src/robot_waypoint_pkg/src/robot_waypoint.cpp:2[m[K:
[2.396s] [01m[K/usr/include/c++/11/utility:252:5:[m[K [01;36m[Knote: [m[Kcandidate: ‘[01m[Ktemplate<class _Tp, class _Up> constexpr const _Tp& std::get(const std::pair<_T1, _T2>&)[m[K’
[2.396s]   252 |     [01;36m[Kget[m[K(const pair<_Tp, _Up>& __p) noexcept
[2.396s]       |     [01;36m[K^~~[m[K
[2.396s] [01m[K/usr/include/c++/11/utility:252:5:[m[K [01;36m[Knote: [m[K  template argument deduction/substitution failed:
[2.396s] [01m[K/home/syafihidayat/Documents/robot_smoothing/src/robot_waypoint_pkg/src/robot_waypoint.cpp:98:52:[m[K [01;31m[Kerror: [m[Ktype/value mismatch at argument 1 in template parameter list for ‘[01m[Ktemplate<class _Tp, class _Up> constexpr const _Tp& std::get(const std::pair<_T1, _T2>&)[m[K’
[2.396s]    98 |     speed_msg.data = static_cast<float>([01;31m[Kstd::get<3>(waypoint[current_waypoint_index])[m[K);
[2.396s]       |                                         [01;31m[K~~~~~~~~~~~^~~~~~~~~~~~~~~~~~~~~~~~~~~~~~~~~~[m[K
[2.396s] [01m[K/home/syafihidayat/Documents/robot_smoothing/src/robot_waypoint_pkg/src/robot_waypoint.cpp:98:52:[m[K [01;36m[Knote: [m[K  expected a type, got ‘[01m[K3[m[K’
[2.397s] In file included from [01m[K/usr/include/c++/11/bits/unique_ptr.h:36[m[K,
[2.397s]                  from [01m[K/usr/include/c++/11/memory:76[m[K,
[2.397s]                  from [01m[K/opt/ros/humble/include/rclcpp/rclcpp/rclcpp.hpp:153[m[K,
[2.397s]                  from [01m[K/home/syafihidayat/Documents/robot_smoothing/src/robot_waypoint_pkg/src/robot_waypoint.cpp:2[m[K:
[2.397s] [01m[K/usr/include/c++/11/utility:257:5:[m[K [01;36m[Knote: [m[Kcandidate: ‘[01m[Ktemplate<class _Tp, class _Up> constexpr _Tp&& std::get(std::pair<_T1, _T2>&&)[m[K’
[2.397s]   257 |     [01;36m[Kget[m[K(pair<_Tp, _Up>&& __p) noexcept
[2.397s]       |     [01;36m[K^~~[m[K
[2.397s] [01m[K/usr/include/c++/11/utility:257:5:[m[K [01;36m[Knote: [m[K  template argument deduction/substitution failed:
[2.397s] [01m[K/home/syafihidayat/Documents/robot_smoothing/src/robot_waypoint_pkg/src/robot_waypoint.cpp:98:52:[m[K [01;31m[Kerror: [m[Ktype/value mismatch at argument 1 in template parameter list for ‘[01m[Ktemplate<class _Tp, class _Up> constexpr _Tp&& std::get(std::pair<_T1, _T2>&&)[m[K’
[2.397s]    98 |     speed_msg.data = static_cast<float>([01;31m[Kstd::get<3>(waypoint[current_waypoint_index])[m[K);
[2.397s]       |                                         [01;31m[K~~~~~~~~~~~^~~~~~~~~~~~~~~~~~~~~~~~~~~~~~~~~~[m[K
[2.397s] [01m[K/home/syafihidayat/Documents/robot_smoothing/src/robot_waypoint_pkg/src/robot_waypoint.cpp:98:52:[m[K [01;36m[Knote: [m[K  expected a type, got ‘[01m[K3[m[K’
[2.397s] In file included from [01m[K/usr/include/c++/11/bits/unique_ptr.h:36[m[K,
[2.398s]                  from [01m[K/usr/include/c++/11/memory:76[m[K,
[2.398s]                  from [01m[K/opt/ros/humble/include/rclcpp/rclcpp/rclcpp.hpp:153[m[K,
[2.398s]                  from [01m[K/home/syafihidayat/Documents/robot_smoothing/src/robot_waypoint_pkg/src/robot_waypoint.cpp:2[m[K:
[2.398s] [01m[K/usr/include/c++/11/utility:262:5:[m[K [01;36m[Knote: [m[Kcandidate: ‘[01m[Ktemplate<class _Tp, class _Up> constexpr const _Tp&& std::get(const std::pair<_T1, _T2>&&)[m[K’
[2.398s]   262 |     [01;36m[Kget[m[K(const pair<_Tp, _Up>&& __p) noexcept
[2.398s]       |     [01;36m[K^~~[m[K
[2.398s] [01m[K/usr/include/c++/11/utility:262:5:[m[K [01;36m[Knote: [m[K  template argument deduction/substitution failed:
[2.398s] [01m[K/home/syafihidayat/Documents/robot_smoothing/src/robot_waypoint_pkg/src/robot_waypoint.cpp:98:52:[m[K [01;31m[Kerror: [m[Ktype/value mismatch at argument 1 in template parameter list for ‘[01m[Ktemplate<class _Tp, class _Up> constexpr const _Tp&& std::get(const std::pair<_T1, _T2>&&)[m[K’
[2.398s]    98 |     speed_msg.data = static_cast<float>([01;31m[Kstd::get<3>(waypoint[current_waypoint_index])[m[K);
[2.398s]       |                                         [01;31m[K~~~~~~~~~~~^~~~~~~~~~~~~~~~~~~~~~~~~~~~~~~~~~[m[K
[2.398s] [01m[K/home/syafihidayat/Documents/robot_smoothing/src/robot_waypoint_pkg/src/robot_waypoint.cpp:98:52:[m[K [01;36m[Knote: [m[K  expected a type, got ‘[01m[K3[m[K’
[2.398s] In file included from [01m[K/usr/include/c++/11/bits/unique_ptr.h:36[m[K,
[2.398s]                  from [01m[K/usr/include/c++/11/memory:76[m[K,
[2.399s]                  from [01m[K/opt/ros/humble/include/rclcpp/rclcpp/rclcpp.hpp:153[m[K,
[2.399s]                  from [01m[K/home/syafihidayat/Documents/robot_smoothing/src/robot_waypoint_pkg/src/robot_waypoint.cpp:2[m[K:
[2.399s] [01m[K/usr/include/c++/11/utility:267:5:[m[K [01;36m[Knote: [m[Kcandidate: ‘[01m[Ktemplate<class _Tp, class _Up> constexpr _Tp& std::get(std::pair<_Up, _Tp>&)[m[K’
[2.399s]   267 |     [01;36m[Kget[m[K(pair<_Up, _Tp>& __p) noexcept
[2.399s]       |     [01;36m[K^~~[m[K
[2.399s] [01m[K/usr/include/c++/11/utility:267:5:[m[K [01;36m[Knote: [m[K  template argument deduction/substitution failed:
[2.399s] [01m[K/home/syafihidayat/Documents/robot_smoothing/src/robot_waypoint_pkg/src/robot_waypoint.cpp:98:52:[m[K [01;31m[Kerror: [m[Ktype/value mismatch at argument 1 in template parameter list for ‘[01m[Ktemplate<class _Tp, class _Up> constexpr _Tp& std::get(std::pair<_Up, _Tp>&)[m[K’
[2.399s]    98 |     speed_msg.data = static_cast<float>([01;31m[Kstd::get<3>(waypoint[current_waypoint_index])[m[K);
[2.399s]       |                                         [01;31m[K~~~~~~~~~~~^~~~~~~~~~~~~~~~~~~~~~~~~~~~~~~~~~[m[K
[2.399s] [01m[K/home/syafihidayat/Documents/robot_smoothing/src/robot_waypoint_pkg/src/robot_waypoint.cpp:98:52:[m[K [01;36m[Knote: [m[K  expected a type, got ‘[01m[K3[m[K’
[2.399s] In file included from [01m[K/usr/include/c++/11/bits/unique_ptr.h:36[m[K,
[2.399s]                  from [01m[K/usr/include/c++/11/memory:76[m[K,
[2.399s]                  from [01m[K/opt/ros/humble/include/rclcpp/rclcpp/rclcpp.hpp:153[m[K,
[2.400s]                  from [01m[K/home/syafihidayat/Documents/robot_smoothing/src/robot_waypoint_pkg/src/robot_waypoint.cpp:2[m[K:
[2.400s] [01m[K/usr/include/c++/11/utility:272:5:[m[K [01;36m[Knote: [m[Kcandidate: ‘[01m[Ktemplate<class _Tp, class _Up> constexpr const _Tp& std::get(const std::pair<_Up, _Tp>&)[m[K’
[2.400s]   272 |     [01;36m[Kget[m[K(const pair<_Up, _Tp>& __p) noexcept
[2.400s]       |     [01;36m[K^~~[m[K
[2.400s] [01m[K/usr/include/c++/11/utility:272:5:[m[K [01;36m[Knote: [m[K  template argument deduction/substitution failed:
[2.400s] [01m[K/home/syafihidayat/Documents/robot_smoothing/src/robot_waypoint_pkg/src/robot_waypoint.cpp:98:52:[m[K [01;31m[Kerror: [m[Ktype/value mismatch at argument 1 in template parameter list for ‘[01m[Ktemplate<class _Tp, class _Up> constexpr const _Tp& std::get(const std::pair<_Up, _Tp>&)[m[K’
[2.400s]    98 |     speed_msg.data = static_cast<float>([01;31m[Kstd::get<3>(waypoint[current_waypoint_index])[m[K);
[2.400s]       |                                         [01;31m[K~~~~~~~~~~~^~~~~~~~~~~~~~~~~~~~~~~~~~~~~~~~~~[m[K
[2.400s] [01m[K/home/syafihidayat/Documents/robot_smoothing/src/robot_waypoint_pkg/src/robot_waypoint.cpp:98:52:[m[K [01;36m[Knote: [m[K  expected a type, got ‘[01m[K3[m[K’
[2.400s] In file included from [01m[K/usr/include/c++/11/bits/unique_ptr.h:36[m[K,
[2.400s]                  from [01m[K/usr/include/c++/11/memory:76[m[K,
[2.400s]                  from [01m[K/opt/ros/humble/include/rclcpp/rclcpp/rclcpp.hpp:153[m[K,
[2.400s]                  from [01m[K/home/syafihidayat/Documents/robot_smoothing/src/robot_waypoint_pkg/src/robot_waypoint.cpp:2[m[K:
[2.401s] [01m[K/usr/include/c++/11/utility:277:5:[m[K [01;36m[Knote: [m[Kcandidate: ‘[01m[Ktemplate<class _Tp, class _Up> constexpr _Tp&& std::get(std::pair<_Up, _Tp>&&)[m[K’
[2.401s]   277 |     [01;36m[Kget[m[K(pair<_Up, _Tp>&& __p) noexcept
[2.401s]       |     [01;36m[K^~~[m[K
[2.401s] [01m[K/usr/include/c++/11/utility:277:5:[m[K [01;36m[Knote: [m[K  template argument deduction/substitution failed:
[2.401s] [01m[K/home/syafihidayat/Documents/robot_smoothing/src/robot_waypoint_pkg/src/robot_waypoint.cpp:98:52:[m[K [01;31m[Kerror: [m[Ktype/value mismatch at argument 1 in template parameter list for ‘[01m[Ktemplate<class _Tp, class _Up> constexpr _Tp&& std::get(std::pair<_Up, _Tp>&&)[m[K’
[2.401s]    98 |     speed_msg.data = static_cast<float>([01;31m[Kstd::get<3>(waypoint[current_waypoint_index])[m[K);
[2.401s]       |                                         [01;31m[K~~~~~~~~~~~^~~~~~~~~~~~~~~~~~~~~~~~~~~~~~~~~~[m[K
[2.401s] [01m[K/home/syafihidayat/Documents/robot_smoothing/src/robot_waypoint_pkg/src/robot_waypoint.cpp:98:52:[m[K [01;36m[Knote: [m[K  expected a type, got ‘[01m[K3[m[K’
[2.401s] In file included from [01m[K/usr/include/c++/11/bits/unique_ptr.h:36[m[K,
[2.401s]                  from [01m[K/usr/include/c++/11/memory:76[m[K,
[2.401s]                  from [01m[K/opt/ros/humble/include/rclcpp/rclcpp/rclcpp.hpp:153[m[K,
[2.401s]                  from [01m[K/home/syafihidayat/Documents/robot_smoothing/src/robot_waypoint_pkg/src/robot_waypoint.cpp:2[m[K:
[2.402s] [01m[K/usr/include/c++/11/utility:282:5:[m[K [01;36m[Knote: [m[Kcandidate: ‘[01m[Ktemplate<class _Tp, class _Up> constexpr const _Tp&& std::get(const std::pair<_Up, _Tp>&&)[m[K’
[2.402s]   282 |     [01;36m[Kget[m[K(const pair<_Up, _Tp>&& __p) noexcept
[2.402s]       |     [01;36m[K^~~[m[K
[2.402s] [01m[K/usr/include/c++/11/utility:282:5:[m[K [01;36m[Knote: [m[K  template argument deduction/substitution failed:
[2.402s] [01m[K/home/syafihidayat/Documents/robot_smoothing/src/robot_waypoint_pkg/src/robot_waypoint.cpp:98:52:[m[K [01;31m[Kerror: [m[Ktype/value mismatch at argument 1 in template parameter list for ‘[01m[Ktemplate<class _Tp, class _Up> constexpr const _Tp&& std::get(const std::pair<_Up, _Tp>&&)[m[K’
[2.402s]    98 |     speed_msg.data = static_cast<float>([01;31m[Kstd::get<3>(waypoint[current_waypoint_index])[m[K);
[2.402s]       |                                         [01;31m[K~~~~~~~~~~~^~~~~~~~~~~~~~~~~~~~~~~~~~~~~~~~~~[m[K
[2.402s] [01m[K/home/syafihidayat/Documents/robot_smoothing/src/robot_waypoint_pkg/src/robot_waypoint.cpp:98:52:[m[K [01;36m[Knote: [m[K  expected a type, got ‘[01m[K3[m[K’
[2.402s] In file included from [01m[K/usr/include/c++/11/tuple:39[m[K,
[2.402s]                  from [01m[K/usr/include/c++/11/bits/unique_ptr.h:37[m[K,
[2.402s]                  from [01m[K/usr/include/c++/11/memory:76[m[K,
[2.402s]                  from [01m[K/opt/ros/humble/include/rclcpp/rclcpp/rclcpp.hpp:153[m[K,
[2.402s]                  from [01m[K/home/syafihidayat/Documents/robot_smoothing/src/robot_waypoint_pkg/src/robot_waypoint.cpp:2[m[K:
[2.403s] [01m[K/usr/include/c++/11/array:361:5:[m[K [01;36m[Knote: [m[Kcandidate: ‘[01m[Ktemplate<long unsigned int _Int, class _Tp, long unsigned int _Nm> constexpr _Tp& std::get(std::array<_Tp, _Nm>&)[m[K’
[2.403s]   361 |     [01;36m[Kget[m[K(array<_Tp, _Nm>& __arr) noexcept
[2.403s]       |     [01;36m[K^~~[m[K
[2.403s] [01m[K/usr/include/c++/11/array:361:5:[m[K [01;36m[Knote: [m[K  template argument deduction/substitution failed:
[2.403s] [01m[K/home/syafihidayat/Documents/robot_smoothing/src/robot_waypoint_pkg/src/robot_waypoint.cpp:98:52:[m[K [01;36m[Knote: [m[K  ‘[01m[K__gnu_cxx::__alloc_traits<std::allocator<std::tuple<double, double, double> >, std::tuple<double, double, double> >::value_type[m[K’ {aka ‘[01m[Kstd::tuple<double, double, double>[m[K’} is not derived from ‘[01m[Kstd::array<_Tp, _Nm>[m[K’
[2.403s]    98 |     speed_msg.data = static_cast<float>([01;36m[Kstd::get<3>(waypoint[current_waypoint_index])[m[K);
[2.403s]       |                                         [01;36m[K~~~~~~~~~~~^~~~~~~~~~~~~~~~~~~~~~~~~~~~~~~~~~[m[K
[2.403s] In file included from [01m[K/usr/include/c++/11/tuple:39[m[K,
[2.403s]                  from [01m[K/usr/include/c++/11/bits/unique_ptr.h:37[m[K,
[2.403s]                  from [01m[K/usr/include/c++/11/memory:76[m[K,
[2.403s]                  from [01m[K/opt/ros/humble/include/rclcpp/rclcpp/rclcpp.hpp:153[m[K,
[2.403s]                  from [01m[K/home/syafihidayat/Documents/robot_smoothing/src/robot_waypoint_pkg/src/robot_waypoint.cpp:2[m[K:
[2.404s] [01m[K/usr/include/c++/11/array:369:5:[m[K [01;36m[Knote: [m[Kcandidate: ‘[01m[Ktemplate<long unsigned int _Int, class _Tp, long unsigned int _Nm> constexpr _Tp&& std::get(std::array<_Tp, _Nm>&&)[m[K’
[2.404s]   369 |     [01;36m[Kget[m[K(array<_Tp, _Nm>&& __arr) noexcept
[2.404s]       |     [01;36m[K^~~[m[K
[2.404s] [01m[K/usr/include/c++/11/array:369:5:[m[K [01;36m[Knote: [m[K  template argument deduction/substitution failed:
[2.404s] [01m[K/home/syafihidayat/Documents/robot_smoothing/src/robot_waypoint_pkg/src/robot_waypoint.cpp:98:52:[m[K [01;36m[Knote: [m[K  ‘[01m[K__gnu_cxx::__alloc_traits<std::allocator<std::tuple<double, double, double> >, std::tuple<double, double, double> >::value_type[m[K’ {aka ‘[01m[Kstd::tuple<double, double, double>[m[K’} is not derived from ‘[01m[Kstd::array<_Tp, _Nm>[m[K’
[2.404s]    98 |     speed_msg.data = static_cast<float>([01;36m[Kstd::get<3>(waypoint[current_waypoint_index])[m[K);
[2.404s]       |                                         [01;36m[K~~~~~~~~~~~^~~~~~~~~~~~~~~~~~~~~~~~~~~~~~~~~~[m[K
[2.405s] In file included from [01m[K/usr/include/c++/11/tuple:39[m[K,
[2.405s]                  from [01m[K/usr/include/c++/11/bits/unique_ptr.h:37[m[K,
[2.405s]                  from [01m[K/usr/include/c++/11/memory:76[m[K,
[2.405s]                  from [01m[K/opt/ros/humble/include/rclcpp/rclcpp/rclcpp.hpp:153[m[K,
[2.405s]                  from [01m[K/home/syafihidayat/Documents/robot_smoothing/src/robot_waypoint_pkg/src/robot_waypoint.cpp:2[m[K:
[2.405s] [01m[K/usr/include/c++/11/array:377:5:[m[K [01;36m[Knote: [m[Kcandidate: ‘[01m[Ktemplate<long unsigned int _Int, class _Tp, long unsigned int _Nm> constexpr const _Tp& std::get(const std::array<_Tp, _Nm>&)[m[K’
[2.405s]   377 |     [01;36m[Kget[m[K(const array<_Tp, _Nm>& __arr) noexcept
[2.406s]       |     [01;36m[K^~~[m[K
[2.406s] [01m[K/usr/include/c++/11/array:377:5:[m[K [01;36m[Knote: [m[K  template argument deduction/substitution failed:
[2.406s] [01m[K/home/syafihidayat/Documents/robot_smoothing/src/robot_waypoint_pkg/src/robot_waypoint.cpp:98:52:[m[K [01;36m[Knote: [m[K  ‘[01m[K__gnu_cxx::__alloc_traits<std::allocator<std::tuple<double, double, double> >, std::tuple<double, double, double> >::value_type[m[K’ {aka ‘[01m[Kstd::tuple<double, double, double>[m[K’} is not derived from ‘[01m[Kconst std::array<_Tp, _Nm>[m[K’
[2.406s]    98 |     speed_msg.data = static_cast<float>([01;36m[Kstd::get<3>(waypoint[current_waypoint_index])[m[K);
[2.406s]       |                                         [01;36m[K~~~~~~~~~~~^~~~~~~~~~~~~~~~~~~~~~~~~~~~~~~~~~[m[K
[2.406s] In file included from [01m[K/usr/include/c++/11/tuple:39[m[K,
[2.406s]                  from [01m[K/usr/include/c++/11/bits/unique_ptr.h:37[m[K,
[2.406s]                  from [01m[K/usr/include/c++/11/memory:76[m[K,
[2.406s]                  from [01m[K/opt/ros/humble/include/rclcpp/rclcpp/rclcpp.hpp:153[m[K,
[2.406s]                  from [01m[K/home/syafihidayat/Documents/robot_smoothing/src/robot_waypoint_pkg/src/robot_waypoint.cpp:2[m[K:
[2.406s] [01m[K/usr/include/c++/11/array:385:5:[m[K [01;36m[Knote: [m[Kcandidate: ‘[01m[Ktemplate<long unsigned int _Int, class _Tp, long unsigned int _Nm> constexpr const _Tp&& std::get(const std::array<_Tp, _Nm>&&)[m[K’
[2.406s]   385 |     [01;36m[Kget[m[K(const array<_Tp, _Nm>&& __arr) noexcept
[2.406s]       |     [01;36m[K^~~[m[K
[2.406s] [01m[K/usr/include/c++/11/array:385:5:[m[K [01;36m[Knote: [m[K  template argument deduction/substitution failed:
[2.406s] [01m[K/home/syafihidayat/Documents/robot_smoothing/src/robot_waypoint_pkg/src/robot_waypoint.cpp:98:52:[m[K [01;36m[Knote: [m[K  ‘[01m[K__gnu_cxx::__alloc_traits<std::allocator<std::tuple<double, double, double> >, std::tuple<double, double, double> >::value_type[m[K’ {aka ‘[01m[Kstd::tuple<double, double, double>[m[K’} is not derived from ‘[01m[Kconst std::array<_Tp, _Nm>[m[K’
[2.406s]    98 |     speed_msg.data = static_cast<float>([01;36m[Kstd::get<3>(waypoint[current_waypoint_index])[m[K);
[2.407s]       |                                         [01;36m[K~~~~~~~~~~~^~~~~~~~~~~~~~~~~~~~~~~~~~~~~~~~~~[m[K
[2.407s] In file included from [01m[K/usr/include/c++/11/bits/unique_ptr.h:37[m[K,
[2.407s]                  from [01m[K/usr/include/c++/11/memory:76[m[K,
[2.407s]                  from [01m[K/opt/ros/humble/include/rclcpp/rclcpp/rclcpp.hpp:153[m[K,
[2.407s]                  from [01m[K/home/syafihidayat/Documents/robot_smoothing/src/robot_waypoint_pkg/src/robot_waypoint.cpp:2[m[K:
[2.407s] [01m[K/usr/include/c++/11/tuple:1393:5:[m[K [01;36m[Knote: [m[Kcandidate: ‘[01m[Ktemplate<long unsigned int __i, class ... _Elements> constexpr std::__tuple_element_t<__i, std::tuple<_UTypes ...> >& std::get(std::tuple<_UTypes ...>&)[m[K’
[2.407s]  1393 |     [01;36m[Kget[m[K(tuple<_Elements...>& __t) noexcept
[2.407s]       |     [01;36m[K^~~[m[K
[2.407s] [01m[K/usr/include/c++/11/tuple:1393:5:[m[K [01;36m[Knote: [m[K  template argument deduction/substitution failed:
[2.407s] In file included from [01m[K/usr/include/c++/11/bits/unique_ptr.h:36[m[K,
[2.407s]                  from [01m[K/usr/include/c++/11/memory:76[m[K,
[2.407s]                  from [01m[K/opt/ros/humble/include/rclcpp/rclcpp/rclcpp.hpp:153[m[K,
[2.407s]                  from [01m[K/home/syafihidayat/Documents/robot_smoothing/src/robot_waypoint_pkg/src/robot_waypoint.cpp:2[m[K:
[2.407s] /usr/include/c++/11/utility: In substitution of ‘[01m[Ktemplate<long unsigned int __i, class _Tp> using __tuple_element_t = typename std::tuple_element::type [with long unsigned int __i = 3; _Tp = std::tuple<double, double, double>][m[K’:
[2.407s] [01m[K/usr/include/c++/11/tuple:1393:5:[m[K   required by substitution of ‘[01m[Ktemplate<long unsigned int __i, class ... _Elements> constexpr std::__tuple_element_t<__i, std::tuple<_UTypes ...> >& std::get(std::tuple<_UTypes ...>&) [with long unsigned int __i = 3; _Elements = {double, double, double}][m[K’
[2.407s] [01m[K/home/syafihidayat/Documents/robot_smoothing/src/robot_waypoint_pkg/src/robot_waypoint.cpp:98:52:[m[K   required from here
[2.407s] [01m[K/usr/include/c++/11/utility:118:11:[m[K [01;31m[Kerror: [m[Kno type named ‘[01m[Ktype[m[K’ in ‘[01m[Kstruct std::tuple_element<3, std::tuple<double, double, double> >[m[K’
[2.408s]   118 |     using [01;31m[K__tuple_element_t[m[K = typename tuple_element<__i, _Tp>::type;
[2.408s]       |           [01;31m[K^~~~~~~~~~~~~~~~~[m[K
[2.408s] In file included from [01m[K/usr/include/c++/11/bits/unique_ptr.h:37[m[K,
[2.408s]                  from [01m[K/usr/include/c++/11/memory:76[m[K,
[2.408s]                  from [01m[K/opt/ros/humble/include/rclcpp/rclcpp/rclcpp.hpp:153[m[K,
[2.408s]                  from [01m[K/home/syafihidayat/Documents/robot_smoothing/src/robot_waypoint_pkg/src/robot_waypoint.cpp:2[m[K:
[2.408s] [01m[K/usr/include/c++/11/tuple:1399:5:[m[K [01;36m[Knote: [m[Kcandidate: ‘[01m[Ktemplate<long unsigned int __i, class ... _Elements> constexpr std::__tuple_element_t<__i, std::tuple<_UTypes ...> >& std::get(const std::tuple<_UTypes ...>&)[m[K’
[2.408s]  1399 |     [01;36m[Kget[m[K(const tuple<_Elements...>& __t) noexcept
[2.408s]       |     [01;36m[K^~~[m[K
[2.408s] [01m[K/usr/include/c++/11/tuple:1399:5:[m[K [01;36m[Knote: [m[K  template argument deduction/substitution failed:
[2.408s] [01m[K/usr/include/c++/11/tuple:1405:5:[m[K [01;36m[Knote: [m[Kcandidate: ‘[01m[Ktemplate<long unsigned int __i, class ... _Elements> constexpr std::__tuple_element_t<__i, std::tuple<_UTypes ...> >&& std::get(std::tuple<_UTypes ...>&&)[m[K’
[2.408s]  1405 |     [01;36m[Kget[m[K(tuple<_Elements...>&& __t) noexcept
[2.408s]       |     [01;36m[K^~~[m[K
[2.408s] [01m[K/usr/include/c++/11/tuple:1405:5:[m[K [01;36m[Knote: [m[K  template argument deduction/substitution failed:
[2.408s] [01m[K/usr/include/c++/11/tuple:1414:5:[m[K [01;36m[Knote: [m[Kcandidate: ‘[01m[Ktemplate<long unsigned int __i, class ... _Elements> constexpr std::__tuple_element_t<__i, std::tuple<_UTypes ...> >&& std::get(const std::tuple<_UTypes ...>&&)[m[K’
[2.408s]  1414 |     [01;36m[Kget[m[K(const tuple<_Elements...>&& __t) noexcept
[2.408s]       |     [01;36m[K^~~[m[K
[2.408s] [01m[K/usr/include/c++/11/tuple:1414:5:[m[K [01;36m[Knote: [m[K  substitution of deduced template arguments resulted in errors seen above
[2.409s] [01m[K/usr/include/c++/11/tuple:1449:5:[m[K [01;36m[Knote: [m[Kcandidate: ‘[01m[Ktemplate<class _Tp, class ... _Types> constexpr _Tp& std::get(std::tuple<_UTypes ...>&)[m[K’
[2.409s]  1449 |     [01;36m[Kget[m[K(tuple<_Types...>& __t) noexcept
[2.409s]       |     [01;36m[K^~~[m[K
[2.409s] [01m[K/usr/include/c++/11/tuple:1449:5:[m[K [01;36m[Knote: [m[K  template argument deduction/substitution failed:
[2.409s] [01m[K/home/syafihidayat/Documents/robot_smoothing/src/robot_waypoint_pkg/src/robot_waypoint.cpp:98:52:[m[K [01;31m[Kerror: [m[Ktype/value mismatch at argument 1 in template parameter list for ‘[01m[Ktemplate<class _Tp, class ... _Types> constexpr _Tp& std::get(std::tuple<_UTypes ...>&)[m[K’
[2.409s]    98 |     speed_msg.data = static_cast<float>([01;31m[Kstd::get<3>(waypoint[current_waypoint_index])[m[K);
[2.409s]       |                                         [01;31m[K~~~~~~~~~~~^~~~~~~~~~~~~~~~~~~~~~~~~~~~~~~~~~[m[K
[2.409s] [01m[K/home/syafihidayat/Documents/robot_smoothing/src/robot_waypoint_pkg/src/robot_waypoint.cpp:98:52:[m[K [01;36m[Knote: [m[K  expected a type, got ‘[01m[K3[m[K’
[2.409s] In file included from [01m[K/usr/include/c++/11/bits/unique_ptr.h:37[m[K,
[2.409s]                  from [01m[K/usr/include/c++/11/memory:76[m[K,
[2.409s]                  from [01m[K/opt/ros/humble/include/rclcpp/rclcpp/rclcpp.hpp:153[m[K,
[2.409s]                  from [01m[K/home/syafihidayat/Documents/robot_smoothing/src/robot_waypoint_pkg/src/robot_waypoint.cpp:2[m[K:
[2.409s] [01m[K/usr/include/c++/11/tuple:1460:5:[m[K [01;36m[Knote: [m[Kcandidate: ‘[01m[Ktemplate<class _Tp, class ... _Types> constexpr _Tp&& std::get(std::tuple<_UTypes ...>&&)[m[K’
[2.409s]  1460 |     [01;36m[Kget[m[K(tuple<_Types...>&& __t) noexcept
[2.409s]       |     [01;36m[K^~~[m[K
[2.409s] [01m[K/usr/include/c++/11/tuple:1460:5:[m[K [01;36m[Knote: [m[K  template argument deduction/substitution failed:
[2.410s] [01m[K/home/syafihidayat/Documents/robot_smoothing/src/robot_waypoint_pkg/src/robot_waypoint.cpp:98:52:[m[K [01;31m[Kerror: [m[Ktype/value mismatch at argument 1 in template parameter list for ‘[01m[Ktemplate<class _Tp, class ... _Types> constexpr _Tp&& std::get(std::tuple<_UTypes ...>&&)[m[K’
[2.410s]    98 |     speed_msg.data = static_cast<float>([01;31m[Kstd::get<3>(waypoint[current_waypoint_index])[m[K);
[2.410s]       |                                         [01;31m[K~~~~~~~~~~~^~~~~~~~~~~~~~~~~~~~~~~~~~~~~~~~~~[m[K
[2.410s] [01m[K/home/syafihidayat/Documents/robot_smoothing/src/robot_waypoint_pkg/src/robot_waypoint.cpp:98:52:[m[K [01;36m[Knote: [m[K  expected a type, got ‘[01m[K3[m[K’
[2.410s] In file included from [01m[K/usr/include/c++/11/bits/unique_ptr.h:37[m[K,
[2.410s]                  from [01m[K/usr/include/c++/11/memory:76[m[K,
[2.410s]                  from [01m[K/opt/ros/humble/include/rclcpp/rclcpp/rclcpp.hpp:153[m[K,
[2.410s]                  from [01m[K/home/syafihidayat/Documents/robot_smoothing/src/robot_waypoint_pkg/src/robot_waypoint.cpp:2[m[K:
[2.410s] [01m[K/usr/include/c++/11/tuple:1471:5:[m[K [01;36m[Knote: [m[Kcandidate: ‘[01m[Ktemplate<class _Tp, class ... _Types> constexpr const _Tp& std::get(const std::tuple<_UTypes ...>&)[m[K’
[2.410s]  1471 |     [01;36m[Kget[m[K(const tuple<_Types...>& __t) noexcept
[2.410s]       |     [01;36m[K^~~[m[K
[2.410s] [01m[K/usr/include/c++/11/tuple:1471:5:[m[K [01;36m[Knote: [m[K  template argument deduction/substitution failed:
[2.410s] [01m[K/home/syafihidayat/Documents/robot_smoothing/src/robot_waypoint_pkg/src/robot_waypoint.cpp:98:52:[m[K [01;31m[Kerror: [m[Ktype/value mismatch at argument 1 in template parameter list for ‘[01m[Ktemplate<class _Tp, class ... _Types> constexpr const _Tp& std::get(const std::tuple<_UTypes ...>&)[m[K’
[2.410s]    98 |     speed_msg.data = static_cast<float>([01;31m[Kstd::get<3>(waypoint[current_waypoint_index])[m[K);
[2.410s]       |                                         [01;31m[K~~~~~~~~~~~^~~~~~~~~~~~~~~~~~~~~~~~~~~~~~~~~~[m[K
[2.410s] [01m[K/home/syafihidayat/Documents/robot_smoothing/src/robot_waypoint_pkg/src/robot_waypoint.cpp:98:52:[m[K [01;36m[Knote: [m[K  expected a type, got ‘[01m[K3[m[K’
[2.410s] In file included from [01m[K/usr/include/c++/11/bits/unique_ptr.h:37[m[K,
[2.411s]                  from [01m[K/usr/include/c++/11/memory:76[m[K,
[2.411s]                  from [01m[K/opt/ros/humble/include/rclcpp/rclcpp/rclcpp.hpp:153[m[K,
[2.411s]                  from [01m[K/home/syafihidayat/Documents/robot_smoothing/src/robot_waypoint_pkg/src/robot_waypoint.cpp:2[m[K:
[2.411s] [01m[K/usr/include/c++/11/tuple:1483:5:[m[K [01;36m[Knote: [m[Kcandidate: ‘[01m[Ktemplate<class _Tp, class ... _Types> constexpr const _Tp&& std::get(const std::tuple<_UTypes ...>&&)[m[K’
[2.411s]  1483 |     [01;36m[Kget[m[K(const tuple<_Types...>&& __t) noexcept
[2.411s]       |     [01;36m[K^~~[m[K
[2.411s] [01m[K/usr/include/c++/11/tuple:1483:5:[m[K [01;36m[Knote: [m[K  template argument deduction/substitution failed:
[2.411s] [01m[K/home/syafihidayat/Documents/robot_smoothing/src/robot_waypoint_pkg/src/robot_waypoint.cpp:98:52:[m[K [01;31m[Kerror: [m[Ktype/value mismatch at argument 1 in template parameter list for ‘[01m[Ktemplate<class _Tp, class ... _Types> constexpr const _Tp&& std::get(const std::tuple<_UTypes ...>&&)[m[K’
[2.411s]    98 |     speed_msg.data = static_cast<float>([01;31m[Kstd::get<3>(waypoint[current_waypoint_index])[m[K);
[2.411s]       |                                         [01;31m[K~~~~~~~~~~~^~~~~~~~~~~~~~~~~~~~~~~~~~~~~~~~~~[m[K
[2.411s] [01m[K/home/syafihidayat/Documents/robot_smoothing/src/robot_waypoint_pkg/src/robot_waypoint.cpp:98:52:[m[K [01;36m[Knote: [m[K  expected a type, got ‘[01m[K3[m[K’
[2.411s] In file included from [01m[K/opt/ros/humble/include/rclcpp/rclcpp/client.hpp:28[m[K,
[2.411s]                  from [01m[K/opt/ros/humble/include/rclcpp/rclcpp/callback_group.hpp:24[m[K,
[2.411s]                  from [01m[K/opt/ros/humble/include/rclcpp/rclcpp/any_executable.hpp:20[m[K,
[2.411s]                  from [01m[K/opt/ros/humble/include/rclcpp/rclcpp/memory_strategy.hpp:25[m[K,
[2.411s]                  from [01m[K/opt/ros/humble/include/rclcpp/rclcpp/memory_strategies.hpp:18[m[K,
[2.411s]                  from [01m[K/opt/ros/humble/include/rclcpp/rclcpp/executor_options.hpp:20[m[K,
[2.411s]                  from [01m[K/opt/ros/humble/include/rclcpp/rclcpp/executor.hpp:37[m[K,
[2.412s]                  from [01m[K/opt/ros/humble/include/rclcpp/rclcpp/executors/multi_threaded_executor.hpp:25[m[K,
[2.412s]                  from [01m[K/opt/ros/humble/include/rclcpp/rclcpp/executors.hpp:21[m[K,
[2.412s]                  from [01m[K/opt/ros/humble/include/rclcpp/rclcpp/rclcpp.hpp:155[m[K,
[2.412s]                  from [01m[K/home/syafihidayat/Documents/robot_smoothing/src/robot_waypoint_pkg/src/robot_waypoint.cpp:2[m[K:
[2.412s] [01m[K/usr/include/c++/11/variant:1676:5:[m[K [01;36m[Knote: [m[Kcandidate: ‘[01m[Ktemplate<long unsigned int _Np, class ... _Types> constexpr std::variant_alternative_t<_Np, std::variant<_Types ...> >& std::get(std::variant<_Types ...>&)[m[K’
[2.412s]  1676 |     [01;36m[Kget[m[K(variant<_Types...>& __v)
[2.412s]       |     [01;36m[K^~~[m[K
[2.412s] [01m[K/usr/include/c++/11/variant:1676:5:[m[K [01;36m[Knote: [m[K  template argument deduction/substitution failed:
[2.412s] [01m[K/home/syafihidayat/Documents/robot_smoothing/src/robot_waypoint_pkg/src/robot_waypoint.cpp:98:52:[m[K [01;36m[Knote: [m[K  ‘[01m[K__gnu_cxx::__alloc_traits<std::allocator<std::tuple<double, double, double> >, std::tuple<double, double, double> >::value_type[m[K’ {aka ‘[01m[Kstd::tuple<double, double, double>[m[K’} is not derived from ‘[01m[Kstd::variant<_Types ...>[m[K’
[2.412s]    98 |     speed_msg.data = static_cast<float>([01;36m[Kstd::get<3>(waypoint[current_waypoint_index])[m[K);
[2.412s]       |                                         [01;36m[K~~~~~~~~~~~^~~~~~~~~~~~~~~~~~~~~~~~~~~~~~~~~~[m[K
[2.412s] In file included from [01m[K/opt/ros/humble/include/rclcpp/rclcpp/client.hpp:28[m[K,
[2.412s]                  from [01m[K/opt/ros/humble/include/rclcpp/rclcpp/callback_group.hpp:24[m[K,
[2.412s]                  from [01m[K/opt/ros/humble/include/rclcpp/rclcpp/any_executable.hpp:20[m[K,
[2.412s]                  from [01m[K/opt/ros/humble/include/rclcpp/rclcpp/memory_strategy.hpp:25[m[K,
[2.412s]                  from [01m[K/opt/ros/humble/include/rclcpp/rclcpp/memory_strategies.hpp:18[m[K,
[2.412s]                  from [01m[K/opt/ros/humble/include/rclcpp/rclcpp/executor_options.hpp:20[m[K,
[2.413s]                  from [01m[K/opt/ros/humble/include/rclcpp/rclcpp/executor.hpp:37[m[K,
[2.413s]                  from [01m[K/opt/ros/humble/include/rclcpp/rclcpp/executors/multi_threaded_executor.hpp:25[m[K,
[2.413s]                  from [01m[K/opt/ros/humble/include/rclcpp/rclcpp/executors.hpp:21[m[K,
[2.413s]                  from [01m[K/opt/ros/humble/include/rclcpp/rclcpp/rclcpp.hpp:155[m[K,
[2.413s]                  from [01m[K/home/syafihidayat/Documents/robot_smoothing/src/robot_waypoint_pkg/src/robot_waypoint.cpp:2[m[K:
[2.413s] [01m[K/usr/include/c++/11/variant:1687:5:[m[K [01;36m[Knote: [m[Kcandidate: ‘[01m[Ktemplate<long unsigned int _Np, class ... _Types> constexpr std::variant_alternative_t<_Np, std::variant<_Types ...> >&& std::get(std::variant<_Types ...>&&)[m[K’
[2.413s]  1687 |     [01;36m[Kget[m[K(variant<_Types...>&& __v)
[2.413s]       |     [01;36m[K^~~[m[K
[2.413s] [01m[K/usr/include/c++/11/variant:1687:5:[m[K [01;36m[Knote: [m[K  template argument deduction/substitution failed:
[2.413s] [01m[K/home/syafihidayat/Documents/robot_smoothing/src/robot_waypoint_pkg/src/robot_waypoint.cpp:98:52:[m[K [01;36m[Knote: [m[K  ‘[01m[K__gnu_cxx::__alloc_traits<std::allocator<std::tuple<double, double, double> >, std::tuple<double, double, double> >::value_type[m[K’ {aka ‘[01m[Kstd::tuple<double, double, double>[m[K’} is not derived from ‘[01m[Kstd::variant<_Types ...>[m[K’
[2.413s]    98 |     speed_msg.data = static_cast<float>([01;36m[Kstd::get<3>(waypoint[current_waypoint_index])[m[K);
[2.413s]       |                                         [01;36m[K~~~~~~~~~~~^~~~~~~~~~~~~~~~~~~~~~~~~~~~~~~~~~[m[K
[2.413s] In file included from [01m[K/opt/ros/humble/include/rclcpp/rclcpp/client.hpp:28[m[K,
[2.413s]                  from [01m[K/opt/ros/humble/include/rclcpp/rclcpp/callback_group.hpp:24[m[K,
[2.413s]                  from [01m[K/opt/ros/humble/include/rclcpp/rclcpp/any_executable.hpp:20[m[K,
[2.413s]                  from [01m[K/opt/ros/humble/include/rclcpp/rclcpp/memory_strategy.hpp:25[m[K,
[2.413s]                  from [01m[K/opt/ros/humble/include/rclcpp/rclcpp/memory_strategies.hpp:18[m[K,
[2.414s]                  from [01m[K/opt/ros/humble/include/rclcpp/rclcpp/executor_options.hpp:20[m[K,
[2.414s]                  from [01m[K/opt/ros/humble/include/rclcpp/rclcpp/executor.hpp:37[m[K,
[2.414s]                  from [01m[K/opt/ros/humble/include/rclcpp/rclcpp/executors/multi_threaded_executor.hpp:25[m[K,
[2.414s]                  from [01m[K/opt/ros/humble/include/rclcpp/rclcpp/executors.hpp:21[m[K,
[2.414s]                  from [01m[K/opt/ros/humble/include/rclcpp/rclcpp/rclcpp.hpp:155[m[K,
[2.414s]                  from [01m[K/home/syafihidayat/Documents/robot_smoothing/src/robot_waypoint_pkg/src/robot_waypoint.cpp:2[m[K:
[2.414s] [01m[K/usr/include/c++/11/variant:1698:5:[m[K [01;36m[Knote: [m[Kcandidate: ‘[01m[Ktemplate<long unsigned int _Np, class ... _Types> constexpr std::variant_alternative_t<_Np, std::variant<_Types ...> >& std::get(const std::variant<_Types ...>&)[m[K’
[2.414s]  1698 |     [01;36m[Kget[m[K(const variant<_Types...>& __v)
[2.414s]       |     [01;36m[K^~~[m[K
[2.414s] [01m[K/usr/include/c++/11/variant:1698:5:[m[K [01;36m[Knote: [m[K  template argument deduction/substitution failed:
[2.414s] [01m[K/home/syafihidayat/Documents/robot_smoothing/src/robot_waypoint_pkg/src/robot_waypoint.cpp:98:52:[m[K [01;36m[Knote: [m[K  ‘[01m[K__gnu_cxx::__alloc_traits<std::allocator<std::tuple<double, double, double> >, std::tuple<double, double, double> >::value_type[m[K’ {aka ‘[01m[Kstd::tuple<double, double, double>[m[K’} is not derived from ‘[01m[Kconst std::variant<_Types ...>[m[K’
[2.414s]    98 |     speed_msg.data = static_cast<float>([01;36m[Kstd::get<3>(waypoint[current_waypoint_index])[m[K);
[2.414s]       |                                         [01;36m[K~~~~~~~~~~~^~~~~~~~~~~~~~~~~~~~~~~~~~~~~~~~~~[m[K
[2.414s] In file included from [01m[K/opt/ros/humble/include/rclcpp/rclcpp/client.hpp:28[m[K,
[2.414s]                  from [01m[K/opt/ros/humble/include/rclcpp/rclcpp/callback_group.hpp:24[m[K,
[2.414s]                  from [01m[K/opt/ros/humble/include/rclcpp/rclcpp/any_executable.hpp:20[m[K,
[2.414s]                  from [01m[K/opt/ros/humble/include/rclcpp/rclcpp/memory_strategy.hpp:25[m[K,
[2.414s]                  from [01m[K/opt/ros/humble/include/rclcpp/rclcpp/memory_strategies.hpp:18[m[K,
[2.415s]                  from [01m[K/opt/ros/humble/include/rclcpp/rclcpp/executor_options.hpp:20[m[K,
[2.415s]                  from [01m[K/opt/ros/humble/include/rclcpp/rclcpp/executor.hpp:37[m[K,
[2.415s]                  from [01m[K/opt/ros/humble/include/rclcpp/rclcpp/executors/multi_threaded_executor.hpp:25[m[K,
[2.415s]                  from [01m[K/opt/ros/humble/include/rclcpp/rclcpp/executors.hpp:21[m[K,
[2.415s]                  from [01m[K/opt/ros/humble/include/rclcpp/rclcpp/rclcpp.hpp:155[m[K,
[2.415s]                  from [01m[K/home/syafihidayat/Documents/robot_smoothing/src/robot_waypoint_pkg/src/robot_waypoint.cpp:2[m[K:
[2.415s] [01m[K/usr/include/c++/11/variant:1709:5:[m[K [01;36m[Knote: [m[Kcandidate: ‘[01m[Ktemplate<long unsigned int _Np, class ... _Types> constexpr std::variant_alternative_t<_Np, std::variant<_Types ...> >&& std::get(const std::variant<_Types ...>&&)[m[K’
[2.415s]  1709 |     [01;36m[Kget[m[K(const variant<_Types...>&& __v)
[2.415s]       |     [01;36m[K^~~[m[K
[2.415s] [01m[K/usr/include/c++/11/variant:1709:5:[m[K [01;36m[Knote: [m[K  template argument deduction/substitution failed:
[2.415s] [01m[K/home/syafihidayat/Documents/robot_smoothing/src/robot_waypoint_pkg/src/robot_waypoint.cpp:98:52:[m[K [01;36m[Knote: [m[K  ‘[01m[K__gnu_cxx::__alloc_traits<std::allocator<std::tuple<double, double, double> >, std::tuple<double, double, double> >::value_type[m[K’ {aka ‘[01m[Kstd::tuple<double, double, double>[m[K’} is not derived from ‘[01m[Kconst std::variant<_Types ...>[m[K’
[2.415s]    98 |     speed_msg.data = static_cast<float>([01;36m[Kstd::get<3>(waypoint[current_waypoint_index])[m[K);
[2.415s]       |                                         [01;36m[K~~~~~~~~~~~^~~~~~~~~~~~~~~~~~~~~~~~~~~~~~~~~~[m[K
[2.415s] In file included from [01m[K/opt/ros/humble/include/rclcpp/rclcpp/client.hpp:28[m[K,
[2.415s]                  from [01m[K/opt/ros/humble/include/rclcpp/rclcpp/callback_group.hpp:24[m[K,
[2.415s]                  from [01m[K/opt/ros/humble/include/rclcpp/rclcpp/any_executable.hpp:20[m[K,
[2.415s]                  from [01m[K/opt/ros/humble/include/rclcpp/rclcpp/memory_strategy.hpp:25[m[K,
[2.416s]                  from [01m[K/opt/ros/humble/include/rclcpp/rclcpp/memory_strategies.hpp:18[m[K,
[2.416s]                  from [01m[K/opt/ros/humble/include/rclcpp/rclcpp/executor_options.hpp:20[m[K,
[2.416s]                  from [01m[K/opt/ros/humble/include/rclcpp/rclcpp/executor.hpp:37[m[K,
[2.416s]                  from [01m[K/opt/ros/humble/include/rclcpp/rclcpp/executors/multi_threaded_executor.hpp:25[m[K,
[2.416s]                  from [01m[K/opt/ros/humble/include/rclcpp/rclcpp/executors.hpp:21[m[K,
[2.416s]                  from [01m[K/opt/ros/humble/include/rclcpp/rclcpp/rclcpp.hpp:155[m[K,
[2.416s]                  from [01m[K/home/syafihidayat/Documents/robot_smoothing/src/robot_waypoint_pkg/src/robot_waypoint.cpp:2[m[K:
[2.416s] [01m[K/usr/include/c++/11/variant:1117:20:[m[K [01;36m[Knote: [m[Kcandidate: ‘[01m[Ktemplate<class _Tp, class ... _Types> constexpr _Tp& std::get(std::variant<_Types ...>&)[m[K’
[2.416s]  1117 |     constexpr _Tp& [01;36m[Kget[m[K(variant<_Types...>& __v)
[2.416s]       |                    [01;36m[K^~~[m[K
[2.416s] [01m[K/usr/include/c++/11/variant:1117:20:[m[K [01;36m[Knote: [m[K  template argument deduction/substitution failed:
[2.416s] [01m[K/home/syafihidayat/Documents/robot_smoothing/src/robot_waypoint_pkg/src/robot_waypoint.cpp:98:52:[m[K [01;31m[Kerror: [m[Ktype/value mismatch at argument 1 in template parameter list for ‘[01m[Ktemplate<class _Tp, class ... _Types> constexpr _Tp& std::get(std::variant<_Types ...>&)[m[K’
[2.416s]    98 |     speed_msg.data = static_cast<float>([01;31m[Kstd::get<3>(waypoint[current_waypoint_index])[m[K);
[2.416s]       |                                         [01;31m[K~~~~~~~~~~~^~~~~~~~~~~~~~~~~~~~~~~~~~~~~~~~~~[m[K
[2.416s] [01m[K/home/syafihidayat/Documents/robot_smoothing/src/robot_waypoint_pkg/src/robot_waypoint.cpp:98:52:[m[K [01;36m[Knote: [m[K  expected a type, got ‘[01m[K3[m[K’
[2.416s] In file included from [01m[K/opt/ros/humble/include/rclcpp/rclcpp/client.hpp:28[m[K,
[2.416s]                  from [01m[K/opt/ros/humble/include/rclcpp/rclcpp/callback_group.hpp:24[m[K,
[2.416s]                  from [01m[K/opt/ros/humble/include/rclcpp/rclcpp/any_executable.hpp:20[m[K,
[2.417s]                  from [01m[K/opt/ros/humble/include/rclcpp/rclcpp/memory_strategy.hpp:25[m[K,
[2.417s]                  from [01m[K/opt/ros/humble/include/rclcpp/rclcpp/memory_strategies.hpp:18[m[K,
[2.417s]                  from [01m[K/opt/ros/humble/include/rclcpp/rclcpp/executor_options.hpp:20[m[K,
[2.417s]                  from [01m[K/opt/ros/humble/include/rclcpp/rclcpp/executor.hpp:37[m[K,
[2.417s]                  from [01m[K/opt/ros/humble/include/rclcpp/rclcpp/executors/multi_threaded_executor.hpp:25[m[K,
[2.417s]                  from [01m[K/opt/ros/humble/include/rclcpp/rclcpp/executors.hpp:21[m[K,
[2.417s]                  from [01m[K/opt/ros/humble/include/rclcpp/rclcpp/rclcpp.hpp:155[m[K,
[2.417s]                  from [01m[K/home/syafihidayat/Documents/robot_smoothing/src/robot_waypoint_pkg/src/robot_waypoint.cpp:2[m[K:
[2.417s] [01m[K/usr/include/c++/11/variant:1126:21:[m[K [01;36m[Knote: [m[Kcandidate: ‘[01m[Ktemplate<class _Tp, class ... _Types> constexpr _Tp&& std::get(std::variant<_Types ...>&&)[m[K’
[2.417s]  1126 |     constexpr _Tp&& [01;36m[Kget[m[K(variant<_Types...>&& __v)
[2.417s]       |                     [01;36m[K^~~[m[K
[2.417s] [01m[K/usr/include/c++/11/variant:1126:21:[m[K [01;36m[Knote: [m[K  template argument deduction/substitution failed:
[2.417s] [01m[K/home/syafihidayat/Documents/robot_smoothing/src/robot_waypoint_pkg/src/robot_waypoint.cpp:98:52:[m[K [01;31m[Kerror: [m[Ktype/value mismatch at argument 1 in template parameter list for ‘[01m[Ktemplate<class _Tp, class ... _Types> constexpr _Tp&& std::get(std::variant<_Types ...>&&)[m[K’
[2.417s]    98 |     speed_msg.data = static_cast<float>([01;31m[Kstd::get<3>(waypoint[current_waypoint_index])[m[K);
[2.417s]       |                                         [01;31m[K~~~~~~~~~~~^~~~~~~~~~~~~~~~~~~~~~~~~~~~~~~~~~[m[K
[2.417s] [01m[K/home/syafihidayat/Documents/robot_smoothing/src/robot_waypoint_pkg/src/robot_waypoint.cpp:98:52:[m[K [01;36m[Knote: [m[K  expected a type, got ‘[01m[K3[m[K’
[2.417s] In file included from [01m[K/opt/ros/humble/include/rclcpp/rclcpp/client.hpp:28[m[K,
[2.417s]                  from [01m[K/opt/ros/humble/include/rclcpp/rclcpp/callback_group.hpp:24[m[K,
[2.418s]                  from [01m[K/opt/ros/humble/include/rclcpp/rclcpp/any_executable.hpp:20[m[K,
[2.418s]                  from [01m[K/opt/ros/humble/include/rclcpp/rclcpp/memory_strategy.hpp:25[m[K,
[2.418s]                  from [01m[K/opt/ros/humble/include/rclcpp/rclcpp/memory_strategies.hpp:18[m[K,
[2.418s]                  from [01m[K/opt/ros/humble/include/rclcpp/rclcpp/executor_options.hpp:20[m[K,
[2.418s]                  from [01m[K/opt/ros/humble/include/rclcpp/rclcpp/executor.hpp:37[m[K,
[2.418s]                  from [01m[K/opt/ros/humble/include/rclcpp/rclcpp/executors/multi_threaded_executor.hpp:25[m[K,
[2.418s]                  from [01m[K/opt/ros/humble/include/rclcpp/rclcpp/executors.hpp:21[m[K,
[2.418s]                  from [01m[K/opt/ros/humble/include/rclcpp/rclcpp/rclcpp.hpp:155[m[K,
[2.418s]                  from [01m[K/home/syafihidayat/Documents/robot_smoothing/src/robot_waypoint_pkg/src/robot_waypoint.cpp:2[m[K:
[2.418s] [01m[K/usr/include/c++/11/variant:1136:26:[m[K [01;36m[Knote: [m[Kcandidate: ‘[01m[Ktemplate<class _Tp, class ... _Types> constexpr const _Tp& std::get(const std::variant<_Types ...>&)[m[K’
[2.418s]  1136 |     constexpr const _Tp& [01;36m[Kget[m[K(const variant<_Types...>& __v)
[2.418s]       |                          [01;36m[K^~~[m[K
[2.418s] [01m[K/usr/include/c++/11/variant:1136:26:[m[K [01;36m[Knote: [m[K  template argument deduction/substitution failed:
[2.418s] [01m[K/home/syafihidayat/Documents/robot_smoothing/src/robot_waypoint_pkg/src/robot_waypoint.cpp:98:52:[m[K [01;31m[Kerror: [m[Ktype/value mismatch at argument 1 in template parameter list for ‘[01m[Ktemplate<class _Tp, class ... _Types> constexpr const _Tp& std::get(const std::variant<_Types ...>&)[m[K’
[2.418s]    98 |     speed_msg.data = static_cast<float>([01;31m[Kstd::get<3>(waypoint[current_waypoint_index])[m[K);
[2.418s]       |                                         [01;31m[K~~~~~~~~~~~^~~~~~~~~~~~~~~~~~~~~~~~~~~~~~~~~~[m[K
[2.418s] [01m[K/home/syafihidayat/Documents/robot_smoothing/src/robot_waypoint_pkg/src/robot_waypoint.cpp:98:52:[m[K [01;36m[Knote: [m[K  expected a type, got ‘[01m[K3[m[K’
[2.419s] In file included from [01m[K/opt/ros/humble/include/rclcpp/rclcpp/client.hpp:28[m[K,
[2.419s]                  from [01m[K/opt/ros/humble/include/rclcpp/rclcpp/callback_group.hpp:24[m[K,
[2.419s]                  from [01m[K/opt/ros/humble/include/rclcpp/rclcpp/any_executable.hpp:20[m[K,
[2.419s]                  from [01m[K/opt/ros/humble/include/rclcpp/rclcpp/memory_strategy.hpp:25[m[K,
[2.419s]                  from [01m[K/opt/ros/humble/include/rclcpp/rclcpp/memory_strategies.hpp:18[m[K,
[2.419s]                  from [01m[K/opt/ros/humble/include/rclcpp/rclcpp/executor_options.hpp:20[m[K,
[2.419s]                  from [01m[K/opt/ros/humble/include/rclcpp/rclcpp/executor.hpp:37[m[K,
[2.419s]                  from [01m[K/opt/ros/humble/include/rclcpp/rclcpp/executors/multi_threaded_executor.hpp:25[m[K,
[2.419s]                  from [01m[K/opt/ros/humble/include/rclcpp/rclcpp/executors.hpp:21[m[K,
[2.419s]                  from [01m[K/opt/ros/humble/include/rclcpp/rclcpp/rclcpp.hpp:155[m[K,
[2.419s]                  from [01m[K/home/syafihidayat/Documents/robot_smoothing/src/robot_waypoint_pkg/src/robot_waypoint.cpp:2[m[K:
[2.419s] [01m[K/usr/include/c++/11/variant:1145:27:[m[K [01;36m[Knote: [m[Kcandidate: ‘[01m[Ktemplate<class _Tp, class ... _Types> constexpr const _Tp&& std::get(const std::variant<_Types ...>&&)[m[K’
[2.419s]  1145 |     constexpr const _Tp&& [01;36m[Kget[m[K(const variant<_Types...>&& __v)
[2.419s]       |                           [01;36m[K^~~[m[K
[2.419s] [01m[K/usr/include/c++/11/variant:1145:27:[m[K [01;36m[Knote: [m[K  template argument deduction/substitution failed:
[2.419s] [01m[K/home/syafihidayat/Documents/robot_smoothing/src/robot_waypoint_pkg/src/robot_waypoint.cpp:98:52:[m[K [01;31m[Kerror: [m[Ktype/value mismatch at argument 1 in template parameter list for ‘[01m[Ktemplate<class _Tp, class ... _Types> constexpr const _Tp&& std::get(const std::variant<_Types ...>&&)[m[K’
[2.419s]    98 |     speed_msg.data = static_cast<float>([01;31m[Kstd::get<3>(waypoint[current_waypoint_index])[m[K);
[2.419s]       |                                         [01;31m[K~~~~~~~~~~~^~~~~~~~~~~~~~~~~~~~~~~~~~~~~~~~~~[m[K
[2.420s] [01m[K/home/syafihidayat/Documents/robot_smoothing/src/robot_waypoint_pkg/src/robot_waypoint.cpp:98:52:[m[K [01;36m[Knote: [m[K  expected a type, got ‘[01m[K3[m[K’
[5.232s] gmake[2]: *** [CMakeFiles/robot_waypoint.dir/build.make:76: CMakeFiles/robot_waypoint.dir/src/robot_waypoint.cpp.o] Error 1
[5.232s] gmake[1]: *** [CMakeFiles/Makefile2:137: CMakeFiles/robot_waypoint.dir/all] Error 2
[5.233s] gmake: *** [Makefile:146: all] Error 2
[5.236s] Invoked command in '/home/syafihidayat/Documents/robot_smoothing/build/robot_waypoint_pkg' returned '2': CMAKE_PREFIX_PATH=${CMAKE_PREFIX_PATH}:/opt/ros/humble /usr/bin/cmake --build /home/syafihidayat/Documents/robot_smoothing/build/robot_waypoint_pkg -- -j16 -l16
