[0.147s] DEBUG:colcon:Command line arguments: ['/usr/bin/colcon', 'build']
[0.147s] DEBUG:colcon:Parsed command line arguments: Namespace(log_base=None, log_level=None, verb_name='build', build_base='build', install_base='install', merge_install=False, symlink_install=False, test_result_base=None, continue_on_error=False, executor='parallel', parallel_workers=16, event_handlers=None, ignore_user_meta=False, metas=['./colcon.meta'], base_paths=['.'], packages_ignore=None, packages_ignore_regex=None, paths=None, packages_up_to=None, packages_up_to_regex=None, packages_above=None, packages_above_and_dependencies=None, packages_above_depth=None, packages_select_by_dep=None, packages_skip_by_dep=None, packages_skip_up_to=None, packages_select_build_failed=False, packages_skip_build_finished=False, packages_select_test_failures=False, packages_skip_test_passed=False, packages_select=None, packages_skip=None, packages_select_regex=None, packages_skip_regex=None, packages_start=None, packages_end=None, allow_overriding=[], cmake_args=None, cmake_target=None, cmake_target_skip_unavailable=False, cmake_clean_cache=False, cmake_clean_first=False, cmake_force_configure=False, ament_cmake_args=None, catkin_cmake_args=None, catkin_skip_building_tests=False, verb_parser=<colcon_defaults.argument_parser.defaults.DefaultArgumentsDecorator object at 0x7de30187a6e0>, verb_extension=<colcon_core.verb.build.BuildVerb object at 0x7de3019c04c0>, main=<bound method BuildVerb.main of <colcon_core.verb.build.BuildVerb object at 0x7de3019c04c0>>)
[0.513s] Level 1:colcon.colcon_core.package_discovery:discover_packages(colcon_meta) check parameters
[0.513s] Level 1:colcon.colcon_core.package_discovery:discover_packages(recursive) check parameters
[0.513s] Level 1:colcon.colcon_core.package_discovery:discover_packages(ignore) check parameters
[0.513s] Level 1:colcon.colcon_core.package_discovery:discover_packages(path) check parameters
[0.513s] Level 1:colcon.colcon_core.package_discovery:discover_packages(colcon_meta) discover
[0.514s] Level 1:colcon.colcon_core.package_discovery:discover_packages(recursive) discover
[0.514s] INFO:colcon.colcon_core.package_discovery:Crawling recursively for packages in '/home/syafihidayat/Documents/robot_smoothing'
[0.514s] Level 1:colcon.colcon_core.package_identification:_identify(.) by extensions ['ignore', 'ignore_ament_install']
[0.514s] Level 1:colcon.colcon_core.package_identification:_identify(.) by extension 'ignore'
[0.514s] Level 1:colcon.colcon_core.package_identification:_identify(.) by extension 'ignore_ament_install'
[0.514s] Level 1:colcon.colcon_core.package_identification:_identify(.) by extensions ['colcon_pkg']
[0.514s] Level 1:colcon.colcon_core.package_identification:_identify(.) by extension 'colcon_pkg'
[0.514s] Level 1:colcon.colcon_core.package_identification:_identify(.) by extensions ['colcon_meta']
[0.514s] Level 1:colcon.colcon_core.package_identification:_identify(.) by extension 'colcon_meta'
[0.514s] Level 1:colcon.colcon_core.package_identification:_identify(.) by extensions ['ros']
[0.514s] Level 1:colcon.colcon_core.package_identification:_identify(.) by extension 'ros'
[0.598s] Level 1:colcon.colcon_core.package_identification:_identify(.) by extensions ['cmake', 'python']
[0.599s] Level 1:colcon.colcon_core.package_identification:_identify(.) by extension 'cmake'
[0.599s] Level 1:colcon.colcon_core.package_identification:_identify(.) by extension 'python'
[0.599s] Level 1:colcon.colcon_core.package_identification:_identify(.) by extensions ['python_setup_py']
[0.599s] Level 1:colcon.colcon_core.package_identification:_identify(.) by extension 'python_setup_py'
[0.599s] Level 1:colcon.colcon_core.package_identification:_identify(build) by extensions ['ignore', 'ignore_ament_install']
[0.599s] Level 1:colcon.colcon_core.package_identification:_identify(build) by extension 'ignore'
[0.599s] Level 1:colcon.colcon_core.package_identification:_identify(build) ignored
[0.599s] Level 1:colcon.colcon_core.package_identification:_identify(install) by extensions ['ignore', 'ignore_ament_install']
[0.599s] Level 1:colcon.colcon_core.package_identification:_identify(install) by extension 'ignore'
[0.599s] Level 1:colcon.colcon_core.package_identification:_identify(install) ignored
[0.599s] Level 1:colcon.colcon_core.package_identification:_identify(log) by extensions ['ignore', 'ignore_ament_install']
[0.600s] Level 1:colcon.colcon_core.package_identification:_identify(log) by extension 'ignore'
[0.600s] Level 1:colcon.colcon_core.package_identification:_identify(log) ignored
[0.600s] Level 1:colcon.colcon_core.package_identification:_identify(src) by extensions ['ignore', 'ignore_ament_install']
[0.600s] Level 1:colcon.colcon_core.package_identification:_identify(src) by extension 'ignore'
[0.600s] Level 1:colcon.colcon_core.package_identification:_identify(src) by extension 'ignore_ament_install'
[0.600s] Level 1:colcon.colcon_core.package_identification:_identify(src) by extensions ['colcon_pkg']
[0.600s] Level 1:colcon.colcon_core.package_identification:_identify(src) by extension 'colcon_pkg'
[0.600s] Level 1:colcon.colcon_core.package_identification:_identify(src) by extensions ['colcon_meta']
[0.600s] Level 1:colcon.colcon_core.package_identification:_identify(src) by extension 'colcon_meta'
[0.600s] Level 1:colcon.colcon_core.package_identification:_identify(src) by extensions ['ros']
[0.600s] Level 1:colcon.colcon_core.package_identification:_identify(src) by extension 'ros'
[0.600s] Level 1:colcon.colcon_core.package_identification:_identify(src) by extensions ['cmake', 'python']
[0.600s] Level 1:colcon.colcon_core.package_identification:_identify(src) by extension 'cmake'
[0.600s] Level 1:colcon.colcon_core.package_identification:_identify(src) by extension 'python'
[0.600s] Level 1:colcon.colcon_core.package_identification:_identify(src) by extensions ['python_setup_py']
[0.600s] Level 1:colcon.colcon_core.package_identification:_identify(src) by extension 'python_setup_py'
[0.601s] Level 1:colcon.colcon_core.package_identification:_identify(src/lbringup) by extensions ['ignore', 'ignore_ament_install']
[0.601s] Level 1:colcon.colcon_core.package_identification:_identify(src/lbringup) by extension 'ignore'
[0.601s] Level 1:colcon.colcon_core.package_identification:_identify(src/lbringup) by extension 'ignore_ament_install'
[0.601s] Level 1:colcon.colcon_core.package_identification:_identify(src/lbringup) by extensions ['colcon_pkg']
[0.601s] Level 1:colcon.colcon_core.package_identification:_identify(src/lbringup) by extension 'colcon_pkg'
[0.601s] Level 1:colcon.colcon_core.package_identification:_identify(src/lbringup) by extensions ['colcon_meta']
[0.601s] Level 1:colcon.colcon_core.package_identification:_identify(src/lbringup) by extension 'colcon_meta'
[0.602s] Level 1:colcon.colcon_core.package_identification:_identify(src/lbringup) by extensions ['ros']
[0.602s] Level 1:colcon.colcon_core.package_identification:_identify(src/lbringup) by extension 'ros'
[0.608s] DEBUG:colcon.colcon_core.package_identification:Package 'src/lbringup' with type 'ros.ament_cmake' and name 'lbringup'
[0.609s] Level 1:colcon.colcon_core.package_identification:_identify(src/purpuresuit_pkg) by extensions ['ignore', 'ignore_ament_install']
[0.609s] Level 1:colcon.colcon_core.package_identification:_identify(src/purpuresuit_pkg) by extension 'ignore'
[0.609s] Level 1:colcon.colcon_core.package_identification:_identify(src/purpuresuit_pkg) by extension 'ignore_ament_install'
[0.609s] Level 1:colcon.colcon_core.package_identification:_identify(src/purpuresuit_pkg) by extensions ['colcon_pkg']
[0.609s] Level 1:colcon.colcon_core.package_identification:_identify(src/purpuresuit_pkg) by extension 'colcon_pkg'
[0.609s] Level 1:colcon.colcon_core.package_identification:_identify(src/purpuresuit_pkg) by extensions ['colcon_meta']
[0.609s] Level 1:colcon.colcon_core.package_identification:_identify(src/purpuresuit_pkg) by extension 'colcon_meta'
[0.609s] Level 1:colcon.colcon_core.package_identification:_identify(src/purpuresuit_pkg) by extensions ['ros']
[0.609s] Level 1:colcon.colcon_core.package_identification:_identify(src/purpuresuit_pkg) by extension 'ros'
[0.610s] DEBUG:colcon.colcon_core.package_identification:Package 'src/purpuresuit_pkg' with type 'ros.ament_cmake' and name 'purpuresuit_pkg'
[0.611s] Level 1:colcon.colcon_core.package_identification:_identify(src/robot_gui_pkg) by extensions ['ignore', 'ignore_ament_install']
[0.611s] Level 1:colcon.colcon_core.package_identification:_identify(src/robot_gui_pkg) by extension 'ignore'
[0.611s] Level 1:colcon.colcon_core.package_identification:_identify(src/robot_gui_pkg) by extension 'ignore_ament_install'
[0.611s] Level 1:colcon.colcon_core.package_identification:_identify(src/robot_gui_pkg) by extensions ['colcon_pkg']
[0.611s] Level 1:colcon.colcon_core.package_identification:_identify(src/robot_gui_pkg) by extension 'colcon_pkg'
[0.611s] Level 1:colcon.colcon_core.package_identification:_identify(src/robot_gui_pkg) by extensions ['colcon_meta']
[0.611s] Level 1:colcon.colcon_core.package_identification:_identify(src/robot_gui_pkg) by extension 'colcon_meta'
[0.611s] Level 1:colcon.colcon_core.package_identification:_identify(src/robot_gui_pkg) by extensions ['ros']
[0.611s] Level 1:colcon.colcon_core.package_identification:_identify(src/robot_gui_pkg) by extension 'ros'
[0.612s] DEBUG:colcon.colcon_core.package_identification:Package 'src/robot_gui_pkg' with type 'ros.ament_python' and name 'robot_gui_pkg'
[0.612s] Level 1:colcon.colcon_core.package_identification:_identify(src/robot_main_pkg) by extensions ['ignore', 'ignore_ament_install']
[0.612s] Level 1:colcon.colcon_core.package_identification:_identify(src/robot_main_pkg) by extension 'ignore'
[0.612s] Level 1:colcon.colcon_core.package_identification:_identify(src/robot_main_pkg) by extension 'ignore_ament_install'
[0.612s] Level 1:colcon.colcon_core.package_identification:_identify(src/robot_main_pkg) by extensions ['colcon_pkg']
[0.612s] Level 1:colcon.colcon_core.package_identification:_identify(src/robot_main_pkg) by extension 'colcon_pkg'
[0.612s] Level 1:colcon.colcon_core.package_identification:_identify(src/robot_main_pkg) by extensions ['colcon_meta']
[0.613s] Level 1:colcon.colcon_core.package_identification:_identify(src/robot_main_pkg) by extension 'colcon_meta'
[0.613s] Level 1:colcon.colcon_core.package_identification:_identify(src/robot_main_pkg) by extensions ['ros']
[0.613s] Level 1:colcon.colcon_core.package_identification:_identify(src/robot_main_pkg) by extension 'ros'
[0.613s] DEBUG:colcon.colcon_core.package_identification:Package 'src/robot_main_pkg' with type 'ros.ament_cmake' and name 'robot_main_pkg'
[0.614s] Level 1:colcon.colcon_core.package_identification:_identify(src/robot_waypoint_pkg) by extensions ['ignore', 'ignore_ament_install']
[0.614s] Level 1:colcon.colcon_core.package_identification:_identify(src/robot_waypoint_pkg) by extension 'ignore'
[0.614s] Level 1:colcon.colcon_core.package_identification:_identify(src/robot_waypoint_pkg) by extension 'ignore_ament_install'
[0.614s] Level 1:colcon.colcon_core.package_identification:_identify(src/robot_waypoint_pkg) by extensions ['colcon_pkg']
[0.614s] Level 1:colcon.colcon_core.package_identification:_identify(src/robot_waypoint_pkg) by extension 'colcon_pkg'
[0.614s] Level 1:colcon.colcon_core.package_identification:_identify(src/robot_waypoint_pkg) by extensions ['colcon_meta']
[0.614s] Level 1:colcon.colcon_core.package_identification:_identify(src/robot_waypoint_pkg) by extension 'colcon_meta'
[0.614s] Level 1:colcon.colcon_core.package_identification:_identify(src/robot_waypoint_pkg) by extensions ['ros']
[0.614s] Level 1:colcon.colcon_core.package_identification:_identify(src/robot_waypoint_pkg) by extension 'ros'
[0.615s] DEBUG:colcon.colcon_core.package_identification:Package 'src/robot_waypoint_pkg' with type 'ros.ament_cmake' and name 'robot_waypoint_pkg'
[0.615s] Level 1:colcon.colcon_core.package_discovery:discover_packages(recursive) using defaults
[0.615s] Level 1:colcon.colcon_core.package_discovery:discover_packages(ignore) discover
[0.615s] Level 1:colcon.colcon_core.package_discovery:discover_packages(ignore) using defaults
[0.615s] Level 1:colcon.colcon_core.package_discovery:discover_packages(path) discover
[0.615s] Level 1:colcon.colcon_core.package_discovery:discover_packages(path) using defaults
[0.659s] Level 1:colcon.colcon_core.package_discovery:discover_packages(prefix_path) check parameters
[0.659s] Level 1:colcon.colcon_core.package_discovery:discover_packages(prefix_path) discover
[0.664s] DEBUG:colcon.colcon_installed_package_information.package_discovery:Found 5 installed packages in /home/syafihidayat/Documents/robot_smoothing/install
[0.665s] DEBUG:colcon.colcon_installed_package_information.package_discovery:Found 3 installed packages in /home/syafihidayat/microros_ws/install
[0.668s] DEBUG:colcon.colcon_installed_package_information.package_discovery:Found 401 installed packages in /opt/ros/humble
[0.672s] Level 1:colcon.colcon_core.package_discovery:discover_packages(prefix_path) using defaults
[0.795s] Level 5:colcon.colcon_core.verb:set package 'lbringup' build argument 'cmake_args' from command line to 'None'
[0.795s] Level 5:colcon.colcon_core.verb:set package 'lbringup' build argument 'cmake_target' from command line to 'None'
[0.795s] Level 5:colcon.colcon_core.verb:set package 'lbringup' build argument 'cmake_target_skip_unavailable' from command line to 'False'
[0.795s] Level 5:colcon.colcon_core.verb:set package 'lbringup' build argument 'cmake_clean_cache' from command line to 'False'
[0.795s] Level 5:colcon.colcon_core.verb:set package 'lbringup' build argument 'cmake_clean_first' from command line to 'False'
[0.795s] Level 5:colcon.colcon_core.verb:set package 'lbringup' build argument 'cmake_force_configure' from command line to 'False'
[0.795s] Level 5:colcon.colcon_core.verb:set package 'lbringup' build argument 'ament_cmake_args' from command line to 'None'
[0.795s] Level 5:colcon.colcon_core.verb:set package 'lbringup' build argument 'catkin_cmake_args' from command line to 'None'
[0.795s] Level 5:colcon.colcon_core.verb:set package 'lbringup' build argument 'catkin_skip_building_tests' from command line to 'False'
[0.795s] DEBUG:colcon.colcon_core.verb:Building package 'lbringup' with the following arguments: {'ament_cmake_args': None, 'build_base': '/home/syafihidayat/Documents/robot_smoothing/build/lbringup', 'catkin_cmake_args': None, 'catkin_skip_building_tests': False, 'cmake_args': None, 'cmake_clean_cache': False, 'cmake_clean_first': False, 'cmake_force_configure': False, 'cmake_target': None, 'cmake_target_skip_unavailable': False, 'install_base': '/home/syafihidayat/Documents/robot_smoothing/install/lbringup', 'merge_install': False, 'path': '/home/syafihidayat/Documents/robot_smoothing/src/lbringup', 'symlink_install': False, 'test_result_base': None}
[0.796s] Level 5:colcon.colcon_core.verb:set package 'purpuresuit_pkg' build argument 'cmake_args' from command line to 'None'
[0.796s] Level 5:colcon.colcon_core.verb:set package 'purpuresuit_pkg' build argument 'cmake_target' from command line to 'None'
[0.796s] Level 5:colcon.colcon_core.verb:set package 'purpuresuit_pkg' build argument 'cmake_target_skip_unavailable' from command line to 'False'
[0.796s] Level 5:colcon.colcon_core.verb:set package 'purpuresuit_pkg' build argument 'cmake_clean_cache' from command line to 'False'
[0.796s] Level 5:colcon.colcon_core.verb:set package 'purpuresuit_pkg' build argument 'cmake_clean_first' from command line to 'False'
[0.796s] Level 5:colcon.colcon_core.verb:set package 'purpuresuit_pkg' build argument 'cmake_force_configure' from command line to 'False'
[0.796s] Level 5:colcon.colcon_core.verb:set package 'purpuresuit_pkg' build argument 'ament_cmake_args' from command line to 'None'
[0.796s] Level 5:colcon.colcon_core.verb:set package 'purpuresuit_pkg' build argument 'catkin_cmake_args' from command line to 'None'
[0.796s] Level 5:colcon.colcon_core.verb:set package 'purpuresuit_pkg' build argument 'catkin_skip_building_tests' from command line to 'False'
[0.796s] DEBUG:colcon.colcon_core.verb:Building package 'purpuresuit_pkg' with the following arguments: {'ament_cmake_args': None, 'build_base': '/home/syafihidayat/Documents/robot_smoothing/build/purpuresuit_pkg', 'catkin_cmake_args': None, 'catkin_skip_building_tests': False, 'cmake_args': None, 'cmake_clean_cache': False, 'cmake_clean_first': False, 'cmake_force_configure': False, 'cmake_target': None, 'cmake_target_skip_unavailable': False, 'install_base': '/home/syafihidayat/Documents/robot_smoothing/install/purpuresuit_pkg', 'merge_install': False, 'path': '/home/syafihidayat/Documents/robot_smoothing/src/purpuresuit_pkg', 'symlink_install': False, 'test_result_base': None}
[0.797s] Level 5:colcon.colcon_core.verb:set package 'robot_gui_pkg' build argument 'cmake_args' from command line to 'None'
[0.797s] Level 5:colcon.colcon_core.verb:set package 'robot_gui_pkg' build argument 'cmake_target' from command line to 'None'
[0.797s] Level 5:colcon.colcon_core.verb:set package 'robot_gui_pkg' build argument 'cmake_target_skip_unavailable' from command line to 'False'
[0.797s] Level 5:colcon.colcon_core.verb:set package 'robot_gui_pkg' build argument 'cmake_clean_cache' from command line to 'False'
[0.797s] Level 5:colcon.colcon_core.verb:set package 'robot_gui_pkg' build argument 'cmake_clean_first' from command line to 'False'
[0.797s] Level 5:colcon.colcon_core.verb:set package 'robot_gui_pkg' build argument 'cmake_force_configure' from command line to 'False'
[0.797s] Level 5:colcon.colcon_core.verb:set package 'robot_gui_pkg' build argument 'ament_cmake_args' from command line to 'None'
[0.797s] Level 5:colcon.colcon_core.verb:set package 'robot_gui_pkg' build argument 'catkin_cmake_args' from command line to 'None'
[0.797s] Level 5:colcon.colcon_core.verb:set package 'robot_gui_pkg' build argument 'catkin_skip_building_tests' from command line to 'False'
[0.797s] DEBUG:colcon.colcon_core.verb:Building package 'robot_gui_pkg' with the following arguments: {'ament_cmake_args': None, 'build_base': '/home/syafihidayat/Documents/robot_smoothing/build/robot_gui_pkg', 'catkin_cmake_args': None, 'catkin_skip_building_tests': False, 'cmake_args': None, 'cmake_clean_cache': False, 'cmake_clean_first': False, 'cmake_force_configure': False, 'cmake_target': None, 'cmake_target_skip_unavailable': False, 'install_base': '/home/syafihidayat/Documents/robot_smoothing/install/robot_gui_pkg', 'merge_install': False, 'path': '/home/syafihidayat/Documents/robot_smoothing/src/robot_gui_pkg', 'symlink_install': False, 'test_result_base': None}
[0.797s] Level 5:colcon.colcon_core.verb:set package 'robot_main_pkg' build argument 'cmake_args' from command line to 'None'
[0.797s] Level 5:colcon.colcon_core.verb:set package 'robot_main_pkg' build argument 'cmake_target' from command line to 'None'
[0.798s] Level 5:colcon.colcon_core.verb:set package 'robot_main_pkg' build argument 'cmake_target_skip_unavailable' from command line to 'False'
[0.798s] Level 5:colcon.colcon_core.verb:set package 'robot_main_pkg' build argument 'cmake_clean_cache' from command line to 'False'
[0.798s] Level 5:colcon.colcon_core.verb:set package 'robot_main_pkg' build argument 'cmake_clean_first' from command line to 'False'
[0.798s] Level 5:colcon.colcon_core.verb:set package 'robot_main_pkg' build argument 'cmake_force_configure' from command line to 'False'
[0.798s] Level 5:colcon.colcon_core.verb:set package 'robot_main_pkg' build argument 'ament_cmake_args' from command line to 'None'
[0.798s] Level 5:colcon.colcon_core.verb:set package 'robot_main_pkg' build argument 'catkin_cmake_args' from command line to 'None'
[0.798s] Level 5:colcon.colcon_core.verb:set package 'robot_main_pkg' build argument 'catkin_skip_building_tests' from command line to 'False'
[0.798s] DEBUG:colcon.colcon_core.verb:Building package 'robot_main_pkg' with the following arguments: {'ament_cmake_args': None, 'build_base': '/home/syafihidayat/Documents/robot_smoothing/build/robot_main_pkg', 'catkin_cmake_args': None, 'catkin_skip_building_tests': False, 'cmake_args': None, 'cmake_clean_cache': False, 'cmake_clean_first': False, 'cmake_force_configure': False, 'cmake_target': None, 'cmake_target_skip_unavailable': False, 'install_base': '/home/syafihidayat/Documents/robot_smoothing/install/robot_main_pkg', 'merge_install': False, 'path': '/home/syafihidayat/Documents/robot_smoothing/src/robot_main_pkg', 'symlink_install': False, 'test_result_base': None}
[0.798s] Level 5:colcon.colcon_core.verb:set package 'robot_waypoint_pkg' build argument 'cmake_args' from command line to 'None'
[0.798s] Level 5:colcon.colcon_core.verb:set package 'robot_waypoint_pkg' build argument 'cmake_target' from command line to 'None'
[0.798s] Level 5:colcon.colcon_core.verb:set package 'robot_waypoint_pkg' build argument 'cmake_target_skip_unavailable' from command line to 'False'
[0.798s] Level 5:colcon.colcon_core.verb:set package 'robot_waypoint_pkg' build argument 'cmake_clean_cache' from command line to 'False'
[0.798s] Level 5:colcon.colcon_core.verb:set package 'robot_waypoint_pkg' build argument 'cmake_clean_first' from command line to 'False'
[0.798s] Level 5:colcon.colcon_core.verb:set package 'robot_waypoint_pkg' build argument 'cmake_force_configure' from command line to 'False'
[0.798s] Level 5:colcon.colcon_core.verb:set package 'robot_waypoint_pkg' build argument 'ament_cmake_args' from command line to 'None'
[0.798s] Level 5:colcon.colcon_core.verb:set package 'robot_waypoint_pkg' build argument 'catkin_cmake_args' from command line to 'None'
[0.799s] Level 5:colcon.colcon_core.verb:set package 'robot_waypoint_pkg' build argument 'catkin_skip_building_tests' from command line to 'False'
[0.799s] DEBUG:colcon.colcon_core.verb:Building package 'robot_waypoint_pkg' with the following arguments: {'ament_cmake_args': None, 'build_base': '/home/syafihidayat/Documents/robot_smoothing/build/robot_waypoint_pkg', 'catkin_cmake_args': None, 'catkin_skip_building_tests': False, 'cmake_args': None, 'cmake_clean_cache': False, 'cmake_clean_first': False, 'cmake_force_configure': False, 'cmake_target': None, 'cmake_target_skip_unavailable': False, 'install_base': '/home/syafihidayat/Documents/robot_smoothing/install/robot_waypoint_pkg', 'merge_install': False, 'path': '/home/syafihidayat/Documents/robot_smoothing/src/robot_waypoint_pkg', 'symlink_install': False, 'test_result_base': None}
[0.799s] INFO:colcon.colcon_core.executor:Executing jobs using 'parallel' executor
[0.800s] DEBUG:colcon.colcon_parallel_executor.executor.parallel:run_until_complete
[0.801s] INFO:colcon.colcon_ros.task.ament_cmake.build:Building ROS package in '/home/syafihidayat/Documents/robot_smoothing/src/lbringup' with build type 'ament_cmake'
[0.801s] INFO:colcon.colcon_cmake.task.cmake.build:Building CMake package in '/home/syafihidayat/Documents/robot_smoothing/src/lbringup'
[0.810s] INFO:colcon.colcon_core.plugin_system:Skipping extension 'colcon_core.shell.bat': Not used on non-Windows systems
[0.810s] INFO:colcon.colcon_core.shell:Skip shell extension 'powershell' for command environment: Not usable outside of PowerShell
[0.810s] DEBUG:colcon.colcon_core.shell:Skip shell extension 'dsv' for command environment
[0.824s] INFO:colcon.colcon_ros.task.ament_cmake.build:Building ROS package in '/home/syafihidayat/Documents/robot_smoothing/src/purpuresuit_pkg' with build type 'ament_cmake'
[0.824s] INFO:colcon.colcon_cmake.task.cmake.build:Building CMake package in '/home/syafihidayat/Documents/robot_smoothing/src/purpuresuit_pkg'
[0.825s] INFO:colcon.colcon_core.shell:Skip shell extension 'powershell' for command environment: Not usable outside of PowerShell
[0.825s] DEBUG:colcon.colcon_core.shell:Skip shell extension 'dsv' for command environment
[0.836s] INFO:colcon.colcon_ros.task.ament_python.build:Building ROS package in '/home/syafihidayat/Documents/robot_smoothing/src/robot_gui_pkg' with build type 'ament_python'
[0.836s] Level 1:colcon.colcon_core.shell:create_environment_hook('robot_gui_pkg', 'ament_prefix_path')
[0.837s] INFO:colcon.colcon_core.shell:Creating environment hook '/home/syafihidayat/Documents/robot_smoothing/install/robot_gui_pkg/share/robot_gui_pkg/hook/ament_prefix_path.ps1'
[0.839s] INFO:colcon.colcon_core.shell:Creating environment descriptor '/home/syafihidayat/Documents/robot_smoothing/install/robot_gui_pkg/share/robot_gui_pkg/hook/ament_prefix_path.dsv'
[0.843s] INFO:colcon.colcon_core.shell:Creating environment hook '/home/syafihidayat/Documents/robot_smoothing/install/robot_gui_pkg/share/robot_gui_pkg/hook/ament_prefix_path.sh'
[0.846s] INFO:colcon.colcon_core.shell:Skip shell extension 'powershell' for command environment: Not usable outside of PowerShell
[0.846s] DEBUG:colcon.colcon_core.shell:Skip shell extension 'dsv' for command environment
[0.858s] INFO:colcon.colcon_ros.task.ament_cmake.build:Building ROS package in '/home/syafihidayat/Documents/robot_smoothing/src/robot_main_pkg' with build type 'ament_cmake'
[0.859s] INFO:colcon.colcon_cmake.task.cmake.build:Building CMake package in '/home/syafihidayat/Documents/robot_smoothing/src/robot_main_pkg'
[0.860s] INFO:colcon.colcon_core.shell:Skip shell extension 'powershell' for command environment: Not usable outside of PowerShell
[0.860s] DEBUG:colcon.colcon_core.shell:Skip shell extension 'dsv' for command environment
[0.873s] INFO:colcon.colcon_ros.task.ament_cmake.build:Building ROS package in '/home/syafihidayat/Documents/robot_smoothing/src/robot_waypoint_pkg' with build type 'ament_cmake'
[0.875s] INFO:colcon.colcon_cmake.task.cmake.build:Building CMake package in '/home/syafihidayat/Documents/robot_smoothing/src/robot_waypoint_pkg'
[0.875s] INFO:colcon.colcon_core.shell:Skip shell extension 'powershell' for command environment: Not usable outside of PowerShell
[0.876s] DEBUG:colcon.colcon_core.shell:Skip shell extension 'dsv' for command environment
[0.909s] DEBUG:colcon.colcon_core.event_handler.log_command:Invoking command in '/home/syafihidayat/Documents/robot_smoothing/build/lbringup': CMAKE_PREFIX_PATH=${CMAKE_PREFIX_PATH}:/home/syafihidayat/Documents/robot_smoothing/install/robot_gui_pkg:/opt/ros/humble /usr/bin/cmake --build /home/syafihidayat/Documents/robot_smoothing/build/lbringup -- -j16 -l16
[0.918s] DEBUG:colcon.colcon_core.event_handler.log_command:Invoking command in '/home/syafihidayat/Documents/robot_smoothing/build/purpuresuit_pkg': CMAKE_PREFIX_PATH=${CMAKE_PREFIX_PATH}:/home/syafihidayat/Documents/robot_smoothing/install/robot_gui_pkg:/opt/ros/humble /usr/bin/cmake --build /home/syafihidayat/Documents/robot_smoothing/build/purpuresuit_pkg -- -j16 -l16
[1.450s] INFO:colcon.colcon_core.task.python.build:Building Python package in '/home/syafihidayat/Documents/robot_smoothing/src/robot_gui_pkg'
[1.450s] INFO:colcon.colcon_core.shell:Skip shell extension 'powershell' for command environment: Not usable outside of PowerShell
[1.450s] DEBUG:colcon.colcon_core.shell:Skip shell extension 'dsv' for command environment
[1.469s] DEBUG:colcon.colcon_core.event_handler.log_command:Invoking command in '/home/syafihidayat/Documents/robot_smoothing/build/robot_main_pkg': CMAKE_PREFIX_PATH=${CMAKE_PREFIX_PATH}:/home/syafihidayat/Documents/robot_smoothing/install/robot_gui_pkg:/opt/ros/humble /usr/bin/cmake --build /home/syafihidayat/Documents/robot_smoothing/build/robot_main_pkg -- -j16 -l16
[1.478s] DEBUG:colcon.colcon_core.event_handler.log_command:Invoking command in '/home/syafihidayat/Documents/robot_smoothing/build/robot_waypoint_pkg': CMAKE_PREFIX_PATH=${CMAKE_PREFIX_PATH}:/home/syafihidayat/Documents/robot_smoothing/install/robot_gui_pkg:/opt/ros/humble /usr/bin/cmake --build /home/syafihidayat/Documents/robot_smoothing/build/robot_waypoint_pkg -- -j16 -l16
[1.483s] DEBUG:colcon.colcon_core.event_handler.log_command:Invoked command in '/home/syafihidayat/Documents/robot_smoothing/build/lbringup' returned '0': CMAKE_PREFIX_PATH=${CMAKE_PREFIX_PATH}:/home/syafihidayat/Documents/robot_smoothing/install/robot_gui_pkg:/opt/ros/humble /usr/bin/cmake --build /home/syafihidayat/Documents/robot_smoothing/build/lbringup -- -j16 -l16
[1.508s] DEBUG:colcon.colcon_core.event_handler.log_command:Invoking command in '/home/syafihidayat/Documents/robot_smoothing/build/lbringup': CMAKE_PREFIX_PATH=${CMAKE_PREFIX_PATH}:/home/syafihidayat/Documents/robot_smoothing/install/robot_gui_pkg:/opt/ros/humble /usr/bin/cmake --install /home/syafihidayat/Documents/robot_smoothing/build/lbringup
[1.545s] Level 1:colcon.colcon_core.environment:create_environment_scripts_only(lbringup)
[1.547s] DEBUG:colcon.colcon_core.event_handler.log_command:Invoked command in '/home/syafihidayat/Documents/robot_smoothing/build/lbringup' returned '0': CMAKE_PREFIX_PATH=${CMAKE_PREFIX_PATH}:/home/syafihidayat/Documents/robot_smoothing/install/robot_gui_pkg:/opt/ros/humble /usr/bin/cmake --install /home/syafihidayat/Documents/robot_smoothing/build/lbringup
[1.557s] Level 1:colcon.colcon_core.environment:checking '/home/syafihidayat/Documents/robot_smoothing/install/lbringup' for CMake module files
[1.559s] Level 1:colcon.colcon_core.environment:checking '/home/syafihidayat/Documents/robot_smoothing/install/lbringup' for CMake config files
[1.559s] Level 1:colcon.colcon_core.shell:create_environment_hook('lbringup', 'cmake_prefix_path')
[1.560s] INFO:colcon.colcon_core.shell:Creating environment hook '/home/syafihidayat/Documents/robot_smoothing/install/lbringup/share/lbringup/hook/cmake_prefix_path.ps1'
[1.562s] INFO:colcon.colcon_core.shell:Creating environment descriptor '/home/syafihidayat/Documents/robot_smoothing/install/lbringup/share/lbringup/hook/cmake_prefix_path.dsv'
[1.562s] INFO:colcon.colcon_core.shell:Creating environment hook '/home/syafihidayat/Documents/robot_smoothing/install/lbringup/share/lbringup/hook/cmake_prefix_path.sh'
[1.564s] Level 1:colcon.colcon_core.environment:checking '/home/syafihidayat/Documents/robot_smoothing/install/lbringup/bin'
[1.564s] Level 1:colcon.colcon_core.environment:checking '/home/syafihidayat/Documents/robot_smoothing/install/lbringup/lib/pkgconfig/lbringup.pc'
[1.564s] Level 1:colcon.colcon_core.environment:checking '/home/syafihidayat/Documents/robot_smoothing/install/lbringup/lib/python3.10/site-packages'
[1.564s] Level 1:colcon.colcon_core.environment:checking '/home/syafihidayat/Documents/robot_smoothing/install/lbringup/bin'
[1.565s] INFO:colcon.colcon_core.shell:Creating package script '/home/syafihidayat/Documents/robot_smoothing/install/lbringup/share/lbringup/package.ps1'
[1.567s] INFO:colcon.colcon_core.shell:Creating package descriptor '/home/syafihidayat/Documents/robot_smoothing/install/lbringup/share/lbringup/package.dsv'
[1.568s] INFO:colcon.colcon_core.shell:Creating package script '/home/syafihidayat/Documents/robot_smoothing/install/lbringup/share/lbringup/package.sh'
[1.571s] INFO:colcon.colcon_core.shell:Creating package script '/home/syafihidayat/Documents/robot_smoothing/install/lbringup/share/lbringup/package.bash'
[1.575s] INFO:colcon.colcon_core.shell:Creating package script '/home/syafihidayat/Documents/robot_smoothing/install/lbringup/share/lbringup/package.zsh'
[1.578s] Level 1:colcon.colcon_core.environment:create_file_with_runtime_dependencies(/home/syafihidayat/Documents/robot_smoothing/install/lbringup/share/colcon-core/packages/lbringup)
[1.579s] Level 1:colcon.colcon_core.environment:create_environment_scripts_only(lbringup)
[1.579s] Level 1:colcon.colcon_core.environment:checking '/home/syafihidayat/Documents/robot_smoothing/install/lbringup' for CMake module files
[1.580s] Level 1:colcon.colcon_core.environment:checking '/home/syafihidayat/Documents/robot_smoothing/install/lbringup' for CMake config files
[1.580s] Level 1:colcon.colcon_core.shell:create_environment_hook('lbringup', 'cmake_prefix_path')
[1.580s] INFO:colcon.colcon_core.shell:Creating environment hook '/home/syafihidayat/Documents/robot_smoothing/install/lbringup/share/lbringup/hook/cmake_prefix_path.ps1'
[1.581s] INFO:colcon.colcon_core.shell:Creating environment descriptor '/home/syafihidayat/Documents/robot_smoothing/install/lbringup/share/lbringup/hook/cmake_prefix_path.dsv'
[1.581s] INFO:colcon.colcon_core.shell:Creating environment hook '/home/syafihidayat/Documents/robot_smoothing/install/lbringup/share/lbringup/hook/cmake_prefix_path.sh'
[1.582s] Level 1:colcon.colcon_core.environment:checking '/home/syafihidayat/Documents/robot_smoothing/install/lbringup/bin'
[1.582s] Level 1:colcon.colcon_core.environment:checking '/home/syafihidayat/Documents/robot_smoothing/install/lbringup/lib/pkgconfig/lbringup.pc'
[1.583s] Level 1:colcon.colcon_core.environment:checking '/home/syafihidayat/Documents/robot_smoothing/install/lbringup/lib/python3.10/site-packages'
[1.583s] Level 1:colcon.colcon_core.environment:checking '/home/syafihidayat/Documents/robot_smoothing/install/lbringup/bin'
[1.583s] INFO:colcon.colcon_core.shell:Creating package script '/home/syafihidayat/Documents/robot_smoothing/install/lbringup/share/lbringup/package.ps1'
[1.585s] INFO:colcon.colcon_core.shell:Creating package descriptor '/home/syafihidayat/Documents/robot_smoothing/install/lbringup/share/lbringup/package.dsv'
[1.587s] INFO:colcon.colcon_core.shell:Creating package script '/home/syafihidayat/Documents/robot_smoothing/install/lbringup/share/lbringup/package.sh'
[1.591s] INFO:colcon.colcon_core.shell:Creating package script '/home/syafihidayat/Documents/robot_smoothing/install/lbringup/share/lbringup/package.bash'
[1.594s] INFO:colcon.colcon_core.shell:Creating package script '/home/syafihidayat/Documents/robot_smoothing/install/lbringup/share/lbringup/package.zsh'
[1.595s] Level 1:colcon.colcon_core.environment:create_file_with_runtime_dependencies(/home/syafihidayat/Documents/robot_smoothing/install/lbringup/share/colcon-core/packages/lbringup)
[1.673s] DEBUG:colcon.colcon_core.event_handler.log_command:Invoked command in '/home/syafihidayat/Documents/robot_smoothing/build/robot_waypoint_pkg' returned '0': CMAKE_PREFIX_PATH=${CMAKE_PREFIX_PATH}:/home/syafihidayat/Documents/robot_smoothing/install/robot_gui_pkg:/opt/ros/humble /usr/bin/cmake --build /home/syafihidayat/Documents/robot_smoothing/build/robot_waypoint_pkg -- -j16 -l16
[1.681s] DEBUG:colcon.colcon_core.event_handler.log_command:Invoking command in '/home/syafihidayat/Documents/robot_smoothing/build/robot_waypoint_pkg': CMAKE_PREFIX_PATH=${CMAKE_PREFIX_PATH}:/home/syafihidayat/Documents/robot_smoothing/install/robot_gui_pkg:/opt/ros/humble /usr/bin/cmake --install /home/syafihidayat/Documents/robot_smoothing/build/robot_waypoint_pkg
[1.709s] Level 1:colcon.colcon_core.environment:create_environment_scripts_only(robot_waypoint_pkg)
[1.710s] Level 1:colcon.colcon_core.environment:checking '/home/syafihidayat/Documents/robot_smoothing/install/robot_waypoint_pkg' for CMake module files
[1.711s] DEBUG:colcon.colcon_core.event_handler.log_command:Invoked command in '/home/syafihidayat/Documents/robot_smoothing/build/robot_waypoint_pkg' returned '0': CMAKE_PREFIX_PATH=${CMAKE_PREFIX_PATH}:/home/syafihidayat/Documents/robot_smoothing/install/robot_gui_pkg:/opt/ros/humble /usr/bin/cmake --install /home/syafihidayat/Documents/robot_smoothing/build/robot_waypoint_pkg
[1.712s] Level 1:colcon.colcon_core.environment:checking '/home/syafihidayat/Documents/robot_smoothing/install/robot_waypoint_pkg' for CMake config files
[1.712s] Level 1:colcon.colcon_core.shell:create_environment_hook('robot_waypoint_pkg', 'cmake_prefix_path')
[1.713s] INFO:colcon.colcon_core.shell:Creating environment hook '/home/syafihidayat/Documents/robot_smoothing/install/robot_waypoint_pkg/share/robot_waypoint_pkg/hook/cmake_prefix_path.ps1'
[1.713s] INFO:colcon.colcon_core.shell:Creating environment descriptor '/home/syafihidayat/Documents/robot_smoothing/install/robot_waypoint_pkg/share/robot_waypoint_pkg/hook/cmake_prefix_path.dsv'
[1.714s] INFO:colcon.colcon_core.shell:Creating environment hook '/home/syafihidayat/Documents/robot_smoothing/install/robot_waypoint_pkg/share/robot_waypoint_pkg/hook/cmake_prefix_path.sh'
[1.716s] Level 1:colcon.colcon_core.environment:checking '/home/syafihidayat/Documents/robot_smoothing/install/robot_waypoint_pkg/lib'
[1.716s] Level 1:colcon.colcon_core.environment:checking '/home/syafihidayat/Documents/robot_smoothing/install/robot_waypoint_pkg/bin'
[1.716s] Level 1:colcon.colcon_core.environment:checking '/home/syafihidayat/Documents/robot_smoothing/install/robot_waypoint_pkg/lib/pkgconfig/robot_waypoint_pkg.pc'
[1.716s] Level 1:colcon.colcon_core.environment:checking '/home/syafihidayat/Documents/robot_smoothing/install/robot_waypoint_pkg/lib/python3.10/site-packages'
[1.717s] Level 1:colcon.colcon_core.environment:checking '/home/syafihidayat/Documents/robot_smoothing/install/robot_waypoint_pkg/bin'
[1.718s] INFO:colcon.colcon_core.shell:Creating package script '/home/syafihidayat/Documents/robot_smoothing/install/robot_waypoint_pkg/share/robot_waypoint_pkg/package.ps1'
[1.720s] INFO:colcon.colcon_core.shell:Creating package descriptor '/home/syafihidayat/Documents/robot_smoothing/install/robot_waypoint_pkg/share/robot_waypoint_pkg/package.dsv'
[1.722s] INFO:colcon.colcon_core.shell:Creating package script '/home/syafihidayat/Documents/robot_smoothing/install/robot_waypoint_pkg/share/robot_waypoint_pkg/package.sh'
[1.723s] INFO:colcon.colcon_core.shell:Creating package script '/home/syafihidayat/Documents/robot_smoothing/install/robot_waypoint_pkg/share/robot_waypoint_pkg/package.bash'
[1.724s] INFO:colcon.colcon_core.shell:Creating package script '/home/syafihidayat/Documents/robot_smoothing/install/robot_waypoint_pkg/share/robot_waypoint_pkg/package.zsh'
[1.725s] Level 1:colcon.colcon_core.environment:create_file_with_runtime_dependencies(/home/syafihidayat/Documents/robot_smoothing/install/robot_waypoint_pkg/share/colcon-core/packages/robot_waypoint_pkg)
[1.726s] Level 1:colcon.colcon_core.environment:create_environment_scripts_only(robot_waypoint_pkg)
[1.727s] Level 1:colcon.colcon_core.environment:checking '/home/syafihidayat/Documents/robot_smoothing/install/robot_waypoint_pkg' for CMake module files
[1.727s] Level 1:colcon.colcon_core.environment:checking '/home/syafihidayat/Documents/robot_smoothing/install/robot_waypoint_pkg' for CMake config files
[1.728s] Level 1:colcon.colcon_core.shell:create_environment_hook('robot_waypoint_pkg', 'cmake_prefix_path')
[1.728s] INFO:colcon.colcon_core.shell:Creating environment hook '/home/syafihidayat/Documents/robot_smoothing/install/robot_waypoint_pkg/share/robot_waypoint_pkg/hook/cmake_prefix_path.ps1'
[1.729s] INFO:colcon.colcon_core.shell:Creating environment descriptor '/home/syafihidayat/Documents/robot_smoothing/install/robot_waypoint_pkg/share/robot_waypoint_pkg/hook/cmake_prefix_path.dsv'
[1.729s] INFO:colcon.colcon_core.shell:Creating environment hook '/home/syafihidayat/Documents/robot_smoothing/install/robot_waypoint_pkg/share/robot_waypoint_pkg/hook/cmake_prefix_path.sh'
[1.730s] Level 1:colcon.colcon_core.environment:checking '/home/syafihidayat/Documents/robot_smoothing/install/robot_waypoint_pkg/lib'
[1.731s] Level 1:colcon.colcon_core.environment:checking '/home/syafihidayat/Documents/robot_smoothing/install/robot_waypoint_pkg/bin'
[1.731s] Level 1:colcon.colcon_core.environment:checking '/home/syafihidayat/Documents/robot_smoothing/install/robot_waypoint_pkg/lib/pkgconfig/robot_waypoint_pkg.pc'
[1.731s] Level 1:colcon.colcon_core.environment:checking '/home/syafihidayat/Documents/robot_smoothing/install/robot_waypoint_pkg/lib/python3.10/site-packages'
[1.732s] Level 1:colcon.colcon_core.environment:checking '/home/syafihidayat/Documents/robot_smoothing/install/robot_waypoint_pkg/bin'
[1.732s] INFO:colcon.colcon_core.shell:Creating package script '/home/syafihidayat/Documents/robot_smoothing/install/robot_waypoint_pkg/share/robot_waypoint_pkg/package.ps1'
[1.733s] INFO:colcon.colcon_core.shell:Creating package descriptor '/home/syafihidayat/Documents/robot_smoothing/install/robot_waypoint_pkg/share/robot_waypoint_pkg/package.dsv'
[1.735s] INFO:colcon.colcon_core.shell:Creating package script '/home/syafihidayat/Documents/robot_smoothing/install/robot_waypoint_pkg/share/robot_waypoint_pkg/package.sh'
[1.736s] INFO:colcon.colcon_core.shell:Creating package script '/home/syafihidayat/Documents/robot_smoothing/install/robot_waypoint_pkg/share/robot_waypoint_pkg/package.bash'
[1.738s] INFO:colcon.colcon_core.shell:Creating package script '/home/syafihidayat/Documents/robot_smoothing/install/robot_waypoint_pkg/share/robot_waypoint_pkg/package.zsh'
[1.739s] Level 1:colcon.colcon_core.environment:create_file_with_runtime_dependencies(/home/syafihidayat/Documents/robot_smoothing/install/robot_waypoint_pkg/share/colcon-core/packages/robot_waypoint_pkg)
[2.352s] DEBUG:colcon.colcon_core.task.python.build:Available setuptools commands: install, bdist, clean, check, bdist_wheel, rotate, extract_messages, install_scripts, symlink_data, install_lib, init_catalog, install_data, build, test, alias, bdist_dumb, dist_info, compile_catalog, saveopts, bdist_egg, install_headers, register, egg_info, build_py, upload_docs, build_scripts, easy_install, sdist, develop, setopt, bdist_rpm, build_clib, upload, build_ext, install_egg_info, update_catalog
[2.359s] DEBUG:colcon.colcon_core.event_handler.log_command:Invoking command in '/home/syafihidayat/Documents/robot_smoothing/src/robot_gui_pkg': PYTHONPATH=/home/syafihidayat/Documents/robot_smoothing/build/robot_gui_pkg/prefix_override:/usr/lib/python3/dist-packages/colcon_core/task/python/colcon_distutils_commands:/home/syafihidayat/Documents/robot_smoothing/install/robot_gui_pkg/lib/python3.10/site-packages:${PYTHONPATH} /usr/bin/python3 -W ignore:setup.py install is deprecated -W ignore:easy_install command is deprecated setup.py egg_info --egg-base ../../build/robot_gui_pkg build --build-base /home/syafihidayat/Documents/robot_smoothing/build/robot_gui_pkg/build install --record /home/syafihidayat/Documents/robot_smoothing/build/robot_gui_pkg/install.log --install-scripts $base/lib/robot_gui_pkg --single-version-externally-managed install_data
[3.011s] Level 1:colcon.colcon_core.environment:checking '/home/syafihidayat/Documents/robot_smoothing/install/robot_gui_pkg' for CMake module files
[3.012s] DEBUG:colcon.colcon_core.event_handler.log_command:Invoked command in '/home/syafihidayat/Documents/robot_smoothing/src/robot_gui_pkg' returned '0': PYTHONPATH=/home/syafihidayat/Documents/robot_smoothing/build/robot_gui_pkg/prefix_override:/usr/lib/python3/dist-packages/colcon_core/task/python/colcon_distutils_commands:/home/syafihidayat/Documents/robot_smoothing/install/robot_gui_pkg/lib/python3.10/site-packages:${PYTHONPATH} /usr/bin/python3 -W ignore:setup.py install is deprecated -W ignore:easy_install command is deprecated setup.py egg_info --egg-base ../../build/robot_gui_pkg build --build-base /home/syafihidayat/Documents/robot_smoothing/build/robot_gui_pkg/build install --record /home/syafihidayat/Documents/robot_smoothing/build/robot_gui_pkg/install.log --install-scripts $base/lib/robot_gui_pkg --single-version-externally-managed install_data
[3.013s] Level 1:colcon.colcon_core.environment:checking '/home/syafihidayat/Documents/robot_smoothing/install/robot_gui_pkg' for CMake config files
[3.014s] Level 1:colcon.colcon_core.environment:checking '/home/syafihidayat/Documents/robot_smoothing/install/robot_gui_pkg/lib'
[3.014s] Level 1:colcon.colcon_core.environment:checking '/home/syafihidayat/Documents/robot_smoothing/install/robot_gui_pkg/bin'
[3.014s] Level 1:colcon.colcon_core.environment:checking '/home/syafihidayat/Documents/robot_smoothing/install/robot_gui_pkg/lib/pkgconfig/robot_gui_pkg.pc'
[3.014s] Level 1:colcon.colcon_core.environment:checking '/home/syafihidayat/Documents/robot_smoothing/install/robot_gui_pkg/lib/python3.10/site-packages'
[3.014s] Level 1:colcon.colcon_core.shell:create_environment_hook('robot_gui_pkg', 'pythonpath')
[3.014s] INFO:colcon.colcon_core.shell:Creating environment hook '/home/syafihidayat/Documents/robot_smoothing/install/robot_gui_pkg/share/robot_gui_pkg/hook/pythonpath.ps1'
[3.015s] INFO:colcon.colcon_core.shell:Creating environment descriptor '/home/syafihidayat/Documents/robot_smoothing/install/robot_gui_pkg/share/robot_gui_pkg/hook/pythonpath.dsv'
[3.016s] INFO:colcon.colcon_core.shell:Creating environment hook '/home/syafihidayat/Documents/robot_smoothing/install/robot_gui_pkg/share/robot_gui_pkg/hook/pythonpath.sh'
[3.017s] Level 1:colcon.colcon_core.environment:checking '/home/syafihidayat/Documents/robot_smoothing/install/robot_gui_pkg/bin'
[3.017s] Level 1:colcon.colcon_core.environment:create_environment_scripts_only(robot_gui_pkg)
[3.018s] INFO:colcon.colcon_core.shell:Creating package script '/home/syafihidayat/Documents/robot_smoothing/install/robot_gui_pkg/share/robot_gui_pkg/package.ps1'
[3.020s] INFO:colcon.colcon_core.shell:Creating package descriptor '/home/syafihidayat/Documents/robot_smoothing/install/robot_gui_pkg/share/robot_gui_pkg/package.dsv'
[3.022s] INFO:colcon.colcon_core.shell:Creating package script '/home/syafihidayat/Documents/robot_smoothing/install/robot_gui_pkg/share/robot_gui_pkg/package.sh'
[3.023s] INFO:colcon.colcon_core.shell:Creating package script '/home/syafihidayat/Documents/robot_smoothing/install/robot_gui_pkg/share/robot_gui_pkg/package.bash'
[3.024s] INFO:colcon.colcon_core.shell:Creating package script '/home/syafihidayat/Documents/robot_smoothing/install/robot_gui_pkg/share/robot_gui_pkg/package.zsh'
[3.025s] Level 1:colcon.colcon_core.environment:create_file_with_runtime_dependencies(/home/syafihidayat/Documents/robot_smoothing/install/robot_gui_pkg/share/colcon-core/packages/robot_gui_pkg)
[22.494s] DEBUG:colcon.colcon_core.event_handler.log_command:Invoked command in '/home/syafihidayat/Documents/robot_smoothing/build/purpuresuit_pkg' returned '0': CMAKE_PREFIX_PATH=${CMAKE_PREFIX_PATH}:/home/syafihidayat/Documents/robot_smoothing/install/robot_gui_pkg:/opt/ros/humble /usr/bin/cmake --build /home/syafihidayat/Documents/robot_smoothing/build/purpuresuit_pkg -- -j16 -l16
[22.498s] DEBUG:colcon.colcon_core.event_handler.log_command:Invoking command in '/home/syafihidayat/Documents/robot_smoothing/build/purpuresuit_pkg': CMAKE_PREFIX_PATH=${CMAKE_PREFIX_PATH}:/home/syafihidayat/Documents/robot_smoothing/install/robot_gui_pkg:/opt/ros/humble /usr/bin/cmake --install /home/syafihidayat/Documents/robot_smoothing/build/purpuresuit_pkg
[22.548s] Level 1:colcon.colcon_core.environment:create_environment_scripts_only(purpuresuit_pkg)
[22.550s] Level 1:colcon.colcon_core.environment:checking '/home/syafihidayat/Documents/robot_smoothing/install/purpuresuit_pkg' for CMake module files
[22.550s] DEBUG:colcon.colcon_core.event_handler.log_command:Invoked command in '/home/syafihidayat/Documents/robot_smoothing/build/purpuresuit_pkg' returned '0': CMAKE_PREFIX_PATH=${CMAKE_PREFIX_PATH}:/home/syafihidayat/Documents/robot_smoothing/install/robot_gui_pkg:/opt/ros/humble /usr/bin/cmake --install /home/syafihidayat/Documents/robot_smoothing/build/purpuresuit_pkg
[22.551s] Level 1:colcon.colcon_core.environment:checking '/home/syafihidayat/Documents/robot_smoothing/install/purpuresuit_pkg' for CMake config files
[22.551s] Level 1:colcon.colcon_core.shell:create_environment_hook('purpuresuit_pkg', 'cmake_prefix_path')
[22.551s] INFO:colcon.colcon_core.shell:Creating environment hook '/home/syafihidayat/Documents/robot_smoothing/install/purpuresuit_pkg/share/purpuresuit_pkg/hook/cmake_prefix_path.ps1'
[22.556s] INFO:colcon.colcon_core.shell:Creating environment descriptor '/home/syafihidayat/Documents/robot_smoothing/install/purpuresuit_pkg/share/purpuresuit_pkg/hook/cmake_prefix_path.dsv'
[22.559s] INFO:colcon.colcon_core.shell:Creating environment hook '/home/syafihidayat/Documents/robot_smoothing/install/purpuresuit_pkg/share/purpuresuit_pkg/hook/cmake_prefix_path.sh'
[22.560s] Level 1:colcon.colcon_core.environment:checking '/home/syafihidayat/Documents/robot_smoothing/install/purpuresuit_pkg/lib'
[22.560s] Level 1:colcon.colcon_core.environment:checking '/home/syafihidayat/Documents/robot_smoothing/install/purpuresuit_pkg/bin'
[22.560s] Level 1:colcon.colcon_core.environment:checking '/home/syafihidayat/Documents/robot_smoothing/install/purpuresuit_pkg/lib/pkgconfig/purpuresuit_pkg.pc'
[22.560s] Level 1:colcon.colcon_core.environment:checking '/home/syafihidayat/Documents/robot_smoothing/install/purpuresuit_pkg/lib/python3.10/site-packages'
[22.561s] Level 1:colcon.colcon_core.environment:checking '/home/syafihidayat/Documents/robot_smoothing/install/purpuresuit_pkg/bin'
[22.562s] INFO:colcon.colcon_core.shell:Creating package script '/home/syafihidayat/Documents/robot_smoothing/install/purpuresuit_pkg/share/purpuresuit_pkg/package.ps1'
[22.563s] INFO:colcon.colcon_core.shell:Creating package descriptor '/home/syafihidayat/Documents/robot_smoothing/install/purpuresuit_pkg/share/purpuresuit_pkg/package.dsv'
[22.564s] INFO:colcon.colcon_core.shell:Creating package script '/home/syafihidayat/Documents/robot_smoothing/install/purpuresuit_pkg/share/purpuresuit_pkg/package.sh'
[22.565s] INFO:colcon.colcon_core.shell:Creating package script '/home/syafihidayat/Documents/robot_smoothing/install/purpuresuit_pkg/share/purpuresuit_pkg/package.bash'
[22.566s] INFO:colcon.colcon_core.shell:Creating package script '/home/syafihidayat/Documents/robot_smoothing/install/purpuresuit_pkg/share/purpuresuit_pkg/package.zsh'
[22.567s] Level 1:colcon.colcon_core.environment:create_file_with_runtime_dependencies(/home/syafihidayat/Documents/robot_smoothing/install/purpuresuit_pkg/share/colcon-core/packages/purpuresuit_pkg)
[22.568s] Level 1:colcon.colcon_core.environment:create_environment_scripts_only(purpuresuit_pkg)
[22.569s] Level 1:colcon.colcon_core.environment:checking '/home/syafihidayat/Documents/robot_smoothing/install/purpuresuit_pkg' for CMake module files
[22.570s] Level 1:colcon.colcon_core.environment:checking '/home/syafihidayat/Documents/robot_smoothing/install/purpuresuit_pkg' for CMake config files
[22.570s] Level 1:colcon.colcon_core.shell:create_environment_hook('purpuresuit_pkg', 'cmake_prefix_path')
[22.570s] INFO:colcon.colcon_core.shell:Creating environment hook '/home/syafihidayat/Documents/robot_smoothing/install/purpuresuit_pkg/share/purpuresuit_pkg/hook/cmake_prefix_path.ps1'
[22.572s] INFO:colcon.colcon_core.shell:Creating environment descriptor '/home/syafihidayat/Documents/robot_smoothing/install/purpuresuit_pkg/share/purpuresuit_pkg/hook/cmake_prefix_path.dsv'
[22.573s] INFO:colcon.colcon_core.shell:Creating environment hook '/home/syafihidayat/Documents/robot_smoothing/install/purpuresuit_pkg/share/purpuresuit_pkg/hook/cmake_prefix_path.sh'
[22.575s] Level 1:colcon.colcon_core.environment:checking '/home/syafihidayat/Documents/robot_smoothing/install/purpuresuit_pkg/lib'
[22.577s] Level 1:colcon.colcon_core.environment:checking '/home/syafihidayat/Documents/robot_smoothing/install/purpuresuit_pkg/bin'
[22.577s] Level 1:colcon.colcon_core.environment:checking '/home/syafihidayat/Documents/robot_smoothing/install/purpuresuit_pkg/lib/pkgconfig/purpuresuit_pkg.pc'
[22.577s] Level 1:colcon.colcon_core.environment:checking '/home/syafihidayat/Documents/robot_smoothing/install/purpuresuit_pkg/lib/python3.10/site-packages'
[22.577s] Level 1:colcon.colcon_core.environment:checking '/home/syafihidayat/Documents/robot_smoothing/install/purpuresuit_pkg/bin'
[22.578s] INFO:colcon.colcon_core.shell:Creating package script '/home/syafihidayat/Documents/robot_smoothing/install/purpuresuit_pkg/share/purpuresuit_pkg/package.ps1'
[22.579s] INFO:colcon.colcon_core.shell:Creating package descriptor '/home/syafihidayat/Documents/robot_smoothing/install/purpuresuit_pkg/share/purpuresuit_pkg/package.dsv'
[22.580s] INFO:colcon.colcon_core.shell:Creating package script '/home/syafihidayat/Documents/robot_smoothing/install/purpuresuit_pkg/share/purpuresuit_pkg/package.sh'
[22.580s] INFO:colcon.colcon_core.shell:Creating package script '/home/syafihidayat/Documents/robot_smoothing/install/purpuresuit_pkg/share/purpuresuit_pkg/package.bash'
[22.581s] INFO:colcon.colcon_core.shell:Creating package script '/home/syafihidayat/Documents/robot_smoothing/install/purpuresuit_pkg/share/purpuresuit_pkg/package.zsh'
[22.581s] Level 1:colcon.colcon_core.environment:create_file_with_runtime_dependencies(/home/syafihidayat/Documents/robot_smoothing/install/purpuresuit_pkg/share/colcon-core/packages/purpuresuit_pkg)
[22.639s] DEBUG:colcon.colcon_core.event_handler.log_command:Invoked command in '/home/syafihidayat/Documents/robot_smoothing/build/robot_main_pkg' returned '0': CMAKE_PREFIX_PATH=${CMAKE_PREFIX_PATH}:/home/syafihidayat/Documents/robot_smoothing/install/robot_gui_pkg:/opt/ros/humble /usr/bin/cmake --build /home/syafihidayat/Documents/robot_smoothing/build/robot_main_pkg -- -j16 -l16
[22.643s] DEBUG:colcon.colcon_core.event_handler.log_command:Invoking command in '/home/syafihidayat/Documents/robot_smoothing/build/robot_main_pkg': CMAKE_PREFIX_PATH=${CMAKE_PREFIX_PATH}:/home/syafihidayat/Documents/robot_smoothing/install/robot_gui_pkg:/opt/ros/humble /usr/bin/cmake --install /home/syafihidayat/Documents/robot_smoothing/build/robot_main_pkg
[22.681s] Level 1:colcon.colcon_core.environment:create_environment_scripts_only(robot_main_pkg)
[22.681s] Level 1:colcon.colcon_core.environment:checking '/home/syafihidayat/Documents/robot_smoothing/install/robot_main_pkg' for CMake module files
[22.682s] DEBUG:colcon.colcon_core.event_handler.log_command:Invoked command in '/home/syafihidayat/Documents/robot_smoothing/build/robot_main_pkg' returned '0': CMAKE_PREFIX_PATH=${CMAKE_PREFIX_PATH}:/home/syafihidayat/Documents/robot_smoothing/install/robot_gui_pkg:/opt/ros/humble /usr/bin/cmake --install /home/syafihidayat/Documents/robot_smoothing/build/robot_main_pkg
[22.683s] Level 1:colcon.colcon_core.environment:checking '/home/syafihidayat/Documents/robot_smoothing/install/robot_main_pkg' for CMake config files
[22.683s] Level 1:colcon.colcon_core.shell:create_environment_hook('robot_main_pkg', 'cmake_prefix_path')
[22.683s] INFO:colcon.colcon_core.shell:Creating environment hook '/home/syafihidayat/Documents/robot_smoothing/install/robot_main_pkg/share/robot_main_pkg/hook/cmake_prefix_path.ps1'
[22.684s] INFO:colcon.colcon_core.shell:Creating environment descriptor '/home/syafihidayat/Documents/robot_smoothing/install/robot_main_pkg/share/robot_main_pkg/hook/cmake_prefix_path.dsv'
[22.684s] INFO:colcon.colcon_core.shell:Creating environment hook '/home/syafihidayat/Documents/robot_smoothing/install/robot_main_pkg/share/robot_main_pkg/hook/cmake_prefix_path.sh'
[22.685s] Level 1:colcon.colcon_core.environment:checking '/home/syafihidayat/Documents/robot_smoothing/install/robot_main_pkg/lib'
[22.685s] Level 1:colcon.colcon_core.environment:checking '/home/syafihidayat/Documents/robot_smoothing/install/robot_main_pkg/bin'
[22.685s] Level 1:colcon.colcon_core.environment:checking '/home/syafihidayat/Documents/robot_smoothing/install/robot_main_pkg/lib/pkgconfig/robot_main_pkg.pc'
[22.685s] Level 1:colcon.colcon_core.environment:checking '/home/syafihidayat/Documents/robot_smoothing/install/robot_main_pkg/lib/python3.10/site-packages'
[22.686s] Level 1:colcon.colcon_core.environment:checking '/home/syafihidayat/Documents/robot_smoothing/install/robot_main_pkg/bin'
[22.686s] INFO:colcon.colcon_core.shell:Creating package script '/home/syafihidayat/Documents/robot_smoothing/install/robot_main_pkg/share/robot_main_pkg/package.ps1'
[22.688s] INFO:colcon.colcon_core.shell:Creating package descriptor '/home/syafihidayat/Documents/robot_smoothing/install/robot_main_pkg/share/robot_main_pkg/package.dsv'
[22.689s] INFO:colcon.colcon_core.shell:Creating package script '/home/syafihidayat/Documents/robot_smoothing/install/robot_main_pkg/share/robot_main_pkg/package.sh'
[22.690s] INFO:colcon.colcon_core.shell:Creating package script '/home/syafihidayat/Documents/robot_smoothing/install/robot_main_pkg/share/robot_main_pkg/package.bash'
[22.691s] INFO:colcon.colcon_core.shell:Creating package script '/home/syafihidayat/Documents/robot_smoothing/install/robot_main_pkg/share/robot_main_pkg/package.zsh'
[22.691s] Level 1:colcon.colcon_core.environment:create_file_with_runtime_dependencies(/home/syafihidayat/Documents/robot_smoothing/install/robot_main_pkg/share/colcon-core/packages/robot_main_pkg)
[22.693s] Level 1:colcon.colcon_core.environment:create_environment_scripts_only(robot_main_pkg)
[22.693s] Level 1:colcon.colcon_core.environment:checking '/home/syafihidayat/Documents/robot_smoothing/install/robot_main_pkg' for CMake module files
[22.693s] Level 1:colcon.colcon_core.environment:checking '/home/syafihidayat/Documents/robot_smoothing/install/robot_main_pkg' for CMake config files
[22.694s] Level 1:colcon.colcon_core.shell:create_environment_hook('robot_main_pkg', 'cmake_prefix_path')
[22.694s] INFO:colcon.colcon_core.shell:Creating environment hook '/home/syafihidayat/Documents/robot_smoothing/install/robot_main_pkg/share/robot_main_pkg/hook/cmake_prefix_path.ps1'
[22.695s] INFO:colcon.colcon_core.shell:Creating environment descriptor '/home/syafihidayat/Documents/robot_smoothing/install/robot_main_pkg/share/robot_main_pkg/hook/cmake_prefix_path.dsv'
[22.695s] INFO:colcon.colcon_core.shell:Creating environment hook '/home/syafihidayat/Documents/robot_smoothing/install/robot_main_pkg/share/robot_main_pkg/hook/cmake_prefix_path.sh'
[22.696s] Level 1:colcon.colcon_core.environment:checking '/home/syafihidayat/Documents/robot_smoothing/install/robot_main_pkg/lib'
[22.697s] Level 1:colcon.colcon_core.environment:checking '/home/syafihidayat/Documents/robot_smoothing/install/robot_main_pkg/bin'
[22.697s] Level 1:colcon.colcon_core.environment:checking '/home/syafihidayat/Documents/robot_smoothing/install/robot_main_pkg/lib/pkgconfig/robot_main_pkg.pc'
[22.697s] Level 1:colcon.colcon_core.environment:checking '/home/syafihidayat/Documents/robot_smoothing/install/robot_main_pkg/lib/python3.10/site-packages'
[22.698s] Level 1:colcon.colcon_core.environment:checking '/home/syafihidayat/Documents/robot_smoothing/install/robot_main_pkg/bin'
[22.698s] INFO:colcon.colcon_core.shell:Creating package script '/home/syafihidayat/Documents/robot_smoothing/install/robot_main_pkg/share/robot_main_pkg/package.ps1'
[22.699s] INFO:colcon.colcon_core.shell:Creating package descriptor '/home/syafihidayat/Documents/robot_smoothing/install/robot_main_pkg/share/robot_main_pkg/package.dsv'
[22.700s] INFO:colcon.colcon_core.shell:Creating package script '/home/syafihidayat/Documents/robot_smoothing/install/robot_main_pkg/share/robot_main_pkg/package.sh'
[22.700s] INFO:colcon.colcon_core.shell:Creating package script '/home/syafihidayat/Documents/robot_smoothing/install/robot_main_pkg/share/robot_main_pkg/package.bash'
[22.701s] INFO:colcon.colcon_core.shell:Creating package script '/home/syafihidayat/Documents/robot_smoothing/install/robot_main_pkg/share/robot_main_pkg/package.zsh'
[22.701s] Level 1:colcon.colcon_core.environment:create_file_with_runtime_dependencies(/home/syafihidayat/Documents/robot_smoothing/install/robot_main_pkg/share/colcon-core/packages/robot_main_pkg)
[22.701s] DEBUG:colcon.colcon_parallel_executor.executor.parallel:closing loop
[22.702s] DEBUG:colcon.colcon_parallel_executor.executor.parallel:loop closed
[22.702s] DEBUG:colcon.colcon_parallel_executor.executor.parallel:run_until_complete finished with '0'
[22.703s] DEBUG:colcon.colcon_core.event_reactor:joining thread
[22.724s] INFO:colcon.colcon_core.plugin_system:Skipping extension 'colcon_notification.desktop_notification.terminal_notifier': Not used on non-Darwin systems
[22.724s] INFO:colcon.colcon_core.plugin_system:Skipping extension 'colcon_notification.desktop_notification.win32': Not used on non-Windows systems
[22.724s] INFO:colcon.colcon_notification.desktop_notification:Sending desktop notification using 'notify2'
[22.753s] DEBUG:colcon.colcon_core.event_reactor:joined thread
[22.753s] INFO:colcon.colcon_core.shell:Creating prefix script '/home/syafihidayat/Documents/robot_smoothing/install/local_setup.ps1'
[22.756s] INFO:colcon.colcon_core.shell:Creating prefix util module '/home/syafihidayat/Documents/robot_smoothing/install/_local_setup_util_ps1.py'
[22.758s] INFO:colcon.colcon_core.shell:Creating prefix chain script '/home/syafihidayat/Documents/robot_smoothing/install/setup.ps1'
[22.762s] INFO:colcon.colcon_core.shell:Creating prefix script '/home/syafihidayat/Documents/robot_smoothing/install/local_setup.sh'
[22.764s] INFO:colcon.colcon_core.shell:Creating prefix util module '/home/syafihidayat/Documents/robot_smoothing/install/_local_setup_util_sh.py'
[22.764s] INFO:colcon.colcon_core.shell:Creating prefix chain script '/home/syafihidayat/Documents/robot_smoothing/install/setup.sh'
[22.766s] INFO:colcon.colcon_core.shell:Creating prefix script '/home/syafihidayat/Documents/robot_smoothing/install/local_setup.bash'
[22.767s] INFO:colcon.colcon_core.shell:Creating prefix chain script '/home/syafihidayat/Documents/robot_smoothing/install/setup.bash'
[22.770s] INFO:colcon.colcon_core.shell:Creating prefix script '/home/syafihidayat/Documents/robot_smoothing/install/local_setup.zsh'
[22.772s] INFO:colcon.colcon_core.shell:Creating prefix chain script '/home/syafihidayat/Documents/robot_smoothing/install/setup.zsh'
