[0.084s] DEBUG:colcon:Command line arguments: ['/usr/bin/colcon', 'build']
[0.084s] DEBUG:colcon:Parsed command line arguments: Namespace(log_base=None, log_level=None, verb_name='build', build_base='build', install_base='install', merge_install=False, symlink_install=False, test_result_base=None, continue_on_error=False, executor='parallel', parallel_workers=16, event_handlers=None, ignore_user_meta=False, metas=['./colcon.meta'], base_paths=['.'], packages_ignore=None, packages_ignore_regex=None, paths=None, packages_up_to=None, packages_up_to_regex=None, packages_above=None, packages_above_and_dependencies=None, packages_above_depth=None, packages_select_by_dep=None, packages_skip_by_dep=None, packages_skip_up_to=None, packages_select_build_failed=False, packages_skip_build_finished=False, packages_select_test_failures=False, packages_skip_test_passed=False, packages_select=None, packages_skip=None, packages_select_regex=None, packages_skip_regex=None, packages_start=None, packages_end=None, allow_overriding=[], cmake_args=None, cmake_target=None, cmake_target_skip_unavailable=False, cmake_clean_cache=False, cmake_clean_first=False, cmake_force_configure=False, ament_cmake_args=None, catkin_cmake_args=None, catkin_skip_building_tests=False, verb_parser=<colcon_defaults.argument_parser.defaults.DefaultArgumentsDecorator object at 0x78c6e947e6e0>, verb_extension=<colcon_core.verb.build.BuildVerb object at 0x78c6e95c44c0>, main=<bound method BuildVerb.main of <colcon_core.verb.build.BuildVerb object at 0x78c6e95c44c0>>)
[0.234s] Level 1:colcon.colcon_core.package_discovery:discover_packages(colcon_meta) check parameters
[0.234s] Level 1:colcon.colcon_core.package_discovery:discover_packages(recursive) check parameters
[0.234s] Level 1:colcon.colcon_core.package_discovery:discover_packages(ignore) check parameters
[0.235s] Level 1:colcon.colcon_core.package_discovery:discover_packages(path) check parameters
[0.235s] Level 1:colcon.colcon_core.package_discovery:discover_packages(colcon_meta) discover
[0.235s] Level 1:colcon.colcon_core.package_discovery:discover_packages(recursive) discover
[0.235s] INFO:colcon.colcon_core.package_discovery:Crawling recursively for packages in '/home/syafihidayat/Documents/robot_smoothing'
[0.235s] Level 1:colcon.colcon_core.package_identification:_identify(.) by extensions ['ignore', 'ignore_ament_install']
[0.235s] Level 1:colcon.colcon_core.package_identification:_identify(.) by extension 'ignore'
[0.235s] Level 1:colcon.colcon_core.package_identification:_identify(.) by extension 'ignore_ament_install'
[0.235s] Level 1:colcon.colcon_core.package_identification:_identify(.) by extensions ['colcon_pkg']
[0.235s] Level 1:colcon.colcon_core.package_identification:_identify(.) by extension 'colcon_pkg'
[0.235s] Level 1:colcon.colcon_core.package_identification:_identify(.) by extensions ['colcon_meta']
[0.235s] Level 1:colcon.colcon_core.package_identification:_identify(.) by extension 'colcon_meta'
[0.235s] Level 1:colcon.colcon_core.package_identification:_identify(.) by extensions ['ros']
[0.235s] Level 1:colcon.colcon_core.package_identification:_identify(.) by extension 'ros'
[0.274s] Level 1:colcon.colcon_core.package_identification:_identify(.) by extensions ['cmake', 'python']
[0.274s] Level 1:colcon.colcon_core.package_identification:_identify(.) by extension 'cmake'
[0.274s] Level 1:colcon.colcon_core.package_identification:_identify(.) by extension 'python'
[0.274s] Level 1:colcon.colcon_core.package_identification:_identify(.) by extensions ['python_setup_py']
[0.274s] Level 1:colcon.colcon_core.package_identification:_identify(.) by extension 'python_setup_py'
[0.275s] Level 1:colcon.colcon_core.package_identification:_identify(build) by extensions ['ignore', 'ignore_ament_install']
[0.275s] Level 1:colcon.colcon_core.package_identification:_identify(build) by extension 'ignore'
[0.275s] Level 1:colcon.colcon_core.package_identification:_identify(build) ignored
[0.275s] Level 1:colcon.colcon_core.package_identification:_identify(install) by extensions ['ignore', 'ignore_ament_install']
[0.275s] Level 1:colcon.colcon_core.package_identification:_identify(install) by extension 'ignore'
[0.275s] Level 1:colcon.colcon_core.package_identification:_identify(install) ignored
[0.275s] Level 1:colcon.colcon_core.package_identification:_identify(log) by extensions ['ignore', 'ignore_ament_install']
[0.275s] Level 1:colcon.colcon_core.package_identification:_identify(log) by extension 'ignore'
[0.275s] Level 1:colcon.colcon_core.package_identification:_identify(log) ignored
[0.275s] Level 1:colcon.colcon_core.package_identification:_identify(src) by extensions ['ignore', 'ignore_ament_install']
[0.275s] Level 1:colcon.colcon_core.package_identification:_identify(src) by extension 'ignore'
[0.275s] Level 1:colcon.colcon_core.package_identification:_identify(src) by extension 'ignore_ament_install'
[0.275s] Level 1:colcon.colcon_core.package_identification:_identify(src) by extensions ['colcon_pkg']
[0.275s] Level 1:colcon.colcon_core.package_identification:_identify(src) by extension 'colcon_pkg'
[0.275s] Level 1:colcon.colcon_core.package_identification:_identify(src) by extensions ['colcon_meta']
[0.275s] Level 1:colcon.colcon_core.package_identification:_identify(src) by extension 'colcon_meta'
[0.275s] Level 1:colcon.colcon_core.package_identification:_identify(src) by extensions ['ros']
[0.275s] Level 1:colcon.colcon_core.package_identification:_identify(src) by extension 'ros'
[0.275s] Level 1:colcon.colcon_core.package_identification:_identify(src) by extensions ['cmake', 'python']
[0.275s] Level 1:colcon.colcon_core.package_identification:_identify(src) by extension 'cmake'
[0.275s] Level 1:colcon.colcon_core.package_identification:_identify(src) by extension 'python'
[0.276s] Level 1:colcon.colcon_core.package_identification:_identify(src) by extensions ['python_setup_py']
[0.276s] Level 1:colcon.colcon_core.package_identification:_identify(src) by extension 'python_setup_py'
[0.276s] Level 1:colcon.colcon_core.package_identification:_identify(src/lbringup) by extensions ['ignore', 'ignore_ament_install']
[0.276s] Level 1:colcon.colcon_core.package_identification:_identify(src/lbringup) by extension 'ignore'
[0.276s] Level 1:colcon.colcon_core.package_identification:_identify(src/lbringup) by extension 'ignore_ament_install'
[0.276s] Level 1:colcon.colcon_core.package_identification:_identify(src/lbringup) by extensions ['colcon_pkg']
[0.276s] Level 1:colcon.colcon_core.package_identification:_identify(src/lbringup) by extension 'colcon_pkg'
[0.276s] Level 1:colcon.colcon_core.package_identification:_identify(src/lbringup) by extensions ['colcon_meta']
[0.276s] Level 1:colcon.colcon_core.package_identification:_identify(src/lbringup) by extension 'colcon_meta'
[0.276s] Level 1:colcon.colcon_core.package_identification:_identify(src/lbringup) by extensions ['ros']
[0.276s] Level 1:colcon.colcon_core.package_identification:_identify(src/lbringup) by extension 'ros'
[0.278s] DEBUG:colcon.colcon_core.package_identification:Package 'src/lbringup' with type 'ros.ament_cmake' and name 'lbringup'
[0.278s] Level 1:colcon.colcon_core.package_identification:_identify(src/purpuresuit_pkg) by extensions ['ignore', 'ignore_ament_install']
[0.278s] Level 1:colcon.colcon_core.package_identification:_identify(src/purpuresuit_pkg) by extension 'ignore'
[0.278s] Level 1:colcon.colcon_core.package_identification:_identify(src/purpuresuit_pkg) by extension 'ignore_ament_install'
[0.279s] Level 1:colcon.colcon_core.package_identification:_identify(src/purpuresuit_pkg) by extensions ['colcon_pkg']
[0.279s] Level 1:colcon.colcon_core.package_identification:_identify(src/purpuresuit_pkg) by extension 'colcon_pkg'
[0.279s] Level 1:colcon.colcon_core.package_identification:_identify(src/purpuresuit_pkg) by extensions ['colcon_meta']
[0.279s] Level 1:colcon.colcon_core.package_identification:_identify(src/purpuresuit_pkg) by extension 'colcon_meta'
[0.279s] Level 1:colcon.colcon_core.package_identification:_identify(src/purpuresuit_pkg) by extensions ['ros']
[0.279s] Level 1:colcon.colcon_core.package_identification:_identify(src/purpuresuit_pkg) by extension 'ros'
[0.279s] DEBUG:colcon.colcon_core.package_identification:Package 'src/purpuresuit_pkg' with type 'ros.ament_cmake' and name 'purpuresuit_pkg'
[0.279s] Level 1:colcon.colcon_core.package_identification:_identify(src/robot_gui_pkg) by extensions ['ignore', 'ignore_ament_install']
[0.279s] Level 1:colcon.colcon_core.package_identification:_identify(src/robot_gui_pkg) by extension 'ignore'
[0.279s] Level 1:colcon.colcon_core.package_identification:_identify(src/robot_gui_pkg) by extension 'ignore_ament_install'
[0.279s] Level 1:colcon.colcon_core.package_identification:_identify(src/robot_gui_pkg) by extensions ['colcon_pkg']
[0.279s] Level 1:colcon.colcon_core.package_identification:_identify(src/robot_gui_pkg) by extension 'colcon_pkg'
[0.279s] Level 1:colcon.colcon_core.package_identification:_identify(src/robot_gui_pkg) by extensions ['colcon_meta']
[0.279s] Level 1:colcon.colcon_core.package_identification:_identify(src/robot_gui_pkg) by extension 'colcon_meta'
[0.279s] Level 1:colcon.colcon_core.package_identification:_identify(src/robot_gui_pkg) by extensions ['ros']
[0.279s] Level 1:colcon.colcon_core.package_identification:_identify(src/robot_gui_pkg) by extension 'ros'
[0.280s] DEBUG:colcon.colcon_core.package_identification:Package 'src/robot_gui_pkg' with type 'ros.ament_python' and name 'robot_gui_pkg'
[0.280s] Level 1:colcon.colcon_core.package_identification:_identify(src/robot_main_pkg) by extensions ['ignore', 'ignore_ament_install']
[0.280s] Level 1:colcon.colcon_core.package_identification:_identify(src/robot_main_pkg) by extension 'ignore'
[0.280s] Level 1:colcon.colcon_core.package_identification:_identify(src/robot_main_pkg) by extension 'ignore_ament_install'
[0.280s] Level 1:colcon.colcon_core.package_identification:_identify(src/robot_main_pkg) by extensions ['colcon_pkg']
[0.280s] Level 1:colcon.colcon_core.package_identification:_identify(src/robot_main_pkg) by extension 'colcon_pkg'
[0.280s] Level 1:colcon.colcon_core.package_identification:_identify(src/robot_main_pkg) by extensions ['colcon_meta']
[0.280s] Level 1:colcon.colcon_core.package_identification:_identify(src/robot_main_pkg) by extension 'colcon_meta'
[0.280s] Level 1:colcon.colcon_core.package_identification:_identify(src/robot_main_pkg) by extensions ['ros']
[0.280s] Level 1:colcon.colcon_core.package_identification:_identify(src/robot_main_pkg) by extension 'ros'
[0.280s] DEBUG:colcon.colcon_core.package_identification:Package 'src/robot_main_pkg' with type 'ros.ament_cmake' and name 'robot_main_pkg'
[0.281s] Level 1:colcon.colcon_core.package_identification:_identify(src/robot_waypoint_pkg) by extensions ['ignore', 'ignore_ament_install']
[0.281s] Level 1:colcon.colcon_core.package_identification:_identify(src/robot_waypoint_pkg) by extension 'ignore'
[0.281s] Level 1:colcon.colcon_core.package_identification:_identify(src/robot_waypoint_pkg) by extension 'ignore_ament_install'
[0.281s] Level 1:colcon.colcon_core.package_identification:_identify(src/robot_waypoint_pkg) by extensions ['colcon_pkg']
[0.281s] Level 1:colcon.colcon_core.package_identification:_identify(src/robot_waypoint_pkg) by extension 'colcon_pkg'
[0.281s] Level 1:colcon.colcon_core.package_identification:_identify(src/robot_waypoint_pkg) by extensions ['colcon_meta']
[0.281s] Level 1:colcon.colcon_core.package_identification:_identify(src/robot_waypoint_pkg) by extension 'colcon_meta'
[0.281s] Level 1:colcon.colcon_core.package_identification:_identify(src/robot_waypoint_pkg) by extensions ['ros']
[0.281s] Level 1:colcon.colcon_core.package_identification:_identify(src/robot_waypoint_pkg) by extension 'ros'
[0.281s] DEBUG:colcon.colcon_core.package_identification:Package 'src/robot_waypoint_pkg' with type 'ros.ament_cmake' and name 'robot_waypoint_pkg'
[0.281s] Level 1:colcon.colcon_core.package_discovery:discover_packages(recursive) using defaults
[0.281s] Level 1:colcon.colcon_core.package_discovery:discover_packages(ignore) discover
[0.281s] Level 1:colcon.colcon_core.package_discovery:discover_packages(ignore) using defaults
[0.281s] Level 1:colcon.colcon_core.package_discovery:discover_packages(path) discover
[0.281s] Level 1:colcon.colcon_core.package_discovery:discover_packages(path) using defaults
[0.298s] Level 1:colcon.colcon_core.package_discovery:discover_packages(prefix_path) check parameters
[0.298s] Level 1:colcon.colcon_core.package_discovery:discover_packages(prefix_path) discover
[0.300s] DEBUG:colcon.colcon_installed_package_information.package_discovery:Found 5 installed packages in /home/syafihidayat/Documents/robot_smoothing/install
[0.300s] DEBUG:colcon.colcon_installed_package_information.package_discovery:Found 3 installed packages in /home/syafihidayat/microros_ws/install
[0.300s] DEBUG:colcon.colcon_installed_package_information.package_discovery:Found 2 installed packages in /home/syafihidayat/Documents/ros2_lidar/install
[0.302s] DEBUG:colcon.colcon_installed_package_information.package_discovery:Found 401 installed packages in /opt/ros/humble
[0.303s] Level 1:colcon.colcon_core.package_discovery:discover_packages(prefix_path) using defaults
[0.341s] Level 5:colcon.colcon_core.verb:set package 'lbringup' build argument 'cmake_args' from command line to 'None'
[0.341s] Level 5:colcon.colcon_core.verb:set package 'lbringup' build argument 'cmake_target' from command line to 'None'
[0.342s] Level 5:colcon.colcon_core.verb:set package 'lbringup' build argument 'cmake_target_skip_unavailable' from command line to 'False'
[0.342s] Level 5:colcon.colcon_core.verb:set package 'lbringup' build argument 'cmake_clean_cache' from command line to 'False'
[0.342s] Level 5:colcon.colcon_core.verb:set package 'lbringup' build argument 'cmake_clean_first' from command line to 'False'
[0.342s] Level 5:colcon.colcon_core.verb:set package 'lbringup' build argument 'cmake_force_configure' from command line to 'False'
[0.342s] Level 5:colcon.colcon_core.verb:set package 'lbringup' build argument 'ament_cmake_args' from command line to 'None'
[0.342s] Level 5:colcon.colcon_core.verb:set package 'lbringup' build argument 'catkin_cmake_args' from command line to 'None'
[0.342s] Level 5:colcon.colcon_core.verb:set package 'lbringup' build argument 'catkin_skip_building_tests' from command line to 'False'
[0.342s] DEBUG:colcon.colcon_core.verb:Building package 'lbringup' with the following arguments: {'ament_cmake_args': None, 'build_base': '/home/syafihidayat/Documents/robot_smoothing/build/lbringup', 'catkin_cmake_args': None, 'catkin_skip_building_tests': False, 'cmake_args': None, 'cmake_clean_cache': False, 'cmake_clean_first': False, 'cmake_force_configure': False, 'cmake_target': None, 'cmake_target_skip_unavailable': False, 'install_base': '/home/syafihidayat/Documents/robot_smoothing/install/lbringup', 'merge_install': False, 'path': '/home/syafihidayat/Documents/robot_smoothing/src/lbringup', 'symlink_install': False, 'test_result_base': None}
[0.342s] Level 5:colcon.colcon_core.verb:set package 'purpuresuit_pkg' build argument 'cmake_args' from command line to 'None'
[0.342s] Level 5:colcon.colcon_core.verb:set package 'purpuresuit_pkg' build argument 'cmake_target' from command line to 'None'
[0.342s] Level 5:colcon.colcon_core.verb:set package 'purpuresuit_pkg' build argument 'cmake_target_skip_unavailable' from command line to 'False'
[0.342s] Level 5:colcon.colcon_core.verb:set package 'purpuresuit_pkg' build argument 'cmake_clean_cache' from command line to 'False'
[0.342s] Level 5:colcon.colcon_core.verb:set package 'purpuresuit_pkg' build argument 'cmake_clean_first' from command line to 'False'
[0.342s] Level 5:colcon.colcon_core.verb:set package 'purpuresuit_pkg' build argument 'cmake_force_configure' from command line to 'False'
[0.342s] Level 5:colcon.colcon_core.verb:set package 'purpuresuit_pkg' build argument 'ament_cmake_args' from command line to 'None'
[0.342s] Level 5:colcon.colcon_core.verb:set package 'purpuresuit_pkg' build argument 'catkin_cmake_args' from command line to 'None'
[0.342s] Level 5:colcon.colcon_core.verb:set package 'purpuresuit_pkg' build argument 'catkin_skip_building_tests' from command line to 'False'
[0.342s] DEBUG:colcon.colcon_core.verb:Building package 'purpuresuit_pkg' with the following arguments: {'ament_cmake_args': None, 'build_base': '/home/syafihidayat/Documents/robot_smoothing/build/purpuresuit_pkg', 'catkin_cmake_args': None, 'catkin_skip_building_tests': False, 'cmake_args': None, 'cmake_clean_cache': False, 'cmake_clean_first': False, 'cmake_force_configure': False, 'cmake_target': None, 'cmake_target_skip_unavailable': False, 'install_base': '/home/syafihidayat/Documents/robot_smoothing/install/purpuresuit_pkg', 'merge_install': False, 'path': '/home/syafihidayat/Documents/robot_smoothing/src/purpuresuit_pkg', 'symlink_install': False, 'test_result_base': None}
[0.342s] Level 5:colcon.colcon_core.verb:set package 'robot_gui_pkg' build argument 'cmake_args' from command line to 'None'
[0.342s] Level 5:colcon.colcon_core.verb:set package 'robot_gui_pkg' build argument 'cmake_target' from command line to 'None'
[0.342s] Level 5:colcon.colcon_core.verb:set package 'robot_gui_pkg' build argument 'cmake_target_skip_unavailable' from command line to 'False'
[0.342s] Level 5:colcon.colcon_core.verb:set package 'robot_gui_pkg' build argument 'cmake_clean_cache' from command line to 'False'
[0.342s] Level 5:colcon.colcon_core.verb:set package 'robot_gui_pkg' build argument 'cmake_clean_first' from command line to 'False'
[0.342s] Level 5:colcon.colcon_core.verb:set package 'robot_gui_pkg' build argument 'cmake_force_configure' from command line to 'False'
[0.342s] Level 5:colcon.colcon_core.verb:set package 'robot_gui_pkg' build argument 'ament_cmake_args' from command line to 'None'
[0.342s] Level 5:colcon.colcon_core.verb:set package 'robot_gui_pkg' build argument 'catkin_cmake_args' from command line to 'None'
[0.342s] Level 5:colcon.colcon_core.verb:set package 'robot_gui_pkg' build argument 'catkin_skip_building_tests' from command line to 'False'
[0.342s] DEBUG:colcon.colcon_core.verb:Building package 'robot_gui_pkg' with the following arguments: {'ament_cmake_args': None, 'build_base': '/home/syafihidayat/Documents/robot_smoothing/build/robot_gui_pkg', 'catkin_cmake_args': None, 'catkin_skip_building_tests': False, 'cmake_args': None, 'cmake_clean_cache': False, 'cmake_clean_first': False, 'cmake_force_configure': False, 'cmake_target': None, 'cmake_target_skip_unavailable': False, 'install_base': '/home/syafihidayat/Documents/robot_smoothing/install/robot_gui_pkg', 'merge_install': False, 'path': '/home/syafihidayat/Documents/robot_smoothing/src/robot_gui_pkg', 'symlink_install': False, 'test_result_base': None}
[0.343s] Level 5:colcon.colcon_core.verb:set package 'robot_main_pkg' build argument 'cmake_args' from command line to 'None'
[0.343s] Level 5:colcon.colcon_core.verb:set package 'robot_main_pkg' build argument 'cmake_target' from command line to 'None'
[0.343s] Level 5:colcon.colcon_core.verb:set package 'robot_main_pkg' build argument 'cmake_target_skip_unavailable' from command line to 'False'
[0.343s] Level 5:colcon.colcon_core.verb:set package 'robot_main_pkg' build argument 'cmake_clean_cache' from command line to 'False'
[0.343s] Level 5:colcon.colcon_core.verb:set package 'robot_main_pkg' build argument 'cmake_clean_first' from command line to 'False'
[0.343s] Level 5:colcon.colcon_core.verb:set package 'robot_main_pkg' build argument 'cmake_force_configure' from command line to 'False'
[0.343s] Level 5:colcon.colcon_core.verb:set package 'robot_main_pkg' build argument 'ament_cmake_args' from command line to 'None'
[0.343s] Level 5:colcon.colcon_core.verb:set package 'robot_main_pkg' build argument 'catkin_cmake_args' from command line to 'None'
[0.343s] Level 5:colcon.colcon_core.verb:set package 'robot_main_pkg' build argument 'catkin_skip_building_tests' from command line to 'False'
[0.343s] DEBUG:colcon.colcon_core.verb:Building package 'robot_main_pkg' with the following arguments: {'ament_cmake_args': None, 'build_base': '/home/syafihidayat/Documents/robot_smoothing/build/robot_main_pkg', 'catkin_cmake_args': None, 'catkin_skip_building_tests': False, 'cmake_args': None, 'cmake_clean_cache': False, 'cmake_clean_first': False, 'cmake_force_configure': False, 'cmake_target': None, 'cmake_target_skip_unavailable': False, 'install_base': '/home/syafihidayat/Documents/robot_smoothing/install/robot_main_pkg', 'merge_install': False, 'path': '/home/syafihidayat/Documents/robot_smoothing/src/robot_main_pkg', 'symlink_install': False, 'test_result_base': None}
[0.343s] Level 5:colcon.colcon_core.verb:set package 'robot_waypoint_pkg' build argument 'cmake_args' from command line to 'None'
[0.343s] Level 5:colcon.colcon_core.verb:set package 'robot_waypoint_pkg' build argument 'cmake_target' from command line to 'None'
[0.343s] Level 5:colcon.colcon_core.verb:set package 'robot_waypoint_pkg' build argument 'cmake_target_skip_unavailable' from command line to 'False'
[0.343s] Level 5:colcon.colcon_core.verb:set package 'robot_waypoint_pkg' build argument 'cmake_clean_cache' from command line to 'False'
[0.343s] Level 5:colcon.colcon_core.verb:set package 'robot_waypoint_pkg' build argument 'cmake_clean_first' from command line to 'False'
[0.343s] Level 5:colcon.colcon_core.verb:set package 'robot_waypoint_pkg' build argument 'cmake_force_configure' from command line to 'False'
[0.343s] Level 5:colcon.colcon_core.verb:set package 'robot_waypoint_pkg' build argument 'ament_cmake_args' from command line to 'None'
[0.343s] Level 5:colcon.colcon_core.verb:set package 'robot_waypoint_pkg' build argument 'catkin_cmake_args' from command line to 'None'
[0.343s] Level 5:colcon.colcon_core.verb:set package 'robot_waypoint_pkg' build argument 'catkin_skip_building_tests' from command line to 'False'
[0.343s] DEBUG:colcon.colcon_core.verb:Building package 'robot_waypoint_pkg' with the following arguments: {'ament_cmake_args': None, 'build_base': '/home/syafihidayat/Documents/robot_smoothing/build/robot_waypoint_pkg', 'catkin_cmake_args': None, 'catkin_skip_building_tests': False, 'cmake_args': None, 'cmake_clean_cache': False, 'cmake_clean_first': False, 'cmake_force_configure': False, 'cmake_target': None, 'cmake_target_skip_unavailable': False, 'install_base': '/home/syafihidayat/Documents/robot_smoothing/install/robot_waypoint_pkg', 'merge_install': False, 'path': '/home/syafihidayat/Documents/robot_smoothing/src/robot_waypoint_pkg', 'symlink_install': False, 'test_result_base': None}
[0.343s] INFO:colcon.colcon_core.executor:Executing jobs using 'parallel' executor
[0.344s] DEBUG:colcon.colcon_parallel_executor.executor.parallel:run_until_complete
[0.345s] INFO:colcon.colcon_ros.task.ament_cmake.build:Building ROS package in '/home/syafihidayat/Documents/robot_smoothing/src/lbringup' with build type 'ament_cmake'
[0.345s] INFO:colcon.colcon_cmake.task.cmake.build:Building CMake package in '/home/syafihidayat/Documents/robot_smoothing/src/lbringup'
[0.346s] INFO:colcon.colcon_core.plugin_system:Skipping extension 'colcon_core.shell.bat': Not used on non-Windows systems
[0.346s] INFO:colcon.colcon_core.shell:Skip shell extension 'powershell' for command environment: Not usable outside of PowerShell
[0.346s] DEBUG:colcon.colcon_core.shell:Skip shell extension 'dsv' for command environment
[0.351s] INFO:colcon.colcon_ros.task.ament_cmake.build:Building ROS package in '/home/syafihidayat/Documents/robot_smoothing/src/purpuresuit_pkg' with build type 'ament_cmake'
[0.351s] INFO:colcon.colcon_cmake.task.cmake.build:Building CMake package in '/home/syafihidayat/Documents/robot_smoothing/src/purpuresuit_pkg'
[0.351s] INFO:colcon.colcon_core.shell:Skip shell extension 'powershell' for command environment: Not usable outside of PowerShell
[0.351s] DEBUG:colcon.colcon_core.shell:Skip shell extension 'dsv' for command environment
[0.356s] INFO:colcon.colcon_ros.task.ament_python.build:Building ROS package in '/home/syafihidayat/Documents/robot_smoothing/src/robot_gui_pkg' with build type 'ament_python'
[0.356s] Level 1:colcon.colcon_core.shell:create_environment_hook('robot_gui_pkg', 'ament_prefix_path')
[0.356s] INFO:colcon.colcon_core.shell:Creating environment hook '/home/syafihidayat/Documents/robot_smoothing/install/robot_gui_pkg/share/robot_gui_pkg/hook/ament_prefix_path.ps1'
[0.358s] INFO:colcon.colcon_core.shell:Creating environment descriptor '/home/syafihidayat/Documents/robot_smoothing/install/robot_gui_pkg/share/robot_gui_pkg/hook/ament_prefix_path.dsv'
[0.358s] INFO:colcon.colcon_core.shell:Creating environment hook '/home/syafihidayat/Documents/robot_smoothing/install/robot_gui_pkg/share/robot_gui_pkg/hook/ament_prefix_path.sh'
[0.359s] INFO:colcon.colcon_core.shell:Skip shell extension 'powershell' for command environment: Not usable outside of PowerShell
[0.359s] DEBUG:colcon.colcon_core.shell:Skip shell extension 'dsv' for command environment
[0.364s] INFO:colcon.colcon_ros.task.ament_cmake.build:Building ROS package in '/home/syafihidayat/Documents/robot_smoothing/src/robot_main_pkg' with build type 'ament_cmake'
[0.364s] INFO:colcon.colcon_cmake.task.cmake.build:Building CMake package in '/home/syafihidayat/Documents/robot_smoothing/src/robot_main_pkg'
[0.364s] INFO:colcon.colcon_core.shell:Skip shell extension 'powershell' for command environment: Not usable outside of PowerShell
[0.364s] DEBUG:colcon.colcon_core.shell:Skip shell extension 'dsv' for command environment
[0.369s] INFO:colcon.colcon_ros.task.ament_cmake.build:Building ROS package in '/home/syafihidayat/Documents/robot_smoothing/src/robot_waypoint_pkg' with build type 'ament_cmake'
[0.369s] INFO:colcon.colcon_cmake.task.cmake.build:Building CMake package in '/home/syafihidayat/Documents/robot_smoothing/src/robot_waypoint_pkg'
[0.370s] INFO:colcon.colcon_core.shell:Skip shell extension 'powershell' for command environment: Not usable outside of PowerShell
[0.370s] DEBUG:colcon.colcon_core.shell:Skip shell extension 'dsv' for command environment
[0.380s] DEBUG:colcon.colcon_core.event_handler.log_command:Invoking command in '/home/syafihidayat/Documents/robot_smoothing/build/lbringup': CMAKE_PREFIX_PATH=${CMAKE_PREFIX_PATH}:/home/syafihidayat/Documents/robot_smoothing/install/robot_gui_pkg:/opt/ros/humble /usr/bin/cmake --build /home/syafihidayat/Documents/robot_smoothing/build/lbringup -- -j16 -l16
[0.387s] DEBUG:colcon.colcon_core.event_handler.log_command:Invoking command in '/home/syafihidayat/Documents/robot_smoothing/build/purpuresuit_pkg': CMAKE_PREFIX_PATH=${CMAKE_PREFIX_PATH}:/home/syafihidayat/Documents/robot_smoothing/install/robot_gui_pkg:/opt/ros/humble /usr/bin/cmake --build /home/syafihidayat/Documents/robot_smoothing/build/purpuresuit_pkg -- -j16 -l16
[0.652s] INFO:colcon.colcon_core.task.python.build:Building Python package in '/home/syafihidayat/Documents/robot_smoothing/src/robot_gui_pkg'
[0.652s] INFO:colcon.colcon_core.shell:Skip shell extension 'powershell' for command environment: Not usable outside of PowerShell
[0.653s] DEBUG:colcon.colcon_core.shell:Skip shell extension 'dsv' for command environment
[0.660s] DEBUG:colcon.colcon_core.event_handler.log_command:Invoking command in '/home/syafihidayat/Documents/robot_smoothing/build/robot_main_pkg': CMAKE_PREFIX_PATH=${CMAKE_PREFIX_PATH}:/home/syafihidayat/Documents/robot_smoothing/install/robot_gui_pkg:/opt/ros/humble /usr/bin/cmake --build /home/syafihidayat/Documents/robot_smoothing/build/robot_main_pkg -- -j16 -l16
[0.668s] DEBUG:colcon.colcon_core.event_handler.log_command:Invoking command in '/home/syafihidayat/Documents/robot_smoothing/build/robot_waypoint_pkg': CMAKE_PREFIX_PATH=${CMAKE_PREFIX_PATH}:/home/syafihidayat/Documents/robot_smoothing/install/robot_gui_pkg:/opt/ros/humble /usr/bin/cmake --build /home/syafihidayat/Documents/robot_smoothing/build/robot_waypoint_pkg -- -j16 -l16
[0.669s] DEBUG:colcon.colcon_core.event_handler.log_command:Invoked command in '/home/syafihidayat/Documents/robot_smoothing/build/lbringup' returned '0': CMAKE_PREFIX_PATH=${CMAKE_PREFIX_PATH}:/home/syafihidayat/Documents/robot_smoothing/install/robot_gui_pkg:/opt/ros/humble /usr/bin/cmake --build /home/syafihidayat/Documents/robot_smoothing/build/lbringup -- -j16 -l16
[0.684s] DEBUG:colcon.colcon_core.event_handler.log_command:Invoking command in '/home/syafihidayat/Documents/robot_smoothing/build/lbringup': CMAKE_PREFIX_PATH=${CMAKE_PREFIX_PATH}:/home/syafihidayat/Documents/robot_smoothing/install/robot_gui_pkg:/opt/ros/humble /usr/bin/cmake --install /home/syafihidayat/Documents/robot_smoothing/build/lbringup
[0.698s] Level 1:colcon.colcon_core.environment:create_environment_scripts_only(lbringup)
[0.699s] DEBUG:colcon.colcon_core.event_handler.log_command:Invoked command in '/home/syafihidayat/Documents/robot_smoothing/build/lbringup' returned '0': CMAKE_PREFIX_PATH=${CMAKE_PREFIX_PATH}:/home/syafihidayat/Documents/robot_smoothing/install/robot_gui_pkg:/opt/ros/humble /usr/bin/cmake --install /home/syafihidayat/Documents/robot_smoothing/build/lbringup
[0.705s] Level 1:colcon.colcon_core.environment:checking '/home/syafihidayat/Documents/robot_smoothing/install/lbringup' for CMake module files
[0.706s] Level 1:colcon.colcon_core.environment:checking '/home/syafihidayat/Documents/robot_smoothing/install/lbringup' for CMake config files
[0.706s] Level 1:colcon.colcon_core.shell:create_environment_hook('lbringup', 'cmake_prefix_path')
[0.706s] INFO:colcon.colcon_core.shell:Creating environment hook '/home/syafihidayat/Documents/robot_smoothing/install/lbringup/share/lbringup/hook/cmake_prefix_path.ps1'
[0.707s] INFO:colcon.colcon_core.shell:Creating environment descriptor '/home/syafihidayat/Documents/robot_smoothing/install/lbringup/share/lbringup/hook/cmake_prefix_path.dsv'
[0.707s] INFO:colcon.colcon_core.shell:Creating environment hook '/home/syafihidayat/Documents/robot_smoothing/install/lbringup/share/lbringup/hook/cmake_prefix_path.sh'
[0.708s] Level 1:colcon.colcon_core.environment:checking '/home/syafihidayat/Documents/robot_smoothing/install/lbringup/bin'
[0.708s] Level 1:colcon.colcon_core.environment:checking '/home/syafihidayat/Documents/robot_smoothing/install/lbringup/lib/pkgconfig/lbringup.pc'
[0.708s] Level 1:colcon.colcon_core.environment:checking '/home/syafihidayat/Documents/robot_smoothing/install/lbringup/lib/python3.10/site-packages'
[0.708s] Level 1:colcon.colcon_core.environment:checking '/home/syafihidayat/Documents/robot_smoothing/install/lbringup/bin'
[0.709s] INFO:colcon.colcon_core.shell:Creating package script '/home/syafihidayat/Documents/robot_smoothing/install/lbringup/share/lbringup/package.ps1'
[0.711s] INFO:colcon.colcon_core.shell:Creating package descriptor '/home/syafihidayat/Documents/robot_smoothing/install/lbringup/share/lbringup/package.dsv'
[0.711s] INFO:colcon.colcon_core.shell:Creating package script '/home/syafihidayat/Documents/robot_smoothing/install/lbringup/share/lbringup/package.sh'
[0.712s] INFO:colcon.colcon_core.shell:Creating package script '/home/syafihidayat/Documents/robot_smoothing/install/lbringup/share/lbringup/package.bash'
[0.713s] INFO:colcon.colcon_core.shell:Creating package script '/home/syafihidayat/Documents/robot_smoothing/install/lbringup/share/lbringup/package.zsh'
[0.714s] Level 1:colcon.colcon_core.environment:create_file_with_runtime_dependencies(/home/syafihidayat/Documents/robot_smoothing/install/lbringup/share/colcon-core/packages/lbringup)
[0.715s] Level 1:colcon.colcon_core.environment:create_environment_scripts_only(lbringup)
[0.715s] Level 1:colcon.colcon_core.environment:checking '/home/syafihidayat/Documents/robot_smoothing/install/lbringup' for CMake module files
[0.715s] Level 1:colcon.colcon_core.environment:checking '/home/syafihidayat/Documents/robot_smoothing/install/lbringup' for CMake config files
[0.715s] Level 1:colcon.colcon_core.shell:create_environment_hook('lbringup', 'cmake_prefix_path')
[0.716s] INFO:colcon.colcon_core.shell:Creating environment hook '/home/syafihidayat/Documents/robot_smoothing/install/lbringup/share/lbringup/hook/cmake_prefix_path.ps1'
[0.716s] INFO:colcon.colcon_core.shell:Creating environment descriptor '/home/syafihidayat/Documents/robot_smoothing/install/lbringup/share/lbringup/hook/cmake_prefix_path.dsv'
[0.716s] INFO:colcon.colcon_core.shell:Creating environment hook '/home/syafihidayat/Documents/robot_smoothing/install/lbringup/share/lbringup/hook/cmake_prefix_path.sh'
[0.717s] Level 1:colcon.colcon_core.environment:checking '/home/syafihidayat/Documents/robot_smoothing/install/lbringup/bin'
[0.717s] Level 1:colcon.colcon_core.environment:checking '/home/syafihidayat/Documents/robot_smoothing/install/lbringup/lib/pkgconfig/lbringup.pc'
[0.717s] Level 1:colcon.colcon_core.environment:checking '/home/syafihidayat/Documents/robot_smoothing/install/lbringup/lib/python3.10/site-packages'
[0.718s] Level 1:colcon.colcon_core.environment:checking '/home/syafihidayat/Documents/robot_smoothing/install/lbringup/bin'
[0.718s] INFO:colcon.colcon_core.shell:Creating package script '/home/syafihidayat/Documents/robot_smoothing/install/lbringup/share/lbringup/package.ps1'
[0.719s] INFO:colcon.colcon_core.shell:Creating package descriptor '/home/syafihidayat/Documents/robot_smoothing/install/lbringup/share/lbringup/package.dsv'
[0.719s] INFO:colcon.colcon_core.shell:Creating package script '/home/syafihidayat/Documents/robot_smoothing/install/lbringup/share/lbringup/package.sh'
[0.720s] INFO:colcon.colcon_core.shell:Creating package script '/home/syafihidayat/Documents/robot_smoothing/install/lbringup/share/lbringup/package.bash'
[0.720s] INFO:colcon.colcon_core.shell:Creating package script '/home/syafihidayat/Documents/robot_smoothing/install/lbringup/share/lbringup/package.zsh'
[0.721s] Level 1:colcon.colcon_core.environment:create_file_with_runtime_dependencies(/home/syafihidayat/Documents/robot_smoothing/install/lbringup/share/colcon-core/packages/lbringup)
[0.774s] DEBUG:colcon.colcon_core.event_handler.log_command:Invoked command in '/home/syafihidayat/Documents/robot_smoothing/build/robot_main_pkg' returned '0': CMAKE_PREFIX_PATH=${CMAKE_PREFIX_PATH}:/home/syafihidayat/Documents/robot_smoothing/install/robot_gui_pkg:/opt/ros/humble /usr/bin/cmake --build /home/syafihidayat/Documents/robot_smoothing/build/robot_main_pkg -- -j16 -l16
[0.777s] DEBUG:colcon.colcon_core.event_handler.log_command:Invoking command in '/home/syafihidayat/Documents/robot_smoothing/build/robot_main_pkg': CMAKE_PREFIX_PATH=${CMAKE_PREFIX_PATH}:/home/syafihidayat/Documents/robot_smoothing/install/robot_gui_pkg:/opt/ros/humble /usr/bin/cmake --install /home/syafihidayat/Documents/robot_smoothing/build/robot_main_pkg
[0.792s] Level 1:colcon.colcon_core.environment:create_environment_scripts_only(robot_main_pkg)
[0.793s] Level 1:colcon.colcon_core.environment:checking '/home/syafihidayat/Documents/robot_smoothing/install/robot_main_pkg' for CMake module files
[0.793s] DEBUG:colcon.colcon_core.event_handler.log_command:Invoked command in '/home/syafihidayat/Documents/robot_smoothing/build/robot_main_pkg' returned '0': CMAKE_PREFIX_PATH=${CMAKE_PREFIX_PATH}:/home/syafihidayat/Documents/robot_smoothing/install/robot_gui_pkg:/opt/ros/humble /usr/bin/cmake --install /home/syafihidayat/Documents/robot_smoothing/build/robot_main_pkg
[0.794s] Level 1:colcon.colcon_core.environment:checking '/home/syafihidayat/Documents/robot_smoothing/install/robot_main_pkg' for CMake config files
[0.794s] Level 1:colcon.colcon_core.shell:create_environment_hook('robot_main_pkg', 'cmake_prefix_path')
[0.794s] INFO:colcon.colcon_core.shell:Creating environment hook '/home/syafihidayat/Documents/robot_smoothing/install/robot_main_pkg/share/robot_main_pkg/hook/cmake_prefix_path.ps1'
[0.794s] INFO:colcon.colcon_core.shell:Creating environment descriptor '/home/syafihidayat/Documents/robot_smoothing/install/robot_main_pkg/share/robot_main_pkg/hook/cmake_prefix_path.dsv'
[0.795s] INFO:colcon.colcon_core.shell:Creating environment hook '/home/syafihidayat/Documents/robot_smoothing/install/robot_main_pkg/share/robot_main_pkg/hook/cmake_prefix_path.sh'
[0.795s] Level 1:colcon.colcon_core.environment:checking '/home/syafihidayat/Documents/robot_smoothing/install/robot_main_pkg/lib'
[0.795s] Level 1:colcon.colcon_core.environment:checking '/home/syafihidayat/Documents/robot_smoothing/install/robot_main_pkg/bin'
[0.795s] Level 1:colcon.colcon_core.environment:checking '/home/syafihidayat/Documents/robot_smoothing/install/robot_main_pkg/lib/pkgconfig/robot_main_pkg.pc'
[0.796s] Level 1:colcon.colcon_core.environment:checking '/home/syafihidayat/Documents/robot_smoothing/install/robot_main_pkg/lib/python3.10/site-packages'
[0.796s] Level 1:colcon.colcon_core.environment:checking '/home/syafihidayat/Documents/robot_smoothing/install/robot_main_pkg/bin'
[0.796s] INFO:colcon.colcon_core.shell:Creating package script '/home/syafihidayat/Documents/robot_smoothing/install/robot_main_pkg/share/robot_main_pkg/package.ps1'
[0.797s] INFO:colcon.colcon_core.shell:Creating package descriptor '/home/syafihidayat/Documents/robot_smoothing/install/robot_main_pkg/share/robot_main_pkg/package.dsv'
[0.797s] INFO:colcon.colcon_core.shell:Creating package script '/home/syafihidayat/Documents/robot_smoothing/install/robot_main_pkg/share/robot_main_pkg/package.sh'
[0.798s] INFO:colcon.colcon_core.shell:Creating package script '/home/syafihidayat/Documents/robot_smoothing/install/robot_main_pkg/share/robot_main_pkg/package.bash'
[0.798s] INFO:colcon.colcon_core.shell:Creating package script '/home/syafihidayat/Documents/robot_smoothing/install/robot_main_pkg/share/robot_main_pkg/package.zsh'
[0.798s] Level 1:colcon.colcon_core.environment:create_file_with_runtime_dependencies(/home/syafihidayat/Documents/robot_smoothing/install/robot_main_pkg/share/colcon-core/packages/robot_main_pkg)
[0.799s] Level 1:colcon.colcon_core.environment:create_environment_scripts_only(robot_main_pkg)
[0.799s] Level 1:colcon.colcon_core.environment:checking '/home/syafihidayat/Documents/robot_smoothing/install/robot_main_pkg' for CMake module files
[0.799s] Level 1:colcon.colcon_core.environment:checking '/home/syafihidayat/Documents/robot_smoothing/install/robot_main_pkg' for CMake config files
[0.799s] Level 1:colcon.colcon_core.shell:create_environment_hook('robot_main_pkg', 'cmake_prefix_path')
[0.799s] INFO:colcon.colcon_core.shell:Creating environment hook '/home/syafihidayat/Documents/robot_smoothing/install/robot_main_pkg/share/robot_main_pkg/hook/cmake_prefix_path.ps1'
[0.800s] INFO:colcon.colcon_core.shell:Creating environment descriptor '/home/syafihidayat/Documents/robot_smoothing/install/robot_main_pkg/share/robot_main_pkg/hook/cmake_prefix_path.dsv'
[0.800s] INFO:colcon.colcon_core.shell:Creating environment hook '/home/syafihidayat/Documents/robot_smoothing/install/robot_main_pkg/share/robot_main_pkg/hook/cmake_prefix_path.sh'
[0.800s] Level 1:colcon.colcon_core.environment:checking '/home/syafihidayat/Documents/robot_smoothing/install/robot_main_pkg/lib'
[0.801s] Level 1:colcon.colcon_core.environment:checking '/home/syafihidayat/Documents/robot_smoothing/install/robot_main_pkg/bin'
[0.801s] Level 1:colcon.colcon_core.environment:checking '/home/syafihidayat/Documents/robot_smoothing/install/robot_main_pkg/lib/pkgconfig/robot_main_pkg.pc'
[0.801s] Level 1:colcon.colcon_core.environment:checking '/home/syafihidayat/Documents/robot_smoothing/install/robot_main_pkg/lib/python3.10/site-packages'
[0.801s] Level 1:colcon.colcon_core.environment:checking '/home/syafihidayat/Documents/robot_smoothing/install/robot_main_pkg/bin'
[0.801s] INFO:colcon.colcon_core.shell:Creating package script '/home/syafihidayat/Documents/robot_smoothing/install/robot_main_pkg/share/robot_main_pkg/package.ps1'
[0.802s] INFO:colcon.colcon_core.shell:Creating package descriptor '/home/syafihidayat/Documents/robot_smoothing/install/robot_main_pkg/share/robot_main_pkg/package.dsv'
[0.802s] INFO:colcon.colcon_core.shell:Creating package script '/home/syafihidayat/Documents/robot_smoothing/install/robot_main_pkg/share/robot_main_pkg/package.sh'
[0.802s] INFO:colcon.colcon_core.shell:Creating package script '/home/syafihidayat/Documents/robot_smoothing/install/robot_main_pkg/share/robot_main_pkg/package.bash'
[0.803s] INFO:colcon.colcon_core.shell:Creating package script '/home/syafihidayat/Documents/robot_smoothing/install/robot_main_pkg/share/robot_main_pkg/package.zsh'
[0.803s] Level 1:colcon.colcon_core.environment:create_file_with_runtime_dependencies(/home/syafihidayat/Documents/robot_smoothing/install/robot_main_pkg/share/colcon-core/packages/robot_main_pkg)
[1.153s] DEBUG:colcon.colcon_core.task.python.build:Available setuptools commands: symlink_data, check, rotate, alias, saveopts, bdist_dumb, setopt, install_lib, dist_info, build_py, upload_docs, extract_messages, install_data, install_scripts, upload, egg_info, install_egg_info, bdist_rpm, sdist, test, build_ext, build_clib, register, bdist, update_catalog, easy_install, install_headers, build_scripts, build, bdist_egg, compile_catalog, init_catalog, bdist_wheel, develop, install, clean
[1.158s] DEBUG:colcon.colcon_core.event_handler.log_command:Invoking command in '/home/syafihidayat/Documents/robot_smoothing/src/robot_gui_pkg': PYTHONPATH=/home/syafihidayat/Documents/robot_smoothing/build/robot_gui_pkg/prefix_override:/usr/lib/python3/dist-packages/colcon_core/task/python/colcon_distutils_commands:/home/syafihidayat/Documents/robot_smoothing/install/robot_gui_pkg/lib/python3.10/site-packages:${PYTHONPATH} /usr/bin/python3 -W ignore:setup.py install is deprecated -W ignore:easy_install command is deprecated setup.py egg_info --egg-base ../../build/robot_gui_pkg build --build-base /home/syafihidayat/Documents/robot_smoothing/build/robot_gui_pkg/build install --record /home/syafihidayat/Documents/robot_smoothing/build/robot_gui_pkg/install.log --install-scripts $base/lib/robot_gui_pkg --single-version-externally-managed install_data
[1.645s] Level 1:colcon.colcon_core.environment:checking '/home/syafihidayat/Documents/robot_smoothing/install/robot_gui_pkg' for CMake module files
[1.646s] DEBUG:colcon.colcon_core.event_handler.log_command:Invoked command in '/home/syafihidayat/Documents/robot_smoothing/src/robot_gui_pkg' returned '0': PYTHONPATH=/home/syafihidayat/Documents/robot_smoothing/build/robot_gui_pkg/prefix_override:/usr/lib/python3/dist-packages/colcon_core/task/python/colcon_distutils_commands:/home/syafihidayat/Documents/robot_smoothing/install/robot_gui_pkg/lib/python3.10/site-packages:${PYTHONPATH} /usr/bin/python3 -W ignore:setup.py install is deprecated -W ignore:easy_install command is deprecated setup.py egg_info --egg-base ../../build/robot_gui_pkg build --build-base /home/syafihidayat/Documents/robot_smoothing/build/robot_gui_pkg/build install --record /home/syafihidayat/Documents/robot_smoothing/build/robot_gui_pkg/install.log --install-scripts $base/lib/robot_gui_pkg --single-version-externally-managed install_data
[1.646s] Level 1:colcon.colcon_core.environment:checking '/home/syafihidayat/Documents/robot_smoothing/install/robot_gui_pkg' for CMake config files
[1.647s] Level 1:colcon.colcon_core.environment:checking '/home/syafihidayat/Documents/robot_smoothing/install/robot_gui_pkg/lib'
[1.648s] Level 1:colcon.colcon_core.environment:checking '/home/syafihidayat/Documents/robot_smoothing/install/robot_gui_pkg/bin'
[1.648s] Level 1:colcon.colcon_core.environment:checking '/home/syafihidayat/Documents/robot_smoothing/install/robot_gui_pkg/lib/pkgconfig/robot_gui_pkg.pc'
[1.648s] Level 1:colcon.colcon_core.environment:checking '/home/syafihidayat/Documents/robot_smoothing/install/robot_gui_pkg/lib/python3.10/site-packages'
[1.648s] Level 1:colcon.colcon_core.shell:create_environment_hook('robot_gui_pkg', 'pythonpath')
[1.648s] INFO:colcon.colcon_core.shell:Creating environment hook '/home/syafihidayat/Documents/robot_smoothing/install/robot_gui_pkg/share/robot_gui_pkg/hook/pythonpath.ps1'
[1.649s] INFO:colcon.colcon_core.shell:Creating environment descriptor '/home/syafihidayat/Documents/robot_smoothing/install/robot_gui_pkg/share/robot_gui_pkg/hook/pythonpath.dsv'
[1.650s] INFO:colcon.colcon_core.shell:Creating environment hook '/home/syafihidayat/Documents/robot_smoothing/install/robot_gui_pkg/share/robot_gui_pkg/hook/pythonpath.sh'
[1.651s] Level 1:colcon.colcon_core.environment:checking '/home/syafihidayat/Documents/robot_smoothing/install/robot_gui_pkg/bin'
[1.651s] Level 1:colcon.colcon_core.environment:create_environment_scripts_only(robot_gui_pkg)
[1.651s] INFO:colcon.colcon_core.shell:Creating package script '/home/syafihidayat/Documents/robot_smoothing/install/robot_gui_pkg/share/robot_gui_pkg/package.ps1'
[1.652s] INFO:colcon.colcon_core.shell:Creating package descriptor '/home/syafihidayat/Documents/robot_smoothing/install/robot_gui_pkg/share/robot_gui_pkg/package.dsv'
[1.653s] INFO:colcon.colcon_core.shell:Creating package script '/home/syafihidayat/Documents/robot_smoothing/install/robot_gui_pkg/share/robot_gui_pkg/package.sh'
[1.654s] INFO:colcon.colcon_core.shell:Creating package script '/home/syafihidayat/Documents/robot_smoothing/install/robot_gui_pkg/share/robot_gui_pkg/package.bash'
[1.655s] INFO:colcon.colcon_core.shell:Creating package script '/home/syafihidayat/Documents/robot_smoothing/install/robot_gui_pkg/share/robot_gui_pkg/package.zsh'
[1.656s] Level 1:colcon.colcon_core.environment:create_file_with_runtime_dependencies(/home/syafihidayat/Documents/robot_smoothing/install/robot_gui_pkg/share/colcon-core/packages/robot_gui_pkg)
[74.873s] DEBUG:colcon.colcon_parallel_executor.executor.parallel:run_until_complete was interrupted
[74.906s] DEBUG:colcon.colcon_parallel_executor.executor.parallel:run_until_complete again
[74.959s] DEBUG:colcon.colcon_core.event_handler.log_command:Invoked command in '/home/syafihidayat/Documents/robot_smoothing/build/purpuresuit_pkg' returned '-2': CMAKE_PREFIX_PATH=${CMAKE_PREFIX_PATH}:/home/syafihidayat/Documents/robot_smoothing/install/robot_gui_pkg:/opt/ros/humble /usr/bin/cmake --build /home/syafihidayat/Documents/robot_smoothing/build/purpuresuit_pkg -- -j16 -l16
[74.985s] Level 1:colcon.colcon_core.environment:create_environment_scripts_only(purpuresuit_pkg)
[74.985s] Level 1:colcon.colcon_core.environment:checking '/home/syafihidayat/Documents/robot_smoothing/install/purpuresuit_pkg' for CMake module files
[75.014s] Level 1:colcon.colcon_core.environment:checking '/home/syafihidayat/Documents/robot_smoothing/install/purpuresuit_pkg' for CMake config files
[75.014s] Level 1:colcon.colcon_core.shell:create_environment_hook('purpuresuit_pkg', 'cmake_prefix_path')
[75.015s] INFO:colcon.colcon_core.shell:Creating environment hook '/home/syafihidayat/Documents/robot_smoothing/install/purpuresuit_pkg/share/purpuresuit_pkg/hook/cmake_prefix_path.ps1'
[75.048s] INFO:colcon.colcon_core.shell:Creating environment descriptor '/home/syafihidayat/Documents/robot_smoothing/install/purpuresuit_pkg/share/purpuresuit_pkg/hook/cmake_prefix_path.dsv'
[75.066s] INFO:colcon.colcon_core.shell:Creating environment hook '/home/syafihidayat/Documents/robot_smoothing/install/purpuresuit_pkg/share/purpuresuit_pkg/hook/cmake_prefix_path.sh'
[75.071s] Level 1:colcon.colcon_core.environment:checking '/home/syafihidayat/Documents/robot_smoothing/install/purpuresuit_pkg/lib'
[75.071s] Level 1:colcon.colcon_core.environment:checking '/home/syafihidayat/Documents/robot_smoothing/install/purpuresuit_pkg/bin'
[75.072s] Level 1:colcon.colcon_core.environment:checking '/home/syafihidayat/Documents/robot_smoothing/install/purpuresuit_pkg/lib/pkgconfig/purpuresuit_pkg.pc'
[75.072s] Level 1:colcon.colcon_core.environment:checking '/home/syafihidayat/Documents/robot_smoothing/install/purpuresuit_pkg/lib/python3.10/site-packages'
[75.072s] Level 1:colcon.colcon_core.environment:checking '/home/syafihidayat/Documents/robot_smoothing/install/purpuresuit_pkg/bin'
[75.073s] INFO:colcon.colcon_core.shell:Creating package script '/home/syafihidayat/Documents/robot_smoothing/install/purpuresuit_pkg/share/purpuresuit_pkg/package.ps1'
[75.075s] INFO:colcon.colcon_core.shell:Creating package descriptor '/home/syafihidayat/Documents/robot_smoothing/install/purpuresuit_pkg/share/purpuresuit_pkg/package.dsv'
[75.077s] INFO:colcon.colcon_core.shell:Creating package script '/home/syafihidayat/Documents/robot_smoothing/install/purpuresuit_pkg/share/purpuresuit_pkg/package.sh'
[75.080s] INFO:colcon.colcon_core.shell:Creating package script '/home/syafihidayat/Documents/robot_smoothing/install/purpuresuit_pkg/share/purpuresuit_pkg/package.bash'
[75.088s] INFO:colcon.colcon_core.shell:Creating package script '/home/syafihidayat/Documents/robot_smoothing/install/purpuresuit_pkg/share/purpuresuit_pkg/package.zsh'
[75.094s] Level 1:colcon.colcon_core.environment:create_file_with_runtime_dependencies(/home/syafihidayat/Documents/robot_smoothing/install/purpuresuit_pkg/share/colcon-core/packages/purpuresuit_pkg)
[75.102s] DEBUG:colcon.colcon_core.event_handler.log_command:Invoked command in '/home/syafihidayat/Documents/robot_smoothing/build/robot_waypoint_pkg' returned '-2': CMAKE_PREFIX_PATH=${CMAKE_PREFIX_PATH}:/home/syafihidayat/Documents/robot_smoothing/install/robot_gui_pkg:/opt/ros/humble /usr/bin/cmake --build /home/syafihidayat/Documents/robot_smoothing/build/robot_waypoint_pkg -- -j16 -l16
[75.108s] Level 1:colcon.colcon_core.environment:create_environment_scripts_only(robot_waypoint_pkg)
[75.109s] Level 1:colcon.colcon_core.environment:checking '/home/syafihidayat/Documents/robot_smoothing/install/robot_waypoint_pkg' for CMake module files
[75.115s] Level 1:colcon.colcon_core.environment:checking '/home/syafihidayat/Documents/robot_smoothing/install/robot_waypoint_pkg' for CMake config files
[75.116s] Level 1:colcon.colcon_core.shell:create_environment_hook('robot_waypoint_pkg', 'cmake_prefix_path')
[75.116s] INFO:colcon.colcon_core.shell:Creating environment hook '/home/syafihidayat/Documents/robot_smoothing/install/robot_waypoint_pkg/share/robot_waypoint_pkg/hook/cmake_prefix_path.ps1'
[75.117s] INFO:colcon.colcon_core.shell:Creating environment descriptor '/home/syafihidayat/Documents/robot_smoothing/install/robot_waypoint_pkg/share/robot_waypoint_pkg/hook/cmake_prefix_path.dsv'
[75.117s] INFO:colcon.colcon_core.shell:Creating environment hook '/home/syafihidayat/Documents/robot_smoothing/install/robot_waypoint_pkg/share/robot_waypoint_pkg/hook/cmake_prefix_path.sh'
[75.118s] Level 1:colcon.colcon_core.environment:checking '/home/syafihidayat/Documents/robot_smoothing/install/robot_waypoint_pkg/lib'
[75.118s] Level 1:colcon.colcon_core.environment:checking '/home/syafihidayat/Documents/robot_smoothing/install/robot_waypoint_pkg/bin'
[75.118s] Level 1:colcon.colcon_core.environment:checking '/home/syafihidayat/Documents/robot_smoothing/install/robot_waypoint_pkg/lib/pkgconfig/robot_waypoint_pkg.pc'
[75.118s] Level 1:colcon.colcon_core.environment:checking '/home/syafihidayat/Documents/robot_smoothing/install/robot_waypoint_pkg/lib/python3.10/site-packages'
[75.118s] Level 1:colcon.colcon_core.environment:checking '/home/syafihidayat/Documents/robot_smoothing/install/robot_waypoint_pkg/bin'
[75.119s] INFO:colcon.colcon_core.shell:Creating package script '/home/syafihidayat/Documents/robot_smoothing/install/robot_waypoint_pkg/share/robot_waypoint_pkg/package.ps1'
[75.119s] INFO:colcon.colcon_core.shell:Creating package descriptor '/home/syafihidayat/Documents/robot_smoothing/install/robot_waypoint_pkg/share/robot_waypoint_pkg/package.dsv'
[75.120s] INFO:colcon.colcon_core.shell:Creating package script '/home/syafihidayat/Documents/robot_smoothing/install/robot_waypoint_pkg/share/robot_waypoint_pkg/package.sh'
[75.120s] INFO:colcon.colcon_core.shell:Creating package script '/home/syafihidayat/Documents/robot_smoothing/install/robot_waypoint_pkg/share/robot_waypoint_pkg/package.bash'
[75.120s] INFO:colcon.colcon_core.shell:Creating package script '/home/syafihidayat/Documents/robot_smoothing/install/robot_waypoint_pkg/share/robot_waypoint_pkg/package.zsh'
[75.121s] Level 1:colcon.colcon_core.environment:create_file_with_runtime_dependencies(/home/syafihidayat/Documents/robot_smoothing/install/robot_waypoint_pkg/share/colcon-core/packages/robot_waypoint_pkg)
[75.132s] DEBUG:colcon.colcon_parallel_executor.executor.parallel:run_until_complete finished
[75.132s] DEBUG:colcon.colcon_parallel_executor.executor.parallel:closing loop
[75.133s] DEBUG:colcon.colcon_parallel_executor.executor.parallel:loop closed
[75.133s] DEBUG:colcon.colcon_core.event_reactor:joining thread
[75.330s] INFO:colcon.colcon_core.plugin_system:Skipping extension 'colcon_notification.desktop_notification.terminal_notifier': Not used on non-Darwin systems
[75.330s] INFO:colcon.colcon_core.plugin_system:Skipping extension 'colcon_notification.desktop_notification.win32': Not used on non-Windows systems
[75.330s] INFO:colcon.colcon_notification.desktop_notification:Sending desktop notification using 'notify2'
[75.381s] DEBUG:colcon.colcon_core.event_reactor:joined thread
[75.382s] INFO:colcon.colcon_core.shell:Creating prefix script '/home/syafihidayat/Documents/robot_smoothing/install/local_setup.ps1'
[75.385s] INFO:colcon.colcon_core.shell:Creating prefix util module '/home/syafihidayat/Documents/robot_smoothing/install/_local_setup_util_ps1.py'
[75.388s] INFO:colcon.colcon_core.shell:Creating prefix chain script '/home/syafihidayat/Documents/robot_smoothing/install/setup.ps1'
[75.412s] INFO:colcon.colcon_core.shell:Creating prefix script '/home/syafihidayat/Documents/robot_smoothing/install/local_setup.sh'
[75.413s] INFO:colcon.colcon_core.shell:Creating prefix util module '/home/syafihidayat/Documents/robot_smoothing/install/_local_setup_util_sh.py'
[75.414s] INFO:colcon.colcon_core.shell:Creating prefix chain script '/home/syafihidayat/Documents/robot_smoothing/install/setup.sh'
[75.416s] INFO:colcon.colcon_core.shell:Creating prefix script '/home/syafihidayat/Documents/robot_smoothing/install/local_setup.bash'
[75.418s] INFO:colcon.colcon_core.shell:Creating prefix chain script '/home/syafihidayat/Documents/robot_smoothing/install/setup.bash'
[75.422s] INFO:colcon.colcon_core.shell:Creating prefix script '/home/syafihidayat/Documents/robot_smoothing/install/local_setup.zsh'
[75.425s] INFO:colcon.colcon_core.shell:Creating prefix chain script '/home/syafihidayat/Documents/robot_smoothing/install/setup.zsh'
