[0.027s] Invoking command in '/home/syafihidayat/Documents/robot_smoothing/build/purpuresuit_pkg': CMAKE_PREFIX_PATH=${CMAKE_PREFIX_PATH}:/opt/ros/humble /usr/bin/cmake /home/syafihidayat/Documents/robot_smoothing/src/purpuresuit_pkg -DCMAKE_INSTALL_PREFIX=/home/syafihidayat/Documents/robot_smoothing/install/purpuresuit_pkg
[0.218s] -- The C compiler identification is GNU 11.4.0
[0.344s] -- The CXX compiler identification is GNU 11.4.0
[0.358s] -- Detecting C compiler ABI info
[0.452s] -- Detecting C compiler ABI info - done
[0.457s] -- Check for working C compiler: /usr/bin/cc - skipped
[0.458s] -- Detecting C compile features
[0.458s] -- Detecting C compile features - done
[0.462s] -- Detecting CXX compiler ABI info
[0.563s] -- Detecting CXX compiler ABI info - done
[0.570s] -- Check for working CXX compiler: /usr/bin/c++ - skipped
[0.570s] -- Detecting CXX compile features
[0.570s] -- Detecting CXX compile features - done
[0.578s] -- Found ament_cmake: 1.3.14 (/opt/ros/humble/share/ament_cmake/cmake)
[0.741s] -- Found Python3: /usr/bin/python3 (found version "3.10.12") found components: Interpreter 
[0.859s] -- Found ament_lint_auto: 0.12.15 (/opt/ros/humble/share/ament_lint_auto/cmake)
[0.986s] -- Added test 'cppcheck' to perform static code analysis on C / C++ code
[0.986s] -- Configured cppcheck include dirs: $<BUILD_INTERFACE:/home/syafihidayat/Documents/robot_smoothing/src/purpuresuit_pkg/include>
[0.986s] -- Configured cppcheck exclude dirs and/or files: 
[0.987s] -- Added test 'lint_cmake' to check CMake code style
[0.988s] -- Added test 'uncrustify' to check C / C++ code style
[0.988s] -- Configured uncrustify additional arguments: 
[0.989s] -- Added test 'xmllint' to check XML markup files
[0.991s] -- Configuring done
[0.996s] -- Generating done
[0.998s] -- Build files have been written to: /home/syafihidayat/Documents/robot_smoothing/build/purpuresuit_pkg
[1.009s] Invoked command in '/home/syafihidayat/Documents/robot_smoothing/build/purpuresuit_pkg' returned '0': CMAKE_PREFIX_PATH=${CMAKE_PREFIX_PATH}:/opt/ros/humble /usr/bin/cmake /home/syafihidayat/Documents/robot_smoothing/src/purpuresuit_pkg -DCMAKE_INSTALL_PREFIX=/home/syafihidayat/Documents/robot_smoothing/install/purpuresuit_pkg
[1.010s] Invoking command in '/home/syafihidayat/Documents/robot_smoothing/build/purpuresuit_pkg': CMAKE_PREFIX_PATH=${CMAKE_PREFIX_PATH}:/opt/ros/humble /usr/bin/cmake --build /home/syafihidayat/Documents/robot_smoothing/build/purpuresuit_pkg -- -j16 -l16
[1.065s] [ 50%] [32mBuilding CXX object CMakeFiles/purpuresuit.dir/src/purpuresuit.cpp.o[0m
[1.111s] [100%] [32m[1mLinking CXX executable purpuresuit[0m
[1.169s] [100%] Built target purpuresuit
