[0.031s] Invoking command in '/home/syafihidayat/Documents/robot_smoothing/build/robot_main_pkg': CMAKE_PREFIX_PATH=${CMAKE_PREFIX_PATH}:/opt/ros/humble /usr/bin/cmake --build /home/syafihidayat/Documents/robot_smoothing/build/robot_main_pkg -- -j16 -l16
[0.104s] [100%] Built target robot_main
[0.138s] Invoked command in '/home/syafihidayat/Documents/robot_smoothing/build/robot_main_pkg' returned '0': CMAKE_PREFIX_PATH=${CMAKE_PREFIX_PATH}:/opt/ros/humble /usr/bin/cmake --build /home/syafihidayat/Documents/robot_smoothing/build/robot_main_pkg -- -j16 -l16
[0.139s] Invoking command in '/home/syafihidayat/Documents/robot_smoothing/build/robot_main_pkg': CMAKE_PREFIX_PATH=${CMAKE_PREFIX_PATH}:/opt/ros/humble /usr/bin/cmake --install /home/syafihidayat/Documents/robot_smoothing/build/robot_main_pkg
[0.147s] -- Install configuration: ""
[0.147s] -- Up-to-date: /home/syafihidayat/Documents/robot_smoothing/install/robot_main_pkg/lib/robot_main_pkg/robot_main
[0.148s] -- Up-to-date: /home/syafihidayat/Documents/robot_smoothing/install/robot_main_pkg/share/ament_index/resource_index/package_run_dependencies/robot_main_pkg
[0.149s] -- Up-to-date: /home/syafihidayat/Documents/robot_smoothing/install/robot_main_pkg/share/ament_index/resource_index/parent_prefix_path/robot_main_pkg
[0.149s] -- Up-to-date: /home/syafihidayat/Documents/robot_smoothing/install/robot_main_pkg/share/robot_main_pkg/environment/ament_prefix_path.sh
[0.149s] -- Up-to-date: /home/syafihidayat/Documents/robot_smoothing/install/robot_main_pkg/share/robot_main_pkg/environment/ament_prefix_path.dsv
[0.151s] -- Up-to-date: /home/syafihidayat/Documents/robot_smoothing/install/robot_main_pkg/share/robot_main_pkg/environment/path.sh
[0.152s] -- Up-to-date: /home/syafihidayat/Documents/robot_smoothing/install/robot_main_pkg/share/robot_main_pkg/environment/path.dsv
[0.154s] -- Up-to-date: /home/syafihidayat/Documents/robot_smoothing/install/robot_main_pkg/share/robot_main_pkg/local_setup.bash
[0.156s] -- Up-to-date: /home/syafihidayat/Documents/robot_smoothing/install/robot_main_pkg/share/robot_main_pkg/local_setup.sh
[0.157s] -- Up-to-date: /home/syafihidayat/Documents/robot_smoothing/install/robot_main_pkg/share/robot_main_pkg/local_setup.zsh
[0.157s] -- Up-to-date: /home/syafihidayat/Documents/robot_smoothing/install/robot_main_pkg/share/robot_main_pkg/local_setup.dsv
[0.158s] -- Installing: /home/syafihidayat/Documents/robot_smoothing/install/robot_main_pkg/share/robot_main_pkg/package.dsv
[0.159s] -- Up-to-date: /home/syafihidayat/Documents/robot_smoothing/install/robot_main_pkg/share/ament_index/resource_index/packages/robot_main_pkg
[0.159s] -- Up-to-date: /home/syafihidayat/Documents/robot_smoothing/install/robot_main_pkg/share/robot_main_pkg/cmake/robot_main_pkgConfig.cmake
[0.159s] -- Up-to-date: /home/syafihidayat/Documents/robot_smoothing/install/robot_main_pkg/share/robot_main_pkg/cmake/robot_main_pkgConfig-version.cmake
[0.159s] -- Up-to-date: /home/syafihidayat/Documents/robot_smoothing/install/robot_main_pkg/share/robot_main_pkg/package.xml
[0.206s] Invoked command in '/home/syafihidayat/Documents/robot_smoothing/build/robot_main_pkg' returned '0': CMAKE_PREFIX_PATH=${CMAKE_PREFIX_PATH}:/opt/ros/humble /usr/bin/cmake --install /home/syafihidayat/Documents/robot_smoothing/build/robot_main_pkg
