[0.715s] Invoking command in '/home/syafihidayat/Documents/robot_smoothing/src/robot_gui_pkg': PYTHONPATH=/home/syafihidayat/Documents/robot_smoothing/build/robot_gui_pkg/prefix_override:/usr/lib/python3/dist-packages/colcon_core/task/python/colcon_distutils_commands:/home/syafihidayat/Documents/robot_smoothing/install/robot_gui_pkg/lib/python3.10/site-packages:${PYTHONPATH} /usr/bin/python3 -W ignore:setup.py install is deprecated -W ignore:easy_install command is deprecated setup.py egg_info --egg-base ../../build/robot_gui_pkg build --build-base /home/syafihidayat/Documents/robot_smoothing/build/robot_gui_pkg/build install --record /home/syafihidayat/Documents/robot_smoothing/build/robot_gui_pkg/install.log --install-scripts $base/lib/robot_gui_pkg --single-version-externally-managed install_data
[0.938s] running egg_info
[0.939s] writing ../../build/robot_gui_pkg/robot_gui_pkg.egg-info/PKG-INFO
[0.939s] writing dependency_links to ../../build/robot_gui_pkg/robot_gui_pkg.egg-info/dependency_links.txt
[0.939s] writing entry points to ../../build/robot_gui_pkg/robot_gui_pkg.egg-info/entry_points.txt
[0.939s] writing requirements to ../../build/robot_gui_pkg/robot_gui_pkg.egg-info/requires.txt
[0.939s] writing top-level names to ../../build/robot_gui_pkg/robot_gui_pkg.egg-info/top_level.txt
[0.941s] reading manifest file '../../build/robot_gui_pkg/robot_gui_pkg.egg-info/SOURCES.txt'
[0.942s] writing manifest file '../../build/robot_gui_pkg/robot_gui_pkg.egg-info/SOURCES.txt'
[0.942s] running build
[0.942s] running build_py
[0.942s] running install
[0.942s] running install_lib
[0.943s] running install_data
[0.944s] running install_egg_info
[0.945s] removing '/home/syafihidayat/Documents/robot_smoothing/install/robot_gui_pkg/lib/python3.10/site-packages/robot_gui_pkg-0.0.0-py3.10.egg-info' (and everything under it)
[0.946s] Copying ../../build/robot_gui_pkg/robot_gui_pkg.egg-info to /home/syafihidayat/Documents/robot_smoothing/install/robot_gui_pkg/lib/python3.10/site-packages/robot_gui_pkg-0.0.0-py3.10.egg-info
[0.946s] running install_scripts
[0.964s] Installing robot_gui script to /home/syafihidayat/Documents/robot_smoothing/install/robot_gui_pkg/lib/robot_gui_pkg
[0.965s] writing list of installed files to '/home/syafihidayat/Documents/robot_smoothing/build/robot_gui_pkg/install.log'
[0.999s] Invoked command in '/home/syafihidayat/Documents/robot_smoothing/src/robot_gui_pkg' returned '0': PYTHONPATH=/home/syafihidayat/Documents/robot_smoothing/build/robot_gui_pkg/prefix_override:/usr/lib/python3/dist-packages/colcon_core/task/python/colcon_distutils_commands:/home/syafihidayat/Documents/robot_smoothing/install/robot_gui_pkg/lib/python3.10/site-packages:${PYTHONPATH} /usr/bin/python3 -W ignore:setup.py install is deprecated -W ignore:easy_install command is deprecated setup.py egg_info --egg-base ../../build/robot_gui_pkg build --build-base /home/syafihidayat/Documents/robot_smoothing/build/robot_gui_pkg/build install --record /home/syafihidayat/Documents/robot_smoothing/build/robot_gui_pkg/install.log --install-scripts $base/lib/robot_gui_pkg --single-version-externally-managed install_data
