[0.314s] Invoking command in '/home/syafihidayat/Documents/robot_smoothing/build/robot_main_pkg': CMAKE_PREFIX_PATH=${CMAKE_PREFIX_PATH}:/opt/ros/humble /usr/bin/cmake --build /home/syafihidayat/Documents/robot_smoothing/build/robot_main_pkg -- -j16 -l16
[0.372s] -- Found ament_cmake: 1.3.14 (/opt/ros/humble/share/ament_cmake/cmake)
[0.596s] -- Found geometry_msgs: 4.9.1 (/opt/ros/humble/share/geometry_msgs/cmake)
[0.624s] -- Found rosidl_generator_c: 3.1.9 (/opt/ros/humble/share/rosidl_generator_c/cmake)
[0.625s] -- Found rosidl_adapter: 3.1.9 (/opt/ros/humble/share/rosidl_adapter/cmake)
[0.631s] -- Found rosidl_generator_cpp: 3.1.9 (/opt/ros/humble/share/rosidl_generator_cpp/cmake)
[0.639s] -- Using all available rosidl_typesupport_c: rosidl_typesupport_fastrtps_c;rosidl_typesupport_introspection_c
[0.649s] -- Using all available rosidl_typesupport_cpp: rosidl_typesupport_fastrtps_cpp;rosidl_typesupport_introspection_cpp
[0.678s] -- Found nav_msgs: 4.9.1 (/opt/ros/humble/share/nav_msgs/cmake)
[0.691s] -- Found rclcpp: 16.0.19 (/opt/ros/humble/share/rclcpp/cmake)
[0.713s] -- Found rmw_implementation_cmake: 6.1.2 (/opt/ros/humble/share/rmw_implementation_cmake/cmake)
[0.714s] -- Found rmw_fastrtps_cpp: 6.2.10 (/opt/ros/humble/share/rmw_fastrtps_cpp/cmake)
[0.840s] -- Using RMW implementation 'rmw_fastrtps_cpp' as default
[0.891s] -- Found tf2: 0.25.20 (/opt/ros/humble/share/tf2/cmake)
[0.914s] [31mCMake Error at CMakeLists.txt:15 (find_package):
[0.914s]   By not providing "Findtf2_geometry.cmake" in CMAKE_MODULE_PATH this project
[0.914s]   has asked CMake to find a package configuration file provided by
[0.915s]   "tf2_geometry", but CMake did not find one.
[0.915s] 
[0.915s]   Could not find a package configuration file provided by "tf2_geometry" with
[0.915s]   any of the following names:
[0.916s] 
[0.916s]     tf2_geometryConfig.cmake
[0.916s]     tf2_geometry-config.cmake
[0.916s] 
[0.916s]   Add the installation prefix of "tf2_geometry" to CMAKE_PREFIX_PATH or set
[0.916s]   "tf2_geometry_DIR" to a directory containing one of the above files.  If
[0.916s]   "tf2_geometry" provides a separate development package or SDK, be sure it
[0.916s]   has been installed.
[0.917s] 
[0.917s] [0m
[0.917s] -- Configuring incomplete, errors occurred!
[0.917s] See also "/home/syafihidayat/Documents/robot_smoothing/build/robot_main_pkg/CMakeFiles/CMakeOutput.log".
[0.927s] gmake: *** [Makefile:267: cmake_check_build_system] Error 1
[0.932s] Invoked command in '/home/syafihidayat/Documents/robot_smoothing/build/robot_main_pkg' returned '2': CMAKE_PREFIX_PATH=${CMAKE_PREFIX_PATH}:/opt/ros/humble /usr/bin/cmake --build /home/syafihidayat/Documents/robot_smoothing/build/robot_main_pkg -- -j16 -l16
