[0.329s] DEBUG:colcon:Command line arguments: ['/usr/bin/colcon', 'build', '--packages-select', 'robot_gui_pkg']
[0.329s] DEBUG:colcon:Parsed command line arguments: Namespace(log_base=None, log_level=None, verb_name='build', build_base='build', install_base='install', merge_install=False, symlink_install=False, test_result_base=None, continue_on_error=False, executor='parallel', parallel_workers=16, event_handlers=None, ignore_user_meta=False, metas=['./colcon.meta'], base_paths=['.'], packages_ignore=None, packages_ignore_regex=None, paths=None, packages_up_to=None, packages_up_to_regex=None, packages_above=None, packages_above_and_dependencies=None, packages_above_depth=None, packages_select_by_dep=None, packages_skip_by_dep=None, packages_skip_up_to=None, packages_select_build_failed=False, packages_skip_build_finished=False, packages_select_test_failures=False, packages_skip_test_passed=False, packages_select=['robot_gui_pkg'], packages_skip=None, packages_select_regex=None, packages_skip_regex=None, packages_start=None, packages_end=None, allow_overriding=[], cmake_args=None, cmake_target=None, cmake_target_skip_unavailable=False, cmake_clean_cache=False, cmake_clean_first=False, cmake_force_configure=False, ament_cmake_args=None, catkin_cmake_args=None, catkin_skip_building_tests=False, verb_parser=<colcon_defaults.argument_parser.defaults.DefaultArgumentsDecorator object at 0x79ae49e764a0>, verb_extension=<colcon_core.verb.build.BuildVerb object at 0x79ae49fb8160>, main=<bound method BuildVerb.main of <colcon_core.verb.build.BuildVerb object at 0x79ae49fb8160>>)
[0.666s] Level 1:colcon.colcon_core.package_discovery:discover_packages(colcon_meta) check parameters
[0.666s] Level 1:colcon.colcon_core.package_discovery:discover_packages(recursive) check parameters
[0.666s] Level 1:colcon.colcon_core.package_discovery:discover_packages(ignore) check parameters
[0.666s] Level 1:colcon.colcon_core.package_discovery:discover_packages(path) check parameters
[0.666s] Level 1:colcon.colcon_core.package_discovery:discover_packages(colcon_meta) discover
[0.666s] Level 1:colcon.colcon_core.package_discovery:discover_packages(recursive) discover
[0.666s] INFO:colcon.colcon_core.package_discovery:Crawling recursively for packages in '/home/syafihidayat/Documents/robot_smoothing'
[0.666s] Level 1:colcon.colcon_core.package_identification:_identify(.) by extensions ['ignore', 'ignore_ament_install']
[0.666s] Level 1:colcon.colcon_core.package_identification:_identify(.) by extension 'ignore'
[0.666s] Level 1:colcon.colcon_core.package_identification:_identify(.) by extension 'ignore_ament_install'
[0.666s] Level 1:colcon.colcon_core.package_identification:_identify(.) by extensions ['colcon_pkg']
[0.666s] Level 1:colcon.colcon_core.package_identification:_identify(.) by extension 'colcon_pkg'
[0.666s] Level 1:colcon.colcon_core.package_identification:_identify(.) by extensions ['colcon_meta']
[0.666s] Level 1:colcon.colcon_core.package_identification:_identify(.) by extension 'colcon_meta'
[0.667s] Level 1:colcon.colcon_core.package_identification:_identify(.) by extensions ['ros']
[0.667s] Level 1:colcon.colcon_core.package_identification:_identify(.) by extension 'ros'
[0.732s] Level 1:colcon.colcon_core.package_identification:_identify(.) by extensions ['cmake', 'python']
[0.732s] Level 1:colcon.colcon_core.package_identification:_identify(.) by extension 'cmake'
[0.732s] Level 1:colcon.colcon_core.package_identification:_identify(.) by extension 'python'
[0.732s] Level 1:colcon.colcon_core.package_identification:_identify(.) by extensions ['python_setup_py']
[0.732s] Level 1:colcon.colcon_core.package_identification:_identify(.) by extension 'python_setup_py'
[0.732s] Level 1:colcon.colcon_core.package_identification:_identify(build) by extensions ['ignore', 'ignore_ament_install']
[0.733s] Level 1:colcon.colcon_core.package_identification:_identify(build) by extension 'ignore'
[0.733s] Level 1:colcon.colcon_core.package_identification:_identify(build) ignored
[0.733s] Level 1:colcon.colcon_core.package_identification:_identify(install) by extensions ['ignore', 'ignore_ament_install']
[0.733s] Level 1:colcon.colcon_core.package_identification:_identify(install) by extension 'ignore'
[0.733s] Level 1:colcon.colcon_core.package_identification:_identify(install) ignored
[0.733s] Level 1:colcon.colcon_core.package_identification:_identify(log) by extensions ['ignore', 'ignore_ament_install']
[0.733s] Level 1:colcon.colcon_core.package_identification:_identify(log) by extension 'ignore'
[0.733s] Level 1:colcon.colcon_core.package_identification:_identify(log) ignored
[0.733s] Level 1:colcon.colcon_core.package_identification:_identify(src) by extensions ['ignore', 'ignore_ament_install']
[0.733s] Level 1:colcon.colcon_core.package_identification:_identify(src) by extension 'ignore'
[0.733s] Level 1:colcon.colcon_core.package_identification:_identify(src) by extension 'ignore_ament_install'
[0.733s] Level 1:colcon.colcon_core.package_identification:_identify(src) by extensions ['colcon_pkg']
[0.733s] Level 1:colcon.colcon_core.package_identification:_identify(src) by extension 'colcon_pkg'
[0.733s] Level 1:colcon.colcon_core.package_identification:_identify(src) by extensions ['colcon_meta']
[0.734s] Level 1:colcon.colcon_core.package_identification:_identify(src) by extension 'colcon_meta'
[0.734s] Level 1:colcon.colcon_core.package_identification:_identify(src) by extensions ['ros']
[0.734s] Level 1:colcon.colcon_core.package_identification:_identify(src) by extension 'ros'
[0.734s] Level 1:colcon.colcon_core.package_identification:_identify(src) by extensions ['cmake', 'python']
[0.734s] Level 1:colcon.colcon_core.package_identification:_identify(src) by extension 'cmake'
[0.734s] Level 1:colcon.colcon_core.package_identification:_identify(src) by extension 'python'
[0.734s] Level 1:colcon.colcon_core.package_identification:_identify(src) by extensions ['python_setup_py']
[0.734s] Level 1:colcon.colcon_core.package_identification:_identify(src) by extension 'python_setup_py'
[0.734s] Level 1:colcon.colcon_core.package_identification:_identify(src/lbringup) by extensions ['ignore', 'ignore_ament_install']
[0.734s] Level 1:colcon.colcon_core.package_identification:_identify(src/lbringup) by extension 'ignore'
[0.734s] Level 1:colcon.colcon_core.package_identification:_identify(src/lbringup) by extension 'ignore_ament_install'
[0.734s] Level 1:colcon.colcon_core.package_identification:_identify(src/lbringup) by extensions ['colcon_pkg']
[0.734s] Level 1:colcon.colcon_core.package_identification:_identify(src/lbringup) by extension 'colcon_pkg'
[0.734s] Level 1:colcon.colcon_core.package_identification:_identify(src/lbringup) by extensions ['colcon_meta']
[0.734s] Level 1:colcon.colcon_core.package_identification:_identify(src/lbringup) by extension 'colcon_meta'
[0.734s] Level 1:colcon.colcon_core.package_identification:_identify(src/lbringup) by extensions ['ros']
[0.734s] Level 1:colcon.colcon_core.package_identification:_identify(src/lbringup) by extension 'ros'
[0.738s] DEBUG:colcon.colcon_core.package_identification:Package 'src/lbringup' with type 'ros.ament_cmake' and name 'lbringup'
[0.738s] Level 1:colcon.colcon_core.package_identification:_identify(src/purpuresuit_pkg) by extensions ['ignore', 'ignore_ament_install']
[0.738s] Level 1:colcon.colcon_core.package_identification:_identify(src/purpuresuit_pkg) by extension 'ignore'
[0.738s] Level 1:colcon.colcon_core.package_identification:_identify(src/purpuresuit_pkg) by extension 'ignore_ament_install'
[0.738s] Level 1:colcon.colcon_core.package_identification:_identify(src/purpuresuit_pkg) by extensions ['colcon_pkg']
[0.738s] Level 1:colcon.colcon_core.package_identification:_identify(src/purpuresuit_pkg) by extension 'colcon_pkg'
[0.738s] Level 1:colcon.colcon_core.package_identification:_identify(src/purpuresuit_pkg) by extensions ['colcon_meta']
[0.738s] Level 1:colcon.colcon_core.package_identification:_identify(src/purpuresuit_pkg) by extension 'colcon_meta'
[0.738s] Level 1:colcon.colcon_core.package_identification:_identify(src/purpuresuit_pkg) by extensions ['ros']
[0.738s] Level 1:colcon.colcon_core.package_identification:_identify(src/purpuresuit_pkg) by extension 'ros'
[0.739s] DEBUG:colcon.colcon_core.package_identification:Package 'src/purpuresuit_pkg' with type 'ros.ament_cmake' and name 'purpuresuit_pkg'
[0.739s] Level 1:colcon.colcon_core.package_identification:_identify(src/robot_gui_pkg) by extensions ['ignore', 'ignore_ament_install']
[0.739s] Level 1:colcon.colcon_core.package_identification:_identify(src/robot_gui_pkg) by extension 'ignore'
[0.739s] Level 1:colcon.colcon_core.package_identification:_identify(src/robot_gui_pkg) by extension 'ignore_ament_install'
[0.740s] Level 1:colcon.colcon_core.package_identification:_identify(src/robot_gui_pkg) by extensions ['colcon_pkg']
[0.740s] Level 1:colcon.colcon_core.package_identification:_identify(src/robot_gui_pkg) by extension 'colcon_pkg'
[0.740s] Level 1:colcon.colcon_core.package_identification:_identify(src/robot_gui_pkg) by extensions ['colcon_meta']
[0.740s] Level 1:colcon.colcon_core.package_identification:_identify(src/robot_gui_pkg) by extension 'colcon_meta'
[0.740s] Level 1:colcon.colcon_core.package_identification:_identify(src/robot_gui_pkg) by extensions ['ros']
[0.740s] Level 1:colcon.colcon_core.package_identification:_identify(src/robot_gui_pkg) by extension 'ros'
[0.740s] DEBUG:colcon.colcon_core.package_identification:Package 'src/robot_gui_pkg' with type 'ros.ament_python' and name 'robot_gui_pkg'
[0.740s] Level 1:colcon.colcon_core.package_identification:_identify(src/robot_main_pkg) by extensions ['ignore', 'ignore_ament_install']
[0.740s] Level 1:colcon.colcon_core.package_identification:_identify(src/robot_main_pkg) by extension 'ignore'
[0.741s] Level 1:colcon.colcon_core.package_identification:_identify(src/robot_main_pkg) by extension 'ignore_ament_install'
[0.741s] Level 1:colcon.colcon_core.package_identification:_identify(src/robot_main_pkg) by extensions ['colcon_pkg']
[0.741s] Level 1:colcon.colcon_core.package_identification:_identify(src/robot_main_pkg) by extension 'colcon_pkg'
[0.741s] Level 1:colcon.colcon_core.package_identification:_identify(src/robot_main_pkg) by extensions ['colcon_meta']
[0.741s] Level 1:colcon.colcon_core.package_identification:_identify(src/robot_main_pkg) by extension 'colcon_meta'
[0.741s] Level 1:colcon.colcon_core.package_identification:_identify(src/robot_main_pkg) by extensions ['ros']
[0.741s] Level 1:colcon.colcon_core.package_identification:_identify(src/robot_main_pkg) by extension 'ros'
[0.741s] DEBUG:colcon.colcon_core.package_identification:Package 'src/robot_main_pkg' with type 'ros.ament_cmake' and name 'robot_main_pkg'
[0.742s] Level 1:colcon.colcon_core.package_identification:_identify(src/robot_waypoint_pkg) by extensions ['ignore', 'ignore_ament_install']
[0.742s] Level 1:colcon.colcon_core.package_identification:_identify(src/robot_waypoint_pkg) by extension 'ignore'
[0.742s] Level 1:colcon.colcon_core.package_identification:_identify(src/robot_waypoint_pkg) by extension 'ignore_ament_install'
[0.742s] Level 1:colcon.colcon_core.package_identification:_identify(src/robot_waypoint_pkg) by extensions ['colcon_pkg']
[0.742s] Level 1:colcon.colcon_core.package_identification:_identify(src/robot_waypoint_pkg) by extension 'colcon_pkg'
[0.742s] Level 1:colcon.colcon_core.package_identification:_identify(src/robot_waypoint_pkg) by extensions ['colcon_meta']
[0.742s] Level 1:colcon.colcon_core.package_identification:_identify(src/robot_waypoint_pkg) by extension 'colcon_meta'
[0.742s] Level 1:colcon.colcon_core.package_identification:_identify(src/robot_waypoint_pkg) by extensions ['ros']
[0.742s] Level 1:colcon.colcon_core.package_identification:_identify(src/robot_waypoint_pkg) by extension 'ros'
[0.743s] DEBUG:colcon.colcon_core.package_identification:Package 'src/robot_waypoint_pkg' with type 'ros.ament_cmake' and name 'robot_waypoint_pkg'
[0.743s] Level 1:colcon.colcon_core.package_discovery:discover_packages(recursive) using defaults
[0.743s] Level 1:colcon.colcon_core.package_discovery:discover_packages(ignore) discover
[0.743s] Level 1:colcon.colcon_core.package_discovery:discover_packages(ignore) using defaults
[0.743s] Level 1:colcon.colcon_core.package_discovery:discover_packages(path) discover
[0.743s] Level 1:colcon.colcon_core.package_discovery:discover_packages(path) using defaults
[0.771s] INFO:colcon.colcon_core.package_selection:Skipping not selected package 'lbringup' in 'src/lbringup'
[0.771s] INFO:colcon.colcon_core.package_selection:Skipping not selected package 'purpuresuit_pkg' in 'src/purpuresuit_pkg'
[0.771s] INFO:colcon.colcon_core.package_selection:Skipping not selected package 'robot_main_pkg' in 'src/robot_main_pkg'
[0.771s] INFO:colcon.colcon_core.package_selection:Skipping not selected package 'robot_waypoint_pkg' in 'src/robot_waypoint_pkg'
[0.772s] Level 1:colcon.colcon_core.package_discovery:discover_packages(prefix_path) check parameters
[0.773s] Level 1:colcon.colcon_core.package_discovery:discover_packages(prefix_path) discover
[0.777s] DEBUG:colcon.colcon_installed_package_information.package_discovery:Found 5 installed packages in /home/syafihidayat/Documents/robot_smoothing/install
[0.778s] DEBUG:colcon.colcon_installed_package_information.package_discovery:Found 3 installed packages in /home/syafihidayat/microros_ws/install
[0.779s] DEBUG:colcon.colcon_installed_package_information.package_discovery:Found 401 installed packages in /opt/ros/humble
[0.781s] Level 1:colcon.colcon_core.package_discovery:discover_packages(prefix_path) using defaults
[0.919s] Level 5:colcon.colcon_core.verb:set package 'robot_gui_pkg' build argument 'cmake_args' from command line to 'None'
[0.919s] Level 5:colcon.colcon_core.verb:set package 'robot_gui_pkg' build argument 'cmake_target' from command line to 'None'
[0.919s] Level 5:colcon.colcon_core.verb:set package 'robot_gui_pkg' build argument 'cmake_target_skip_unavailable' from command line to 'False'
[0.919s] Level 5:colcon.colcon_core.verb:set package 'robot_gui_pkg' build argument 'cmake_clean_cache' from command line to 'False'
[0.919s] Level 5:colcon.colcon_core.verb:set package 'robot_gui_pkg' build argument 'cmake_clean_first' from command line to 'False'
[0.919s] Level 5:colcon.colcon_core.verb:set package 'robot_gui_pkg' build argument 'cmake_force_configure' from command line to 'False'
[0.919s] Level 5:colcon.colcon_core.verb:set package 'robot_gui_pkg' build argument 'ament_cmake_args' from command line to 'None'
[0.919s] Level 5:colcon.colcon_core.verb:set package 'robot_gui_pkg' build argument 'catkin_cmake_args' from command line to 'None'
[0.919s] Level 5:colcon.colcon_core.verb:set package 'robot_gui_pkg' build argument 'catkin_skip_building_tests' from command line to 'False'
[0.919s] DEBUG:colcon.colcon_core.verb:Building package 'robot_gui_pkg' with the following arguments: {'ament_cmake_args': None, 'build_base': '/home/syafihidayat/Documents/robot_smoothing/build/robot_gui_pkg', 'catkin_cmake_args': None, 'catkin_skip_building_tests': False, 'cmake_args': None, 'cmake_clean_cache': False, 'cmake_clean_first': False, 'cmake_force_configure': False, 'cmake_target': None, 'cmake_target_skip_unavailable': False, 'install_base': '/home/syafihidayat/Documents/robot_smoothing/install/robot_gui_pkg', 'merge_install': False, 'path': '/home/syafihidayat/Documents/robot_smoothing/src/robot_gui_pkg', 'symlink_install': False, 'test_result_base': None}
[0.919s] INFO:colcon.colcon_core.executor:Executing jobs using 'parallel' executor
[0.921s] DEBUG:colcon.colcon_parallel_executor.executor.parallel:run_until_complete
[0.922s] INFO:colcon.colcon_ros.task.ament_python.build:Building ROS package in '/home/syafihidayat/Documents/robot_smoothing/src/robot_gui_pkg' with build type 'ament_python'
[0.922s] Level 1:colcon.colcon_core.shell:create_environment_hook('robot_gui_pkg', 'ament_prefix_path')
[0.926s] INFO:colcon.colcon_core.plugin_system:Skipping extension 'colcon_core.shell.bat': Not used on non-Windows systems
[0.927s] INFO:colcon.colcon_core.shell:Creating environment hook '/home/syafihidayat/Documents/robot_smoothing/install/robot_gui_pkg/share/robot_gui_pkg/hook/ament_prefix_path.ps1'
[0.928s] INFO:colcon.colcon_core.shell:Creating environment descriptor '/home/syafihidayat/Documents/robot_smoothing/install/robot_gui_pkg/share/robot_gui_pkg/hook/ament_prefix_path.dsv'
[0.929s] INFO:colcon.colcon_core.shell:Creating environment hook '/home/syafihidayat/Documents/robot_smoothing/install/robot_gui_pkg/share/robot_gui_pkg/hook/ament_prefix_path.sh'
[0.930s] INFO:colcon.colcon_core.shell:Skip shell extension 'powershell' for command environment: Not usable outside of PowerShell
[0.930s] DEBUG:colcon.colcon_core.shell:Skip shell extension 'dsv' for command environment
[1.252s] INFO:colcon.colcon_core.task.python.build:Building Python package in '/home/syafihidayat/Documents/robot_smoothing/src/robot_gui_pkg'
[1.252s] INFO:colcon.colcon_core.shell:Skip shell extension 'powershell' for command environment: Not usable outside of PowerShell
[1.252s] DEBUG:colcon.colcon_core.shell:Skip shell extension 'dsv' for command environment
[1.690s] DEBUG:colcon.colcon_core.task.python.build:Available setuptools commands: register, compile_catalog, develop, upload_docs, test, build_ext, egg_info, upload, update_catalog, clean, symlink_data, bdist_wheel, easy_install, build, install, init_catalog, bdist, bdist_rpm, saveopts, rotate, install_data, install_lib, extract_messages, install_headers, install_scripts, sdist, build_clib, bdist_egg, bdist_dumb, install_egg_info, alias, build_scripts, dist_info, build_py, setopt, check
[1.699s] DEBUG:colcon.colcon_core.event_handler.log_command:Invoking command in '/home/syafihidayat/Documents/robot_smoothing/src/robot_gui_pkg': PYTHONPATH=/home/syafihidayat/Documents/robot_smoothing/build/robot_gui_pkg/prefix_override:/usr/lib/python3/dist-packages/colcon_core/task/python/colcon_distutils_commands:/home/syafihidayat/Documents/robot_smoothing/install/robot_gui_pkg/lib/python3.10/site-packages:${PYTHONPATH} /usr/bin/python3 -W ignore:setup.py install is deprecated -W ignore:easy_install command is deprecated setup.py egg_info --egg-base ../../build/robot_gui_pkg build --build-base /home/syafihidayat/Documents/robot_smoothing/build/robot_gui_pkg/build install --record /home/syafihidayat/Documents/robot_smoothing/build/robot_gui_pkg/install.log --install-scripts $base/lib/robot_gui_pkg --single-version-externally-managed install_data
[2.026s] DEBUG:colcon.colcon_core.event_handler.log_command:Invoked command in '/home/syafihidayat/Documents/robot_smoothing/src/robot_gui_pkg' returned '0': PYTHONPATH=/home/syafihidayat/Documents/robot_smoothing/build/robot_gui_pkg/prefix_override:/usr/lib/python3/dist-packages/colcon_core/task/python/colcon_distutils_commands:/home/syafihidayat/Documents/robot_smoothing/install/robot_gui_pkg/lib/python3.10/site-packages:${PYTHONPATH} /usr/bin/python3 -W ignore:setup.py install is deprecated -W ignore:easy_install command is deprecated setup.py egg_info --egg-base ../../build/robot_gui_pkg build --build-base /home/syafihidayat/Documents/robot_smoothing/build/robot_gui_pkg/build install --record /home/syafihidayat/Documents/robot_smoothing/build/robot_gui_pkg/install.log --install-scripts $base/lib/robot_gui_pkg --single-version-externally-managed install_data
[2.037s] Level 1:colcon.colcon_core.environment:checking '/home/syafihidayat/Documents/robot_smoothing/install/robot_gui_pkg' for CMake module files
[2.038s] Level 1:colcon.colcon_core.environment:checking '/home/syafihidayat/Documents/robot_smoothing/install/robot_gui_pkg' for CMake config files
[2.039s] Level 1:colcon.colcon_core.environment:checking '/home/syafihidayat/Documents/robot_smoothing/install/robot_gui_pkg/lib'
[2.039s] Level 1:colcon.colcon_core.environment:checking '/home/syafihidayat/Documents/robot_smoothing/install/robot_gui_pkg/bin'
[2.039s] Level 1:colcon.colcon_core.environment:checking '/home/syafihidayat/Documents/robot_smoothing/install/robot_gui_pkg/lib/pkgconfig/robot_gui_pkg.pc'
[2.039s] Level 1:colcon.colcon_core.environment:checking '/home/syafihidayat/Documents/robot_smoothing/install/robot_gui_pkg/lib/python3.10/site-packages'
[2.039s] Level 1:colcon.colcon_core.shell:create_environment_hook('robot_gui_pkg', 'pythonpath')
[2.040s] INFO:colcon.colcon_core.shell:Creating environment hook '/home/syafihidayat/Documents/robot_smoothing/install/robot_gui_pkg/share/robot_gui_pkg/hook/pythonpath.ps1'
[2.041s] INFO:colcon.colcon_core.shell:Creating environment descriptor '/home/syafihidayat/Documents/robot_smoothing/install/robot_gui_pkg/share/robot_gui_pkg/hook/pythonpath.dsv'
[2.041s] INFO:colcon.colcon_core.shell:Creating environment hook '/home/syafihidayat/Documents/robot_smoothing/install/robot_gui_pkg/share/robot_gui_pkg/hook/pythonpath.sh'
[2.042s] Level 1:colcon.colcon_core.environment:checking '/home/syafihidayat/Documents/robot_smoothing/install/robot_gui_pkg/bin'
[2.042s] Level 1:colcon.colcon_core.environment:create_environment_scripts_only(robot_gui_pkg)
[2.042s] INFO:colcon.colcon_core.shell:Creating package script '/home/syafihidayat/Documents/robot_smoothing/install/robot_gui_pkg/share/robot_gui_pkg/package.ps1'
[2.044s] INFO:colcon.colcon_core.shell:Creating package descriptor '/home/syafihidayat/Documents/robot_smoothing/install/robot_gui_pkg/share/robot_gui_pkg/package.dsv'
[2.045s] INFO:colcon.colcon_core.shell:Creating package script '/home/syafihidayat/Documents/robot_smoothing/install/robot_gui_pkg/share/robot_gui_pkg/package.sh'
[2.046s] INFO:colcon.colcon_core.shell:Creating package script '/home/syafihidayat/Documents/robot_smoothing/install/robot_gui_pkg/share/robot_gui_pkg/package.bash'
[2.047s] INFO:colcon.colcon_core.shell:Creating package script '/home/syafihidayat/Documents/robot_smoothing/install/robot_gui_pkg/share/robot_gui_pkg/package.zsh'
[2.048s] Level 1:colcon.colcon_core.environment:create_file_with_runtime_dependencies(/home/syafihidayat/Documents/robot_smoothing/install/robot_gui_pkg/share/colcon-core/packages/robot_gui_pkg)
[2.048s] DEBUG:colcon.colcon_parallel_executor.executor.parallel:closing loop
[2.048s] DEBUG:colcon.colcon_parallel_executor.executor.parallel:loop closed
[2.048s] DEBUG:colcon.colcon_parallel_executor.executor.parallel:run_until_complete finished with '0'
[2.049s] DEBUG:colcon.colcon_core.event_reactor:joining thread
[2.058s] INFO:colcon.colcon_core.plugin_system:Skipping extension 'colcon_notification.desktop_notification.terminal_notifier': Not used on non-Darwin systems
[2.058s] INFO:colcon.colcon_core.plugin_system:Skipping extension 'colcon_notification.desktop_notification.win32': Not used on non-Windows systems
[2.059s] INFO:colcon.colcon_notification.desktop_notification:Sending desktop notification using 'notify2'
[2.076s] DEBUG:colcon.colcon_core.event_reactor:joined thread
[2.077s] INFO:colcon.colcon_core.shell:Creating prefix script '/home/syafihidayat/Documents/robot_smoothing/install/local_setup.ps1'
[2.080s] INFO:colcon.colcon_core.shell:Creating prefix util module '/home/syafihidayat/Documents/robot_smoothing/install/_local_setup_util_ps1.py'
[2.082s] INFO:colcon.colcon_core.shell:Creating prefix chain script '/home/syafihidayat/Documents/robot_smoothing/install/setup.ps1'
[2.085s] INFO:colcon.colcon_core.shell:Creating prefix script '/home/syafihidayat/Documents/robot_smoothing/install/local_setup.sh'
[2.086s] INFO:colcon.colcon_core.shell:Creating prefix util module '/home/syafihidayat/Documents/robot_smoothing/install/_local_setup_util_sh.py'
[2.087s] INFO:colcon.colcon_core.shell:Creating prefix chain script '/home/syafihidayat/Documents/robot_smoothing/install/setup.sh'
[2.088s] INFO:colcon.colcon_core.shell:Creating prefix script '/home/syafihidayat/Documents/robot_smoothing/install/local_setup.bash'
[2.089s] INFO:colcon.colcon_core.shell:Creating prefix chain script '/home/syafihidayat/Documents/robot_smoothing/install/setup.bash'
[2.091s] INFO:colcon.colcon_core.shell:Creating prefix script '/home/syafihidayat/Documents/robot_smoothing/install/local_setup.zsh'
[2.092s] INFO:colcon.colcon_core.shell:Creating prefix chain script '/home/syafihidayat/Documents/robot_smoothing/install/setup.zsh'
