[0.012s] Invoking command in '/home/syafihidayat/Documents/robot_smoothing/build/lbringup': CMAKE_PREFIX_PATH=${CMAKE_PREFIX_PATH}:/opt/ros/humble /usr/bin/cmake /home/syafihidayat/Documents/robot_smoothing/src/lbringup -DCMAKE_INSTALL_PREFIX=/home/syafihidayat/Documents/robot_smoothing/install/lbringup
[0.158s] -- The C compiler identification is GNU 11.4.0
[0.281s] -- The CXX compiler identification is GNU 11.4.0
[0.294s] -- Detecting C compiler ABI info
[0.385s] -- Detecting C compiler ABI info - done
[0.392s] -- Check for working C compiler: /usr/bin/cc - skipped
[0.392s] -- Detecting C compile features
[0.393s] -- Detecting C compile features - done
[0.397s] -- Detecting CXX compiler ABI info
[0.489s] -- Detecting CXX compiler ABI info - done
[0.495s] -- Check for working CXX compiler: /usr/bin/c++ - skipped
[0.495s] -- Detecting CXX compile features
[0.496s] -- Detecting CXX compile features - done
[0.506s] -- Found ament_cmake: 1.3.14 (/opt/ros/humble/share/ament_cmake/cmake)
[0.648s] -- Found Python3: /usr/bin/python3 (found version "3.10.12") found components: Interpreter 
[0.842s] -- Configuring done
[0.846s] -- Generating done
[0.848s] -- Build files have been written to: /home/syafihidayat/Documents/robot_smoothing/build/lbringup
[0.854s] Invoked command in '/home/syafihidayat/Documents/robot_smoothing/build/lbringup' returned '0': CMAKE_PREFIX_PATH=${CMAKE_PREFIX_PATH}:/opt/ros/humble /usr/bin/cmake /home/syafihidayat/Documents/robot_smoothing/src/lbringup -DCMAKE_INSTALL_PREFIX=/home/syafihidayat/Documents/robot_smoothing/install/lbringup
[0.856s] Invoking command in '/home/syafihidayat/Documents/robot_smoothing/build/lbringup': CMAKE_PREFIX_PATH=${CMAKE_PREFIX_PATH}:/opt/ros/humble /usr/bin/cmake --build /home/syafihidayat/Documents/robot_smoothing/build/lbringup -- -j16 -l16
[0.902s] Invoked command in '/home/syafihidayat/Documents/robot_smoothing/build/lbringup' returned '0': CMAKE_PREFIX_PATH=${CMAKE_PREFIX_PATH}:/opt/ros/humble /usr/bin/cmake --build /home/syafihidayat/Documents/robot_smoothing/build/lbringup -- -j16 -l16
[0.913s] Invoking command in '/home/syafihidayat/Documents/robot_smoothing/build/lbringup': CMAKE_PREFIX_PATH=${CMAKE_PREFIX_PATH}:/opt/ros/humble /usr/bin/cmake --install /home/syafihidayat/Documents/robot_smoothing/build/lbringup
[0.921s] -- Install configuration: ""
[0.921s] -- Installing: /home/syafihidayat/Documents/robot_smoothing/install/lbringup/share/lbringup/launch
[0.922s] -- Installing: /home/syafihidayat/Documents/robot_smoothing/install/lbringup/share/lbringup/launch/lasers.launch.py
[0.922s] -- Installing: /home/syafihidayat/Documents/robot_smoothing/install/lbringup/share/lbringup/launch/default_robot.launch.py
[0.923s] -- Installing: /home/syafihidayat/Documents/robot_smoothing/install/lbringup/share/lbringup/launch/depth.launch.py
[0.923s] -- Installing: /home/syafihidayat/Documents/robot_smoothing/install/lbringup/share/lbringup/launch/extra_launch.py
[0.923s] -- Installing: /home/syafihidayat/Documents/robot_smoothing/install/lbringup/share/lbringup/launch/custom_robot.launch.py
[0.923s] -- Installing: /home/syafihidayat/Documents/robot_smoothing/install/lbringup/share/lbringup/launch/sensors.launch.py
[0.923s] -- Installing: /home/syafihidayat/Documents/robot_smoothing/install/lbringup/share/lbringup/launch/bringup.launch.py
[0.924s] -- Installing: /home/syafihidayat/Documents/robot_smoothing/install/lbringup/share/lbringup/launch/joy_teleop.launch.py
[0.924s] -- Installing: /home/syafihidayat/Documents/robot_smoothing/install/lbringup/share/lbringup/config
[0.924s] -- Installing: /home/syafihidayat/Documents/robot_smoothing/install/lbringup/share/lbringup/config/twist_mux.yaml
[0.924s] -- Installing: /home/syafihidayat/Documents/robot_smoothing/install/lbringup/share/lbringup/config/zed_common.yaml
[0.924s] -- Installing: /home/syafihidayat/Documents/robot_smoothing/install/lbringup/share/lbringup/config/box_laser_filter.yaml
[0.924s] -- Installing: /home/syafihidayat/Documents/robot_smoothing/install/lbringup/share/lbringup/config/fake_laser.yaml
[0.924s] -- Installing: /home/syafihidayat/Documents/robot_smoothing/install/lbringup/share/lbringup/config/ekf.yaml
[0.924s] -- Installing: /home/syafihidayat/Documents/robot_smoothing/install/lbringup/share/lbringup/config/joy.yaml
[0.924s] -- Installing: /home/syafihidayat/Documents/robot_smoothing/install/lbringup/share/ament_index/resource_index/package_run_dependencies/lbringup
[0.925s] -- Installing: /home/syafihidayat/Documents/robot_smoothing/install/lbringup/share/ament_index/resource_index/parent_prefix_path/lbringup
[0.925s] -- Installing: /home/syafihidayat/Documents/robot_smoothing/install/lbringup/share/lbringup/environment/ament_prefix_path.sh
[0.925s] -- Installing: /home/syafihidayat/Documents/robot_smoothing/install/lbringup/share/lbringup/environment/ament_prefix_path.dsv
[0.925s] -- Installing: /home/syafihidayat/Documents/robot_smoothing/install/lbringup/share/lbringup/environment/path.sh
[0.925s] -- Installing: /home/syafihidayat/Documents/robot_smoothing/install/lbringup/share/lbringup/environment/path.dsv
[0.926s] -- Installing: /home/syafihidayat/Documents/robot_smoothing/install/lbringup/share/lbringup/local_setup.bash
[0.926s] -- Installing: /home/syafihidayat/Documents/robot_smoothing/install/lbringup/share/lbringup/local_setup.sh
[0.926s] -- Installing: /home/syafihidayat/Documents/robot_smoothing/install/lbringup/share/lbringup/local_setup.zsh
[0.926s] -- Installing: /home/syafihidayat/Documents/robot_smoothing/install/lbringup/share/lbringup/local_setup.dsv
[0.927s] -- Installing: /home/syafihidayat/Documents/robot_smoothing/install/lbringup/share/lbringup/package.dsv
[0.927s] -- Installing: /home/syafihidayat/Documents/robot_smoothing/install/lbringup/share/ament_index/resource_index/packages/lbringup
[0.927s] -- Installing: /home/syafihidayat/Documents/robot_smoothing/install/lbringup/share/lbringup/cmake/lbringupConfig.cmake
[0.927s] -- Installing: /home/syafihidayat/Documents/robot_smoothing/install/lbringup/share/lbringup/cmake/lbringupConfig-version.cmake
[0.928s] -- Installing: /home/syafihidayat/Documents/robot_smoothing/install/lbringup/share/lbringup/package.xml
[0.930s] Invoked command in '/home/syafihidayat/Documents/robot_smoothing/build/lbringup' returned '0': CMAKE_PREFIX_PATH=${CMAKE_PREFIX_PATH}:/opt/ros/humble /usr/bin/cmake --install /home/syafihidayat/Documents/robot_smoothing/build/lbringup
