[35m[1mConsolidate compiler generated dependencies of target purpuresuit[0m
[ 50%] [32mBuilding CXX object CMakeFiles/purpuresuit.dir/src/purpuresuit.cpp.o[0m
[100%] [32m[1mLinking CXX executable purpuresuit[0m
[100%] Built target purpuresuit
-- Install configuration: ""
-- Installing: /home/syafihidayat/Documents/robot_smoothing/install/purpuresuit_pkg/lib/purpuresuit_pkg/purpuresuit
-- Set runtime path of "/home/syafihidayat/Documents/robot_smoothing/install/purpuresuit_pkg/lib/purpuresuit_pkg/purpuresuit" to ""
-- Up-to-date: /home/syafihidayat/Documents/robot_smoothing/install/purpuresuit_pkg/share/ament_index/resource_index/package_run_dependencies/purpuresuit_pkg
-- Up-to-date: /home/syafihidayat/Documents/robot_smoothing/install/purpuresuit_pkg/share/ament_index/resource_index/parent_prefix_path/purpuresuit_pkg
-- Up-to-date: /home/syafihidayat/Documents/robot_smoothing/install/purpuresuit_pkg/share/purpuresuit_pkg/environment/ament_prefix_path.sh
-- Up-to-date: /home/syafihidayat/Documents/robot_smoothing/install/purpuresuit_pkg/share/purpuresuit_pkg/environment/ament_prefix_path.dsv
-- Up-to-date: /home/syafihidayat/Documents/robot_smoothing/install/purpuresuit_pkg/share/purpuresuit_pkg/environment/path.sh
-- Up-to-date: /home/syafihidayat/Documents/robot_smoothing/install/purpuresuit_pkg/share/purpuresuit_pkg/environment/path.dsv
-- Up-to-date: /home/syafihidayat/Documents/robot_smoothing/install/purpuresuit_pkg/share/purpuresuit_pkg/local_setup.bash
-- Up-to-date: /home/syafihidayat/Documents/robot_smoothing/install/purpuresuit_pkg/share/purpuresuit_pkg/local_setup.sh
-- Up-to-date: /home/syafihidayat/Documents/robot_smoothing/install/purpuresuit_pkg/share/purpuresuit_pkg/local_setup.zsh
-- Up-to-date: /home/syafihidayat/Documents/robot_smoothing/install/purpuresuit_pkg/share/purpuresuit_pkg/local_setup.dsv
-- Installing: /home/syafihidayat/Documents/robot_smoothing/install/purpuresuit_pkg/share/purpuresuit_pkg/package.dsv
-- Up-to-date: /home/syafihidayat/Documents/robot_smoothing/install/purpuresuit_pkg/share/ament_index/resource_index/packages/purpuresuit_pkg
-- Up-to-date: /home/syafihidayat/Documents/robot_smoothing/install/purpuresuit_pkg/share/purpuresuit_pkg/cmake/purpuresuit_pkgConfig.cmake
-- Up-to-date: /home/syafihidayat/Documents/robot_smoothing/install/purpuresuit_pkg/share/purpuresuit_pkg/cmake/purpuresuit_pkgConfig-version.cmake
-- Up-to-date: /home/syafihidayat/Documents/robot_smoothing/install/purpuresuit_pkg/share/purpuresuit_pkg/package.xml
