[0.015s] Invoking command in '/home/syafihidayat/Documents/robot_smoothing/build/robot_waypoint_pkg': CMAKE_PREFIX_PATH=${CMAKE_PREFIX_PATH}:/home/syafihidayat/Documents/robot_smoothing/install/robot_gui_pkg:/opt/ros/humble /usr/bin/cmake --build /home/syafihidayat/Documents/robot_smoothing/build/robot_waypoint_pkg -- -j16 -l16
[0.066s] [35m[1mConsolidate compiler generated dependencies of target robot_waypoint[0m
[0.092s] [ 50%] [32mBuilding CXX object CMakeFiles/robot_waypoint.dir/src/robot_waypoint.cpp.o[0m
[9.462s] [100%] [32m[1mLinking CXX executable robot_waypoint[0m
[10.255s] [100%] Built target robot_waypoint
[10.269s] Invoked command in '/home/syafihidayat/Documents/robot_smoothing/build/robot_waypoint_pkg' returned '0': CMAKE_PREFIX_PATH=${CMAKE_PREFIX_PATH}:/home/syafihidayat/Documents/robot_smoothing/install/robot_gui_pkg:/opt/ros/humble /usr/bin/cmake --build /home/syafihidayat/Documents/robot_smoothing/build/robot_waypoint_pkg -- -j16 -l16
[10.284s] Invoking command in '/home/syafihidayat/Documents/robot_smoothing/build/robot_waypoint_pkg': CMAKE_PREFIX_PATH=${CMAKE_PREFIX_PATH}:/home/syafihidayat/Documents/robot_smoothing/install/robot_gui_pkg:/opt/ros/humble /usr/bin/cmake --install /home/syafihidayat/Documents/robot_smoothing/build/robot_waypoint_pkg
[10.291s] -- Install configuration: ""
[10.292s] -- Installing: /home/syafihidayat/Documents/robot_smoothing/install/robot_waypoint_pkg/lib/robot_waypoint_pkg/robot_waypoint
[10.301s] -- Set runtime path of "/home/syafihidayat/Documents/robot_smoothing/install/robot_waypoint_pkg/lib/robot_waypoint_pkg/robot_waypoint" to ""
[10.302s] -- Up-to-date: /home/syafihidayat/Documents/robot_smoothing/install/robot_waypoint_pkg/share/ament_index/resource_index/package_run_dependencies/robot_waypoint_pkg
[10.302s] -- Up-to-date: /home/syafihidayat/Documents/robot_smoothing/install/robot_waypoint_pkg/share/ament_index/resource_index/parent_prefix_path/robot_waypoint_pkg
[10.302s] -- Up-to-date: /home/syafihidayat/Documents/robot_smoothing/install/robot_waypoint_pkg/share/robot_waypoint_pkg/environment/ament_prefix_path.sh
[10.302s] -- Up-to-date: /home/syafihidayat/Documents/robot_smoothing/install/robot_waypoint_pkg/share/robot_waypoint_pkg/environment/ament_prefix_path.dsv
[10.302s] -- Up-to-date: /home/syafihidayat/Documents/robot_smoothing/install/robot_waypoint_pkg/share/robot_waypoint_pkg/environment/path.sh
[10.302s] -- Up-to-date: /home/syafihidayat/Documents/robot_smoothing/install/robot_waypoint_pkg/share/robot_waypoint_pkg/environment/path.dsv
[10.302s] -- Up-to-date: /home/syafihidayat/Documents/robot_smoothing/install/robot_waypoint_pkg/share/robot_waypoint_pkg/local_setup.bash
[10.302s] -- Up-to-date: /home/syafihidayat/Documents/robot_smoothing/install/robot_waypoint_pkg/share/robot_waypoint_pkg/local_setup.sh
[10.302s] -- Up-to-date: /home/syafihidayat/Documents/robot_smoothing/install/robot_waypoint_pkg/share/robot_waypoint_pkg/local_setup.zsh
[10.303s] -- Up-to-date: /home/syafihidayat/Documents/robot_smoothing/install/robot_waypoint_pkg/share/robot_waypoint_pkg/local_setup.dsv
[10.303s] -- Installing: /home/syafihidayat/Documents/robot_smoothing/install/robot_waypoint_pkg/share/robot_waypoint_pkg/package.dsv
[10.303s] -- Up-to-date: /home/syafihidayat/Documents/robot_smoothing/install/robot_waypoint_pkg/share/ament_index/resource_index/packages/robot_waypoint_pkg
[10.303s] -- Up-to-date: /home/syafihidayat/Documents/robot_smoothing/install/robot_waypoint_pkg/share/robot_waypoint_pkg/cmake/robot_waypoint_pkgConfig.cmake
[10.303s] -- Up-to-date: /home/syafihidayat/Documents/robot_smoothing/install/robot_waypoint_pkg/share/robot_waypoint_pkg/cmake/robot_waypoint_pkgConfig-version.cmake
[10.303s] -- Up-to-date: /home/syafihidayat/Documents/robot_smoothing/install/robot_waypoint_pkg/share/robot_waypoint_pkg/package.xml
[10.306s] Invoked command in '/home/syafihidayat/Documents/robot_smoothing/build/robot_waypoint_pkg' returned '0': CMAKE_PREFIX_PATH=${CMAKE_PREFIX_PATH}:/home/syafihidayat/Documents/robot_smoothing/install/robot_gui_pkg:/opt/ros/humble /usr/bin/cmake --install /home/syafihidayat/Documents/robot_smoothing/build/robot_waypoint_pkg
