[0.017s] Invoking command in '/home/syafihidayat/Documents/robot_smoothing/build/purpuresuit_pkg': CMAKE_PREFIX_PATH=${CMAKE_PREFIX_PATH}:/home/syafihidayat/Documents/robot_smoothing/install/robot_gui_pkg:/opt/ros/humble /usr/bin/cmake --build /home/syafihidayat/Documents/robot_smoothing/build/purpuresuit_pkg -- -j16 -l16
[0.072s] [35m[1mConsolidate compiler generated dependencies of target purpuresuit[0m
[0.123s] [ 50%] [32mBuilding CXX object CMakeFiles/purpuresuit.dir/src/purpuresuit.cpp.o[0m
[10.507s] [100%] [32m[1mLinking CXX executable purpuresuit[0m
[11.345s] [100%] Built target purpuresuit
[11.361s] Invoked command in '/home/syafihidayat/Documents/robot_smoothing/build/purpuresuit_pkg' returned '0': CMAKE_PREFIX_PATH=${CMAKE_PREFIX_PATH}:/home/syafihidayat/Documents/robot_smoothing/install/robot_gui_pkg:/opt/ros/humble /usr/bin/cmake --build /home/syafihidayat/Documents/robot_smoothing/build/purpuresuit_pkg -- -j16 -l16
[11.374s] Invoking command in '/home/syafihidayat/Documents/robot_smoothing/build/purpuresuit_pkg': CMAKE_PREFIX_PATH=${CMAKE_PREFIX_PATH}:/home/syafihidayat/Documents/robot_smoothing/install/robot_gui_pkg:/opt/ros/humble /usr/bin/cmake --install /home/syafihidayat/Documents/robot_smoothing/build/purpuresuit_pkg
[11.381s] -- Install configuration: ""
[11.381s] -- Installing: /home/syafihidayat/Documents/robot_smoothing/install/purpuresuit_pkg/lib/purpuresuit_pkg/purpuresuit
[11.392s] -- Set runtime path of "/home/syafihidayat/Documents/robot_smoothing/install/purpuresuit_pkg/lib/purpuresuit_pkg/purpuresuit" to ""
[11.392s] -- Up-to-date: /home/syafihidayat/Documents/robot_smoothing/install/purpuresuit_pkg/share/ament_index/resource_index/package_run_dependencies/purpuresuit_pkg
[11.392s] -- Up-to-date: /home/syafihidayat/Documents/robot_smoothing/install/purpuresuit_pkg/share/ament_index/resource_index/parent_prefix_path/purpuresuit_pkg
[11.392s] -- Up-to-date: /home/syafihidayat/Documents/robot_smoothing/install/purpuresuit_pkg/share/purpuresuit_pkg/environment/ament_prefix_path.sh
[11.392s] -- Up-to-date: /home/syafihidayat/Documents/robot_smoothing/install/purpuresuit_pkg/share/purpuresuit_pkg/environment/ament_prefix_path.dsv
[11.392s] -- Up-to-date: /home/syafihidayat/Documents/robot_smoothing/install/purpuresuit_pkg/share/purpuresuit_pkg/environment/path.sh
[11.393s] -- Up-to-date: /home/syafihidayat/Documents/robot_smoothing/install/purpuresuit_pkg/share/purpuresuit_pkg/environment/path.dsv
[11.393s] -- Up-to-date: /home/syafihidayat/Documents/robot_smoothing/install/purpuresuit_pkg/share/purpuresuit_pkg/local_setup.bash
[11.393s] -- Up-to-date: /home/syafihidayat/Documents/robot_smoothing/install/purpuresuit_pkg/share/purpuresuit_pkg/local_setup.sh
[11.393s] -- Up-to-date: /home/syafihidayat/Documents/robot_smoothing/install/purpuresuit_pkg/share/purpuresuit_pkg/local_setup.zsh
[11.393s] -- Up-to-date: /home/syafihidayat/Documents/robot_smoothing/install/purpuresuit_pkg/share/purpuresuit_pkg/local_setup.dsv
[11.393s] -- Installing: /home/syafihidayat/Documents/robot_smoothing/install/purpuresuit_pkg/share/purpuresuit_pkg/package.dsv
[11.393s] -- Up-to-date: /home/syafihidayat/Documents/robot_smoothing/install/purpuresuit_pkg/share/ament_index/resource_index/packages/purpuresuit_pkg
[11.394s] -- Up-to-date: /home/syafihidayat/Documents/robot_smoothing/install/purpuresuit_pkg/share/purpuresuit_pkg/cmake/purpuresuit_pkgConfig.cmake
[11.394s] -- Up-to-date: /home/syafihidayat/Documents/robot_smoothing/install/purpuresuit_pkg/share/purpuresuit_pkg/cmake/purpuresuit_pkgConfig-version.cmake
[11.394s] -- Up-to-date: /home/syafihidayat/Documents/robot_smoothing/install/purpuresuit_pkg/share/purpuresuit_pkg/package.xml
[11.395s] Invoked command in '/home/syafihidayat/Documents/robot_smoothing/build/purpuresuit_pkg' returned '0': CMAKE_PREFIX_PATH=${CMAKE_PREFIX_PATH}:/home/syafihidayat/Documents/robot_smoothing/install/robot_gui_pkg:/opt/ros/humble /usr/bin/cmake --install /home/syafihidayat/Documents/robot_smoothing/build/purpuresuit_pkg
