[0.335s] Invoking command in '/home/syafihidayat/Documents/robot_smoothing/build/robot_main_pkg': CMAKE_PREFIX_PATH=${CMAKE_PREFIX_PATH}:/opt/ros/humble /usr/bin/cmake --build /home/syafihidayat/Documents/robot_smoothing/build/robot_main_pkg -- -j16 -l16
[0.380s] -- Found ament_cmake: 1.3.14 (/opt/ros/humble/share/ament_cmake/cmake)
[0.558s] -- Found geometry_msgs: 4.9.1 (/opt/ros/humble/share/geometry_msgs/cmake)
[0.614s] -- Found rosidl_generator_c: 3.1.9 (/opt/ros/humble/share/rosidl_generator_c/cmake)
[0.622s] -- Found rosidl_adapter: 3.1.9 (/opt/ros/humble/share/rosidl_adapter/cmake)
[0.636s] -- Found rosidl_generator_cpp: 3.1.9 (/opt/ros/humble/share/rosidl_generator_cpp/cmake)
[0.654s] -- Using all available rosidl_typesupport_c: rosidl_typesupport_fastrtps_c;rosidl_typesupport_introspection_c
[0.676s] -- Using all available rosidl_typesupport_cpp: rosidl_typesupport_fastrtps_cpp;rosidl_typesupport_introspection_cpp
[0.725s] -- Found nav_msgs: 4.9.1 (/opt/ros/humble/share/nav_msgs/cmake)
[0.746s] -- Found rclcpp: 16.0.19 (/opt/ros/humble/share/rclcpp/cmake)
[0.808s] -- Found rmw_implementation_cmake: 6.1.2 (/opt/ros/humble/share/rmw_implementation_cmake/cmake)
[0.815s] -- Found rmw_fastrtps_cpp: 6.2.10 (/opt/ros/humble/share/rmw_fastrtps_cpp/cmake)
[0.989s] -- Found OpenSSL: /usr/lib/x86_64-linux-gnu/libcrypto.so (found version "3.0.2")  
[1.027s] -- Found FastRTPS: /opt/ros/humble/include  
[1.085s] -- Using RMW implementation 'rmw_fastrtps_cpp' as default
[1.100s] -- Looking for pthread.h
[1.230s] -- Looking for pthread.h - found
[1.230s] -- Performing Test CMAKE_HAVE_LIBC_PTHREAD
[1.321s] -- Performing Test CMAKE_HAVE_LIBC_PTHREAD - Success
[1.322s] -- Found Threads: TRUE  
[1.369s] -- Found ament_lint_auto: 0.12.15 (/opt/ros/humble/share/ament_lint_auto/cmake)
[1.471s] -- Added test 'cppcheck' to perform static code analysis on C / C++ code
[1.471s] -- Configured cppcheck include dirs: $<BUILD_INTERFACE:/home/syafihidayat/Documents/robot_smoothing/src/robot_main_pkg/include>
[1.471s] -- Configured cppcheck exclude dirs and/or files: 
[1.472s] -- Added test 'lint_cmake' to check CMake code style
[1.473s] -- Added test 'uncrustify' to check C / C++ code style
[1.473s] -- Configured uncrustify additional arguments: 
[1.473s] -- Added test 'xmllint' to check XML markup files
[1.475s] -- Configuring done
[1.488s] -- Generating done
[1.492s] -- Build files have been written to: /home/syafihidayat/Documents/robot_smoothing/build/robot_main_pkg
[1.523s] [35m[1mConsolidate compiler generated dependencies of target robot_main[0m
[1.538s] [ 50%] [32mBuilding CXX object CMakeFiles/robot_main.dir/src/robot_main.cpp.o[0m
[1.659s] [01m[K/home/syafihidayat/Documents/robot_smoothing/src/robot_main_pkg/src/robot_main.cpp:12:10:[m[K [01;31m[Kfatal error: [m[Kpid.hpp: No such file or directory
[1.659s]    12 | #include [01;31m[K<pid.hpp>[m[K
[1.660s]       |          [01;31m[K^~~~~~~~~[m[K
[1.660s] compilation terminated.
[1.662s] gmake[2]: *** [CMakeFiles/robot_main.dir/build.make:76: CMakeFiles/robot_main.dir/src/robot_main.cpp.o] Error 1
[1.662s] gmake[1]: *** [CMakeFiles/Makefile2:137: CMakeFiles/robot_main.dir/all] Error 2
[1.663s] gmake: *** [Makefile:146: all] Error 2
[1.667s] Invoked command in '/home/syafihidayat/Documents/robot_smoothing/build/robot_main_pkg' returned '2': CMAKE_PREFIX_PATH=${CMAKE_PREFIX_PATH}:/opt/ros/humble /usr/bin/cmake --build /home/syafihidayat/Documents/robot_smoothing/build/robot_main_pkg -- -j16 -l16
