[0.365s] Invoking command in '/home/syafihidayat/Documents/robot_smoothing/build/robot_main_pkg': CMAKE_PREFIX_PATH=${CMAKE_PREFIX_PATH}:/opt/ros/humble /usr/bin/cmake --build /home/syafihidayat/Documents/robot_smoothing/build/robot_main_pkg -- -j16 -l16
[0.401s] -- Found ament_cmake: 1.3.14 (/opt/ros/humble/share/ament_cmake/cmake)
[0.585s] -- Found geometry_msgs: 4.9.1 (/opt/ros/humble/share/geometry_msgs/cmake)
[0.609s] -- Found rosidl_generator_c: 3.1.9 (/opt/ros/humble/share/rosidl_generator_c/cmake)
[0.611s] -- Found rosidl_adapter: 3.1.9 (/opt/ros/humble/share/rosidl_adapter/cmake)
[0.617s] -- Found rosidl_generator_cpp: 3.1.9 (/opt/ros/humble/share/rosidl_generator_cpp/cmake)
[0.626s] -- Using all available rosidl_typesupport_c: rosidl_typesupport_fastrtps_c;rosidl_typesupport_introspection_c
[0.636s] -- Using all available rosidl_typesupport_cpp: rosidl_typesupport_fastrtps_cpp;rosidl_typesupport_introspection_cpp
[0.666s] -- Found nav_msgs: 4.9.1 (/opt/ros/humble/share/nav_msgs/cmake)
[0.680s] -- Found rclcpp: 16.0.19 (/opt/ros/humble/share/rclcpp/cmake)
[0.703s] -- Found rmw_implementation_cmake: 6.1.2 (/opt/ros/humble/share/rmw_implementation_cmake/cmake)
[0.704s] -- Found rmw_fastrtps_cpp: 6.2.10 (/opt/ros/humble/share/rmw_fastrtps_cpp/cmake)
[0.818s] -- Using RMW implementation 'rmw_fastrtps_cpp' as default
[0.854s] -- Found tf2: 0.25.20 (/opt/ros/humble/share/tf2/cmake)
[0.866s] -- Found tf2_geometry_msgs: 0.25.20 (/opt/ros/humble/share/tf2_geometry_msgs/cmake)
[0.889s] -- Found eigen3_cmake_module: 0.1.1 (/opt/ros/humble/share/eigen3_cmake_module/cmake)
[0.891s] -- Found Eigen3: TRUE (found version "3.4.0") 
[0.891s] -- Ensuring Eigen3 include directory is part of orocos-kdl CMake target
[1.016s] -- Found ament_lint_auto: 0.12.15 (/opt/ros/humble/share/ament_lint_auto/cmake)
[1.154s] -- Added test 'cppcheck' to perform static code analysis on C / C++ code
[1.154s] -- Configured cppcheck include dirs: $<BUILD_INTERFACE:/home/syafihidayat/Documents/robot_smoothing/src/robot_main_pkg/include>
[1.154s] -- Configured cppcheck exclude dirs and/or files: 
[1.155s] -- Added test 'lint_cmake' to check CMake code style
[1.156s] -- Added test 'uncrustify' to check C / C++ code style
[1.156s] -- Configured uncrustify additional arguments: 
[1.157s] -- Added test 'xmllint' to check XML markup files
[1.159s] -- Configuring done
[1.176s] -- Generating done
[1.182s] -- Build files have been written to: /home/syafihidayat/Documents/robot_smoothing/build/robot_main_pkg
[1.226s] [35m[1mConsolidate compiler generated dependencies of target robot_main[0m
[1.240s] [ 50%] [32mBuilding CXX object CMakeFiles/robot_main.dir/src/robot_main.cpp.o[0m
[1.425s] [01m[K/home/syafihidayat/Documents/robot_smoothing/src/robot_main_pkg/src/robot_main.cpp:28:66:[m[K [01;35m[Kwarning: [m[Kcharacter constant too long for its type
[1.425s]    28 | md_pub = this->create_publisher<geometry_msgs::msgs::Twist>([01;35m[K'/omni_cont/cmd_vel'[m[K, 10);
[1.425s]       |                                                             [01;35m[K^~~~~~~~~~~~~~~~~~~~[m[K
[1.425s] 
[1.425s] [01m[K/home/syafihidayat/Documents/robot_smoothing/src/robot_main_pkg/src/robot_main.cpp:30:63:[m[K [01;35m[Kwarning: [m[Kcharacter constant too long for its type
[1.425s]    30 |   reached_pub = this->create_publisher<std_msgs::msg::Bool>([01;35m[K'/target_reached'[m[K, 10);
[1.426s]       |                                                             [01;35m[K^~~~~~~~~~~~~~~~~[m[K
[1.426s] 
[1.426s] [01m[K/home/syafihidayat/Documents/robot_smoothing/src/robot_main_pkg/src/robot_main.cpp:32:67:[m[K [01;35m[Kwarning: [m[Kcharacter constant too long for its type
[1.426s]    32 | om_sub = this->create_subscription<nav_msgs::msg::Odometry>([01;35m[K'/odom'[m[K, 10,
[1.426s]       |                                                             [01;35m[K^~~~~~~[m[K
[1.426s] 
[1.426s] [01m[K/home/syafihidayat/Documents/robot_smoothing/src/robot_main_pkg/src/robot_main.cpp:35:69:[m[K [01;35m[Kwarning: [m[Kcharacter constant too long for its type
[1.427s]    35 | _sub = this->create_subscription<geometry_msgs::msg::Point>([01;35m[K'/pose'[m[K, 10,
[1.427s]       |                                                             [01;35m[K^~~~~~~[m[K
[1.427s] 
[1.803s] [01m[K/home/syafihidayat/Documents/robot_smoothing/src/robot_main_pkg/src/robot_main.cpp:22:25:[m[K [01;31m[Kerror: [m[K‘[01m[Krclcpp[m[K’ has not been declared
[1.804s]    22 | class Movement : public [01;31m[Krclcpp[m[K::Node
[1.804s]       |                         [01;31m[K^~~~~~[m[K
[1.804s] [01m[K/home/syafihidayat/Documents/robot_smoothing/src/robot_main_pkg/src/robot_main.cpp:22:33:[m[K [01;31m[Kerror: [m[Kexpected ‘[01m[K{[m[K’ before ‘[01m[KNode[m[K’
[1.804s]    22 | class Movement : public rclcpp::[01;31m[KNode[m[K
[1.804s]       |                                 [01;31m[K^~~~[m[K
[1.805s] [01m[K/home/syafihidayat/Documents/robot_smoothing/src/robot_main_pkg/src/robot_main.cpp:25:1:[m[K [01;31m[Kerror: [m[Kexpected primary-expression before ‘[01m[Kpublic[m[K’
[1.805s]    25 | [01;31m[Kpublic[m[K:
[1.805s]       | [01;31m[K^~~~~~[m[K
[1.805s] [01m[K/home/syafihidayat/Documents/robot_smoothing/src/robot_main_pkg/src/robot_main.cpp:25:1:[m[K [01;31m[Kerror: [m[Kexpected ‘[01m[K}[m[K’ before ‘[01m[Kpublic[m[K’
[1.805s] [01m[K/home/syafihidayat/Documents/robot_smoothing/src/robot_main_pkg/src/robot_main.cpp:23:1:[m[K [01;36m[Knote: [m[Kto match this ‘[01m[K{[m[K’
[1.805s]    23 | [01;36m[K{[m[K
[1.805s]       | [01;36m[K^[m[K
[1.805s] [01m[K/home/syafihidayat/Documents/robot_smoothing/src/robot_main_pkg/src/robot_main.cpp:77:1:[m[K [01;31m[Kerror: [m[Kexpected unqualified-id before ‘[01m[Kprivate[m[K’
[1.805s]    77 | [01;31m[Kprivate[m[K:
[1.806s]       | [01;31m[K^~~~~~~[m[K
[1.806s] [01m[K/home/syafihidayat/Documents/robot_smoothing/src/robot_main_pkg/src/robot_main.cpp:98:3:[m[K [01;31m[Kerror: [m[K‘[01m[KState[m[K’ does not name a type
[1.806s]    98 |   [01;31m[KState[m[K current_state;
[1.806s]       |   [01;31m[K^~~~~[m[K
[1.807s] [01m[K/home/syafihidayat/Documents/robot_smoothing/src/robot_main_pkg/src/robot_main.cpp:[m[K In function ‘[01m[Kvoid odom_callback(nav_msgs::msg::Odometry_<std::allocator<void> >::SharedPtr)[m[K’:
[1.807s] [01m[K/home/syafihidayat/Documents/robot_smoothing/src/robot_main_pkg/src/robot_main.cpp:135:5:[m[K [01;31m[Kerror: [m[K‘[01m[Kheading[m[K’ was not declared in this scope
[1.807s]   135 |     [01;31m[Kheading[m[K = yaw;
[1.808s]       |     [01;31m[K^~~~~~~[m[K
[1.810s] [01m[K/home/syafihidayat/Documents/robot_smoothing/src/robot_main_pkg/src/robot_main.cpp:137:5:[m[K [01;31m[Kerror: [m[K‘[01m[Kodom_robot_msg[m[K’ was not declared in this scope
[1.810s]   137 |     [01;31m[Kodom_robot_msg[m[K = *msg;
[1.810s]       |     [01;31m[K^~~~~~~~~~~~~~[m[K
[1.812s] [01m[K/home/syafihidayat/Documents/robot_smoothing/src/robot_main_pkg/src/robot_main.cpp:139:44:[m[K [01;31m[Kerror: [m[K‘[01m[Kodom_offset_x[m[K’ was not declared in this scope
[1.812s]   139 |     currentX = msg->pose.pose.position.x + [01;31m[Kodom_offset_x[m[K;
[1.812s]       |                                            [01;31m[K^~~~~~~~~~~~~[m[K
[1.814s] [01m[K/home/syafihidayat/Documents/robot_smoothing/src/robot_main_pkg/src/robot_main.cpp:140:44:[m[K [01;31m[Kerror: [m[K‘[01m[Kodom_offset_y[m[K’ was not declared in this scope
[1.815s]   140 |     currentY = msg->pose.pose.position.y + [01;31m[Kodom_offset_y[m[K;
[1.815s]       |                                            [01;31m[K^~~~~~~~~~~~~[m[K
[1.818s] [01m[K/home/syafihidayat/Documents/robot_smoothing/src/robot_main_pkg/src/robot_main.cpp:[m[K In function ‘[01m[Kvoid pose_callback(geometry_msgs::msg::Point_<std::allocator<void> >::SharedPtr)[m[K’:
[1.819s] [01m[K/home/syafihidayat/Documents/robot_smoothing/src/robot_main_pkg/src/robot_main.cpp:151:8:[m[K [01;31m[Kerror: [m[K‘[01m[Kcurrent_state[m[K’ was not declared in this scope
[1.819s]   151 |     if([01;31m[Kcurrent_state[m[K == WAITING_FOR_TARGET || current_state == TARGET_REACHED)
[1.819s]       |        [01;31m[K^~~~~~~~~~~~~[m[K
[1.820s] [01m[K/home/syafihidayat/Documents/robot_smoothing/src/robot_main_pkg/src/robot_main.cpp:151:25:[m[K [01;31m[Kerror: [m[K‘[01m[KWAITING_FOR_TARGET[m[K’ was not declared in this scope
[1.820s]   151 |     if(current_state == [01;31m[KWAITING_FOR_TARGET[m[K || current_state == TARGET_REACHED)
[1.821s]       |                         [01;31m[K^~~~~~~~~~~~~~~~~~[m[K
[1.823s] [01m[K/home/syafihidayat/Documents/robot_smoothing/src/robot_main_pkg/src/robot_main.cpp:151:64:[m[K [01;31m[Kerror: [m[K‘[01m[KTARGET_REACHED[m[K’ was not declared in this scope
[1.823s]   151 |  if(current_state == WAITING_FOR_TARGET || current_state == [01;31m[KTARGET_REACHED[m[K)
[1.823s]       |                                                             [01;31m[K^~~~~~~~~~~~~~[m[K
[1.823s] 
[1.825s] [01m[K/home/syafihidayat/Documents/robot_smoothing/src/robot_main_pkg/src/robot_main.cpp:156:23:[m[K [01;31m[Kerror: [m[K‘[01m[KMOVING_TO_TARGET[m[K’ was not declared in this scope
[1.825s]   156 |       current_state = [01;31m[KMOVING_TO_TARGET[m[K;
[1.825s]       |                       [01;31m[K^~~~~~~~~~~~~~~~[m[K
[1.825s] [01m[K/home/syafihidayat/Documents/robot_smoothing/src/robot_main_pkg/src/robot_main.cpp:158:19:[m[K [01;31m[Kerror: [m[Kinvalid use of ‘[01m[Kthis[m[K’ in non-member function
[1.826s]   158 |       RCLCPP_INFO([01;31m[Kthis[m[K->get_logger(), "New target STAGE1 received: (%.2f, %.2f)", targetX, targetY);
[1.826s]       |                   [01;31m[K^~~~[m[K
[1.828s] [01m[K/home/syafihidayat/Documents/robot_smoothing/src/robot_main_pkg/src/robot_main.cpp:158:7:[m[K [01;31m[Kerror: [m[K‘[01m[KRCLCPP_INFO[m[K’ was not declared in this scope
[1.828s]   158 |       [01;31m[KRCLCPP_INFO[m[K(this->get_logger(), "New target STAGE1 received: (%.2f, %.2f)", targetX, targetY);
[1.828s]       |       [01;31m[K^~~~~~~~~~~[m[K
[1.828s] [01m[K/home/syafihidayat/Documents/robot_smoothing/src/robot_main_pkg/src/robot_main.cpp:159:19:[m[K [01;31m[Kerror: [m[Kinvalid use of ‘[01m[Kthis[m[K’ in non-member function
[1.828s]   159 |       RCLCPP_INFO([01;31m[Kthis[m[K->get_logger(), "Current position: (%.2f, %.2f)", currentX, currentY);
[1.828s]       |                   [01;31m[K^~~~[m[K
[1.830s] [01m[K/home/syafihidayat/Documents/robot_smoothing/src/robot_main_pkg/src/robot_main.cpp:[m[K In function ‘[01m[Kvoid control_loop()[m[K’:
[1.830s] [01m[K/home/syafihidayat/Documents/robot_smoothing/src/robot_main_pkg/src/robot_main.cpp:169:9:[m[K [01;31m[Kerror: [m[K‘[01m[Kcurrent_state[m[K’ was not declared in this scope
[1.830s]   169 |     if(([01;31m[Kcurrent_state[m[K == WAITING_FOR_TARGET || current == MOVING_TO_TARGET) && !target_received)
[1.830s]       |         [01;31m[K^~~~~~~~~~~~~[m[K
[1.832s] [01m[K/home/syafihidayat/Documents/robot_smoothing/src/robot_main_pkg/src/robot_main.cpp:169:26:[m[K [01;31m[Kerror: [m[K‘[01m[KWAITING_FOR_TARGET[m[K’ was not declared in this scope
[1.832s]   169 |     if((current_state == [01;31m[KWAITING_FOR_TARGET[m[K || current == MOVING_TO_TARGET) && !target_received)
[1.832s]       |                          [01;31m[K^~~~~~~~~~~~~~~~~~[m[K
[1.834s] [01m[K/home/syafihidayat/Documents/robot_smoothing/src/robot_main_pkg/src/robot_main.cpp:169:48:[m[K [01;31m[Kerror: [m[K‘[01m[Kcurrent[m[K’ was not declared in this scope; did you mean ‘[01m[KcurrentY[m[K’?
[1.834s]   169 |     if((current_state == WAITING_FOR_TARGET || [01;31m[Kcurrent[m[K == MOVING_TO_TARGET) && !target_received)
[1.834s]       |                                                [01;31m[K^~~~~~~[m[K
[1.834s]       |                                                [32m[KcurrentY[m[K
[1.836s] [01m[K/home/syafihidayat/Documents/robot_smoothing/src/robot_main_pkg/src/robot_main.cpp:169:59:[m[K [01;31m[Kerror: [m[K‘[01m[KMOVING_TO_TARGET[m[K’ was not declared in this scope
[1.836s]   169 |     if((current_state == WAITING_FOR_TARGET || current == [01;31m[KMOVING_TO_TARGET[m[K) && !target_received)
[1.836s]       |                                                           [01;31m[K^~~~~~~~~~~~~~~~[m[K
[1.842s] [01m[K/home/syafihidayat/Documents/robot_smoothing/src/robot_main_pkg/src/robot_main.cpp:169:5:[m[K [01;35m[Kwarning: [m[Kthis ‘[01m[Kif[m[K’ clause does not guard... [[01;35m[K]8;;https://gcc.gnu.org/onlinedocs/gcc/Warning-Options.html#index-Wmisleading-indentation-Wmisleading-indentation]8;;[m[K]
[1.842s]   169 |     [01;35m[Kif[m[K((current_state == WAITING_FOR_TARGET || current == MOVING_TO_TARGET) && !target_received)
[1.843s]       |     [01;35m[K^~[m[K
[1.843s] [01m[K/home/syafihidayat/Documents/robot_smoothing/src/robot_main_pkg/src/robot_main.cpp:172:7:[m[K [01;36m[Knote: [m[K...this statement, but the latter is misleadingly indented as if it were guarded by the ‘[01m[Kif[m[K’
[1.843s]   172 |       [01;36m[Kdouble[m[K currT = this->now().seconds();
[1.843s]       |       [01;36m[K^~~~~~[m[K
[1.843s] [01m[K/home/syafihidayat/Documents/robot_smoothing/src/robot_main_pkg/src/robot_main.cpp:172:22:[m[K [01;31m[Kerror: [m[Kinvalid use of ‘[01m[Kthis[m[K’ in non-member function
[1.844s]   172 |       double currT = [01;31m[Kthis[m[K->now().seconds();
[1.844s]       |                      [01;31m[K^~~~[m[K
[1.844s] [01m[K/home/syafihidayat/Documents/robot_smoothing/src/robot_main_pkg/src/robot_main.cpp:175:7:[m[K [01;31m[Kerror: [m[K‘[01m[Kgeometry_msgs_msg[m[K’ has not been declared
[1.844s]   175 |       [01;31m[Kgeometry_msgs_msg[m[K::Twist cmd;
[1.844s]       |       [01;31m[K^~~~~~~~~~~~~~~~~[m[K
[1.845s] [01m[K/home/syafihidayat/Documents/robot_smoothing/src/robot_main_pkg/src/robot_main.cpp:177:14:[m[K [01;31m[Kerror: [m[K‘[01m[Kcurrent_state[m[K’ was not declared in this scope
[1.846s]   177 |       switch([01;31m[Kcurrent_state[m[K)
[1.846s]       |              [01;31m[K^~~~~~~~~~~~~[m[K
[1.848s] [01m[K/home/syafihidayat/Documents/robot_smoothing/src/robot_main_pkg/src/robot_main.cpp:179:12:[m[K [01;31m[Kerror: [m[K‘[01m[KWAITING_FOR_TARGET[m[K’ was not declared in this scope
[1.848s]   179 |       case [01;31m[KWAITING_FOR_TARGET[m[K:
[1.848s]       |            [01;31m[K^~~~~~~~~~~~~~~~~~[m[K
[1.849s] [01m[K/home/syafihidayat/Documents/robot_smoothing/src/robot_main_pkg/src/robot_main.cpp:180:9:[m[K [01;31m[Kerror: [m[K‘[01m[Kcmd[m[K’ was not declared in this scope
[1.849s]   180 |         [01;31m[Kcmd[m[K.linear.x = 0.0;
[1.850s]       |         [01;31m[K^~~[m[K
[1.851s] [01m[K/home/syafihidayat/Documents/robot_smoothing/src/robot_main_pkg/src/robot_main.cpp:186:27:[m[K [01;31m[Kerror: [m[K‘[01m[KMOVING_TO_TARGET[m[K’ was not declared in this scope
[1.852s]   186 |           current_state = [01;31m[KMOVING_TO_TARGET[m[K;
[1.852s]       |                           [01;31m[K^~~~~~~~~~~~~~~~[m[K
[1.852s] [01m[K/home/syafihidayat/Documents/robot_smoothing/src/robot_main_pkg/src/robot_main.cpp:187:23:[m[K [01;31m[Kerror: [m[Kinvalid use of ‘[01m[Kthis[m[K’ in non-member function
[1.852s]   187 |           RCLCPP_INFO([01;31m[Kthis[m[K->get_logger(), "🎯 Starting movement to target %d/%d",stage1_target_count + 1, stage1_targets_total);
[1.852s]       |                       [01;31m[K^~~~[m[K
[1.853s] [01m[K/home/syafihidayat/Documents/robot_smoothing/src/robot_main_pkg/src/robot_main.cpp:187:82:[m[K [01;31m[Kerror: [m[K‘[01m[Kstage1_target_count[m[K’ was not declared in this scope; did you mean ‘[01m[Kstage1_target_total[m[K’?
[1.853s]   187 | (this->get_logger(), "🎯 Starting movement to target %d/%d",[01;31m[Kstage1_target_count[m[K + 1, stage1_targets_total);
[1.853s]       |                                                             [01;31m[K^~~~~~~~~~~~~~~~~~~[m[K
[1.853s]       |                                                             [32m[Kstage1_target_total[m[K
[1.854s] [01m[K/home/syafihidayat/Documents/robot_smoothing/src/robot_main_pkg/src/robot_main.cpp:187:107:[m[K [01;31m[Kerror: [m[K‘[01m[Kstage1_targets_total[m[K’ was not declared in this scope; did you mean ‘[01m[Kstage1_target_total[m[K’?
[1.854s]   187 | Starting movement to target %d/%d",stage1_target_count + 1, [01;31m[Kstage1_targets_total[m[K);
[1.855s]       |                                                             [01;31m[K^~~~~~~~~~~~~~~~~~~~[m[K
[1.855s]       |                                                             [32m[Kstage1_target_total[m[K
[1.856s] [01m[K/home/syafihidayat/Documents/robot_smoothing/src/robot_main_pkg/src/robot_main.cpp:187:11:[m[K [01;31m[Kerror: [m[K‘[01m[KRCLCPP_INFO[m[K’ was not declared in this scope
[1.856s]   187 |           [01;31m[KRCLCPP_INFO[m[K(this->get_logger(), "🎯 Starting movement to target %d/%d",stage1_target_count + 1, stage1_targets_total);
[1.856s]       |           [01;31m[K^~~~~~~~~~~[m[K
[1.858s] [01m[K/home/syafihidayat/Documents/robot_smoothing/src/robot_main_pkg/src/robot_main.cpp:192:12:[m[K [01;31m[Kerror: [m[K‘[01m[KMOVING_TO_TARGET[m[K’ was not declared in this scope
[1.859s]   192 |       case [01;31m[KMOVING_TO_TARGET[m[K:
[1.859s]       |            [01;31m[K^~~~~~~~~~~~~~~~[m[K
[1.860s] [01m[K/home/syafihidayat/Documents/robot_smoothing/src/robot_main_pkg/src/robot_main.cpp:197:44:[m[K [01;31m[Kerror: [m[K‘[01m[Kodom_robot_msg[m[K’ was not declared in this scope; did you mean ‘[01m[Kodom_robot_yaw[m[K’?
[1.860s]   197 |         double odom_robot_yaw = convertion([01;31m[Kodom_robot_msg[m[K);
[1.861s]       |                                            [01;31m[K^~~~~~~~~~~~~~[m[K
[1.861s]       |                                            [32m[Kodom_robot_yaw[m[K
[1.861s] [01m[K/home/syafihidayat/Documents/robot_smoothing/src/robot_main_pkg/src/robot_main.cpp:213:23:[m[K [01;31m[Kerror: [m[Kinvalid use of ‘[01m[Kthis[m[K’ in non-member function
[1.861s]   213 |           RCLCPP_INFO([01;31m[Kthis[m[K->get_logger(), "move robot");
[1.861s]       |                       [01;31m[K^~~~[m[K
[1.862s] [01m[K/home/syafihidayat/Documents/robot_smoothing/src/robot_main_pkg/src/robot_main.cpp:213:11:[m[K [01;31m[Kerror: [m[K‘[01m[KRCLCPP_INFO[m[K’ was not declared in this scope
[1.862s]   213 |           [01;31m[KRCLCPP_INFO[m[K(this->get_logger(), "move robot");
[1.863s]       |           [01;31m[K^~~~~~~~~~~[m[K
[1.865s] [01m[K/home/syafihidayat/Documents/robot_smoothing/src/robot_main_pkg/src/robot_main.cpp:222:27:[m[K [01;31m[Kerror: [m[K‘[01m[KTARGET_REACHED[m[K’ was not declared in this scope
[1.865s]   222 |           current_state = [01;31m[KTARGET_REACHED[m[K;
[1.865s]       |                           [01;31m[K^~~~~~~~~~~~~~[m[K
[1.866s] [01m[K/home/syafihidayat/Documents/robot_smoothing/src/robot_main_pkg/src/robot_main.cpp:223:11:[m[K [01;31m[Kerror: [m[K‘[01m[Kstage1_target_count[m[K’ was not declared in this scope; did you mean ‘[01m[Kstage1_target_total[m[K’?
[1.866s]   223 |           [01;31m[Kstage1_target_count[m[K++;
[1.866s]       |           [01;31m[K^~~~~~~~~~~~~~~~~~~[m[K
[1.866s]       |           [32m[Kstage1_target_total[m[K
[1.868s] [01m[K/home/syafihidayat/Documents/robot_smoothing/src/robot_main_pkg/src/robot_main.cpp:227:11:[m[K [01;31m[Kerror: [m[K‘[01m[Kreached_pub[m[K’ was not declared in this scope; did you mean ‘[01m[Kreached_msg[m[K’?
[1.868s]   227 |           [01;31m[Kreached_pub[m[K->publish(reached_msg);
[1.868s]       |           [01;31m[K^~~~~~~~~~~[m[K
[1.868s]       |           [32m[Kreached_msg[m[K
[1.868s] [01m[K/home/syafihidayat/Documents/robot_smoothing/src/robot_main_pkg/src/robot_main.cpp:232:25:[m[K [01;31m[Kerror: [m[Kinvalid use of ‘[01m[Kthis[m[K’ in non-member function
[1.869s]   232 |             RCLCPP_INFO([01;31m[Kthis[m[K->get_logger(), "target reached");
[1.869s]       |                         [01;31m[K^~~~[m[K
[1.870s] [01m[K/home/syafihidayat/Documents/robot_smoothing/src/robot_main_pkg/src/robot_main.cpp:232:13:[m[K [01;31m[Kerror: [m[K‘[01m[KRCLCPP_INFO[m[K’ was not declared in this scope
[1.870s]   232 |             [01;31m[KRCLCPP_INFO[m[K(this->get_logger(), "target reached");
[1.870s]       |             [01;31m[K^~~~~~~~~~~[m[K
[1.870s] [01m[K/home/syafihidayat/Documents/robot_smoothing/src/robot_main_pkg/src/robot_main.cpp:233:25:[m[K [01;31m[Kerror: [m[Kinvalid use of ‘[01m[Kthis[m[K’ in non-member function
[1.870s]   233 |             RCLCPP_INFO([01;31m[Kthis[m[K->get_logger(), "STAGE1 COMPLATED");
[1.870s]       |                         [01;31m[K^~~~[m[K
[1.870s] [01m[K/home/syafihidayat/Documents/robot_smoothing/src/robot_main_pkg/src/robot_main.cpp:238:25:[m[K [01;31m[Kerror: [m[Kinvalid use of ‘[01m[Kthis[m[K’ in non-member function
[1.871s]   238 |             RCLCPP_INFO([01;31m[Kthis[m[K->get_logger(), "wait for next target");
[1.871s]       |                         [01;31m[K^~~~[m[K
[1.872s] [01m[K/home/syafihidayat/Documents/robot_smoothing/src/robot_main_pkg/src/robot_main.cpp:238:13:[m[K [01;31m[Kerror: [m[K‘[01m[KRCLCPP_INFO[m[K’ was not declared in this scope
[1.872s]   238 |             [01;31m[KRCLCPP_INFO[m[K(this->get_logger(), "wait for next target");
[1.872s]       |             [01;31m[K^~~~~~~~~~~[m[K
[1.874s] [01m[K/home/syafihidayat/Documents/robot_smoothing/src/robot_main_pkg/src/robot_main.cpp:245:14:[m[K [01;31m[Kerror: [m[K‘[01m[KTARGET_REACHED[m[K’ was not declared in this scope
[1.874s]   245 |         case [01;31m[KTARGET_REACHED[m[K:
[1.874s]       |              [01;31m[K^~~~~~~~~~~~~~[m[K
[1.874s] [01m[K/home/syafihidayat/Documents/robot_smoothing/src/robot_main_pkg/src/robot_main.cpp:245:14:[m[K [01;31m[Kerror: [m[Kjump to case label
[1.875s] [01m[K/home/syafihidayat/Documents/robot_smoothing/src/robot_main_pkg/src/robot_main.cpp:204:15:[m[K [01;36m[Knote: [m[K  crosses initialization of ‘[01m[Kfloat control_angle[m[K’
[1.875s]   204 |         float [01;36m[Kcontrol_angle[m[K = omni_angular.control_base_rotation(theta, deltaT);
[1.875s]       |               [01;36m[K^~~~~~~~~~~~~[m[K
[1.875s] [01m[K/home/syafihidayat/Documents/robot_smoothing/src/robot_main_pkg/src/robot_main.cpp:203:15:[m[K [01;36m[Knote: [m[K  crosses initialization of ‘[01m[Kfloat control_distance[m[K’
[1.875s]   203 |         float [01;36m[Kcontrol_distance[m[K = omni_distance.control_base(distance, deltaT);
[1.875s]       |               [01;36m[K^~~~~~~~~~~~~~~~[m[K
[1.875s] [01m[K/home/syafihidayat/Documents/robot_smoothing/src/robot_main_pkg/src/robot_main.cpp:201:16:[m[K [01;36m[Knote: [m[K  crosses initialization of ‘[01m[Kdouble angle[m[K’
[1.875s]   201 |         double [01;36m[Kangle[m[K = std::atan2(dy, dx);
[1.875s]       |                [01;36m[K^~~~~[m[K
[1.875s] [01m[K/home/syafihidayat/Documents/robot_smoothing/src/robot_main_pkg/src/robot_main.cpp:200:16:[m[K [01;36m[Knote: [m[K  crosses initialization of ‘[01m[Kdouble distance[m[K’
[1.875s]   200 |         double [01;36m[Kdistance[m[K = std::sqrt(dx * dx + dy * dy);
[1.875s]       |                [01;36m[K^~~~~~~~[m[K
[1.875s] [01m[K/home/syafihidayat/Documents/robot_smoothing/src/robot_main_pkg/src/robot_main.cpp:198:16:[m[K [01;36m[Knote: [m[K  crosses initialization of ‘[01m[Kdouble theta[m[K’
[1.875s]   198 |         double [01;36m[Ktheta[m[K = 0 - odom_robot_yaw;
[1.875s]       |                [01;36m[K^~~~~[m[K
[1.876s] [01m[K/home/syafihidayat/Documents/robot_smoothing/src/robot_main_pkg/src/robot_main.cpp:197:16:[m[K [01;36m[Knote: [m[K  crosses initialization of ‘[01m[Kdouble odom_robot_yaw[m[K’
[1.876s]   197 |         double [01;36m[Kodom_robot_yaw[m[K = convertion(odom_robot_msg);
[1.876s]       |                [01;36m[K^~~~~~~~~~~~~~[m[K
[1.876s] [01m[K/home/syafihidayat/Documents/robot_smoothing/src/robot_main_pkg/src/robot_main.cpp:195:16:[m[K [01;36m[Knote: [m[K  crosses initialization of ‘[01m[Kdouble dy[m[K’
[1.876s]   195 |         double [01;36m[Kdy[m[K = targetY - currentY;
[1.876s]       |                [01;36m[K^~[m[K
[1.876s] [01m[K/home/syafihidayat/Documents/robot_smoothing/src/robot_main_pkg/src/robot_main.cpp:194:16:[m[K [01;36m[Knote: [m[K  crosses initialization of ‘[01m[Kdouble dx[m[K’
[1.876s]   194 |         double [01;36m[Kdx[m[K = targetX - currentX;
[1.876s]       |                [01;36m[K^~[m[K
[1.877s] [01m[K/home/syafihidayat/Documents/robot_smoothing/src/robot_main_pkg/src/robot_main.cpp:253:9:[m[K [01;31m[Kerror: [m[K‘[01m[Kcmd_pub[m[K’ was not declared in this scope
[1.877s]   253 |         [01;31m[Kcmd_pub[m[K->publish(cmd);
[1.877s]       |         [01;31m[K^~~~~~~[m[K
[1.877s] [01m[K/home/syafihidayat/Documents/robot_smoothing/src/robot_main_pkg/src/robot_main.cpp:255:7:[m[K [01;31m[Kerror: [m[K‘[01m[Krclcpp[m[K’ has not been declared
[1.877s]   255 |       [01;31m[Krclcpp[m[K::Publisher<geometry_msgs::msg::Twist>::SharedPtr cmd_pub;
[1.877s]       |       [01;31m[K^~~~~~[m[K
[1.877s] [01m[K/home/syafihidayat/Documents/robot_smoothing/src/robot_main_pkg/src/robot_main.cpp:255:50:[m[K [01;31m[Kerror: [m[Kexpected primary-expression before ‘[01m[K>[m[K’ token
[1.877s]   255 |       rclcpp::Publisher<geometry_msgs::msg::Twist[01;31m[K>[m[K::SharedPtr cmd_pub;
[1.877s]       |                                                  [01;31m[K^[m[K
[1.878s] [01m[K/home/syafihidayat/Documents/robot_smoothing/src/robot_main_pkg/src/robot_main.cpp:255:53:[m[K [01;31m[Kerror: [m[K‘[01m[K::SharedPtr[m[K’ has not been declared
[1.878s]   255 |       rclcpp::Publisher<geometry_msgs::msg::Twist>::[01;31m[KSharedPtr[m[K cmd_pub;
[1.878s]       |                                                     [01;31m[K^~~~~~~~~[m[K
[1.878s] [01m[K/home/syafihidayat/Documents/robot_smoothing/src/robot_main_pkg/src/robot_main.cpp:256:7:[m[K [01;31m[Kerror: [m[K‘[01m[Krclcpp[m[K’ has not been declared
[1.878s]   256 |       [01;31m[Krclcpp[m[K::Publisher<std_msgs::msg::Bool>::SharedPtr reached_pub;
[1.878s]       |       [01;31m[K^~~~~~[m[K
[1.878s] [01m[K/home/syafihidayat/Documents/robot_smoothing/src/robot_main_pkg/src/robot_main.cpp:256:44:[m[K [01;31m[Kerror: [m[Kexpected primary-expression before ‘[01m[K>[m[K’ token
[1.878s]   256 |       rclcpp::Publisher<std_msgs::msg::Bool[01;31m[K>[m[K::SharedPtr reached_pub;
[1.878s]       |                                            [01;31m[K^[m[K
[1.880s] [01m[K/home/syafihidayat/Documents/robot_smoothing/src/robot_main_pkg/src/robot_main.cpp:256:47:[m[K [01;31m[Kerror: [m[K‘[01m[K::SharedPtr[m[K’ has not been declared
[1.880s]   256 |       rclcpp::Publisher<std_msgs::msg::Bool>::[01;31m[KSharedPtr[m[K reached_pub;
[1.880s]       |                                               [01;31m[K^~~~~~~~~[m[K
[1.880s] [01m[K/home/syafihidayat/Documents/robot_smoothing/src/robot_main_pkg/src/robot_main.cpp:257:7:[m[K [01;31m[Kerror: [m[K‘[01m[Krclcpp[m[K’ has not been declared
[1.880s]   257 |       [01;31m[Krclcpp[m[K::Subscription<nav_msgs::msg::Odometry>::SharedPtr odom_sub;
[1.880s]       |       [01;31m[K^~~~~~[m[K
[1.880s] [01m[K/home/syafihidayat/Documents/robot_smoothing/src/robot_main_pkg/src/robot_main.cpp:257:51:[m[K [01;31m[Kerror: [m[Kexpected primary-expression before ‘[01m[K>[m[K’ token
[1.880s]   257 |       rclcpp::Subscription<nav_msgs::msg::Odometry[01;31m[K>[m[K::SharedPtr odom_sub;
[1.880s]       |                                                   [01;31m[K^[m[K
[1.882s] [01m[K/home/syafihidayat/Documents/robot_smoothing/src/robot_main_pkg/src/robot_main.cpp:257:54:[m[K [01;31m[Kerror: [m[K‘[01m[K::SharedPtr[m[K’ has not been declared
[1.882s]   257 |       rclcpp::Subscription<nav_msgs::msg::Odometry>::[01;31m[KSharedPtr[m[K odom_sub;
[1.882s]       |                                                      [01;31m[K^~~~~~~~~[m[K
[1.882s] [01m[K/home/syafihidayat/Documents/robot_smoothing/src/robot_main_pkg/src/robot_main.cpp:258:7:[m[K [01;31m[Kerror: [m[K‘[01m[Krclcpp[m[K’ has not been declared
[1.882s]   258 |       [01;31m[Krclcpp[m[K::Subscription<geometry_msgs::msg::Point>::SharedPtr pose_sub;
[1.882s]       |       [01;31m[K^~~~~~[m[K
[1.882s] [01m[K/home/syafihidayat/Documents/robot_smoothing/src/robot_main_pkg/src/robot_main.cpp:258:53:[m[K [01;31m[Kerror: [m[Kexpected primary-expression before ‘[01m[K>[m[K’ token
[1.882s]   258 |       rclcpp::Subscription<geometry_msgs::msg::Point[01;31m[K>[m[K::SharedPtr pose_sub;
[1.882s]       |                                                     [01;31m[K^[m[K
[1.883s] [01m[K/home/syafihidayat/Documents/robot_smoothing/src/robot_main_pkg/src/robot_main.cpp:258:56:[m[K [01;31m[Kerror: [m[K‘[01m[K::SharedPtr[m[K’ has not been declared
[1.883s]   258 |       rclcpp::Subscription<geometry_msgs::msg::Point>::[01;31m[KSharedPtr[m[K pose_sub;
[1.883s]       |                                                        [01;31m[K^~~~~~~~~[m[K
[1.884s] [01m[K/home/syafihidayat/Documents/robot_smoothing/src/robot_main_pkg/src/robot_main.cpp:261:7:[m[K [01;31m[Kerror: [m[K‘[01m[Krclcpp[m[K’ has not been declared
[1.884s]   261 |       [01;31m[Krclcpp[m[K::TimerBase::SharedPtr timer_;
[1.884s]       |       [01;31m[K^~~~~~[m[K
[1.884s] [01m[K/home/syafihidayat/Documents/robot_smoothing/src/robot_main_pkg/src/robot_main.cpp:[m[K In function ‘[01m[Kint main(int, char**)[m[K’:
[1.884s] [01m[K/home/syafihidayat/Documents/robot_smoothing/src/robot_main_pkg/src/robot_main.cpp:269:3:[m[K [01;31m[Kerror: [m[K‘[01m[Krclcpp[m[K’ has not been declared
[1.884s]   269 |   [01;31m[Krclcpp[m[K::init(argc, argv);
[1.884s]       |   [01;31m[K^~~~~~[m[K
[1.884s] [01m[K/home/syafihidayat/Documents/robot_smoothing/src/robot_main_pkg/src/robot_main.cpp:270:3:[m[K [01;31m[Kerror: [m[K‘[01m[Krclcpp[m[K’ has not been declared
[1.884s]   270 |   [01;31m[Krclcpp[m[K::spin(std::make_shared<Movement>());
[1.884s]       |   [01;31m[K^~~~~~[m[K
[1.885s] [01m[K/home/syafihidayat/Documents/robot_smoothing/src/robot_main_pkg/src/robot_main.cpp:271:3:[m[K [01;31m[Kerror: [m[K‘[01m[Krclcpp[m[K’ has not been declared
[1.885s]   271 |   [01;31m[Krclcpp[m[K::shutdown();
[1.885s]       |   [01;31m[K^~~~~~[m[K
[1.950s] In file included from [01m[K/usr/include/c++/11/unordered_map:42[m[K,
[1.950s]                  from [01m[K/usr/include/c++/11/functional:61[m[K,
[1.950s]                  from [01m[K/usr/include/c++/11/pstl/glue_algorithm_defs.h:13[m[K,
[1.951s]                  from [01m[K/usr/include/c++/11/algorithm:74[m[K,
[1.951s]                  from [01m[K/opt/ros/humble/include/geometry_msgs/geometry_msgs/msg/detail/twist__struct.hpp:8[m[K,
[1.951s]                  from [01m[K/opt/ros/humble/include/geometry_msgs/geometry_msgs/msg/twist.hpp:7[m[K,
[1.951s]                  from [01m[K/home/syafihidayat/Documents/robot_smoothing/src/robot_main_pkg/src/robot_main.cpp:2[m[K:
[1.951s] /usr/include/c++/11/ext/aligned_buffer.h: In instantiation of ‘[01m[Kstruct __gnu_cxx::__aligned_buffer<Movement>[m[K’:
[1.951s] [01m[K/usr/include/c++/11/bits/shared_ptr_base.h:506:35:[m[K   required from ‘[01m[Kclass std::_Sp_counted_ptr_inplace<Movement, std::allocator<Movement>, __gnu_cxx::_S_atomic>::_Impl[m[K’
[1.952s] [01m[K/usr/include/c++/11/bits/shared_ptr_base.h:567:13:[m[K   required from ‘[01m[Kclass std::_Sp_counted_ptr_inplace<Movement, std::allocator<Movement>, __gnu_cxx::_S_atomic>[m[K’
[1.952s] [01m[K/usr/include/c++/11/bits/shared_ptr_base.h:647:43:[m[K   required from ‘[01m[Kstd::__shared_count<_Lp>::__shared_count(_Tp*&, std::_Sp_alloc_shared_tag<_Alloc>, _Args&& ...) [with _Tp = Movement; _Alloc = std::allocator<Movement>; _Args = {}; __gnu_cxx::_Lock_policy _Lp = __gnu_cxx::_S_atomic][m[K’
[1.952s] [01m[K/usr/include/c++/11/bits/shared_ptr_base.h:1342:14:[m[K   required from ‘[01m[Kstd::__shared_ptr<_Tp, _Lp>::__shared_ptr(std::_Sp_alloc_shared_tag<_Tp>, _Args&& ...) [with _Alloc = std::allocator<Movement>; _Args = {}; _Tp = Movement; __gnu_cxx::_Lock_policy _Lp = __gnu_cxx::_S_atomic][m[K’
[1.952s] [01m[K/usr/include/c++/11/bits/shared_ptr.h:409:59:[m[K   required from ‘[01m[Kstd::shared_ptr<_Tp>::shared_ptr(std::_Sp_alloc_shared_tag<_Tp>, _Args&& ...) [with _Alloc = std::allocator<Movement>; _Args = {}; _Tp = Movement][m[K’
[1.952s] [01m[K/usr/include/c++/11/bits/shared_ptr.h:862:14:[m[K   required from ‘[01m[Kstd::shared_ptr<_Tp> std::allocate_shared(const _Alloc&, _Args&& ...) [with _Tp = Movement; _Alloc = std::allocator<Movement>; _Args = {}][m[K’
[1.952s] [01m[K/usr/include/c++/11/bits/shared_ptr.h:878:39:[m[K   required from ‘[01m[Kstd::shared_ptr<_Tp> std::make_shared(_Args&& ...) [with _Tp = Movement; _Args = {}][m[K’
[1.952s] [01m[K/home/syafihidayat/Documents/robot_smoothing/src/robot_main_pkg/src/robot_main.cpp:270:42:[m[K   required from here
[1.952s] [01m[K/usr/include/c++/11/ext/aligned_buffer.h:91:28:[m[K [01;31m[Kerror: [m[Kinvalid application of ‘[01m[Ksizeof[m[K’ to incomplete type ‘[01m[KMovement[m[K’
[1.952s]    91 |     : std::aligned_storage<[01;31m[Ksizeof(_Tp)[m[K, __alignof__(_Tp)>
[1.953s]       |                            [01;31m[K^~~~~~~~~~~[m[K
[1.953s] [01m[K/usr/include/c++/11/ext/aligned_buffer.h:91:28:[m[K [01;31m[Kerror: [m[Kinvalid application of ‘[01m[Ksizeof[m[K’ to incomplete type ‘[01m[KMovement[m[K’
[1.973s] gmake[2]: *** [CMakeFiles/robot_main.dir/build.make:76: CMakeFiles/robot_main.dir/src/robot_main.cpp.o] Error 1
[1.973s] gmake[1]: *** [CMakeFiles/Makefile2:137: CMakeFiles/robot_main.dir/all] Error 2
[1.973s] gmake: *** [Makefile:146: all] Error 2
[1.976s] Invoked command in '/home/syafihidayat/Documents/robot_smoothing/build/robot_main_pkg' returned '2': CMAKE_PREFIX_PATH=${CMAKE_PREFIX_PATH}:/opt/ros/humble /usr/bin/cmake --build /home/syafihidayat/Documents/robot_smoothing/build/robot_main_pkg -- -j16 -l16
