[0.011s] Invoking command in '/home/syafihidayat/Documents/robot_smoothing/build/robot_waypoint_pkg': CMAKE_PREFIX_PATH=${CMAKE_PREFIX_PATH}:/opt/ros/humble /usr/bin/cmake --build /home/syafihidayat/Documents/robot_smoothing/build/robot_waypoint_pkg -- -j16 -l16
[0.068s] [35m[1mConsolidate compiler generated dependencies of target robot_waypoint[0m
[0.093s] [ 50%] [32mBuilding CXX object CMakeFiles/robot_waypoint.dir/src/robot_waypoint.cpp.o[0m
[2.249s] In file included from [01m[K/usr/include/c++/11/bits/unique_ptr.h:37[m[K,
[2.249s]                  from [01m[K/usr/include/c++/11/memory:76[m[K,
[2.250s]                  from [01m[K/opt/ros/humble/include/rclcpp/rclcpp/rclcpp.hpp:153[m[K,
[2.250s]                  from [01m[K/home/syafihidayat/Documents/robot_smoothing/src/robot_waypoint_pkg/src/robot_waypoint.cpp:2[m[K:
[2.250s] /usr/include/c++/11/tuple: In instantiation of ‘[01m[Kstruct std::tuple_element<0, std::tuple<> >[m[K’:
[2.250s] [01m[K/usr/include/c++/11/tuple:1353:12:[m[K   recursively required from ‘[01m[Kstruct std::tuple_element<2, std::tuple<double, double> >[m[K’
[2.250s] [01m[K/usr/include/c++/11/tuple:1353:12:[m[K   required from ‘[01m[Kstruct std::tuple_element<3, std::tuple<double, double, double> >[m[K’
[2.250s] [01m[K/usr/include/c++/11/utility:118:11:[m[K   required by substitution of ‘[01m[Ktemplate<long unsigned int __i, class _Tp> using __tuple_element_t = typename std::tuple_element::type [with long unsigned int __i = 3; _Tp = std::tuple<double, double, double>][m[K’
[2.250s] [01m[K/usr/include/c++/11/tuple:1414:5:[m[K   required by substitution of ‘[01m[Ktemplate<long unsigned int __i, class ... _Elements> constexpr std::__tuple_element_t<__i, std::tuple<_UTypes ...> >&& std::get(const std::tuple<_UTypes ...>&&) [with long unsigned int __i = 3; _Elements = {double, double, double}][m[K’
[2.250s] [01m[K/home/syafihidayat/Documents/robot_smoothing/src/robot_waypoint_pkg/src/robot_waypoint.cpp:98:52:[m[K   required from here
[2.251s] [01m[K/usr/include/c++/11/tuple:1371:25:[m[K [01;31m[Kerror: [m[Kstatic assertion failed: tuple index must be in range
[2.251s]  1371 |       static_assert([01;31m[K__i < tuple_size<tuple<>>::value[m[K,
[2.251s]       |                     [01;31m[K~~~~^~~~~~~~~~~~~~~~~~~~~~~~~~~~[m[K
[2.251s] [01m[K/usr/include/c++/11/tuple:1371:25:[m[K [01;36m[Knote: [m[K‘[01m[K(0 < ((long unsigned int)std::integral_constant<long unsigned int, 0>::value))[m[K’ evaluates to false
[2.251s] [01m[K/home/syafihidayat/Documents/robot_smoothing/src/robot_waypoint_pkg/src/robot_waypoint.cpp:[m[K In member function ‘[01m[Kvoid waypointPublish::send_waypoint()[m[K’:
[2.251s] [01m[K/home/syafihidayat/Documents/robot_smoothing/src/robot_waypoint_pkg/src/robot_waypoint.cpp:98:52:[m[K [01;31m[Kerror: [m[Kno matching function for call to ‘[01m[Kget<3>(__gnu_cxx::__alloc_traits<std::allocator<std::tuple<double, double, double> >, std::tuple<double, double, double> >::value_type&)[m[K’
[2.251s]    98 |     speed_msg.data = static_cast<float>([01;31m[Kstd::get<3>(waypoint[current_waypoint_index])[m[K);
[2.251s]       |                                         [01;31m[K~~~~~~~~~~~^~~~~~~~~~~~~~~~~~~~~~~~~~~~~~~~~~[m[K
[2.251s] In file included from [01m[K/usr/include/c++/11/bits/unique_ptr.h:36[m[K,
[2.251s]                  from [01m[K/usr/include/c++/11/memory:76[m[K,
[2.251s]                  from [01m[K/opt/ros/humble/include/rclcpp/rclcpp/rclcpp.hpp:153[m[K,
[2.251s]                  from [01m[K/home/syafihidayat/Documents/robot_smoothing/src/robot_waypoint_pkg/src/robot_waypoint.cpp:2[m[K:
[2.251s] [01m[K/usr/include/c++/11/utility:223:5:[m[K [01;36m[Knote: [m[Kcandidate: ‘[01m[Ktemplate<long unsigned int _Int, class _Tp1, class _Tp2> constexpr typename std::tuple_element<_Int, std::pair<_Tp1, _Tp2> >::type& std::get(std::pair<_Tp1, _Tp2>&)[m[K’
[2.251s]   223 |     [01;36m[Kget[m[K(pair<_Tp1, _Tp2>& __in) noexcept
[2.252s]       |     [01;36m[K^~~[m[K
[2.252s] [01m[K/usr/include/c++/11/utility:223:5:[m[K [01;36m[Knote: [m[K  template argument deduction/substitution failed:
[2.252s] [01m[K/home/syafihidayat/Documents/robot_smoothing/src/robot_waypoint_pkg/src/robot_waypoint.cpp:98:52:[m[K [01;36m[Knote: [m[K  ‘[01m[K__gnu_cxx::__alloc_traits<std::allocator<std::tuple<double, double, double> >, std::tuple<double, double, double> >::value_type[m[K’ {aka ‘[01m[Kstd::tuple<double, double, double>[m[K’} is not derived from ‘[01m[Kstd::pair<_Tp1, _Tp2>[m[K’
[2.252s]    98 |     speed_msg.data = static_cast<float>([01;36m[Kstd::get<3>(waypoint[current_waypoint_index])[m[K);
[2.252s]       |                                         [01;36m[K~~~~~~~~~~~^~~~~~~~~~~~~~~~~~~~~~~~~~~~~~~~~~[m[K
[2.252s] In file included from [01m[K/usr/include/c++/11/bits/unique_ptr.h:36[m[K,
[2.252s]                  from [01m[K/usr/include/c++/11/memory:76[m[K,
[2.252s]                  from [01m[K/opt/ros/humble/include/rclcpp/rclcpp/rclcpp.hpp:153[m[K,
[2.252s]                  from [01m[K/home/syafihidayat/Documents/robot_smoothing/src/robot_waypoint_pkg/src/robot_waypoint.cpp:2[m[K:
[2.252s] [01m[K/usr/include/c++/11/utility:228:5:[m[K [01;36m[Knote: [m[Kcandidate: ‘[01m[Ktemplate<long unsigned int _Int, class _Tp1, class _Tp2> constexpr typename std::tuple_element<_Int, std::pair<_Tp1, _Tp2> >::type&& std::get(std::pair<_Tp1, _Tp2>&&)[m[K’
[2.252s]   228 |     [01;36m[Kget[m[K(pair<_Tp1, _Tp2>&& __in) noexcept
[2.252s]       |     [01;36m[K^~~[m[K
[2.252s] [01m[K/usr/include/c++/11/utility:228:5:[m[K [01;36m[Knote: [m[K  template argument deduction/substitution failed:
[2.252s] [01m[K/home/syafihidayat/Documents/robot_smoothing/src/robot_waypoint_pkg/src/robot_waypoint.cpp:98:52:[m[K [01;36m[Knote: [m[K  ‘[01m[K__gnu_cxx::__alloc_traits<std::allocator<std::tuple<double, double, double> >, std::tuple<double, double, double> >::value_type[m[K’ {aka ‘[01m[Kstd::tuple<double, double, double>[m[K’} is not derived from ‘[01m[Kstd::pair<_Tp1, _Tp2>[m[K’
[2.252s]    98 |     speed_msg.data = static_cast<float>([01;36m[Kstd::get<3>(waypoint[current_waypoint_index])[m[K);
[2.252s]       |                                         [01;36m[K~~~~~~~~~~~^~~~~~~~~~~~~~~~~~~~~~~~~~~~~~~~~~[m[K
[2.252s] In file included from [01m[K/usr/include/c++/11/bits/unique_ptr.h:36[m[K,
[2.252s]                  from [01m[K/usr/include/c++/11/memory:76[m[K,
[2.252s]                  from [01m[K/opt/ros/humble/include/rclcpp/rclcpp/rclcpp.hpp:153[m[K,
[2.253s]                  from [01m[K/home/syafihidayat/Documents/robot_smoothing/src/robot_waypoint_pkg/src/robot_waypoint.cpp:2[m[K:
[2.253s] [01m[K/usr/include/c++/11/utility:233:5:[m[K [01;36m[Knote: [m[Kcandidate: ‘[01m[Ktemplate<long unsigned int _Int, class _Tp1, class _Tp2> constexpr const typename std::tuple_element<_Int, std::pair<_Tp1, _Tp2> >::type& std::get(const std::pair<_Tp1, _Tp2>&)[m[K’
[2.253s]   233 |     [01;36m[Kget[m[K(const pair<_Tp1, _Tp2>& __in) noexcept
[2.253s]       |     [01;36m[K^~~[m[K
[2.253s] [01m[K/usr/include/c++/11/utility:233:5:[m[K [01;36m[Knote: [m[K  template argument deduction/substitution failed:
[2.253s] [01m[K/home/syafihidayat/Documents/robot_smoothing/src/robot_waypoint_pkg/src/robot_waypoint.cpp:98:52:[m[K [01;36m[Knote: [m[K  ‘[01m[K__gnu_cxx::__alloc_traits<std::allocator<std::tuple<double, double, double> >, std::tuple<double, double, double> >::value_type[m[K’ {aka ‘[01m[Kstd::tuple<double, double, double>[m[K’} is not derived from ‘[01m[Kconst std::pair<_Tp1, _Tp2>[m[K’
[2.253s]    98 |     speed_msg.data = static_cast<float>([01;36m[Kstd::get<3>(waypoint[current_waypoint_index])[m[K);
[2.253s]       |                                         [01;36m[K~~~~~~~~~~~^~~~~~~~~~~~~~~~~~~~~~~~~~~~~~~~~~[m[K
[2.253s] In file included from [01m[K/usr/include/c++/11/bits/unique_ptr.h:36[m[K,
[2.253s]                  from [01m[K/usr/include/c++/11/memory:76[m[K,
[2.253s]                  from [01m[K/opt/ros/humble/include/rclcpp/rclcpp/rclcpp.hpp:153[m[K,
[2.253s]                  from [01m[K/home/syafihidayat/Documents/robot_smoothing/src/robot_waypoint_pkg/src/robot_waypoint.cpp:2[m[K:
[2.253s] [01m[K/usr/include/c++/11/utility:238:5:[m[K [01;36m[Knote: [m[Kcandidate: ‘[01m[Ktemplate<long unsigned int _Int, class _Tp1, class _Tp2> constexpr const typename std::tuple_element<_Int, std::pair<_Tp1, _Tp2> >::type&& std::get(const std::pair<_Tp1, _Tp2>&&)[m[K’
[2.253s]   238 |     [01;36m[Kget[m[K(const pair<_Tp1, _Tp2>&& __in) noexcept
[2.253s]       |     [01;36m[K^~~[m[K
[2.253s] [01m[K/usr/include/c++/11/utility:238:5:[m[K [01;36m[Knote: [m[K  template argument deduction/substitution failed:
[2.253s] [01m[K/home/syafihidayat/Documents/robot_smoothing/src/robot_waypoint_pkg/src/robot_waypoint.cpp:98:52:[m[K [01;36m[Knote: [m[K  ‘[01m[K__gnu_cxx::__alloc_traits<std::allocator<std::tuple<double, double, double> >, std::tuple<double, double, double> >::value_type[m[K’ {aka ‘[01m[Kstd::tuple<double, double, double>[m[K’} is not derived from ‘[01m[Kconst std::pair<_Tp1, _Tp2>[m[K’
[2.253s]    98 |     speed_msg.data = static_cast<float>([01;36m[Kstd::get<3>(waypoint[current_waypoint_index])[m[K);
[2.254s]       |                                         [01;36m[K~~~~~~~~~~~^~~~~~~~~~~~~~~~~~~~~~~~~~~~~~~~~~[m[K
[2.254s] In file included from [01m[K/usr/include/c++/11/bits/unique_ptr.h:36[m[K,
[2.254s]                  from [01m[K/usr/include/c++/11/memory:76[m[K,
[2.254s]                  from [01m[K/opt/ros/humble/include/rclcpp/rclcpp/rclcpp.hpp:153[m[K,
[2.254s]                  from [01m[K/home/syafihidayat/Documents/robot_smoothing/src/robot_waypoint_pkg/src/robot_waypoint.cpp:2[m[K:
[2.254s] [01m[K/usr/include/c++/11/utility:247:5:[m[K [01;36m[Knote: [m[Kcandidate: ‘[01m[Ktemplate<class _Tp, class _Up> constexpr _Tp& std::get(std::pair<_T1, _T2>&)[m[K’
[2.254s]   247 |     [01;36m[Kget[m[K(pair<_Tp, _Up>& __p) noexcept
[2.254s]       |     [01;36m[K^~~[m[K
[2.254s] [01m[K/usr/include/c++/11/utility:247:5:[m[K [01;36m[Knote: [m[K  template argument deduction/substitution failed:
[2.254s] [01m[K/home/syafihidayat/Documents/robot_smoothing/src/robot_waypoint_pkg/src/robot_waypoint.cpp:98:52:[m[K [01;31m[Kerror: [m[Ktype/value mismatch at argument 1 in template parameter list for ‘[01m[Ktemplate<class _Tp, class _Up> constexpr _Tp& std::get(std::pair<_T1, _T2>&)[m[K’
[2.254s]    98 |     speed_msg.data = static_cast<float>([01;31m[Kstd::get<3>(waypoint[current_waypoint_index])[m[K);
[2.254s]       |                                         [01;31m[K~~~~~~~~~~~^~~~~~~~~~~~~~~~~~~~~~~~~~~~~~~~~~[m[K
[2.254s] [01m[K/home/syafihidayat/Documents/robot_smoothing/src/robot_waypoint_pkg/src/robot_waypoint.cpp:98:52:[m[K [01;36m[Knote: [m[K  expected a type, got ‘[01m[K3[m[K’
[2.254s] In file included from [01m[K/usr/include/c++/11/bits/unique_ptr.h:36[m[K,
[2.254s]                  from [01m[K/usr/include/c++/11/memory:76[m[K,
[2.254s]                  from [01m[K/opt/ros/humble/include/rclcpp/rclcpp/rclcpp.hpp:153[m[K,
[2.254s]                  from [01m[K/home/syafihidayat/Documents/robot_smoothing/src/robot_waypoint_pkg/src/robot_waypoint.cpp:2[m[K:
[2.254s] [01m[K/usr/include/c++/11/utility:252:5:[m[K [01;36m[Knote: [m[Kcandidate: ‘[01m[Ktemplate<class _Tp, class _Up> constexpr const _Tp& std::get(const std::pair<_T1, _T2>&)[m[K’
[2.254s]   252 |     [01;36m[Kget[m[K(const pair<_Tp, _Up>& __p) noexcept
[2.255s]       |     [01;36m[K^~~[m[K
[2.255s] [01m[K/usr/include/c++/11/utility:252:5:[m[K [01;36m[Knote: [m[K  template argument deduction/substitution failed:
[2.255s] [01m[K/home/syafihidayat/Documents/robot_smoothing/src/robot_waypoint_pkg/src/robot_waypoint.cpp:98:52:[m[K [01;31m[Kerror: [m[Ktype/value mismatch at argument 1 in template parameter list for ‘[01m[Ktemplate<class _Tp, class _Up> constexpr const _Tp& std::get(const std::pair<_T1, _T2>&)[m[K’
[2.255s]    98 |     speed_msg.data = static_cast<float>([01;31m[Kstd::get<3>(waypoint[current_waypoint_index])[m[K);
[2.255s]       |                                         [01;31m[K~~~~~~~~~~~^~~~~~~~~~~~~~~~~~~~~~~~~~~~~~~~~~[m[K
[2.255s] [01m[K/home/syafihidayat/Documents/robot_smoothing/src/robot_waypoint_pkg/src/robot_waypoint.cpp:98:52:[m[K [01;36m[Knote: [m[K  expected a type, got ‘[01m[K3[m[K’
[2.255s] In file included from [01m[K/usr/include/c++/11/bits/unique_ptr.h:36[m[K,
[2.255s]                  from [01m[K/usr/include/c++/11/memory:76[m[K,
[2.255s]                  from [01m[K/opt/ros/humble/include/rclcpp/rclcpp/rclcpp.hpp:153[m[K,
[2.255s]                  from [01m[K/home/syafihidayat/Documents/robot_smoothing/src/robot_waypoint_pkg/src/robot_waypoint.cpp:2[m[K:
[2.255s] [01m[K/usr/include/c++/11/utility:257:5:[m[K [01;36m[Knote: [m[Kcandidate: ‘[01m[Ktemplate<class _Tp, class _Up> constexpr _Tp&& std::get(std::pair<_T1, _T2>&&)[m[K’
[2.255s]   257 |     [01;36m[Kget[m[K(pair<_Tp, _Up>&& __p) noexcept
[2.255s]       |     [01;36m[K^~~[m[K
[2.255s] [01m[K/usr/include/c++/11/utility:257:5:[m[K [01;36m[Knote: [m[K  template argument deduction/substitution failed:
[2.255s] [01m[K/home/syafihidayat/Documents/robot_smoothing/src/robot_waypoint_pkg/src/robot_waypoint.cpp:98:52:[m[K [01;31m[Kerror: [m[Ktype/value mismatch at argument 1 in template parameter list for ‘[01m[Ktemplate<class _Tp, class _Up> constexpr _Tp&& std::get(std::pair<_T1, _T2>&&)[m[K’
[2.255s]    98 |     speed_msg.data = static_cast<float>([01;31m[Kstd::get<3>(waypoint[current_waypoint_index])[m[K);
[2.255s]       |                                         [01;31m[K~~~~~~~~~~~^~~~~~~~~~~~~~~~~~~~~~~~~~~~~~~~~~[m[K
[2.255s] [01m[K/home/syafihidayat/Documents/robot_smoothing/src/robot_waypoint_pkg/src/robot_waypoint.cpp:98:52:[m[K [01;36m[Knote: [m[K  expected a type, got ‘[01m[K3[m[K’
[2.256s] In file included from [01m[K/usr/include/c++/11/bits/unique_ptr.h:36[m[K,
[2.256s]                  from [01m[K/usr/include/c++/11/memory:76[m[K,
[2.256s]                  from [01m[K/opt/ros/humble/include/rclcpp/rclcpp/rclcpp.hpp:153[m[K,
[2.256s]                  from [01m[K/home/syafihidayat/Documents/robot_smoothing/src/robot_waypoint_pkg/src/robot_waypoint.cpp:2[m[K:
[2.256s] [01m[K/usr/include/c++/11/utility:262:5:[m[K [01;36m[Knote: [m[Kcandidate: ‘[01m[Ktemplate<class _Tp, class _Up> constexpr const _Tp&& std::get(const std::pair<_T1, _T2>&&)[m[K’
[2.256s]   262 |     [01;36m[Kget[m[K(const pair<_Tp, _Up>&& __p) noexcept
[2.256s]       |     [01;36m[K^~~[m[K
[2.256s] [01m[K/usr/include/c++/11/utility:262:5:[m[K [01;36m[Knote: [m[K  template argument deduction/substitution failed:
[2.256s] [01m[K/home/syafihidayat/Documents/robot_smoothing/src/robot_waypoint_pkg/src/robot_waypoint.cpp:98:52:[m[K [01;31m[Kerror: [m[Ktype/value mismatch at argument 1 in template parameter list for ‘[01m[Ktemplate<class _Tp, class _Up> constexpr const _Tp&& std::get(const std::pair<_T1, _T2>&&)[m[K’
[2.256s]    98 |     speed_msg.data = static_cast<float>([01;31m[Kstd::get<3>(waypoint[current_waypoint_index])[m[K);
[2.256s]       |                                         [01;31m[K~~~~~~~~~~~^~~~~~~~~~~~~~~~~~~~~~~~~~~~~~~~~~[m[K
[2.256s] [01m[K/home/syafihidayat/Documents/robot_smoothing/src/robot_waypoint_pkg/src/robot_waypoint.cpp:98:52:[m[K [01;36m[Knote: [m[K  expected a type, got ‘[01m[K3[m[K’
[2.256s] In file included from [01m[K/usr/include/c++/11/bits/unique_ptr.h:36[m[K,
[2.256s]                  from [01m[K/usr/include/c++/11/memory:76[m[K,
[2.256s]                  from [01m[K/opt/ros/humble/include/rclcpp/rclcpp/rclcpp.hpp:153[m[K,
[2.256s]                  from [01m[K/home/syafihidayat/Documents/robot_smoothing/src/robot_waypoint_pkg/src/robot_waypoint.cpp:2[m[K:
[2.256s] [01m[K/usr/include/c++/11/utility:267:5:[m[K [01;36m[Knote: [m[Kcandidate: ‘[01m[Ktemplate<class _Tp, class _Up> constexpr _Tp& std::get(std::pair<_Up, _Tp>&)[m[K’
[2.256s]   267 |     [01;36m[Kget[m[K(pair<_Up, _Tp>& __p) noexcept
[2.256s]       |     [01;36m[K^~~[m[K
[2.257s] [01m[K/usr/include/c++/11/utility:267:5:[m[K [01;36m[Knote: [m[K  template argument deduction/substitution failed:
[2.257s] [01m[K/home/syafihidayat/Documents/robot_smoothing/src/robot_waypoint_pkg/src/robot_waypoint.cpp:98:52:[m[K [01;31m[Kerror: [m[Ktype/value mismatch at argument 1 in template parameter list for ‘[01m[Ktemplate<class _Tp, class _Up> constexpr _Tp& std::get(std::pair<_Up, _Tp>&)[m[K’
[2.257s]    98 |     speed_msg.data = static_cast<float>([01;31m[Kstd::get<3>(waypoint[current_waypoint_index])[m[K);
[2.257s]       |                                         [01;31m[K~~~~~~~~~~~^~~~~~~~~~~~~~~~~~~~~~~~~~~~~~~~~~[m[K
[2.257s] [01m[K/home/syafihidayat/Documents/robot_smoothing/src/robot_waypoint_pkg/src/robot_waypoint.cpp:98:52:[m[K [01;36m[Knote: [m[K  expected a type, got ‘[01m[K3[m[K’
[2.257s] In file included from [01m[K/usr/include/c++/11/bits/unique_ptr.h:36[m[K,
[2.257s]                  from [01m[K/usr/include/c++/11/memory:76[m[K,
[2.257s]                  from [01m[K/opt/ros/humble/include/rclcpp/rclcpp/rclcpp.hpp:153[m[K,
[2.257s]                  from [01m[K/home/syafihidayat/Documents/robot_smoothing/src/robot_waypoint_pkg/src/robot_waypoint.cpp:2[m[K:
[2.257s] [01m[K/usr/include/c++/11/utility:272:5:[m[K [01;36m[Knote: [m[Kcandidate: ‘[01m[Ktemplate<class _Tp, class _Up> constexpr const _Tp& std::get(const std::pair<_Up, _Tp>&)[m[K’
[2.257s]   272 |     [01;36m[Kget[m[K(const pair<_Up, _Tp>& __p) noexcept
[2.257s]       |     [01;36m[K^~~[m[K
[2.257s] [01m[K/usr/include/c++/11/utility:272:5:[m[K [01;36m[Knote: [m[K  template argument deduction/substitution failed:
[2.257s] [01m[K/home/syafihidayat/Documents/robot_smoothing/src/robot_waypoint_pkg/src/robot_waypoint.cpp:98:52:[m[K [01;31m[Kerror: [m[Ktype/value mismatch at argument 1 in template parameter list for ‘[01m[Ktemplate<class _Tp, class _Up> constexpr const _Tp& std::get(const std::pair<_Up, _Tp>&)[m[K’
[2.257s]    98 |     speed_msg.data = static_cast<float>([01;31m[Kstd::get<3>(waypoint[current_waypoint_index])[m[K);
[2.257s]       |                                         [01;31m[K~~~~~~~~~~~^~~~~~~~~~~~~~~~~~~~~~~~~~~~~~~~~~[m[K
[2.257s] [01m[K/home/syafihidayat/Documents/robot_smoothing/src/robot_waypoint_pkg/src/robot_waypoint.cpp:98:52:[m[K [01;36m[Knote: [m[K  expected a type, got ‘[01m[K3[m[K’
[2.257s] In file included from [01m[K/usr/include/c++/11/bits/unique_ptr.h:36[m[K,
[2.257s]                  from [01m[K/usr/include/c++/11/memory:76[m[K,
[2.258s]                  from [01m[K/opt/ros/humble/include/rclcpp/rclcpp/rclcpp.hpp:153[m[K,
[2.258s]                  from [01m[K/home/syafihidayat/Documents/robot_smoothing/src/robot_waypoint_pkg/src/robot_waypoint.cpp:2[m[K:
[2.258s] [01m[K/usr/include/c++/11/utility:277:5:[m[K [01;36m[Knote: [m[Kcandidate: ‘[01m[Ktemplate<class _Tp, class _Up> constexpr _Tp&& std::get(std::pair<_Up, _Tp>&&)[m[K’
[2.258s]   277 |     [01;36m[Kget[m[K(pair<_Up, _Tp>&& __p) noexcept
[2.258s]       |     [01;36m[K^~~[m[K
[2.258s] [01m[K/usr/include/c++/11/utility:277:5:[m[K [01;36m[Knote: [m[K  template argument deduction/substitution failed:
[2.258s] [01m[K/home/syafihidayat/Documents/robot_smoothing/src/robot_waypoint_pkg/src/robot_waypoint.cpp:98:52:[m[K [01;31m[Kerror: [m[Ktype/value mismatch at argument 1 in template parameter list for ‘[01m[Ktemplate<class _Tp, class _Up> constexpr _Tp&& std::get(std::pair<_Up, _Tp>&&)[m[K’
[2.258s]    98 |     speed_msg.data = static_cast<float>([01;31m[Kstd::get<3>(waypoint[current_waypoint_index])[m[K);
[2.258s]       |                                         [01;31m[K~~~~~~~~~~~^~~~~~~~~~~~~~~~~~~~~~~~~~~~~~~~~~[m[K
[2.258s] [01m[K/home/syafihidayat/Documents/robot_smoothing/src/robot_waypoint_pkg/src/robot_waypoint.cpp:98:52:[m[K [01;36m[Knote: [m[K  expected a type, got ‘[01m[K3[m[K’
[2.258s] In file included from [01m[K/usr/include/c++/11/bits/unique_ptr.h:36[m[K,
[2.258s]                  from [01m[K/usr/include/c++/11/memory:76[m[K,
[2.258s]                  from [01m[K/opt/ros/humble/include/rclcpp/rclcpp/rclcpp.hpp:153[m[K,
[2.259s]                  from [01m[K/home/syafihidayat/Documents/robot_smoothing/src/robot_waypoint_pkg/src/robot_waypoint.cpp:2[m[K:
[2.259s] [01m[K/usr/include/c++/11/utility:282:5:[m[K [01;36m[Knote: [m[Kcandidate: ‘[01m[Ktemplate<class _Tp, class _Up> constexpr const _Tp&& std::get(const std::pair<_Up, _Tp>&&)[m[K’
[2.259s]   282 |     [01;36m[Kget[m[K(const pair<_Up, _Tp>&& __p) noexcept
[2.259s]       |     [01;36m[K^~~[m[K
[2.259s] [01m[K/usr/include/c++/11/utility:282:5:[m[K [01;36m[Knote: [m[K  template argument deduction/substitution failed:
[2.259s] [01m[K/home/syafihidayat/Documents/robot_smoothing/src/robot_waypoint_pkg/src/robot_waypoint.cpp:98:52:[m[K [01;31m[Kerror: [m[Ktype/value mismatch at argument 1 in template parameter list for ‘[01m[Ktemplate<class _Tp, class _Up> constexpr const _Tp&& std::get(const std::pair<_Up, _Tp>&&)[m[K’
[2.259s]    98 |     speed_msg.data = static_cast<float>([01;31m[Kstd::get<3>(waypoint[current_waypoint_index])[m[K);
[2.259s]       |                                         [01;31m[K~~~~~~~~~~~^~~~~~~~~~~~~~~~~~~~~~~~~~~~~~~~~~[m[K
[2.259s] [01m[K/home/syafihidayat/Documents/robot_smoothing/src/robot_waypoint_pkg/src/robot_waypoint.cpp:98:52:[m[K [01;36m[Knote: [m[K  expected a type, got ‘[01m[K3[m[K’
[2.259s] In file included from [01m[K/usr/include/c++/11/tuple:39[m[K,
[2.259s]                  from [01m[K/usr/include/c++/11/bits/unique_ptr.h:37[m[K,
[2.259s]                  from [01m[K/usr/include/c++/11/memory:76[m[K,
[2.259s]                  from [01m[K/opt/ros/humble/include/rclcpp/rclcpp/rclcpp.hpp:153[m[K,
[2.259s]                  from [01m[K/home/syafihidayat/Documents/robot_smoothing/src/robot_waypoint_pkg/src/robot_waypoint.cpp:2[m[K:
[2.260s] [01m[K/usr/include/c++/11/array:361:5:[m[K [01;36m[Knote: [m[Kcandidate: ‘[01m[Ktemplate<long unsigned int _Int, class _Tp, long unsigned int _Nm> constexpr _Tp& std::get(std::array<_Tp, _Nm>&)[m[K’
[2.260s]   361 |     [01;36m[Kget[m[K(array<_Tp, _Nm>& __arr) noexcept
[2.260s]       |     [01;36m[K^~~[m[K
[2.260s] [01m[K/usr/include/c++/11/array:361:5:[m[K [01;36m[Knote: [m[K  template argument deduction/substitution failed:
[2.260s] [01m[K/home/syafihidayat/Documents/robot_smoothing/src/robot_waypoint_pkg/src/robot_waypoint.cpp:98:52:[m[K [01;36m[Knote: [m[K  ‘[01m[K__gnu_cxx::__alloc_traits<std::allocator<std::tuple<double, double, double> >, std::tuple<double, double, double> >::value_type[m[K’ {aka ‘[01m[Kstd::tuple<double, double, double>[m[K’} is not derived from ‘[01m[Kstd::array<_Tp, _Nm>[m[K’
[2.260s]    98 |     speed_msg.data = static_cast<float>([01;36m[Kstd::get<3>(waypoint[current_waypoint_index])[m[K);
[2.260s]       |                                         [01;36m[K~~~~~~~~~~~^~~~~~~~~~~~~~~~~~~~~~~~~~~~~~~~~~[m[K
[2.260s] In file included from [01m[K/usr/include/c++/11/tuple:39[m[K,
[2.260s]                  from [01m[K/usr/include/c++/11/bits/unique_ptr.h:37[m[K,
[2.260s]                  from [01m[K/usr/include/c++/11/memory:76[m[K,
[2.260s]                  from [01m[K/opt/ros/humble/include/rclcpp/rclcpp/rclcpp.hpp:153[m[K,
[2.260s]                  from [01m[K/home/syafihidayat/Documents/robot_smoothing/src/robot_waypoint_pkg/src/robot_waypoint.cpp:2[m[K:
[2.260s] [01m[K/usr/include/c++/11/array:369:5:[m[K [01;36m[Knote: [m[Kcandidate: ‘[01m[Ktemplate<long unsigned int _Int, class _Tp, long unsigned int _Nm> constexpr _Tp&& std::get(std::array<_Tp, _Nm>&&)[m[K’
[2.261s]   369 |     [01;36m[Kget[m[K(array<_Tp, _Nm>&& __arr) noexcept
[2.261s]       |     [01;36m[K^~~[m[K
[2.261s] [01m[K/usr/include/c++/11/array:369:5:[m[K [01;36m[Knote: [m[K  template argument deduction/substitution failed:
[2.261s] [01m[K/home/syafihidayat/Documents/robot_smoothing/src/robot_waypoint_pkg/src/robot_waypoint.cpp:98:52:[m[K [01;36m[Knote: [m[K  ‘[01m[K__gnu_cxx::__alloc_traits<std::allocator<std::tuple<double, double, double> >, std::tuple<double, double, double> >::value_type[m[K’ {aka ‘[01m[Kstd::tuple<double, double, double>[m[K’} is not derived from ‘[01m[Kstd::array<_Tp, _Nm>[m[K’
[2.261s]    98 |     speed_msg.data = static_cast<float>([01;36m[Kstd::get<3>(waypoint[current_waypoint_index])[m[K);
[2.261s]       |                                         [01;36m[K~~~~~~~~~~~^~~~~~~~~~~~~~~~~~~~~~~~~~~~~~~~~~[m[K
[2.261s] In file included from [01m[K/usr/include/c++/11/tuple:39[m[K,
[2.261s]                  from [01m[K/usr/include/c++/11/bits/unique_ptr.h:37[m[K,
[2.261s]                  from [01m[K/usr/include/c++/11/memory:76[m[K,
[2.261s]                  from [01m[K/opt/ros/humble/include/rclcpp/rclcpp/rclcpp.hpp:153[m[K,
[2.261s]                  from [01m[K/home/syafihidayat/Documents/robot_smoothing/src/robot_waypoint_pkg/src/robot_waypoint.cpp:2[m[K:
[2.261s] [01m[K/usr/include/c++/11/array:377:5:[m[K [01;36m[Knote: [m[Kcandidate: ‘[01m[Ktemplate<long unsigned int _Int, class _Tp, long unsigned int _Nm> constexpr const _Tp& std::get(const std::array<_Tp, _Nm>&)[m[K’
[2.261s]   377 |     [01;36m[Kget[m[K(const array<_Tp, _Nm>& __arr) noexcept
[2.261s]       |     [01;36m[K^~~[m[K
[2.262s] [01m[K/usr/include/c++/11/array:377:5:[m[K [01;36m[Knote: [m[K  template argument deduction/substitution failed:
[2.262s] [01m[K/home/syafihidayat/Documents/robot_smoothing/src/robot_waypoint_pkg/src/robot_waypoint.cpp:98:52:[m[K [01;36m[Knote: [m[K  ‘[01m[K__gnu_cxx::__alloc_traits<std::allocator<std::tuple<double, double, double> >, std::tuple<double, double, double> >::value_type[m[K’ {aka ‘[01m[Kstd::tuple<double, double, double>[m[K’} is not derived from ‘[01m[Kconst std::array<_Tp, _Nm>[m[K’
[2.262s]    98 |     speed_msg.data = static_cast<float>([01;36m[Kstd::get<3>(waypoint[current_waypoint_index])[m[K);
[2.262s]       |                                         [01;36m[K~~~~~~~~~~~^~~~~~~~~~~~~~~~~~~~~~~~~~~~~~~~~~[m[K
[2.262s] In file included from [01m[K/usr/include/c++/11/tuple:39[m[K,
[2.262s]                  from [01m[K/usr/include/c++/11/bits/unique_ptr.h:37[m[K,
[2.262s]                  from [01m[K/usr/include/c++/11/memory:76[m[K,
[2.262s]                  from [01m[K/opt/ros/humble/include/rclcpp/rclcpp/rclcpp.hpp:153[m[K,
[2.262s]                  from [01m[K/home/syafihidayat/Documents/robot_smoothing/src/robot_waypoint_pkg/src/robot_waypoint.cpp:2[m[K:
[2.262s] [01m[K/usr/include/c++/11/array:385:5:[m[K [01;36m[Knote: [m[Kcandidate: ‘[01m[Ktemplate<long unsigned int _Int, class _Tp, long unsigned int _Nm> constexpr const _Tp&& std::get(const std::array<_Tp, _Nm>&&)[m[K’
[2.262s]   385 |     [01;36m[Kget[m[K(const array<_Tp, _Nm>&& __arr) noexcept
[2.262s]       |     [01;36m[K^~~[m[K
[2.262s] [01m[K/usr/include/c++/11/array:385:5:[m[K [01;36m[Knote: [m[K  template argument deduction/substitution failed:
[2.263s] [01m[K/home/syafihidayat/Documents/robot_smoothing/src/robot_waypoint_pkg/src/robot_waypoint.cpp:98:52:[m[K [01;36m[Knote: [m[K  ‘[01m[K__gnu_cxx::__alloc_traits<std::allocator<std::tuple<double, double, double> >, std::tuple<double, double, double> >::value_type[m[K’ {aka ‘[01m[Kstd::tuple<double, double, double>[m[K’} is not derived from ‘[01m[Kconst std::array<_Tp, _Nm>[m[K’
[2.263s]    98 |     speed_msg.data = static_cast<float>([01;36m[Kstd::get<3>(waypoint[current_waypoint_index])[m[K);
[2.263s]       |                                         [01;36m[K~~~~~~~~~~~^~~~~~~~~~~~~~~~~~~~~~~~~~~~~~~~~~[m[K
[2.263s] In file included from [01m[K/usr/include/c++/11/bits/unique_ptr.h:37[m[K,
[2.263s]                  from [01m[K/usr/include/c++/11/memory:76[m[K,
[2.263s]                  from [01m[K/opt/ros/humble/include/rclcpp/rclcpp/rclcpp.hpp:153[m[K,
[2.263s]                  from [01m[K/home/syafihidayat/Documents/robot_smoothing/src/robot_waypoint_pkg/src/robot_waypoint.cpp:2[m[K:
[2.263s] [01m[K/usr/include/c++/11/tuple:1393:5:[m[K [01;36m[Knote: [m[Kcandidate: ‘[01m[Ktemplate<long unsigned int __i, class ... _Elements> constexpr std::__tuple_element_t<__i, std::tuple<_UTypes ...> >& std::get(std::tuple<_UTypes ...>&)[m[K’
[2.263s]  1393 |     [01;36m[Kget[m[K(tuple<_Elements...>& __t) noexcept
[2.263s]       |     [01;36m[K^~~[m[K
[2.263s] [01m[K/usr/include/c++/11/tuple:1393:5:[m[K [01;36m[Knote: [m[K  template argument deduction/substitution failed:
[2.263s] In file included from [01m[K/usr/include/c++/11/bits/unique_ptr.h:36[m[K,
[2.263s]                  from [01m[K/usr/include/c++/11/memory:76[m[K,
[2.263s]                  from [01m[K/opt/ros/humble/include/rclcpp/rclcpp/rclcpp.hpp:153[m[K,
[2.264s]                  from [01m[K/home/syafihidayat/Documents/robot_smoothing/src/robot_waypoint_pkg/src/robot_waypoint.cpp:2[m[K:
[2.264s] /usr/include/c++/11/utility: In substitution of ‘[01m[Ktemplate<long unsigned int __i, class _Tp> using __tuple_element_t = typename std::tuple_element::type [with long unsigned int __i = 3; _Tp = std::tuple<double, double, double>][m[K’:
[2.264s] [01m[K/usr/include/c++/11/tuple:1393:5:[m[K   required by substitution of ‘[01m[Ktemplate<long unsigned int __i, class ... _Elements> constexpr std::__tuple_element_t<__i, std::tuple<_UTypes ...> >& std::get(std::tuple<_UTypes ...>&) [with long unsigned int __i = 3; _Elements = {double, double, double}][m[K’
[2.264s] [01m[K/home/syafihidayat/Documents/robot_smoothing/src/robot_waypoint_pkg/src/robot_waypoint.cpp:98:52:[m[K   required from here
[2.264s] [01m[K/usr/include/c++/11/utility:118:11:[m[K [01;31m[Kerror: [m[Kno type named ‘[01m[Ktype[m[K’ in ‘[01m[Kstruct std::tuple_element<3, std::tuple<double, double, double> >[m[K’
[2.264s]   118 |     using [01;31m[K__tuple_element_t[m[K = typename tuple_element<__i, _Tp>::type;
[2.264s]       |           [01;31m[K^~~~~~~~~~~~~~~~~[m[K
[2.264s] In file included from [01m[K/usr/include/c++/11/bits/unique_ptr.h:37[m[K,
[2.264s]                  from [01m[K/usr/include/c++/11/memory:76[m[K,
[2.264s]                  from [01m[K/opt/ros/humble/include/rclcpp/rclcpp/rclcpp.hpp:153[m[K,
[2.264s]                  from [01m[K/home/syafihidayat/Documents/robot_smoothing/src/robot_waypoint_pkg/src/robot_waypoint.cpp:2[m[K:
[2.264s] [01m[K/usr/include/c++/11/tuple:1399:5:[m[K [01;36m[Knote: [m[Kcandidate: ‘[01m[Ktemplate<long unsigned int __i, class ... _Elements> constexpr std::__tuple_element_t<__i, std::tuple<_UTypes ...> >& std::get(const std::tuple<_UTypes ...>&)[m[K’
[2.264s]  1399 |     [01;36m[Kget[m[K(const tuple<_Elements...>& __t) noexcept
[2.264s]       |     [01;36m[K^~~[m[K
[2.265s] [01m[K/usr/include/c++/11/tuple:1399:5:[m[K [01;36m[Knote: [m[K  template argument deduction/substitution failed:
[2.265s] [01m[K/usr/include/c++/11/tuple:1405:5:[m[K [01;36m[Knote: [m[Kcandidate: ‘[01m[Ktemplate<long unsigned int __i, class ... _Elements> constexpr std::__tuple_element_t<__i, std::tuple<_UTypes ...> >&& std::get(std::tuple<_UTypes ...>&&)[m[K’
[2.265s]  1405 |     [01;36m[Kget[m[K(tuple<_Elements...>&& __t) noexcept
[2.265s]       |     [01;36m[K^~~[m[K
[2.265s] [01m[K/usr/include/c++/11/tuple:1405:5:[m[K [01;36m[Knote: [m[K  template argument deduction/substitution failed:
[2.265s] [01m[K/usr/include/c++/11/tuple:1414:5:[m[K [01;36m[Knote: [m[Kcandidate: ‘[01m[Ktemplate<long unsigned int __i, class ... _Elements> constexpr std::__tuple_element_t<__i, std::tuple<_UTypes ...> >&& std::get(const std::tuple<_UTypes ...>&&)[m[K’
[2.265s]  1414 |     [01;36m[Kget[m[K(const tuple<_Elements...>&& __t) noexcept
[2.265s]       |     [01;36m[K^~~[m[K
[2.265s] [01m[K/usr/include/c++/11/tuple:1414:5:[m[K [01;36m[Knote: [m[K  substitution of deduced template arguments resulted in errors seen above
[2.265s] [01m[K/usr/include/c++/11/tuple:1449:5:[m[K [01;36m[Knote: [m[Kcandidate: ‘[01m[Ktemplate<class _Tp, class ... _Types> constexpr _Tp& std::get(std::tuple<_UTypes ...>&)[m[K’
[2.265s]  1449 |     [01;36m[Kget[m[K(tuple<_Types...>& __t) noexcept
[2.265s]       |     [01;36m[K^~~[m[K
[2.265s] [01m[K/usr/include/c++/11/tuple:1449:5:[m[K [01;36m[Knote: [m[K  template argument deduction/substitution failed:
[2.265s] [01m[K/home/syafihidayat/Documents/robot_smoothing/src/robot_waypoint_pkg/src/robot_waypoint.cpp:98:52:[m[K [01;31m[Kerror: [m[Ktype/value mismatch at argument 1 in template parameter list for ‘[01m[Ktemplate<class _Tp, class ... _Types> constexpr _Tp& std::get(std::tuple<_UTypes ...>&)[m[K’
[2.266s]    98 |     speed_msg.data = static_cast<float>([01;31m[Kstd::get<3>(waypoint[current_waypoint_index])[m[K);
[2.266s]       |                                         [01;31m[K~~~~~~~~~~~^~~~~~~~~~~~~~~~~~~~~~~~~~~~~~~~~~[m[K
[2.266s] [01m[K/home/syafihidayat/Documents/robot_smoothing/src/robot_waypoint_pkg/src/robot_waypoint.cpp:98:52:[m[K [01;36m[Knote: [m[K  expected a type, got ‘[01m[K3[m[K’
[2.266s] In file included from [01m[K/usr/include/c++/11/bits/unique_ptr.h:37[m[K,
[2.266s]                  from [01m[K/usr/include/c++/11/memory:76[m[K,
[2.266s]                  from [01m[K/opt/ros/humble/include/rclcpp/rclcpp/rclcpp.hpp:153[m[K,
[2.266s]                  from [01m[K/home/syafihidayat/Documents/robot_smoothing/src/robot_waypoint_pkg/src/robot_waypoint.cpp:2[m[K:
[2.266s] [01m[K/usr/include/c++/11/tuple:1460:5:[m[K [01;36m[Knote: [m[Kcandidate: ‘[01m[Ktemplate<class _Tp, class ... _Types> constexpr _Tp&& std::get(std::tuple<_UTypes ...>&&)[m[K’
[2.266s]  1460 |     [01;36m[Kget[m[K(tuple<_Types...>&& __t) noexcept
[2.266s]       |     [01;36m[K^~~[m[K
[2.266s] [01m[K/usr/include/c++/11/tuple:1460:5:[m[K [01;36m[Knote: [m[K  template argument deduction/substitution failed:
[2.266s] [01m[K/home/syafihidayat/Documents/robot_smoothing/src/robot_waypoint_pkg/src/robot_waypoint.cpp:98:52:[m[K [01;31m[Kerror: [m[Ktype/value mismatch at argument 1 in template parameter list for ‘[01m[Ktemplate<class _Tp, class ... _Types> constexpr _Tp&& std::get(std::tuple<_UTypes ...>&&)[m[K’
[2.266s]    98 |     speed_msg.data = static_cast<float>([01;31m[Kstd::get<3>(waypoint[current_waypoint_index])[m[K);
[2.267s]       |                                         [01;31m[K~~~~~~~~~~~^~~~~~~~~~~~~~~~~~~~~~~~~~~~~~~~~~[m[K
[2.267s] [01m[K/home/syafihidayat/Documents/robot_smoothing/src/robot_waypoint_pkg/src/robot_waypoint.cpp:98:52:[m[K [01;36m[Knote: [m[K  expected a type, got ‘[01m[K3[m[K’
[2.267s] In file included from [01m[K/usr/include/c++/11/bits/unique_ptr.h:37[m[K,
[2.267s]                  from [01m[K/usr/include/c++/11/memory:76[m[K,
[2.267s]                  from [01m[K/opt/ros/humble/include/rclcpp/rclcpp/rclcpp.hpp:153[m[K,
[2.267s]                  from [01m[K/home/syafihidayat/Documents/robot_smoothing/src/robot_waypoint_pkg/src/robot_waypoint.cpp:2[m[K:
[2.267s] [01m[K/usr/include/c++/11/tuple:1471:5:[m[K [01;36m[Knote: [m[Kcandidate: ‘[01m[Ktemplate<class _Tp, class ... _Types> constexpr const _Tp& std::get(const std::tuple<_UTypes ...>&)[m[K’
[2.267s]  1471 |     [01;36m[Kget[m[K(const tuple<_Types...>& __t) noexcept
[2.267s]       |     [01;36m[K^~~[m[K
[2.267s] [01m[K/usr/include/c++/11/tuple:1471:5:[m[K [01;36m[Knote: [m[K  template argument deduction/substitution failed:
[2.267s] [01m[K/home/syafihidayat/Documents/robot_smoothing/src/robot_waypoint_pkg/src/robot_waypoint.cpp:98:52:[m[K [01;31m[Kerror: [m[Ktype/value mismatch at argument 1 in template parameter list for ‘[01m[Ktemplate<class _Tp, class ... _Types> constexpr const _Tp& std::get(const std::tuple<_UTypes ...>&)[m[K’
[2.267s]    98 |     speed_msg.data = static_cast<float>([01;31m[Kstd::get<3>(waypoint[current_waypoint_index])[m[K);
[2.267s]       |                                         [01;31m[K~~~~~~~~~~~^~~~~~~~~~~~~~~~~~~~~~~~~~~~~~~~~~[m[K
[2.268s] [01m[K/home/syafihidayat/Documents/robot_smoothing/src/robot_waypoint_pkg/src/robot_waypoint.cpp:98:52:[m[K [01;36m[Knote: [m[K  expected a type, got ‘[01m[K3[m[K’
[2.268s] In file included from [01m[K/usr/include/c++/11/bits/unique_ptr.h:37[m[K,
[2.268s]                  from [01m[K/usr/include/c++/11/memory:76[m[K,
[2.268s]                  from [01m[K/opt/ros/humble/include/rclcpp/rclcpp/rclcpp.hpp:153[m[K,
[2.268s]                  from [01m[K/home/syafihidayat/Documents/robot_smoothing/src/robot_waypoint_pkg/src/robot_waypoint.cpp:2[m[K:
[2.268s] [01m[K/usr/include/c++/11/tuple:1483:5:[m[K [01;36m[Knote: [m[Kcandidate: ‘[01m[Ktemplate<class _Tp, class ... _Types> constexpr const _Tp&& std::get(const std::tuple<_UTypes ...>&&)[m[K’
[2.268s]  1483 |     [01;36m[Kget[m[K(const tuple<_Types...>&& __t) noexcept
[2.268s]       |     [01;36m[K^~~[m[K
[2.268s] [01m[K/usr/include/c++/11/tuple:1483:5:[m[K [01;36m[Knote: [m[K  template argument deduction/substitution failed:
[2.268s] [01m[K/home/syafihidayat/Documents/robot_smoothing/src/robot_waypoint_pkg/src/robot_waypoint.cpp:98:52:[m[K [01;31m[Kerror: [m[Ktype/value mismatch at argument 1 in template parameter list for ‘[01m[Ktemplate<class _Tp, class ... _Types> constexpr const _Tp&& std::get(const std::tuple<_UTypes ...>&&)[m[K’
[2.268s]    98 |     speed_msg.data = static_cast<float>([01;31m[Kstd::get<3>(waypoint[current_waypoint_index])[m[K);
[2.268s]       |                                         [01;31m[K~~~~~~~~~~~^~~~~~~~~~~~~~~~~~~~~~~~~~~~~~~~~~[m[K
[2.268s] [01m[K/home/syafihidayat/Documents/robot_smoothing/src/robot_waypoint_pkg/src/robot_waypoint.cpp:98:52:[m[K [01;36m[Knote: [m[K  expected a type, got ‘[01m[K3[m[K’
[2.268s] In file included from [01m[K/opt/ros/humble/include/rclcpp/rclcpp/client.hpp:28[m[K,
[2.269s]                  from [01m[K/opt/ros/humble/include/rclcpp/rclcpp/callback_group.hpp:24[m[K,
[2.269s]                  from [01m[K/opt/ros/humble/include/rclcpp/rclcpp/any_executable.hpp:20[m[K,
[2.269s]                  from [01m[K/opt/ros/humble/include/rclcpp/rclcpp/memory_strategy.hpp:25[m[K,
[2.269s]                  from [01m[K/opt/ros/humble/include/rclcpp/rclcpp/memory_strategies.hpp:18[m[K,
[2.269s]                  from [01m[K/opt/ros/humble/include/rclcpp/rclcpp/executor_options.hpp:20[m[K,
[2.269s]                  from [01m[K/opt/ros/humble/include/rclcpp/rclcpp/executor.hpp:37[m[K,
[2.269s]                  from [01m[K/opt/ros/humble/include/rclcpp/rclcpp/executors/multi_threaded_executor.hpp:25[m[K,
[2.269s]                  from [01m[K/opt/ros/humble/include/rclcpp/rclcpp/executors.hpp:21[m[K,
[2.269s]                  from [01m[K/opt/ros/humble/include/rclcpp/rclcpp/rclcpp.hpp:155[m[K,
[2.269s]                  from [01m[K/home/syafihidayat/Documents/robot_smoothing/src/robot_waypoint_pkg/src/robot_waypoint.cpp:2[m[K:
[2.269s] [01m[K/usr/include/c++/11/variant:1676:5:[m[K [01;36m[Knote: [m[Kcandidate: ‘[01m[Ktemplate<long unsigned int _Np, class ... _Types> constexpr std::variant_alternative_t<_Np, std::variant<_Types ...> >& std::get(std::variant<_Types ...>&)[m[K’
[2.269s]  1676 |     [01;36m[Kget[m[K(variant<_Types...>& __v)
[2.269s]       |     [01;36m[K^~~[m[K
[2.270s] [01m[K/usr/include/c++/11/variant:1676:5:[m[K [01;36m[Knote: [m[K  template argument deduction/substitution failed:
[2.270s] [01m[K/home/syafihidayat/Documents/robot_smoothing/src/robot_waypoint_pkg/src/robot_waypoint.cpp:98:52:[m[K [01;36m[Knote: [m[K  ‘[01m[K__gnu_cxx::__alloc_traits<std::allocator<std::tuple<double, double, double> >, std::tuple<double, double, double> >::value_type[m[K’ {aka ‘[01m[Kstd::tuple<double, double, double>[m[K’} is not derived from ‘[01m[Kstd::variant<_Types ...>[m[K’
[2.270s]    98 |     speed_msg.data = static_cast<float>([01;36m[Kstd::get<3>(waypoint[current_waypoint_index])[m[K);
[2.270s]       |                                         [01;36m[K~~~~~~~~~~~^~~~~~~~~~~~~~~~~~~~~~~~~~~~~~~~~~[m[K
[2.270s] In file included from [01m[K/opt/ros/humble/include/rclcpp/rclcpp/client.hpp:28[m[K,
[2.270s]                  from [01m[K/opt/ros/humble/include/rclcpp/rclcpp/callback_group.hpp:24[m[K,
[2.270s]                  from [01m[K/opt/ros/humble/include/rclcpp/rclcpp/any_executable.hpp:20[m[K,
[2.270s]                  from [01m[K/opt/ros/humble/include/rclcpp/rclcpp/memory_strategy.hpp:25[m[K,
[2.270s]                  from [01m[K/opt/ros/humble/include/rclcpp/rclcpp/memory_strategies.hpp:18[m[K,
[2.270s]                  from [01m[K/opt/ros/humble/include/rclcpp/rclcpp/executor_options.hpp:20[m[K,
[2.270s]                  from [01m[K/opt/ros/humble/include/rclcpp/rclcpp/executor.hpp:37[m[K,
[2.270s]                  from [01m[K/opt/ros/humble/include/rclcpp/rclcpp/executors/multi_threaded_executor.hpp:25[m[K,
[2.270s]                  from [01m[K/opt/ros/humble/include/rclcpp/rclcpp/executors.hpp:21[m[K,
[2.271s]                  from [01m[K/opt/ros/humble/include/rclcpp/rclcpp/rclcpp.hpp:155[m[K,
[2.271s]                  from [01m[K/home/syafihidayat/Documents/robot_smoothing/src/robot_waypoint_pkg/src/robot_waypoint.cpp:2[m[K:
[2.271s] [01m[K/usr/include/c++/11/variant:1687:5:[m[K [01;36m[Knote: [m[Kcandidate: ‘[01m[Ktemplate<long unsigned int _Np, class ... _Types> constexpr std::variant_alternative_t<_Np, std::variant<_Types ...> >&& std::get(std::variant<_Types ...>&&)[m[K’
[2.271s]  1687 |     [01;36m[Kget[m[K(variant<_Types...>&& __v)
[2.271s]       |     [01;36m[K^~~[m[K
[2.271s] [01m[K/usr/include/c++/11/variant:1687:5:[m[K [01;36m[Knote: [m[K  template argument deduction/substitution failed:
[2.271s] [01m[K/home/syafihidayat/Documents/robot_smoothing/src/robot_waypoint_pkg/src/robot_waypoint.cpp:98:52:[m[K [01;36m[Knote: [m[K  ‘[01m[K__gnu_cxx::__alloc_traits<std::allocator<std::tuple<double, double, double> >, std::tuple<double, double, double> >::value_type[m[K’ {aka ‘[01m[Kstd::tuple<double, double, double>[m[K’} is not derived from ‘[01m[Kstd::variant<_Types ...>[m[K’
[2.271s]    98 |     speed_msg.data = static_cast<float>([01;36m[Kstd::get<3>(waypoint[current_waypoint_index])[m[K);
[2.271s]       |                                         [01;36m[K~~~~~~~~~~~^~~~~~~~~~~~~~~~~~~~~~~~~~~~~~~~~~[m[K
[2.271s] In file included from [01m[K/opt/ros/humble/include/rclcpp/rclcpp/client.hpp:28[m[K,
[2.271s]                  from [01m[K/opt/ros/humble/include/rclcpp/rclcpp/callback_group.hpp:24[m[K,
[2.271s]                  from [01m[K/opt/ros/humble/include/rclcpp/rclcpp/any_executable.hpp:20[m[K,
[2.271s]                  from [01m[K/opt/ros/humble/include/rclcpp/rclcpp/memory_strategy.hpp:25[m[K,
[2.272s]                  from [01m[K/opt/ros/humble/include/rclcpp/rclcpp/memory_strategies.hpp:18[m[K,
[2.272s]                  from [01m[K/opt/ros/humble/include/rclcpp/rclcpp/executor_options.hpp:20[m[K,
[2.272s]                  from [01m[K/opt/ros/humble/include/rclcpp/rclcpp/executor.hpp:37[m[K,
[2.272s]                  from [01m[K/opt/ros/humble/include/rclcpp/rclcpp/executors/multi_threaded_executor.hpp:25[m[K,
[2.272s]                  from [01m[K/opt/ros/humble/include/rclcpp/rclcpp/executors.hpp:21[m[K,
[2.272s]                  from [01m[K/opt/ros/humble/include/rclcpp/rclcpp/rclcpp.hpp:155[m[K,
[2.272s]                  from [01m[K/home/syafihidayat/Documents/robot_smoothing/src/robot_waypoint_pkg/src/robot_waypoint.cpp:2[m[K:
[2.272s] [01m[K/usr/include/c++/11/variant:1698:5:[m[K [01;36m[Knote: [m[Kcandidate: ‘[01m[Ktemplate<long unsigned int _Np, class ... _Types> constexpr std::variant_alternative_t<_Np, std::variant<_Types ...> >& std::get(const std::variant<_Types ...>&)[m[K’
[2.272s]  1698 |     [01;36m[Kget[m[K(const variant<_Types...>& __v)
[2.272s]       |     [01;36m[K^~~[m[K
[2.272s] [01m[K/usr/include/c++/11/variant:1698:5:[m[K [01;36m[Knote: [m[K  template argument deduction/substitution failed:
[2.272s] [01m[K/home/syafihidayat/Documents/robot_smoothing/src/robot_waypoint_pkg/src/robot_waypoint.cpp:98:52:[m[K [01;36m[Knote: [m[K  ‘[01m[K__gnu_cxx::__alloc_traits<std::allocator<std::tuple<double, double, double> >, std::tuple<double, double, double> >::value_type[m[K’ {aka ‘[01m[Kstd::tuple<double, double, double>[m[K’} is not derived from ‘[01m[Kconst std::variant<_Types ...>[m[K’
[2.272s]    98 |     speed_msg.data = static_cast<float>([01;36m[Kstd::get<3>(waypoint[current_waypoint_index])[m[K);
[2.273s]       |                                         [01;36m[K~~~~~~~~~~~^~~~~~~~~~~~~~~~~~~~~~~~~~~~~~~~~~[m[K
[2.273s] In file included from [01m[K/opt/ros/humble/include/rclcpp/rclcpp/client.hpp:28[m[K,
[2.273s]                  from [01m[K/opt/ros/humble/include/rclcpp/rclcpp/callback_group.hpp:24[m[K,
[2.273s]                  from [01m[K/opt/ros/humble/include/rclcpp/rclcpp/any_executable.hpp:20[m[K,
[2.273s]                  from [01m[K/opt/ros/humble/include/rclcpp/rclcpp/memory_strategy.hpp:25[m[K,
[2.273s]                  from [01m[K/opt/ros/humble/include/rclcpp/rclcpp/memory_strategies.hpp:18[m[K,
[2.273s]                  from [01m[K/opt/ros/humble/include/rclcpp/rclcpp/executor_options.hpp:20[m[K,
[2.273s]                  from [01m[K/opt/ros/humble/include/rclcpp/rclcpp/executor.hpp:37[m[K,
[2.273s]                  from [01m[K/opt/ros/humble/include/rclcpp/rclcpp/executors/multi_threaded_executor.hpp:25[m[K,
[2.273s]                  from [01m[K/opt/ros/humble/include/rclcpp/rclcpp/executors.hpp:21[m[K,
[2.273s]                  from [01m[K/opt/ros/humble/include/rclcpp/rclcpp/rclcpp.hpp:155[m[K,
[2.273s]                  from [01m[K/home/syafihidayat/Documents/robot_smoothing/src/robot_waypoint_pkg/src/robot_waypoint.cpp:2[m[K:
[2.273s] [01m[K/usr/include/c++/11/variant:1709:5:[m[K [01;36m[Knote: [m[Kcandidate: ‘[01m[Ktemplate<long unsigned int _Np, class ... _Types> constexpr std::variant_alternative_t<_Np, std::variant<_Types ...> >&& std::get(const std::variant<_Types ...>&&)[m[K’
[2.274s]  1709 |     [01;36m[Kget[m[K(const variant<_Types...>&& __v)
[2.274s]       |     [01;36m[K^~~[m[K
[2.274s] [01m[K/usr/include/c++/11/variant:1709:5:[m[K [01;36m[Knote: [m[K  template argument deduction/substitution failed:
[2.274s] [01m[K/home/syafihidayat/Documents/robot_smoothing/src/robot_waypoint_pkg/src/robot_waypoint.cpp:98:52:[m[K [01;36m[Knote: [m[K  ‘[01m[K__gnu_cxx::__alloc_traits<std::allocator<std::tuple<double, double, double> >, std::tuple<double, double, double> >::value_type[m[K’ {aka ‘[01m[Kstd::tuple<double, double, double>[m[K’} is not derived from ‘[01m[Kconst std::variant<_Types ...>[m[K’
[2.274s]    98 |     speed_msg.data = static_cast<float>([01;36m[Kstd::get<3>(waypoint[current_waypoint_index])[m[K);
[2.274s]       |                                         [01;36m[K~~~~~~~~~~~^~~~~~~~~~~~~~~~~~~~~~~~~~~~~~~~~~[m[K
[2.274s] In file included from [01m[K/opt/ros/humble/include/rclcpp/rclcpp/client.hpp:28[m[K,
[2.274s]                  from [01m[K/opt/ros/humble/include/rclcpp/rclcpp/callback_group.hpp:24[m[K,
[2.274s]                  from [01m[K/opt/ros/humble/include/rclcpp/rclcpp/any_executable.hpp:20[m[K,
[2.274s]                  from [01m[K/opt/ros/humble/include/rclcpp/rclcpp/memory_strategy.hpp:25[m[K,
[2.274s]                  from [01m[K/opt/ros/humble/include/rclcpp/rclcpp/memory_strategies.hpp:18[m[K,
[2.274s]                  from [01m[K/opt/ros/humble/include/rclcpp/rclcpp/executor_options.hpp:20[m[K,
[2.274s]                  from [01m[K/opt/ros/humble/include/rclcpp/rclcpp/executor.hpp:37[m[K,
[2.274s]                  from [01m[K/opt/ros/humble/include/rclcpp/rclcpp/executors/multi_threaded_executor.hpp:25[m[K,
[2.275s]                  from [01m[K/opt/ros/humble/include/rclcpp/rclcpp/executors.hpp:21[m[K,
[2.275s]                  from [01m[K/opt/ros/humble/include/rclcpp/rclcpp/rclcpp.hpp:155[m[K,
[2.275s]                  from [01m[K/home/syafihidayat/Documents/robot_smoothing/src/robot_waypoint_pkg/src/robot_waypoint.cpp:2[m[K:
[2.275s] [01m[K/usr/include/c++/11/variant:1117:20:[m[K [01;36m[Knote: [m[Kcandidate: ‘[01m[Ktemplate<class _Tp, class ... _Types> constexpr _Tp& std::get(std::variant<_Types ...>&)[m[K’
[2.275s]  1117 |     constexpr _Tp& [01;36m[Kget[m[K(variant<_Types...>& __v)
[2.275s]       |                    [01;36m[K^~~[m[K
[2.275s] [01m[K/usr/include/c++/11/variant:1117:20:[m[K [01;36m[Knote: [m[K  template argument deduction/substitution failed:
[2.275s] [01m[K/home/syafihidayat/Documents/robot_smoothing/src/robot_waypoint_pkg/src/robot_waypoint.cpp:98:52:[m[K [01;31m[Kerror: [m[Ktype/value mismatch at argument 1 in template parameter list for ‘[01m[Ktemplate<class _Tp, class ... _Types> constexpr _Tp& std::get(std::variant<_Types ...>&)[m[K’
[2.275s]    98 |     speed_msg.data = static_cast<float>([01;31m[Kstd::get<3>(waypoint[current_waypoint_index])[m[K);
[2.275s]       |                                         [01;31m[K~~~~~~~~~~~^~~~~~~~~~~~~~~~~~~~~~~~~~~~~~~~~~[m[K
[2.275s] [01m[K/home/syafihidayat/Documents/robot_smoothing/src/robot_waypoint_pkg/src/robot_waypoint.cpp:98:52:[m[K [01;36m[Knote: [m[K  expected a type, got ‘[01m[K3[m[K’
[2.275s] In file included from [01m[K/opt/ros/humble/include/rclcpp/rclcpp/client.hpp:28[m[K,
[2.275s]                  from [01m[K/opt/ros/humble/include/rclcpp/rclcpp/callback_group.hpp:24[m[K,
[2.276s]                  from [01m[K/opt/ros/humble/include/rclcpp/rclcpp/any_executable.hpp:20[m[K,
[2.276s]                  from [01m[K/opt/ros/humble/include/rclcpp/rclcpp/memory_strategy.hpp:25[m[K,
[2.276s]                  from [01m[K/opt/ros/humble/include/rclcpp/rclcpp/memory_strategies.hpp:18[m[K,
[2.276s]                  from [01m[K/opt/ros/humble/include/rclcpp/rclcpp/executor_options.hpp:20[m[K,
[2.276s]                  from [01m[K/opt/ros/humble/include/rclcpp/rclcpp/executor.hpp:37[m[K,
[2.276s]                  from [01m[K/opt/ros/humble/include/rclcpp/rclcpp/executors/multi_threaded_executor.hpp:25[m[K,
[2.276s]                  from [01m[K/opt/ros/humble/include/rclcpp/rclcpp/executors.hpp:21[m[K,
[2.276s]                  from [01m[K/opt/ros/humble/include/rclcpp/rclcpp/rclcpp.hpp:155[m[K,
[2.276s]                  from [01m[K/home/syafihidayat/Documents/robot_smoothing/src/robot_waypoint_pkg/src/robot_waypoint.cpp:2[m[K:
[2.276s] [01m[K/usr/include/c++/11/variant:1126:21:[m[K [01;36m[Knote: [m[Kcandidate: ‘[01m[Ktemplate<class _Tp, class ... _Types> constexpr _Tp&& std::get(std::variant<_Types ...>&&)[m[K’
[2.276s]  1126 |     constexpr _Tp&& [01;36m[Kget[m[K(variant<_Types...>&& __v)
[2.276s]       |                     [01;36m[K^~~[m[K
[2.276s] [01m[K/usr/include/c++/11/variant:1126:21:[m[K [01;36m[Knote: [m[K  template argument deduction/substitution failed:
[2.277s] [01m[K/home/syafihidayat/Documents/robot_smoothing/src/robot_waypoint_pkg/src/robot_waypoint.cpp:98:52:[m[K [01;31m[Kerror: [m[Ktype/value mismatch at argument 1 in template parameter list for ‘[01m[Ktemplate<class _Tp, class ... _Types> constexpr _Tp&& std::get(std::variant<_Types ...>&&)[m[K’
[2.277s]    98 |     speed_msg.data = static_cast<float>([01;31m[Kstd::get<3>(waypoint[current_waypoint_index])[m[K);
[2.277s]       |                                         [01;31m[K~~~~~~~~~~~^~~~~~~~~~~~~~~~~~~~~~~~~~~~~~~~~~[m[K
[2.277s] [01m[K/home/syafihidayat/Documents/robot_smoothing/src/robot_waypoint_pkg/src/robot_waypoint.cpp:98:52:[m[K [01;36m[Knote: [m[K  expected a type, got ‘[01m[K3[m[K’
[2.277s] In file included from [01m[K/opt/ros/humble/include/rclcpp/rclcpp/client.hpp:28[m[K,
[2.277s]                  from [01m[K/opt/ros/humble/include/rclcpp/rclcpp/callback_group.hpp:24[m[K,
[2.277s]                  from [01m[K/opt/ros/humble/include/rclcpp/rclcpp/any_executable.hpp:20[m[K,
[2.277s]                  from [01m[K/opt/ros/humble/include/rclcpp/rclcpp/memory_strategy.hpp:25[m[K,
[2.277s]                  from [01m[K/opt/ros/humble/include/rclcpp/rclcpp/memory_strategies.hpp:18[m[K,
[2.277s]                  from [01m[K/opt/ros/humble/include/rclcpp/rclcpp/executor_options.hpp:20[m[K,
[2.277s]                  from [01m[K/opt/ros/humble/include/rclcpp/rclcpp/executor.hpp:37[m[K,
[2.277s]                  from [01m[K/opt/ros/humble/include/rclcpp/rclcpp/executors/multi_threaded_executor.hpp:25[m[K,
[2.277s]                  from [01m[K/opt/ros/humble/include/rclcpp/rclcpp/executors.hpp:21[m[K,
[2.278s]                  from [01m[K/opt/ros/humble/include/rclcpp/rclcpp/rclcpp.hpp:155[m[K,
[2.278s]                  from [01m[K/home/syafihidayat/Documents/robot_smoothing/src/robot_waypoint_pkg/src/robot_waypoint.cpp:2[m[K:
[2.278s] [01m[K/usr/include/c++/11/variant:1136:26:[m[K [01;36m[Knote: [m[Kcandidate: ‘[01m[Ktemplate<class _Tp, class ... _Types> constexpr const _Tp& std::get(const std::variant<_Types ...>&)[m[K’
[2.278s]  1136 |     constexpr const _Tp& [01;36m[Kget[m[K(const variant<_Types...>& __v)
[2.278s]       |                          [01;36m[K^~~[m[K
[2.278s] [01m[K/usr/include/c++/11/variant:1136:26:[m[K [01;36m[Knote: [m[K  template argument deduction/substitution failed:
[2.278s] [01m[K/home/syafihidayat/Documents/robot_smoothing/src/robot_waypoint_pkg/src/robot_waypoint.cpp:98:52:[m[K [01;31m[Kerror: [m[Ktype/value mismatch at argument 1 in template parameter list for ‘[01m[Ktemplate<class _Tp, class ... _Types> constexpr const _Tp& std::get(const std::variant<_Types ...>&)[m[K’
[2.278s]    98 |     speed_msg.data = static_cast<float>([01;31m[Kstd::get<3>(waypoint[current_waypoint_index])[m[K);
[2.278s]       |                                         [01;31m[K~~~~~~~~~~~^~~~~~~~~~~~~~~~~~~~~~~~~~~~~~~~~~[m[K
[2.278s] [01m[K/home/syafihidayat/Documents/robot_smoothing/src/robot_waypoint_pkg/src/robot_waypoint.cpp:98:52:[m[K [01;36m[Knote: [m[K  expected a type, got ‘[01m[K3[m[K’
[2.278s] In file included from [01m[K/opt/ros/humble/include/rclcpp/rclcpp/client.hpp:28[m[K,
[2.278s]                  from [01m[K/opt/ros/humble/include/rclcpp/rclcpp/callback_group.hpp:24[m[K,
[2.278s]                  from [01m[K/opt/ros/humble/include/rclcpp/rclcpp/any_executable.hpp:20[m[K,
[2.278s]                  from [01m[K/opt/ros/humble/include/rclcpp/rclcpp/memory_strategy.hpp:25[m[K,
[2.279s]                  from [01m[K/opt/ros/humble/include/rclcpp/rclcpp/memory_strategies.hpp:18[m[K,
[2.279s]                  from [01m[K/opt/ros/humble/include/rclcpp/rclcpp/executor_options.hpp:20[m[K,
[2.279s]                  from [01m[K/opt/ros/humble/include/rclcpp/rclcpp/executor.hpp:37[m[K,
[2.279s]                  from [01m[K/opt/ros/humble/include/rclcpp/rclcpp/executors/multi_threaded_executor.hpp:25[m[K,
[2.279s]                  from [01m[K/opt/ros/humble/include/rclcpp/rclcpp/executors.hpp:21[m[K,
[2.279s]                  from [01m[K/opt/ros/humble/include/rclcpp/rclcpp/rclcpp.hpp:155[m[K,
[2.279s]                  from [01m[K/home/syafihidayat/Documents/robot_smoothing/src/robot_waypoint_pkg/src/robot_waypoint.cpp:2[m[K:
[2.279s] [01m[K/usr/include/c++/11/variant:1145:27:[m[K [01;36m[Knote: [m[Kcandidate: ‘[01m[Ktemplate<class _Tp, class ... _Types> constexpr const _Tp&& std::get(const std::variant<_Types ...>&&)[m[K’
[2.279s]  1145 |     constexpr const _Tp&& [01;36m[Kget[m[K(const variant<_Types...>&& __v)
[2.279s]       |                           [01;36m[K^~~[m[K
[2.279s] [01m[K/usr/include/c++/11/variant:1145:27:[m[K [01;36m[Knote: [m[K  template argument deduction/substitution failed:
[2.279s] [01m[K/home/syafihidayat/Documents/robot_smoothing/src/robot_waypoint_pkg/src/robot_waypoint.cpp:98:52:[m[K [01;31m[Kerror: [m[Ktype/value mismatch at argument 1 in template parameter list for ‘[01m[Ktemplate<class _Tp, class ... _Types> constexpr const _Tp&& std::get(const std::variant<_Types ...>&&)[m[K’
[2.279s]    98 |     speed_msg.data = static_cast<float>([01;31m[Kstd::get<3>(waypoint[current_waypoint_index])[m[K);
[2.280s]       |                                         [01;31m[K~~~~~~~~~~~^~~~~~~~~~~~~~~~~~~~~~~~~~~~~~~~~~[m[K
[2.280s] [01m[K/home/syafihidayat/Documents/robot_smoothing/src/robot_waypoint_pkg/src/robot_waypoint.cpp:98:52:[m[K [01;36m[Knote: [m[K  expected a type, got ‘[01m[K3[m[K’
[5.099s] gmake[2]: *** [CMakeFiles/robot_waypoint.dir/build.make:76: CMakeFiles/robot_waypoint.dir/src/robot_waypoint.cpp.o] Error 1
[5.100s] gmake[1]: *** [CMakeFiles/Makefile2:137: CMakeFiles/robot_waypoint.dir/all] Error 2
[5.100s] gmake: *** [Makefile:146: all] Error 2
[5.103s] Invoked command in '/home/syafihidayat/Documents/robot_smoothing/build/robot_waypoint_pkg' returned '2': CMAKE_PREFIX_PATH=${CMAKE_PREFIX_PATH}:/opt/ros/humble /usr/bin/cmake --build /home/syafihidayat/Documents/robot_smoothing/build/robot_waypoint_pkg -- -j16 -l16
