[0.320s] Invoking command in '/home/syafihidayat/Documents/robot_smoothing/build/robot_main_pkg': CMAKE_PREFIX_PATH=${CMAKE_PREFIX_PATH}:/opt/ros/humble /usr/bin/cmake --build /home/syafihidayat/Documents/robot_smoothing/build/robot_main_pkg -- -j16 -l16
[0.406s] [ 50%] [32mBuilding CXX object CMakeFiles/robot_main.dir/src/robot_main.cpp.o[0m
[3.210s] [01m[K/home/syafihidayat/Documents/robot_smoothing/src/robot_main_pkg/src/robot_main.cpp:[m[K In member function ‘[01m[Kvoid Movement::control_loop()[m[K’:
[3.210s] [01m[K/home/syafihidayat/Documents/robot_smoothing/src/robot_main_pkg/src/robot_main.cpp:240:15:[m[K [01;35m[Kwarning: [m[Kunused variable ‘[01m[Kcontrol_angle[m[K’ [[01;35m[K]8;;https://gcc.gnu.org/onlinedocs/gcc/Warning-Options.html#index-Wunused-variable-Wunused-variable]8;;[m[K]
[3.210s]   240 |         float [01;35m[Kcontrol_angle[m[K = omni_angular.control_base_rotation(theta, max_angular_vel);
[3.210s]       |               [01;35m[K^~~~~~~~~~~~~[m[K
[15.473s] [100%] [32m[1mLinking CXX executable robot_main[0m
[16.615s] [100%] Built target robot_main
[16.629s] Invoked command in '/home/syafihidayat/Documents/robot_smoothing/build/robot_main_pkg' returned '0': CMAKE_PREFIX_PATH=${CMAKE_PREFIX_PATH}:/opt/ros/humble /usr/bin/cmake --build /home/syafihidayat/Documents/robot_smoothing/build/robot_main_pkg -- -j16 -l16
[16.631s] Invoking command in '/home/syafihidayat/Documents/robot_smoothing/build/robot_main_pkg': CMAKE_PREFIX_PATH=${CMAKE_PREFIX_PATH}:/opt/ros/humble /usr/bin/cmake --install /home/syafihidayat/Documents/robot_smoothing/build/robot_main_pkg
[16.639s] -- Install configuration: ""
[16.640s] -- Installing: /home/syafihidayat/Documents/robot_smoothing/install/robot_main_pkg/lib/robot_main_pkg/robot_main
[16.652s] -- Set runtime path of "/home/syafihidayat/Documents/robot_smoothing/install/robot_main_pkg/lib/robot_main_pkg/robot_main" to ""
[16.652s] -- Up-to-date: /home/syafihidayat/Documents/robot_smoothing/install/robot_main_pkg/share/ament_index/resource_index/package_run_dependencies/robot_main_pkg
[16.653s] -- Up-to-date: /home/syafihidayat/Documents/robot_smoothing/install/robot_main_pkg/share/ament_index/resource_index/parent_prefix_path/robot_main_pkg
[16.653s] -- Up-to-date: /home/syafihidayat/Documents/robot_smoothing/install/robot_main_pkg/share/robot_main_pkg/environment/ament_prefix_path.sh
[16.653s] -- Up-to-date: /home/syafihidayat/Documents/robot_smoothing/install/robot_main_pkg/share/robot_main_pkg/environment/ament_prefix_path.dsv
[16.653s] -- Up-to-date: /home/syafihidayat/Documents/robot_smoothing/install/robot_main_pkg/share/robot_main_pkg/environment/path.sh
[16.653s] -- Up-to-date: /home/syafihidayat/Documents/robot_smoothing/install/robot_main_pkg/share/robot_main_pkg/environment/path.dsv
[16.653s] -- Up-to-date: /home/syafihidayat/Documents/robot_smoothing/install/robot_main_pkg/share/robot_main_pkg/local_setup.bash
[16.653s] -- Up-to-date: /home/syafihidayat/Documents/robot_smoothing/install/robot_main_pkg/share/robot_main_pkg/local_setup.sh
[16.653s] -- Up-to-date: /home/syafihidayat/Documents/robot_smoothing/install/robot_main_pkg/share/robot_main_pkg/local_setup.zsh
[16.654s] -- Up-to-date: /home/syafihidayat/Documents/robot_smoothing/install/robot_main_pkg/share/robot_main_pkg/local_setup.dsv
[16.654s] -- Installing: /home/syafihidayat/Documents/robot_smoothing/install/robot_main_pkg/share/robot_main_pkg/package.dsv
[16.654s] -- Up-to-date: /home/syafihidayat/Documents/robot_smoothing/install/robot_main_pkg/share/ament_index/resource_index/packages/robot_main_pkg
[16.654s] -- Up-to-date: /home/syafihidayat/Documents/robot_smoothing/install/robot_main_pkg/share/robot_main_pkg/cmake/robot_main_pkgConfig.cmake
[16.654s] -- Up-to-date: /home/syafihidayat/Documents/robot_smoothing/install/robot_main_pkg/share/robot_main_pkg/cmake/robot_main_pkgConfig-version.cmake
[16.654s] -- Up-to-date: /home/syafihidayat/Documents/robot_smoothing/install/robot_main_pkg/share/robot_main_pkg/package.xml
[16.656s] Invoked command in '/home/syafihidayat/Documents/robot_smoothing/build/robot_main_pkg' returned '0': CMAKE_PREFIX_PATH=${CMAKE_PREFIX_PATH}:/opt/ros/humble /usr/bin/cmake --install /home/syafihidayat/Documents/robot_smoothing/build/robot_main_pkg
