[35m[1mConsolidate compiler generated dependencies of target robot_waypoint[0m
[ 50%] [32mBuilding CXX object CMakeFiles/robot_waypoint.dir/src/robot_waypoint.cpp.o[0m
[01m[K/home/syafihidayat/Documents/robot_smoothing/src/robot_waypoint_pkg/src/robot_waypoint.cpp:[m[K In constructor ‘[01m[KwaypointPublish::waypointPublish()[m[K’:
[01m[K/home/syafihidayat/Documents/robot_smoothing/src/robot_waypoint_pkg/src/robot_waypoint.cpp:18:59:[m[K [01;31m[Kerror: [m[K‘[01m[KFloat32MultiArray[m[K’ is not a member of ‘[01m[Kgeometry_msgs::msg[m[K’; did you mean ‘[01m[Kstd_msgs::msg::Float32MultiArray[m[K’?
   18 |     path_pub = this->create_publisher<geometry_msgs::msg::[01;31m[KFloat32MultiArray[m[K>("/path_points", 10);
      |                                                           [01;31m[K^~~~~~~~~~~~~~~~~[m[K
In file included from [01m[K/opt/ros/humble/include/std_msgs/std_msgs/msg/float32_multi_array.hpp:7[m[K,
                 from [01m[K/home/syafihidayat/Documents/robot_smoothing/src/robot_waypoint_pkg/src/robot_waypoint.cpp:9[m[K:
[01m[K/opt/ros/humble/include/std_msgs/std_msgs/msg/detail/float32_multi_array__struct.hpp:132:7:[m[K [01;36m[Knote: [m[K‘[01m[Kstd_msgs::msg::Float32MultiArray[m[K’ declared here
  132 | using [01;36m[KFloat32MultiArray[m[K =
      |       [01;36m[K^~~~~~~~~~~~~~~~~[m[K
[01m[K/home/syafihidayat/Documents/robot_smoothing/src/robot_waypoint_pkg/src/robot_waypoint.cpp:18:77:[m[K [01;31m[Kerror: [m[Kno matching function for call to ‘[01m[KwaypointPublish::create_publisher<<expression error> >(const char [13], int)[m[K’
   18 | [01;31m[Khis->create_publisher<geometry_msgs::msg::Float32MultiArray>("/path_points", 10)[m[K;
      | [01;31m[K~~~~~~~~~~~~~~~~~~~~~~~~~~~~~~~~~~~~~~~~~~~~~~~~~~~~~~~~~~~~^~~~~~~~~~~~~~~~~~~~[m[K

In file included from [01m[K/opt/ros/humble/include/rclcpp/rclcpp/executors/single_threaded_executor.hpp:28[m[K,
                 from [01m[K/opt/ros/humble/include/rclcpp/rclcpp/executors.hpp:22[m[K,
                 from [01m[K/opt/ros/humble/include/rclcpp/rclcpp/rclcpp.hpp:155[m[K,
                 from [01m[K/home/syafihidayat/Documents/robot_smoothing/src/robot_waypoint_pkg/src/robot_waypoint.cpp:2[m[K:
[01m[K/opt/ros/humble/include/rclcpp/rclcpp/node.hpp:195:3:[m[K [01;36m[Knote: [m[Kcandidate: ‘[01m[Ktemplate<class MessageT, class AllocatorT, class PublisherT> std::shared_ptr<PublisherT> rclcpp::Node::create_publisher(const string&, const rclcpp::QoS&, const rclcpp::PublisherOptionsWithAllocator<AllocatorT>&)[m[K’
  195 |   [01;36m[Kcreate_publisher[m[K(
      |   [01;36m[K^~~~~~~~~~~~~~~~[m[K
[01m[K/opt/ros/humble/include/rclcpp/rclcpp/node.hpp:195:3:[m[K [01;36m[Knote: [m[K  template argument deduction/substitution failed:
[01m[K/home/syafihidayat/Documents/robot_smoothing/src/robot_waypoint_pkg/src/robot_waypoint.cpp:18:77:[m[K [01;31m[Kerror: [m[Ktemplate argument 1 is invalid
   18 | [01;31m[Khis->create_publisher<geometry_msgs::msg::Float32MultiArray>("/path_points", 10)[m[K;
      | [01;31m[K~~~~~~~~~~~~~~~~~~~~~~~~~~~~~~~~~~~~~~~~~~~~~~~~~~~~~~~~~~~~^~~~~~~~~~~~~~~~~~~~[m[K

[01m[K/home/syafihidayat/Documents/robot_smoothing/src/robot_waypoint_pkg/src/robot_waypoint.cpp:21:34:[m[K [01;31m[Kerror: [m[Kinvalid use of non-static member function ‘[01m[Kvoid waypointPublish::path_finished_callback(std_msgs::msg::Bool_<std::allocator<void> >::SharedPtr)[m[K’
   21 |       std::bind([01;31m[KwaypointPublish::path_finished_callback[m[K, this, std::placeholders::_1));
      |                 [01;31m[K~~~~~~~~~~~~~~~~~^~~~~~~~~~~~~~~~~~~~~~[m[K
[01m[K/home/syafihidayat/Documents/robot_smoothing/src/robot_waypoint_pkg/src/robot_waypoint.cpp:144:8:[m[K [01;36m[Knote: [m[Kdeclared here
  144 |   void [01;36m[Kpath_finished_callback[m[K(const std_msgs::msg::Bool::SharedPtr msg)
      |        [01;36m[K^~~~~~~~~~~~~~~~~~~~~~[m[K
[01m[K/home/syafihidayat/Documents/robot_smoothing/src/robot_waypoint_pkg/src/robot_waypoint.cpp:25:37:[m[K [01;31m[Kerror: [m[K‘[01m[Kreached_callback[m[K’ is not a member of ‘[01m[KwaypointPublish[m[K’
   25 |         std::bind(&waypointPublish::[01;31m[Kreached_callback[m[K, this, std::placeholders::_1));
      |                                     [01;31m[K^~~~~~~~~~~~~~~~[m[K
[01m[K/home/syafihidayat/Documents/robot_smoothing/src/robot_waypoint_pkg/src/robot_waypoint.cpp:52:5:[m[K [01;31m[Kerror: [m[K‘[01m[Kreached_latched[m[K’ was not declared in this scope
   52 |     [01;31m[Kreached_latched[m[K = false;
      |     [01;31m[K^~~~~~~~~~~~~~~[m[K
[01m[K/home/syafihidayat/Documents/robot_smoothing/src/robot_waypoint_pkg/src/robot_waypoint.cpp:[m[K In member function ‘[01m[Kvoid waypointPublish::send_all_waypoint()[m[K’:
[01m[K/home/syafihidayat/Documents/robot_smoothing/src/robot_waypoint_pkg/src/robot_waypoint.cpp:89:20:[m[K [01;31m[Kerror: [m[Kunable to deduce ‘[01m[Kauto*[m[K’ from ‘[01m[K__for_begin .__gnu_cxx::__normal_iterator<std::tuple<double, double, double>*, std::vector<std::tuple<double, double, double> > >::operator*()[m[K’
   89 |     for(auto *wp : [01;31m[Kwaypoint[m[K)
      |                    [01;31m[K^~~~~~~~[m[K
[01m[K/home/syafihidayat/Documents/robot_smoothing/src/robot_waypoint_pkg/src/robot_waypoint.cpp:89:20:[m[K [01;36m[Knote: [m[K  mismatched types ‘[01m[Kauto*[m[K’ and ‘[01m[Kstd::tuple<double, double, double>[m[K’
[01m[K/home/syafihidayat/Documents/robot_smoothing/src/robot_waypoint_pkg/src/robot_waypoint.cpp:95:22:[m[K [01;31m[Kerror: [m[Kno matching function for call to ‘[01m[Krclcpp::Publisher<geometry_msgs::msg::Point_<std::allocator<void> > >::publish(std_msgs::msg::Float32MultiArray&)[m[K’
   95 |     [01;31m[Kpath_pub->publish(msg)[m[K;
      |     [01;31m[K~~~~~~~~~~~~~~~~~^~~~~[m[K
In file included from [01m[K/opt/ros/humble/include/rclcpp/rclcpp/topic_statistics/subscription_topic_statistics.hpp:31[m[K,
                 from [01m[K/opt/ros/humble/include/rclcpp/rclcpp/subscription.hpp:50[m[K,
                 from [01m[K/opt/ros/humble/include/rclcpp/rclcpp/any_executable.hpp:25[m[K,
                 from [01m[K/opt/ros/humble/include/rclcpp/rclcpp/memory_strategy.hpp:25[m[K,
                 from [01m[K/opt/ros/humble/include/rclcpp/rclcpp/memory_strategies.hpp:18[m[K,
                 from [01m[K/opt/ros/humble/include/rclcpp/rclcpp/executor_options.hpp:20[m[K,
                 from [01m[K/opt/ros/humble/include/rclcpp/rclcpp/executor.hpp:37[m[K,
                 from [01m[K/opt/ros/humble/include/rclcpp/rclcpp/executors/multi_threaded_executor.hpp:25[m[K,
                 from [01m[K/opt/ros/humble/include/rclcpp/rclcpp/executors.hpp:21[m[K,
                 from [01m[K/opt/ros/humble/include/rclcpp/rclcpp/rclcpp.hpp:155[m[K,
                 from [01m[K/home/syafihidayat/Documents/robot_smoothing/src/robot_waypoint_pkg/src/robot_waypoint.cpp:2[m[K:
[01m[K/opt/ros/humble/include/rclcpp/rclcpp/publisher.hpp:254:3:[m[K [01;36m[Knote: [m[Kcandidate: ‘[01m[Ktemplate<class T> std::enable_if_t<(rosidl_generator_traits::is_message<T>::value && std::is_same<T, typename rclcpp::TypeAdapter<MessageT>::ros_message_type>::value)> rclcpp::Publisher<MessageT, AllocatorT>::publish(std::unique_ptr<T, typename std::conditional<std::is_same<typename std::allocator_traits<typename std::allocator_traits<_Allocator>::rebind_traits<typename rclcpp::TypeAdapter<MessageT, void, void>::ros_message_type>::allocator_type>::rebind_alloc<typename rclcpp::TypeAdapter<MessageT, void, void>::ros_message_type>, std::allocator<typename rclcpp::TypeAdapter<MessageT>::ros_message_type> >::value, std::default_delete<typename rclcpp::TypeAdapter<MessageT>::ros_message_type>, rclcpp::allocator::AllocatorDeleter<typename std::allocator_traits<_Allocator>::rebind_traits<typename rclcpp::TypeAdapter<MessageT, void, void>::ros_message_type>::allocator_type> >::type>) [with T = T; MessageT = geometry_msgs::msg::Point_<std::allocator<void> >; AllocatorT = std::allocator<void>][m[K’
  254 |   [01;36m[Kpublish[m[K(std::unique_ptr<T, ROSMessageTypeDeleter> msg)
      |   [01;36m[K^~~~~~~[m[K
[01m[K/opt/ros/humble/include/rclcpp/rclcpp/publisher.hpp:254:3:[m[K [01;36m[Knote: [m[K  template argument deduction/substitution failed:
[01m[K/home/syafihidayat/Documents/robot_smoothing/src/robot_waypoint_pkg/src/robot_waypoint.cpp:95:22:[m[K [01;36m[Knote: [m[K  ‘[01m[Kstd_msgs::msg::Float32MultiArray_<std::allocator<void> >[m[K’ is not derived from ‘[01m[Kstd::unique_ptr<T, std::default_delete<geometry_msgs::msg::Point_<std::allocator<void> > > >[m[K’
   95 |     [01;36m[Kpath_pub->publish(msg)[m[K;
      |     [01;36m[K~~~~~~~~~~~~~~~~~^~~~~[m[K
In file included from [01m[K/opt/ros/humble/include/rclcpp/rclcpp/topic_statistics/subscription_topic_statistics.hpp:31[m[K,
                 from [01m[K/opt/ros/humble/include/rclcpp/rclcpp/subscription.hpp:50[m[K,
                 from [01m[K/opt/ros/humble/include/rclcpp/rclcpp/any_executable.hpp:25[m[K,
                 from [01m[K/opt/ros/humble/include/rclcpp/rclcpp/memory_strategy.hpp:25[m[K,
                 from [01m[K/opt/ros/humble/include/rclcpp/rclcpp/memory_strategies.hpp:18[m[K,
                 from [01m[K/opt/ros/humble/include/rclcpp/rclcpp/executor_options.hpp:20[m[K,
                 from [01m[K/opt/ros/humble/include/rclcpp/rclcpp/executor.hpp:37[m[K,
                 from [01m[K/opt/ros/humble/include/rclcpp/rclcpp/executors/multi_threaded_executor.hpp:25[m[K,
                 from [01m[K/opt/ros/humble/include/rclcpp/rclcpp/executors.hpp:21[m[K,
                 from [01m[K/opt/ros/humble/include/rclcpp/rclcpp/rclcpp.hpp:155[m[K,
                 from [01m[K/home/syafihidayat/Documents/robot_smoothing/src/robot_waypoint_pkg/src/robot_waypoint.cpp:2[m[K:
[01m[K/opt/ros/humble/include/rclcpp/rclcpp/publisher.hpp:295:3:[m[K [01;36m[Knote: [m[Kcandidate: ‘[01m[Ktemplate<class T> std::enable_if_t<(rosidl_generator_traits::is_message<T>::value && std::is_same<T, typename rclcpp::TypeAdapter<MessageT>::ros_message_type>::value)> rclcpp::Publisher<MessageT, AllocatorT>::publish(const T&) [with T = T; MessageT = geometry_msgs::msg::Point_<std::allocator<void> >; AllocatorT = std::allocator<void>][m[K’
  295 |   [01;36m[Kpublish[m[K(const T & msg)
      |   [01;36m[K^~~~~~~[m[K
[01m[K/opt/ros/humble/include/rclcpp/rclcpp/publisher.hpp:295:3:[m[K [01;36m[Knote: [m[K  template argument deduction/substitution failed:
In file included from [01m[K/usr/include/c++/11/bits/move.h:57[m[K,
                 from [01m[K/usr/include/c++/11/bits/stl_pair.h:59[m[K,
                 from [01m[K/usr/include/c++/11/bits/stl_algobase.h:64[m[K,
                 from [01m[K/usr/include/c++/11/memory:63[m[K,
                 from [01m[K/opt/ros/humble/include/rclcpp/rclcpp/rclcpp.hpp:153[m[K,
                 from [01m[K/home/syafihidayat/Documents/robot_smoothing/src/robot_waypoint_pkg/src/robot_waypoint.cpp:2[m[K:
/usr/include/c++/11/type_traits: In substitution of ‘[01m[Ktemplate<bool _Cond, class _Tp> using enable_if_t = typename std::enable_if::type [with bool _Cond = false; _Tp = void][m[K’:
[01m[K/opt/ros/humble/include/rclcpp/rclcpp/publisher.hpp:295:3:[m[K   required by substitution of ‘[01m[Ktemplate<class T> std::enable_if_t<(rosidl_generator_traits::is_message<T>::value && std::is_same<T, geometry_msgs::msg::Point_<std::allocator<void> > >::value), void> rclcpp::Publisher<geometry_msgs::msg::Point_<std::allocator<void> > >::publish<T>(const T&) [with T = std_msgs::msg::Float32MultiArray_<std::allocator<void> >][m[K’
[01m[K/home/syafihidayat/Documents/robot_smoothing/src/robot_waypoint_pkg/src/robot_waypoint.cpp:95:22:[m[K   required from here
[01m[K/usr/include/c++/11/type_traits:2579:11:[m[K [01;31m[Kerror: [m[Kno type named ‘[01m[Ktype[m[K’ in ‘[01m[Kstruct std::enable_if<false, void>[m[K’
 2579 |     using [01;31m[Kenable_if_t[m[K = typename enable_if<_Cond, _Tp>::type;
      |           [01;31m[K^~~~~~~~~~~[m[K
In file included from [01m[K/opt/ros/humble/include/rclcpp/rclcpp/topic_statistics/subscription_topic_statistics.hpp:31[m[K,
                 from [01m[K/opt/ros/humble/include/rclcpp/rclcpp/subscription.hpp:50[m[K,
                 from [01m[K/opt/ros/humble/include/rclcpp/rclcpp/any_executable.hpp:25[m[K,
                 from [01m[K/opt/ros/humble/include/rclcpp/rclcpp/memory_strategy.hpp:25[m[K,
                 from [01m[K/opt/ros/humble/include/rclcpp/rclcpp/memory_strategies.hpp:18[m[K,
                 from [01m[K/opt/ros/humble/include/rclcpp/rclcpp/executor_options.hpp:20[m[K,
                 from [01m[K/opt/ros/humble/include/rclcpp/rclcpp/executor.hpp:37[m[K,
                 from [01m[K/opt/ros/humble/include/rclcpp/rclcpp/executors/multi_threaded_executor.hpp:25[m[K,
                 from [01m[K/opt/ros/humble/include/rclcpp/rclcpp/executors.hpp:21[m[K,
                 from [01m[K/opt/ros/humble/include/rclcpp/rclcpp/rclcpp.hpp:155[m[K,
                 from [01m[K/home/syafihidayat/Documents/robot_smoothing/src/robot_waypoint_pkg/src/robot_waypoint.cpp:2[m[K:
[01m[K/opt/ros/humble/include/rclcpp/rclcpp/publisher.hpp:325:3:[m[K [01;36m[Knote: [m[Kcandidate: ‘[01m[Ktemplate<class T> std::enable_if_t<(typename rclcpp::TypeAdapter<MessageT>::is_specialized::value && std::is_same<T, typename rclcpp::TypeAdapter<MessageT>::custom_type>::value)> rclcpp::Publisher<MessageT, AllocatorT>::publish(std::unique_ptr<T, typename std::conditional<std::is_same<typename std::allocator_traits<typename std::allocator_traits<_Allocator>::rebind_traits<typename rclcpp::TypeAdapter<MessageT, void, void>::custom_type>::allocator_type>::rebind_alloc<typename rclcpp::TypeAdapter<MessageT, void, void>::custom_type>, std::allocator<typename rclcpp::TypeAdapter<MessageT>::custom_type> >::value, std::default_delete<typename rclcpp::TypeAdapter<MessageT>::custom_type>, rclcpp::allocator::AllocatorDeleter<typename std::allocator_traits<_Allocator>::rebind_traits<typename rclcpp::TypeAdapter<MessageT, void, void>::custom_type>::allocator_type> >::type>) [with T = T; MessageT = geometry_msgs::msg::Point_<std::allocator<void> >; AllocatorT = std::allocator<void>][m[K’
  325 |   [01;36m[Kpublish[m[K(std::unique_ptr<T, PublishedTypeDeleter> msg)
      |   [01;36m[K^~~~~~~[m[K
[01m[K/opt/ros/humble/include/rclcpp/rclcpp/publisher.hpp:325:3:[m[K [01;36m[Knote: [m[K  template argument deduction/substitution failed:
[01m[K/home/syafihidayat/Documents/robot_smoothing/src/robot_waypoint_pkg/src/robot_waypoint.cpp:95:22:[m[K [01;36m[Knote: [m[K  ‘[01m[Kstd_msgs::msg::Float32MultiArray_<std::allocator<void> >[m[K’ is not derived from ‘[01m[Kstd::unique_ptr<T, std::default_delete<geometry_msgs::msg::Point_<std::allocator<void> > > >[m[K’
   95 |     [01;36m[Kpath_pub->publish(msg)[m[K;
      |     [01;36m[K~~~~~~~~~~~~~~~~~^~~~~[m[K
In file included from [01m[K/opt/ros/humble/include/rclcpp/rclcpp/topic_statistics/subscription_topic_statistics.hpp:31[m[K,
                 from [01m[K/opt/ros/humble/include/rclcpp/rclcpp/subscription.hpp:50[m[K,
                 from [01m[K/opt/ros/humble/include/rclcpp/rclcpp/any_executable.hpp:25[m[K,
                 from [01m[K/opt/ros/humble/include/rclcpp/rclcpp/memory_strategy.hpp:25[m[K,
                 from [01m[K/opt/ros/humble/include/rclcpp/rclcpp/memory_strategies.hpp:18[m[K,
                 from [01m[K/opt/ros/humble/include/rclcpp/rclcpp/executor_options.hpp:20[m[K,
                 from [01m[K/opt/ros/humble/include/rclcpp/rclcpp/executor.hpp:37[m[K,
                 from [01m[K/opt/ros/humble/include/rclcpp/rclcpp/executors/multi_threaded_executor.hpp:25[m[K,
                 from [01m[K/opt/ros/humble/include/rclcpp/rclcpp/executors.hpp:21[m[K,
                 from [01m[K/opt/ros/humble/include/rclcpp/rclcpp/rclcpp.hpp:155[m[K,
                 from [01m[K/home/syafihidayat/Documents/robot_smoothing/src/robot_waypoint_pkg/src/robot_waypoint.cpp:2[m[K:
[01m[K/opt/ros/humble/include/rclcpp/rclcpp/publisher.hpp:367:3:[m[K [01;36m[Knote: [m[Kcandidate: ‘[01m[Ktemplate<class T> std::enable_if_t<(typename rclcpp::TypeAdapter<MessageT>::is_specialized::value && std::is_same<T, typename rclcpp::TypeAdapter<MessageT>::custom_type>::value)> rclcpp::Publisher<MessageT, AllocatorT>::publish(const T&) [with T = T; MessageT = geometry_msgs::msg::Point_<std::allocator<void> >; AllocatorT = std::allocator<void>][m[K’
  367 |   [01;36m[Kpublish[m[K(const T & msg)
      |   [01;36m[K^~~~~~~[m[K
[01m[K/opt/ros/humble/include/rclcpp/rclcpp/publisher.hpp:367:3:[m[K [01;36m[Knote: [m[K  template argument deduction/substitution failed:
[01m[K/opt/ros/humble/include/rclcpp/rclcpp/publisher.hpp:386:3:[m[K [01;36m[Knote: [m[Kcandidate: ‘[01m[Kvoid rclcpp::Publisher<MessageT, AllocatorT>::publish(const rcl_serialized_message_t&) [with MessageT = geometry_msgs::msg::Point_<std::allocator<void> >; AllocatorT = std::allocator<void>; rcl_serialized_message_t = rcutils_uint8_array_s][m[K’
  386 |   [01;36m[Kpublish[m[K(const rcl_serialized_message_t & serialized_msg)
      |   [01;36m[K^~~~~~~[m[K
[01m[K/opt/ros/humble/include/rclcpp/rclcpp/publisher.hpp:386:44:[m[K [01;36m[Knote: [m[K  no known conversion for argument 1 from ‘[01m[Kstd_msgs::msg::Float32MultiArray[m[K’ {aka ‘[01m[Kstd_msgs::msg::Float32MultiArray_<std::allocator<void> >[m[K’} to ‘[01m[Kconst rcl_serialized_message_t&[m[K’ {aka ‘[01m[Kconst rcutils_uint8_array_s&[m[K’}
  386 |   publish([01;36m[Kconst rcl_serialized_message_t & serialized_msg[m[K)
      |           [01;36m[K~~~~~~~~~~~~~~~~~~~~~~~~~~~~~~~~~^~~~~~~~~~~~~~[m[K
[01m[K/opt/ros/humble/include/rclcpp/rclcpp/publisher.hpp:392:3:[m[K [01;36m[Knote: [m[Kcandidate: ‘[01m[Kvoid rclcpp::Publisher<MessageT, AllocatorT>::publish(const rclcpp::SerializedMessage&) [with MessageT = geometry_msgs::msg::Point_<std::allocator<void> >; AllocatorT = std::allocator<void>][m[K’
  392 |   [01;36m[Kpublish[m[K(const SerializedMessage & serialized_msg)
      |   [01;36m[K^~~~~~~[m[K
[01m[K/opt/ros/humble/include/rclcpp/rclcpp/publisher.hpp:392:37:[m[K [01;36m[Knote: [m[K  no known conversion for argument 1 from ‘[01m[Kstd_msgs::msg::Float32MultiArray[m[K’ {aka ‘[01m[Kstd_msgs::msg::Float32MultiArray_<std::allocator<void> >[m[K’} to ‘[01m[Kconst rclcpp::SerializedMessage&[m[K’
  392 |   publish([01;36m[Kconst SerializedMessage & serialized_msg[m[K)
      |           [01;36m[K~~~~~~~~~~~~~~~~~~~~~~~~~~^~~~~~~~~~~~~~[m[K
[01m[K/opt/ros/humble/include/rclcpp/rclcpp/publisher.hpp:406:3:[m[K [01;36m[Knote: [m[Kcandidate: ‘[01m[Kvoid rclcpp::Publisher<MessageT, AllocatorT>::publish(rclcpp::LoanedMessage<typename rclcpp::TypeAdapter<MessageT>::ros_message_type, AllocatorT>&&) [with MessageT = geometry_msgs::msg::Point_<std::allocator<void> >; AllocatorT = std::allocator<void>; typename rclcpp::TypeAdapter<MessageT>::ros_message_type = geometry_msgs::msg::Point_<std::allocator<void> >][m[K’
  406 |   [01;36m[Kpublish[m[K(rclcpp::LoanedMessage<ROSMessageType, AllocatorT> && loaned_msg)
      |   [01;36m[K^~~~~~~[m[K
[01m[K/opt/ros/humble/include/rclcpp/rclcpp/publisher.hpp:406:64:[m[K [01;36m[Knote: [m[K  no known conversion for argument 1 from ‘[01m[Kstd_msgs::msg::Float32MultiArray[m[K’ {aka ‘[01m[Kstd_msgs::msg::Float32MultiArray_<std::allocator<void> >[m[K’} to ‘[01m[Krclcpp::LoanedMessage<geometry_msgs::msg::Point_<std::allocator<void> >, std::allocator<void> >&&[m[K’
  406 | ublish([01;36m[Krclcpp::LoanedMessage<ROSMessageType, AllocatorT> && loaned_msg[m[K)
      |        [01;36m[K~~~~~~~~~~~~~~~~~~~~~~~~~~~~~~~~~~~~~~~~~~~~~~~~~~~~~^~~~~~~~~~[m[K

gmake[2]: *** [CMakeFiles/robot_waypoint.dir/build.make:76: CMakeFiles/robot_waypoint.dir/src/robot_waypoint.cpp.o] Error 1
gmake[1]: *** [CMakeFiles/Makefile2:137: CMakeFiles/robot_waypoint.dir/all] Error 2
gmake: *** [Makefile:146: all] Error 2
