[0.276s] Invoking command in '/home/syafihidayat/Documents/robot_smoothing/build/robot_main_pkg': CMAKE_PREFIX_PATH=${CMAKE_PREFIX_PATH}:/opt/ros/humble /usr/bin/cmake --build /home/syafihidayat/Documents/robot_smoothing/build/robot_main_pkg -- -j16 -l16
[0.353s] [35m[1mConsolidate compiler generated dependencies of target robot_main[0m
[0.380s] [ 50%] [32mBuilding CXX object CMakeFiles/robot_main.dir/src/robot_main.cpp.o[0m
[0.986s] [01m[K/home/syafihidayat/Documents/robot_smoothing/src/robot_main_pkg/src/robot_main.cpp:22:25:[m[K [01;31m[Kerror: [m[K‘[01m[Krclcpp[m[K’ has not been declared
[0.987s]    22 | class Movement : public [01;31m[Krclcpp[m[K::Node
[0.987s]       |                         [01;31m[K^~~~~~[m[K
[0.987s] [01m[K/home/syafihidayat/Documents/robot_smoothing/src/robot_main_pkg/src/robot_main.cpp:22:33:[m[K [01;31m[Kerror: [m[Kexpected ‘[01m[K{[m[K’ before ‘[01m[KNode[m[K’
[0.987s]    22 | class Movement : public rclcpp::[01;31m[KNode[m[K
[0.987s]       |                                 [01;31m[K^~~~[m[K
[0.987s] [01m[K/home/syafihidayat/Documents/robot_smoothing/src/robot_main_pkg/src/robot_main.cpp:25:1:[m[K [01;31m[Kerror: [m[Kexpected primary-expression before ‘[01m[Kpublic[m[K’
[0.988s]    25 | [01;31m[Kpublic[m[K:
[0.988s]       | [01;31m[K^~~~~~[m[K
[0.988s] [01m[K/home/syafihidayat/Documents/robot_smoothing/src/robot_main_pkg/src/robot_main.cpp:25:1:[m[K [01;31m[Kerror: [m[Kexpected ‘[01m[K}[m[K’ before ‘[01m[Kpublic[m[K’
[0.988s] [01m[K/home/syafihidayat/Documents/robot_smoothing/src/robot_main_pkg/src/robot_main.cpp:23:1:[m[K [01;36m[Knote: [m[Kto match this ‘[01m[K{[m[K’
[0.988s]    23 | [01;36m[K{[m[K
[0.988s]       | [01;36m[K^[m[K
[0.988s] [01m[K/home/syafihidayat/Documents/robot_smoothing/src/robot_main_pkg/src/robot_main.cpp:77:1:[m[K [01;31m[Kerror: [m[Kexpected unqualified-id before ‘[01m[Kprivate[m[K’
[0.988s]    77 | [01;31m[Kprivate[m[K:
[0.988s]       | [01;31m[K^~~~~~~[m[K
[0.988s] [01m[K/home/syafihidayat/Documents/robot_smoothing/src/robot_main_pkg/src/robot_main.cpp:100:3:[m[K [01;31m[Kerror: [m[K‘[01m[KState[m[K’ does not name a type
[0.988s]   100 |   [01;31m[KState[m[K current_state;
[0.988s]       |   [01;31m[K^~~~~[m[K
[0.996s] [01m[K/home/syafihidayat/Documents/robot_smoothing/src/robot_main_pkg/src/robot_main.cpp:[m[K In function ‘[01m[Kvoid odom_callback(nav_msgs::msg::Odometry_<std::allocator<void> >::SharedPtr)[m[K’:
[0.996s] [01m[K/home/syafihidayat/Documents/robot_smoothing/src/robot_main_pkg/src/robot_main.cpp:139:5:[m[K [01;31m[Kerror: [m[K‘[01m[Kodom_robot_msg[m[K’ was not declared in this scope
[0.996s]   139 |     [01;31m[Kodom_robot_msg[m[K = *msg;
[0.997s]       |     [01;31m[K^~~~~~~~~~~~~~[m[K
[1.001s] [01m[K/home/syafihidayat/Documents/robot_smoothing/src/robot_main_pkg/src/robot_main.cpp:[m[K In function ‘[01m[Kvoid pose_callback(geometry_msgs::msg::Point_<std::allocator<void> >::SharedPtr)[m[K’:
[1.002s] [01m[K/home/syafihidayat/Documents/robot_smoothing/src/robot_main_pkg/src/robot_main.cpp:153:8:[m[K [01;31m[Kerror: [m[K‘[01m[Kcurrent_state[m[K’ was not declared in this scope
[1.002s]   153 |     if([01;31m[Kcurrent_state[m[K == WAITING_FOR_TARGET || current_state == TARGET_REACHED)
[1.002s]       |        [01;31m[K^~~~~~~~~~~~~[m[K
[1.006s] [01m[K/home/syafihidayat/Documents/robot_smoothing/src/robot_main_pkg/src/robot_main.cpp:153:25:[m[K [01;31m[Kerror: [m[K‘[01m[KWAITING_FOR_TARGET[m[K’ was not declared in this scope
[1.006s]   153 |     if(current_state == [01;31m[KWAITING_FOR_TARGET[m[K || current_state == TARGET_REACHED)
[1.006s]       |                         [01;31m[K^~~~~~~~~~~~~~~~~~[m[K
[1.009s] [01m[K/home/syafihidayat/Documents/robot_smoothing/src/robot_main_pkg/src/robot_main.cpp:153:64:[m[K [01;31m[Kerror: [m[K‘[01m[KTARGET_REACHED[m[K’ was not declared in this scope
[1.009s]   153 |  if(current_state == WAITING_FOR_TARGET || current_state == [01;31m[KTARGET_REACHED[m[K)
[1.009s]       |                                                             [01;31m[K^~~~~~~~~~~~~~[m[K
[1.009s] 
[1.012s] [01m[K/home/syafihidayat/Documents/robot_smoothing/src/robot_main_pkg/src/robot_main.cpp:158:23:[m[K [01;31m[Kerror: [m[K‘[01m[KMOVING_TO_TARGET[m[K’ was not declared in this scope
[1.013s]   158 |       current_state = [01;31m[KMOVING_TO_TARGET[m[K;
[1.013s]       |                       [01;31m[K^~~~~~~~~~~~~~~~[m[K
[1.013s] [01m[K/home/syafihidayat/Documents/robot_smoothing/src/robot_main_pkg/src/robot_main.cpp:160:19:[m[K [01;31m[Kerror: [m[Kinvalid use of ‘[01m[Kthis[m[K’ in non-member function
[1.013s]   160 |       RCLCPP_INFO([01;31m[Kthis[m[K->get_logger(), "New target STAGE1 received: (%.2f, %.2f)", targetX, targetY);
[1.013s]       |                   [01;31m[K^~~~[m[K
[1.016s] [01m[K/home/syafihidayat/Documents/robot_smoothing/src/robot_main_pkg/src/robot_main.cpp:160:7:[m[K [01;31m[Kerror: [m[K‘[01m[KRCLCPP_INFO[m[K’ was not declared in this scope
[1.016s]   160 |       [01;31m[KRCLCPP_INFO[m[K(this->get_logger(), "New target STAGE1 received: (%.2f, %.2f)", targetX, targetY);
[1.016s]       |       [01;31m[K^~~~~~~~~~~[m[K
[1.016s] [01m[K/home/syafihidayat/Documents/robot_smoothing/src/robot_main_pkg/src/robot_main.cpp:161:19:[m[K [01;31m[Kerror: [m[Kinvalid use of ‘[01m[Kthis[m[K’ in non-member function
[1.016s]   161 |       RCLCPP_INFO([01;31m[Kthis[m[K->get_logger(), "Current position: (%.2f, %.2f)", currentX, currentY);
[1.016s]       |                   [01;31m[K^~~~[m[K
[1.019s] [01m[K/home/syafihidayat/Documents/robot_smoothing/src/robot_main_pkg/src/robot_main.cpp:[m[K In function ‘[01m[Kvoid control_loop()[m[K’:
[1.019s] [01m[K/home/syafihidayat/Documents/robot_smoothing/src/robot_main_pkg/src/robot_main.cpp:171:9:[m[K [01;31m[Kerror: [m[K‘[01m[Kcurrent_state[m[K’ was not declared in this scope
[1.020s]   171 |     if(([01;31m[Kcurrent_state[m[K == WAITING_FOR_TARGET || current_state == MOVING_TO_TARGET) && !target_received)
[1.020s]       |         [01;31m[K^~~~~~~~~~~~~[m[K
[1.023s] [01m[K/home/syafihidayat/Documents/robot_smoothing/src/robot_main_pkg/src/robot_main.cpp:171:26:[m[K [01;31m[Kerror: [m[K‘[01m[KWAITING_FOR_TARGET[m[K’ was not declared in this scope
[1.023s]   171 |     if((current_state == [01;31m[KWAITING_FOR_TARGET[m[K || current_state == MOVING_TO_TARGET) && !target_received)
[1.023s]       |                          [01;31m[K^~~~~~~~~~~~~~~~~~[m[K
[1.026s] [01m[K/home/syafihidayat/Documents/robot_smoothing/src/robot_main_pkg/src/robot_main.cpp:171:65:[m[K [01;31m[Kerror: [m[K‘[01m[KMOVING_TO_TARGET[m[K’ was not declared in this scope
[1.026s]   171 | if((current_state == WAITING_FOR_TARGET || current_state == [01;31m[KMOVING_TO_TARGET[m[K) && !target_received)
[1.027s]       |                                                             [01;31m[K^~~~~~~~~~~~~~~~[m[K
[1.027s] 
[1.027s] [01m[K/home/syafihidayat/Documents/robot_smoothing/src/robot_main_pkg/src/robot_main.cpp:171:5:[m[K [01;35m[Kwarning: [m[Kthis ‘[01m[Kif[m[K’ clause does not guard... [[01;35m[K]8;;https://gcc.gnu.org/onlinedocs/gcc/Warning-Options.html#index-Wmisleading-indentation-Wmisleading-indentation]8;;[m[K]
[1.027s]   171 |     [01;35m[Kif[m[K((current_state == WAITING_FOR_TARGET || current_state == MOVING_TO_TARGET) && !target_received)
[1.027s]       |     [01;35m[K^~[m[K
[1.027s] [01m[K/home/syafihidayat/Documents/robot_smoothing/src/robot_main_pkg/src/robot_main.cpp:174:7:[m[K [01;36m[Knote: [m[K...this statement, but the latter is misleadingly indented as if it were guarded by the ‘[01m[Kif[m[K’
[1.027s]   174 |       [01;36m[Kdouble[m[K currT = this->now().seconds();
[1.027s]       |       [01;36m[K^~~~~~[m[K
[1.028s] [01m[K/home/syafihidayat/Documents/robot_smoothing/src/robot_main_pkg/src/robot_main.cpp:174:22:[m[K [01;31m[Kerror: [m[Kinvalid use of ‘[01m[Kthis[m[K’ in non-member function
[1.028s]   174 |       double currT = [01;31m[Kthis[m[K->now().seconds();
[1.028s]       |                      [01;31m[K^~~~[m[K
[1.028s] [01m[K/home/syafihidayat/Documents/robot_smoothing/src/robot_main_pkg/src/robot_main.cpp:177:7:[m[K [01;31m[Kerror: [m[K‘[01m[Kgeometry_msgs_msg[m[K’ has not been declared
[1.028s]   177 |       [01;31m[Kgeometry_msgs_msg[m[K::Twist cmd;
[1.028s]       |       [01;31m[K^~~~~~~~~~~~~~~~~[m[K
[1.029s] [01m[K/home/syafihidayat/Documents/robot_smoothing/src/robot_main_pkg/src/robot_main.cpp:179:14:[m[K [01;31m[Kerror: [m[K‘[01m[Kcurrent_state[m[K’ was not declared in this scope
[1.029s]   179 |       switch([01;31m[Kcurrent_state[m[K)
[1.029s]       |              [01;31m[K^~~~~~~~~~~~~[m[K
[1.032s] [01m[K/home/syafihidayat/Documents/robot_smoothing/src/robot_main_pkg/src/robot_main.cpp:181:12:[m[K [01;31m[Kerror: [m[K‘[01m[KWAITING_FOR_TARGET[m[K’ was not declared in this scope
[1.032s]   181 |       case [01;31m[KWAITING_FOR_TARGET[m[K:
[1.032s]       |            [01;31m[K^~~~~~~~~~~~~~~~~~[m[K
[1.034s] [01m[K/home/syafihidayat/Documents/robot_smoothing/src/robot_main_pkg/src/robot_main.cpp:182:9:[m[K [01;31m[Kerror: [m[K‘[01m[Kcmd[m[K’ was not declared in this scope
[1.034s]   182 |         [01;31m[Kcmd[m[K.linear.x = 0.0;
[1.034s]       |         [01;31m[K^~~[m[K
[1.036s] [01m[K/home/syafihidayat/Documents/robot_smoothing/src/robot_main_pkg/src/robot_main.cpp:188:27:[m[K [01;31m[Kerror: [m[K‘[01m[KMOVING_TO_TARGET[m[K’ was not declared in this scope
[1.036s]   188 |           current_state = [01;31m[KMOVING_TO_TARGET[m[K;
[1.037s]       |                           [01;31m[K^~~~~~~~~~~~~~~~[m[K
[1.037s] [01m[K/home/syafihidayat/Documents/robot_smoothing/src/robot_main_pkg/src/robot_main.cpp:189:23:[m[K [01;31m[Kerror: [m[Kinvalid use of ‘[01m[Kthis[m[K’ in non-member function
[1.037s]   189 |           RCLCPP_INFO([01;31m[Kthis[m[K->get_logger(), "🎯 Starting movement to target %d/%d",stage1_target_count + 1, stage1_targets_total);
[1.037s]       |                       [01;31m[K^~~~[m[K
[1.038s] [01m[K/home/syafihidayat/Documents/robot_smoothing/src/robot_main_pkg/src/robot_main.cpp:189:107:[m[K [01;31m[Kerror: [m[K‘[01m[Kstage1_targets_total[m[K’ was not declared in this scope; did you mean ‘[01m[Kstage1_target_total[m[K’?
[1.038s]   189 | Starting movement to target %d/%d",stage1_target_count + 1, [01;31m[Kstage1_targets_total[m[K);
[1.038s]       |                                                             [01;31m[K^~~~~~~~~~~~~~~~~~~~[m[K
[1.038s]       |                                                             [32m[Kstage1_target_total[m[K
[1.040s] [01m[K/home/syafihidayat/Documents/robot_smoothing/src/robot_main_pkg/src/robot_main.cpp:189:11:[m[K [01;31m[Kerror: [m[K‘[01m[KRCLCPP_INFO[m[K’ was not declared in this scope
[1.040s]   189 |           [01;31m[KRCLCPP_INFO[m[K(this->get_logger(), "🎯 Starting movement to target %d/%d",stage1_target_count + 1, stage1_targets_total);
[1.040s]       |           [01;31m[K^~~~~~~~~~~[m[K
[1.043s] [01m[K/home/syafihidayat/Documents/robot_smoothing/src/robot_main_pkg/src/robot_main.cpp:194:12:[m[K [01;31m[Kerror: [m[K‘[01m[KMOVING_TO_TARGET[m[K’ was not declared in this scope
[1.043s]   194 |       case [01;31m[KMOVING_TO_TARGET[m[K:
[1.043s]       |            [01;31m[K^~~~~~~~~~~~~~~~[m[K
[1.045s] [01m[K/home/syafihidayat/Documents/robot_smoothing/src/robot_main_pkg/src/robot_main.cpp:199:44:[m[K [01;31m[Kerror: [m[K‘[01m[Kodom_robot_msg[m[K’ was not declared in this scope; did you mean ‘[01m[Kodom_robot_yaw[m[K’?
[1.045s]   199 |         double odom_robot_yaw = convertion([01;31m[Kodom_robot_msg[m[K);
[1.046s]       |                                            [01;31m[K^~~~~~~~~~~~~~[m[K
[1.046s]       |                                            [32m[Kodom_robot_yaw[m[K
[1.047s] [01m[K/home/syafihidayat/Documents/robot_smoothing/src/robot_main_pkg/src/robot_main.cpp:215:23:[m[K [01;31m[Kerror: [m[Kinvalid use of ‘[01m[Kthis[m[K’ in non-member function
[1.047s]   215 |           RCLCPP_INFO([01;31m[Kthis[m[K->get_logger(), "move robot");
[1.047s]       |                       [01;31m[K^~~~[m[K
[1.048s] [01m[K/home/syafihidayat/Documents/robot_smoothing/src/robot_main_pkg/src/robot_main.cpp:215:11:[m[K [01;31m[Kerror: [m[K‘[01m[KRCLCPP_INFO[m[K’ was not declared in this scope
[1.048s]   215 |           [01;31m[KRCLCPP_INFO[m[K(this->get_logger(), "move robot");
[1.048s]       |           [01;31m[K^~~~~~~~~~~[m[K
[1.051s] [01m[K/home/syafihidayat/Documents/robot_smoothing/src/robot_main_pkg/src/robot_main.cpp:224:27:[m[K [01;31m[Kerror: [m[K‘[01m[KTARGET_REACHED[m[K’ was not declared in this scope
[1.051s]   224 |           current_state = [01;31m[KTARGET_REACHED[m[K;
[1.051s]       |                           [01;31m[K^~~~~~~~~~~~~~[m[K
[1.053s] [01m[K/home/syafihidayat/Documents/robot_smoothing/src/robot_main_pkg/src/robot_main.cpp:229:11:[m[K [01;31m[Kerror: [m[K‘[01m[Kreached_pub[m[K’ was not declared in this scope; did you mean ‘[01m[Kreached_msg[m[K’?
[1.053s]   229 |           [01;31m[Kreached_pub[m[K->publish(reached_msg);
[1.053s]       |           [01;31m[K^~~~~~~~~~~[m[K
[1.054s]       |           [32m[Kreached_msg[m[K
[1.054s] [01m[K/home/syafihidayat/Documents/robot_smoothing/src/robot_main_pkg/src/robot_main.cpp:234:25:[m[K [01;31m[Kerror: [m[Kinvalid use of ‘[01m[Kthis[m[K’ in non-member function
[1.054s]   234 |             RCLCPP_INFO([01;31m[Kthis[m[K->get_logger(), "target reached");
[1.054s]       |                         [01;31m[K^~~~[m[K
[1.056s] [01m[K/home/syafihidayat/Documents/robot_smoothing/src/robot_main_pkg/src/robot_main.cpp:234:13:[m[K [01;31m[Kerror: [m[K‘[01m[KRCLCPP_INFO[m[K’ was not declared in this scope
[1.057s]   234 |             [01;31m[KRCLCPP_INFO[m[K(this->get_logger(), "target reached");
[1.057s]       |             [01;31m[K^~~~~~~~~~~[m[K
[1.057s] [01m[K/home/syafihidayat/Documents/robot_smoothing/src/robot_main_pkg/src/robot_main.cpp:235:25:[m[K [01;31m[Kerror: [m[Kinvalid use of ‘[01m[Kthis[m[K’ in non-member function
[1.057s]   235 |             RCLCPP_INFO([01;31m[Kthis[m[K->get_logger(), "STAGE1 COMPLATED");
[1.057s]       |                         [01;31m[K^~~~[m[K
[1.057s] [01m[K/home/syafihidayat/Documents/robot_smoothing/src/robot_main_pkg/src/robot_main.cpp:240:25:[m[K [01;31m[Kerror: [m[Kinvalid use of ‘[01m[Kthis[m[K’ in non-member function
[1.057s]   240 |             RCLCPP_INFO([01;31m[Kthis[m[K->get_logger(), "wait for next target");
[1.057s]       |                         [01;31m[K^~~~[m[K
[1.059s] [01m[K/home/syafihidayat/Documents/robot_smoothing/src/robot_main_pkg/src/robot_main.cpp:240:13:[m[K [01;31m[Kerror: [m[K‘[01m[KRCLCPP_INFO[m[K’ was not declared in this scope
[1.059s]   240 |             [01;31m[KRCLCPP_INFO[m[K(this->get_logger(), "wait for next target");
[1.059s]       |             [01;31m[K^~~~~~~~~~~[m[K
[1.062s] [01m[K/home/syafihidayat/Documents/robot_smoothing/src/robot_main_pkg/src/robot_main.cpp:247:14:[m[K [01;31m[Kerror: [m[K‘[01m[KTARGET_REACHED[m[K’ was not declared in this scope
[1.063s]   247 |         case [01;31m[KTARGET_REACHED[m[K:
[1.063s]       |              [01;31m[K^~~~~~~~~~~~~~[m[K
[1.063s] [01m[K/home/syafihidayat/Documents/robot_smoothing/src/robot_main_pkg/src/robot_main.cpp:247:14:[m[K [01;31m[Kerror: [m[Kjump to case label
[1.063s] [01m[K/home/syafihidayat/Documents/robot_smoothing/src/robot_main_pkg/src/robot_main.cpp:206:15:[m[K [01;36m[Knote: [m[K  crosses initialization of ‘[01m[Kfloat control_angle[m[K’
[1.063s]   206 |         float [01;36m[Kcontrol_angle[m[K = omni_angular.control_base_rotation(theta, deltaT);
[1.063s]       |               [01;36m[K^~~~~~~~~~~~~[m[K
[1.064s] [01m[K/home/syafihidayat/Documents/robot_smoothing/src/robot_main_pkg/src/robot_main.cpp:205:15:[m[K [01;36m[Knote: [m[K  crosses initialization of ‘[01m[Kfloat control_distance[m[K’
[1.064s]   205 |         float [01;36m[Kcontrol_distance[m[K = omni_distance.control_base(distance, deltaT);
[1.064s]       |               [01;36m[K^~~~~~~~~~~~~~~~[m[K
[1.064s] [01m[K/home/syafihidayat/Documents/robot_smoothing/src/robot_main_pkg/src/robot_main.cpp:203:16:[m[K [01;36m[Knote: [m[K  crosses initialization of ‘[01m[Kdouble angle[m[K’
[1.064s]   203 |         double [01;36m[Kangle[m[K = std::atan2(dy, dx);
[1.064s]       |                [01;36m[K^~~~~[m[K
[1.064s] [01m[K/home/syafihidayat/Documents/robot_smoothing/src/robot_main_pkg/src/robot_main.cpp:202:16:[m[K [01;36m[Knote: [m[K  crosses initialization of ‘[01m[Kdouble distance[m[K’
[1.064s]   202 |         double [01;36m[Kdistance[m[K = std::sqrt(dx * dx + dy * dy);
[1.064s]       |                [01;36m[K^~~~~~~~[m[K
[1.064s] [01m[K/home/syafihidayat/Documents/robot_smoothing/src/robot_main_pkg/src/robot_main.cpp:200:16:[m[K [01;36m[Knote: [m[K  crosses initialization of ‘[01m[Kdouble theta[m[K’
[1.064s]   200 |         double [01;36m[Ktheta[m[K = 0 - odom_robot_yaw;
[1.064s]       |                [01;36m[K^~~~~[m[K
[1.064s] [01m[K/home/syafihidayat/Documents/robot_smoothing/src/robot_main_pkg/src/robot_main.cpp:199:16:[m[K [01;36m[Knote: [m[K  crosses initialization of ‘[01m[Kdouble odom_robot_yaw[m[K’
[1.064s]   199 |         double [01;36m[Kodom_robot_yaw[m[K = convertion(odom_robot_msg);
[1.065s]       |                [01;36m[K^~~~~~~~~~~~~~[m[K
[1.065s] [01m[K/home/syafihidayat/Documents/robot_smoothing/src/robot_main_pkg/src/robot_main.cpp:197:16:[m[K [01;36m[Knote: [m[K  crosses initialization of ‘[01m[Kdouble dy[m[K’
[1.065s]   197 |         double [01;36m[Kdy[m[K = targetY - currentY;
[1.065s]       |                [01;36m[K^~[m[K
[1.065s] [01m[K/home/syafihidayat/Documents/robot_smoothing/src/robot_main_pkg/src/robot_main.cpp:196:16:[m[K [01;36m[Knote: [m[K  crosses initialization of ‘[01m[Kdouble dx[m[K’
[1.065s]   196 |         double [01;36m[Kdx[m[K = targetX - currentX;
[1.065s]       |                [01;36m[K^~[m[K
[1.065s] [01m[K/home/syafihidayat/Documents/robot_smoothing/src/robot_main_pkg/src/robot_main.cpp:256:9:[m[K [01;31m[Kerror: [m[K‘[01m[Kcmd_pub[m[K’ was not declared in this scope
[1.065s]   256 |         [01;31m[Kcmd_pub[m[K->publish(cmd);
[1.065s]       |         [01;31m[K^~~~~~~[m[K
[1.065s] [01m[K/home/syafihidayat/Documents/robot_smoothing/src/robot_main_pkg/src/robot_main.cpp:258:7:[m[K [01;31m[Kerror: [m[K‘[01m[Krclcpp[m[K’ has not been declared
[1.065s]   258 |       [01;31m[Krclcpp[m[K::Publisher<geometry_msgs::msg::Twist>::SharedPtr cmd_pub;
[1.065s]       |       [01;31m[K^~~~~~[m[K
[1.065s] [01m[K/home/syafihidayat/Documents/robot_smoothing/src/robot_main_pkg/src/robot_main.cpp:258:50:[m[K [01;31m[Kerror: [m[Kexpected primary-expression before ‘[01m[K>[m[K’ token
[1.065s]   258 |       rclcpp::Publisher<geometry_msgs::msg::Twist[01;31m[K>[m[K::SharedPtr cmd_pub;
[1.065s]       |                                                  [01;31m[K^[m[K
[1.067s] [01m[K/home/syafihidayat/Documents/robot_smoothing/src/robot_main_pkg/src/robot_main.cpp:258:53:[m[K [01;31m[Kerror: [m[K‘[01m[K::SharedPtr[m[K’ has not been declared
[1.067s]   258 |       rclcpp::Publisher<geometry_msgs::msg::Twist>::[01;31m[KSharedPtr[m[K cmd_pub;
[1.067s]       |                                                     [01;31m[K^~~~~~~~~[m[K
[1.067s] [01m[K/home/syafihidayat/Documents/robot_smoothing/src/robot_main_pkg/src/robot_main.cpp:259:7:[m[K [01;31m[Kerror: [m[K‘[01m[Krclcpp[m[K’ has not been declared
[1.067s]   259 |       [01;31m[Krclcpp[m[K::Publisher<std_msgs::msg::Bool>::SharedPtr reached_pub;
[1.067s]       |       [01;31m[K^~~~~~[m[K
[1.067s] [01m[K/home/syafihidayat/Documents/robot_smoothing/src/robot_main_pkg/src/robot_main.cpp:259:44:[m[K [01;31m[Kerror: [m[Kexpected primary-expression before ‘[01m[K>[m[K’ token
[1.067s]   259 |       rclcpp::Publisher<std_msgs::msg::Bool[01;31m[K>[m[K::SharedPtr reached_pub;
[1.067s]       |                                            [01;31m[K^[m[K
[1.069s] [01m[K/home/syafihidayat/Documents/robot_smoothing/src/robot_main_pkg/src/robot_main.cpp:259:47:[m[K [01;31m[Kerror: [m[K‘[01m[K::SharedPtr[m[K’ has not been declared
[1.070s]   259 |       rclcpp::Publisher<std_msgs::msg::Bool>::[01;31m[KSharedPtr[m[K reached_pub;
[1.070s]       |                                               [01;31m[K^~~~~~~~~[m[K
[1.070s] [01m[K/home/syafihidayat/Documents/robot_smoothing/src/robot_main_pkg/src/robot_main.cpp:260:7:[m[K [01;31m[Kerror: [m[K‘[01m[Krclcpp[m[K’ has not been declared
[1.070s]   260 |       [01;31m[Krclcpp[m[K::Subscription<nav_msgs::msg::Odometry>::SharedPtr odom_sub;
[1.070s]       |       [01;31m[K^~~~~~[m[K
[1.070s] [01m[K/home/syafihidayat/Documents/robot_smoothing/src/robot_main_pkg/src/robot_main.cpp:260:51:[m[K [01;31m[Kerror: [m[Kexpected primary-expression before ‘[01m[K>[m[K’ token
[1.070s]   260 |       rclcpp::Subscription<nav_msgs::msg::Odometry[01;31m[K>[m[K::SharedPtr odom_sub;
[1.070s]       |                                                   [01;31m[K^[m[K
[1.072s] [01m[K/home/syafihidayat/Documents/robot_smoothing/src/robot_main_pkg/src/robot_main.cpp:260:54:[m[K [01;31m[Kerror: [m[K‘[01m[K::SharedPtr[m[K’ has not been declared
[1.072s]   260 |       rclcpp::Subscription<nav_msgs::msg::Odometry>::[01;31m[KSharedPtr[m[K odom_sub;
[1.072s]       |                                                      [01;31m[K^~~~~~~~~[m[K
[1.072s] [01m[K/home/syafihidayat/Documents/robot_smoothing/src/robot_main_pkg/src/robot_main.cpp:261:7:[m[K [01;31m[Kerror: [m[K‘[01m[Krclcpp[m[K’ has not been declared
[1.072s]   261 |       [01;31m[Krclcpp[m[K::Subscription<geometry_msgs::msg::Point>::SharedPtr pose_sub;
[1.072s]       |       [01;31m[K^~~~~~[m[K
[1.072s] [01m[K/home/syafihidayat/Documents/robot_smoothing/src/robot_main_pkg/src/robot_main.cpp:261:53:[m[K [01;31m[Kerror: [m[Kexpected primary-expression before ‘[01m[K>[m[K’ token
[1.072s]   261 |       rclcpp::Subscription<geometry_msgs::msg::Point[01;31m[K>[m[K::SharedPtr pose_sub;
[1.072s]       |                                                     [01;31m[K^[m[K
[1.074s] [01m[K/home/syafihidayat/Documents/robot_smoothing/src/robot_main_pkg/src/robot_main.cpp:261:56:[m[K [01;31m[Kerror: [m[K‘[01m[K::SharedPtr[m[K’ has not been declared
[1.074s]   261 |       rclcpp::Subscription<geometry_msgs::msg::Point>::[01;31m[KSharedPtr[m[K pose_sub;
[1.075s]       |                                                        [01;31m[K^~~~~~~~~[m[K
[1.075s] [01m[K/home/syafihidayat/Documents/robot_smoothing/src/robot_main_pkg/src/robot_main.cpp:265:7:[m[K [01;31m[Kerror: [m[K‘[01m[Krclcpp[m[K’ has not been declared
[1.075s]   265 |       [01;31m[Krclcpp[m[K::TimerBase::SharedPtr timer_;
[1.075s]       |       [01;31m[K^~~~~~[m[K
[1.075s] [01m[K/home/syafihidayat/Documents/robot_smoothing/src/robot_main_pkg/src/robot_main.cpp:[m[K In function ‘[01m[Kint main(int, char**)[m[K’:
[1.075s] [01m[K/home/syafihidayat/Documents/robot_smoothing/src/robot_main_pkg/src/robot_main.cpp:271:3:[m[K [01;31m[Kerror: [m[K‘[01m[Krclcpp[m[K’ has not been declared
[1.075s]   271 |   [01;31m[Krclcpp[m[K::init(argc, argv);
[1.075s]       |   [01;31m[K^~~~~~[m[K
[1.075s] [01m[K/home/syafihidayat/Documents/robot_smoothing/src/robot_main_pkg/src/robot_main.cpp:272:3:[m[K [01;31m[Kerror: [m[K‘[01m[Krclcpp[m[K’ has not been declared
[1.075s]   272 |   [01;31m[Krclcpp[m[K::spin(std::make_shared<Movement>());
[1.075s]       |   [01;31m[K^~~~~~[m[K
[1.076s] [01m[K/home/syafihidayat/Documents/robot_smoothing/src/robot_main_pkg/src/robot_main.cpp:273:3:[m[K [01;31m[Kerror: [m[K‘[01m[Krclcpp[m[K’ has not been declared
[1.076s]   273 |   [01;31m[Krclcpp[m[K::shutdown();
[1.076s]       |   [01;31m[K^~~~~~[m[K
[1.141s] In file included from [01m[K/usr/include/c++/11/unordered_map:42[m[K,
[1.142s]                  from [01m[K/usr/include/c++/11/functional:61[m[K,
[1.142s]                  from [01m[K/usr/include/c++/11/pstl/glue_algorithm_defs.h:13[m[K,
[1.142s]                  from [01m[K/usr/include/c++/11/algorithm:74[m[K,
[1.142s]                  from [01m[K/opt/ros/humble/include/geometry_msgs/geometry_msgs/msg/detail/twist__struct.hpp:8[m[K,
[1.142s]                  from [01m[K/opt/ros/humble/include/geometry_msgs/geometry_msgs/msg/twist.hpp:7[m[K,
[1.143s]                  from [01m[K/home/syafihidayat/Documents/robot_smoothing/src/robot_main_pkg/src/robot_main.cpp:2[m[K:
[1.143s] /usr/include/c++/11/ext/aligned_buffer.h: In instantiation of ‘[01m[Kstruct __gnu_cxx::__aligned_buffer<Movement>[m[K’:
[1.143s] [01m[K/usr/include/c++/11/bits/shared_ptr_base.h:506:35:[m[K   required from ‘[01m[Kclass std::_Sp_counted_ptr_inplace<Movement, std::allocator<Movement>, __gnu_cxx::_S_atomic>::_Impl[m[K’
[1.143s] [01m[K/usr/include/c++/11/bits/shared_ptr_base.h:567:13:[m[K   required from ‘[01m[Kclass std::_Sp_counted_ptr_inplace<Movement, std::allocator<Movement>, __gnu_cxx::_S_atomic>[m[K’
[1.143s] [01m[K/usr/include/c++/11/bits/shared_ptr_base.h:647:43:[m[K   required from ‘[01m[Kstd::__shared_count<_Lp>::__shared_count(_Tp*&, std::_Sp_alloc_shared_tag<_Alloc>, _Args&& ...) [with _Tp = Movement; _Alloc = std::allocator<Movement>; _Args = {}; __gnu_cxx::_Lock_policy _Lp = __gnu_cxx::_S_atomic][m[K’
[1.143s] [01m[K/usr/include/c++/11/bits/shared_ptr_base.h:1342:14:[m[K   required from ‘[01m[Kstd::__shared_ptr<_Tp, _Lp>::__shared_ptr(std::_Sp_alloc_shared_tag<_Tp>, _Args&& ...) [with _Alloc = std::allocator<Movement>; _Args = {}; _Tp = Movement; __gnu_cxx::_Lock_policy _Lp = __gnu_cxx::_S_atomic][m[K’
[1.143s] [01m[K/usr/include/c++/11/bits/shared_ptr.h:409:59:[m[K   required from ‘[01m[Kstd::shared_ptr<_Tp>::shared_ptr(std::_Sp_alloc_shared_tag<_Tp>, _Args&& ...) [with _Alloc = std::allocator<Movement>; _Args = {}; _Tp = Movement][m[K’
[1.143s] [01m[K/usr/include/c++/11/bits/shared_ptr.h:862:14:[m[K   required from ‘[01m[Kstd::shared_ptr<_Tp> std::allocate_shared(const _Alloc&, _Args&& ...) [with _Tp = Movement; _Alloc = std::allocator<Movement>; _Args = {}][m[K’
[1.143s] [01m[K/usr/include/c++/11/bits/shared_ptr.h:878:39:[m[K   required from ‘[01m[Kstd::shared_ptr<_Tp> std::make_shared(_Args&& ...) [with _Tp = Movement; _Args = {}][m[K’
[1.143s] [01m[K/home/syafihidayat/Documents/robot_smoothing/src/robot_main_pkg/src/robot_main.cpp:272:42:[m[K   required from here
[1.144s] [01m[K/usr/include/c++/11/ext/aligned_buffer.h:91:28:[m[K [01;31m[Kerror: [m[Kinvalid application of ‘[01m[Ksizeof[m[K’ to incomplete type ‘[01m[KMovement[m[K’
[1.144s]    91 |     : std::aligned_storage<[01;31m[Ksizeof(_Tp)[m[K, __alignof__(_Tp)>
[1.144s]       |                            [01;31m[K^~~~~~~~~~~[m[K
[1.144s] [01m[K/usr/include/c++/11/ext/aligned_buffer.h:91:28:[m[K [01;31m[Kerror: [m[Kinvalid application of ‘[01m[Ksizeof[m[K’ to incomplete type ‘[01m[KMovement[m[K’
[1.165s] gmake[2]: *** [CMakeFiles/robot_main.dir/build.make:76: CMakeFiles/robot_main.dir/src/robot_main.cpp.o] Error 1
[1.166s] gmake[1]: *** [CMakeFiles/Makefile2:137: CMakeFiles/robot_main.dir/all] Error 2
[1.166s] gmake: *** [Makefile:146: all] Error 2
[1.169s] Invoked command in '/home/syafihidayat/Documents/robot_smoothing/build/robot_main_pkg' returned '2': CMAKE_PREFIX_PATH=${CMAKE_PREFIX_PATH}:/opt/ros/humble /usr/bin/cmake --build /home/syafihidayat/Documents/robot_smoothing/build/robot_main_pkg -- -j16 -l16
