[0.880s] Invoking command in '/home/syafihidayat/Documents/robot_smoothing/src/robot_gui_pkg': PYTHONPATH=/home/syafihidayat/Documents/robot_smoothing/build/robot_gui_pkg/prefix_override:/usr/lib/python3/dist-packages/colcon_core/task/python/colcon_distutils_commands:/home/syafihidayat/Documents/robot_smoothing/install/robot_gui_pkg/lib/python3.10/site-packages:${PYTHONPATH} /usr/bin/python3 -W ignore:setup.py install is deprecated -W ignore:easy_install command is deprecated setup.py egg_info --egg-base ../../build/robot_gui_pkg build --build-base /home/syafihidayat/Documents/robot_smoothing/build/robot_gui_pkg/build install --record /home/syafihidayat/Documents/robot_smoothing/build/robot_gui_pkg/install.log --install-scripts $base/lib/robot_gui_pkg --single-version-externally-managed install_data
[1.098s] running egg_info
[1.099s] creating ../../build/robot_gui_pkg/robot_gui_pkg.egg-info
[1.099s] writing ../../build/robot_gui_pkg/robot_gui_pkg.egg-info/PKG-INFO
[1.099s] writing dependency_links to ../../build/robot_gui_pkg/robot_gui_pkg.egg-info/dependency_links.txt
[1.099s] writing entry points to ../../build/robot_gui_pkg/robot_gui_pkg.egg-info/entry_points.txt
[1.100s] writing requirements to ../../build/robot_gui_pkg/robot_gui_pkg.egg-info/requires.txt
[1.100s] writing top-level names to ../../build/robot_gui_pkg/robot_gui_pkg.egg-info/top_level.txt
[1.100s] writing manifest file '../../build/robot_gui_pkg/robot_gui_pkg.egg-info/SOURCES.txt'
[1.103s] reading manifest file '../../build/robot_gui_pkg/robot_gui_pkg.egg-info/SOURCES.txt'
[1.104s] writing manifest file '../../build/robot_gui_pkg/robot_gui_pkg.egg-info/SOURCES.txt'
[1.104s] running build
[1.104s] running build_py
[1.104s] creating /home/syafihidayat/Documents/robot_smoothing/build/robot_gui_pkg/build
[1.104s] creating /home/syafihidayat/Documents/robot_smoothing/build/robot_gui_pkg/build/lib
[1.104s] creating /home/syafihidayat/Documents/robot_smoothing/build/robot_gui_pkg/build/lib/robot_gui_pkg
[1.105s] copying robot_gui_pkg/__init__.py -> /home/syafihidayat/Documents/robot_smoothing/build/robot_gui_pkg/build/lib/robot_gui_pkg
[1.105s] copying robot_gui_pkg/robot_gui.py -> /home/syafihidayat/Documents/robot_smoothing/build/robot_gui_pkg/build/lib/robot_gui_pkg
[1.105s] running install
[1.106s] running install_lib
[1.107s] creating /home/syafihidayat/Documents/robot_smoothing/install/robot_gui_pkg/lib/python3.10/site-packages/robot_gui_pkg
[1.107s] copying /home/syafihidayat/Documents/robot_smoothing/build/robot_gui_pkg/build/lib/robot_gui_pkg/__init__.py -> /home/syafihidayat/Documents/robot_smoothing/install/robot_gui_pkg/lib/python3.10/site-packages/robot_gui_pkg
[1.107s] copying /home/syafihidayat/Documents/robot_smoothing/build/robot_gui_pkg/build/lib/robot_gui_pkg/robot_gui.py -> /home/syafihidayat/Documents/robot_smoothing/install/robot_gui_pkg/lib/python3.10/site-packages/robot_gui_pkg
[1.108s] byte-compiling /home/syafihidayat/Documents/robot_smoothing/install/robot_gui_pkg/lib/python3.10/site-packages/robot_gui_pkg/__init__.py to __init__.cpython-310.pyc
[1.108s] byte-compiling /home/syafihidayat/Documents/robot_smoothing/install/robot_gui_pkg/lib/python3.10/site-packages/robot_gui_pkg/robot_gui.py to robot_gui.cpython-310.pyc
[1.118s] running install_data
[1.118s] creating /home/syafihidayat/Documents/robot_smoothing/install/robot_gui_pkg/share/ament_index
[1.118s] creating /home/syafihidayat/Documents/robot_smoothing/install/robot_gui_pkg/share/ament_index/resource_index
[1.119s] creating /home/syafihidayat/Documents/robot_smoothing/install/robot_gui_pkg/share/ament_index/resource_index/packages
[1.119s] copying resource/robot_gui_pkg -> /home/syafihidayat/Documents/robot_smoothing/install/robot_gui_pkg/share/ament_index/resource_index/packages
[1.119s] copying package.xml -> /home/syafihidayat/Documents/robot_smoothing/install/robot_gui_pkg/share/robot_gui_pkg
[1.119s] running install_egg_info
[1.121s] Copying ../../build/robot_gui_pkg/robot_gui_pkg.egg-info to /home/syafihidayat/Documents/robot_smoothing/install/robot_gui_pkg/lib/python3.10/site-packages/robot_gui_pkg-0.0.0-py3.10.egg-info
[1.124s] running install_scripts
[1.145s] Installing robot_gui script to /home/syafihidayat/Documents/robot_smoothing/install/robot_gui_pkg/lib/robot_gui_pkg
[1.146s] writing list of installed files to '/home/syafihidayat/Documents/robot_smoothing/build/robot_gui_pkg/install.log'
[1.205s] Invoked command in '/home/syafihidayat/Documents/robot_smoothing/src/robot_gui_pkg' returned '0': PYTHONPATH=/home/syafihidayat/Documents/robot_smoothing/build/robot_gui_pkg/prefix_override:/usr/lib/python3/dist-packages/colcon_core/task/python/colcon_distutils_commands:/home/syafihidayat/Documents/robot_smoothing/install/robot_gui_pkg/lib/python3.10/site-packages:${PYTHONPATH} /usr/bin/python3 -W ignore:setup.py install is deprecated -W ignore:easy_install command is deprecated setup.py egg_info --egg-base ../../build/robot_gui_pkg build --build-base /home/syafihidayat/Documents/robot_smoothing/build/robot_gui_pkg/build install --record /home/syafihidayat/Documents/robot_smoothing/build/robot_gui_pkg/install.log --install-scripts $base/lib/robot_gui_pkg --single-version-externally-managed install_data
