[0.089s] DEBUG:colcon:Command line arguments: ['/usr/bin/colcon', 'build']
[0.089s] DEBUG:colcon:Parsed command line arguments: Namespace(log_base=None, log_level=None, verb_name='build', build_base='build', install_base='install', merge_install=False, symlink_install=False, test_result_base=None, continue_on_error=False, executor='parallel', parallel_workers=16, event_handlers=None, ignore_user_meta=False, metas=['./colcon.meta'], base_paths=['.'], packages_ignore=None, packages_ignore_regex=None, paths=None, packages_up_to=None, packages_up_to_regex=None, packages_above=None, packages_above_and_dependencies=None, packages_above_depth=None, packages_select_by_dep=None, packages_skip_by_dep=None, packages_skip_up_to=None, packages_select_build_failed=False, packages_skip_build_finished=False, packages_select_test_failures=False, packages_skip_test_passed=False, packages_select=None, packages_skip=None, packages_select_regex=None, packages_skip_regex=None, packages_start=None, packages_end=None, allow_overriding=[], cmake_args=None, cmake_target=None, cmake_target_skip_unavailable=False, cmake_clean_cache=False, cmake_clean_first=False, cmake_force_configure=False, ament_cmake_args=None, catkin_cmake_args=None, catkin_skip_building_tests=False, verb_parser=<colcon_defaults.argument_parser.defaults.DefaultArgumentsDecorator object at 0x79bdf497e4a0>, verb_extension=<colcon_core.verb.build.BuildVerb object at 0x79bdf4ac4160>, main=<bound method BuildVerb.main of <colcon_core.verb.build.BuildVerb object at 0x79bdf4ac4160>>)
[0.236s] Level 1:colcon.colcon_core.package_discovery:discover_packages(colcon_meta) check parameters
[0.237s] Level 1:colcon.colcon_core.package_discovery:discover_packages(recursive) check parameters
[0.237s] Level 1:colcon.colcon_core.package_discovery:discover_packages(ignore) check parameters
[0.237s] Level 1:colcon.colcon_core.package_discovery:discover_packages(path) check parameters
[0.237s] Level 1:colcon.colcon_core.package_discovery:discover_packages(colcon_meta) discover
[0.237s] Level 1:colcon.colcon_core.package_discovery:discover_packages(recursive) discover
[0.237s] INFO:colcon.colcon_core.package_discovery:Crawling recursively for packages in '/home/syafihidayat/Documents/robot_smoothing'
[0.237s] Level 1:colcon.colcon_core.package_identification:_identify(.) by extensions ['ignore', 'ignore_ament_install']
[0.237s] Level 1:colcon.colcon_core.package_identification:_identify(.) by extension 'ignore'
[0.237s] Level 1:colcon.colcon_core.package_identification:_identify(.) by extension 'ignore_ament_install'
[0.237s] Level 1:colcon.colcon_core.package_identification:_identify(.) by extensions ['colcon_pkg']
[0.237s] Level 1:colcon.colcon_core.package_identification:_identify(.) by extension 'colcon_pkg'
[0.237s] Level 1:colcon.colcon_core.package_identification:_identify(.) by extensions ['colcon_meta']
[0.237s] Level 1:colcon.colcon_core.package_identification:_identify(.) by extension 'colcon_meta'
[0.237s] Level 1:colcon.colcon_core.package_identification:_identify(.) by extensions ['ros']
[0.237s] Level 1:colcon.colcon_core.package_identification:_identify(.) by extension 'ros'
[0.273s] Level 1:colcon.colcon_core.package_identification:_identify(.) by extensions ['cmake', 'python']
[0.273s] Level 1:colcon.colcon_core.package_identification:_identify(.) by extension 'cmake'
[0.273s] Level 1:colcon.colcon_core.package_identification:_identify(.) by extension 'python'
[0.273s] Level 1:colcon.colcon_core.package_identification:_identify(.) by extensions ['python_setup_py']
[0.273s] Level 1:colcon.colcon_core.package_identification:_identify(.) by extension 'python_setup_py'
[0.273s] Level 1:colcon.colcon_core.package_identification:_identify(build) by extensions ['ignore', 'ignore_ament_install']
[0.273s] Level 1:colcon.colcon_core.package_identification:_identify(build) by extension 'ignore'
[0.274s] Level 1:colcon.colcon_core.package_identification:_identify(build) ignored
[0.274s] Level 1:colcon.colcon_core.package_identification:_identify(install) by extensions ['ignore', 'ignore_ament_install']
[0.274s] Level 1:colcon.colcon_core.package_identification:_identify(install) by extension 'ignore'
[0.274s] Level 1:colcon.colcon_core.package_identification:_identify(install) ignored
[0.274s] Level 1:colcon.colcon_core.package_identification:_identify(log) by extensions ['ignore', 'ignore_ament_install']
[0.274s] Level 1:colcon.colcon_core.package_identification:_identify(log) by extension 'ignore'
[0.274s] Level 1:colcon.colcon_core.package_identification:_identify(log) ignored
[0.274s] Level 1:colcon.colcon_core.package_identification:_identify(src) by extensions ['ignore', 'ignore_ament_install']
[0.274s] Level 1:colcon.colcon_core.package_identification:_identify(src) by extension 'ignore'
[0.274s] Level 1:colcon.colcon_core.package_identification:_identify(src) by extension 'ignore_ament_install'
[0.274s] Level 1:colcon.colcon_core.package_identification:_identify(src) by extensions ['colcon_pkg']
[0.274s] Level 1:colcon.colcon_core.package_identification:_identify(src) by extension 'colcon_pkg'
[0.274s] Level 1:colcon.colcon_core.package_identification:_identify(src) by extensions ['colcon_meta']
[0.274s] Level 1:colcon.colcon_core.package_identification:_identify(src) by extension 'colcon_meta'
[0.274s] Level 1:colcon.colcon_core.package_identification:_identify(src) by extensions ['ros']
[0.274s] Level 1:colcon.colcon_core.package_identification:_identify(src) by extension 'ros'
[0.274s] Level 1:colcon.colcon_core.package_identification:_identify(src) by extensions ['cmake', 'python']
[0.274s] Level 1:colcon.colcon_core.package_identification:_identify(src) by extension 'cmake'
[0.274s] Level 1:colcon.colcon_core.package_identification:_identify(src) by extension 'python'
[0.274s] Level 1:colcon.colcon_core.package_identification:_identify(src) by extensions ['python_setup_py']
[0.274s] Level 1:colcon.colcon_core.package_identification:_identify(src) by extension 'python_setup_py'
[0.275s] Level 1:colcon.colcon_core.package_identification:_identify(src/lbringup) by extensions ['ignore', 'ignore_ament_install']
[0.275s] Level 1:colcon.colcon_core.package_identification:_identify(src/lbringup) by extension 'ignore'
[0.275s] Level 1:colcon.colcon_core.package_identification:_identify(src/lbringup) by extension 'ignore_ament_install'
[0.275s] Level 1:colcon.colcon_core.package_identification:_identify(src/lbringup) by extensions ['colcon_pkg']
[0.275s] Level 1:colcon.colcon_core.package_identification:_identify(src/lbringup) by extension 'colcon_pkg'
[0.275s] Level 1:colcon.colcon_core.package_identification:_identify(src/lbringup) by extensions ['colcon_meta']
[0.275s] Level 1:colcon.colcon_core.package_identification:_identify(src/lbringup) by extension 'colcon_meta'
[0.275s] Level 1:colcon.colcon_core.package_identification:_identify(src/lbringup) by extensions ['ros']
[0.275s] Level 1:colcon.colcon_core.package_identification:_identify(src/lbringup) by extension 'ros'
[0.277s] DEBUG:colcon.colcon_core.package_identification:Package 'src/lbringup' with type 'ros.ament_cmake' and name 'lbringup'
[0.277s] Level 1:colcon.colcon_core.package_identification:_identify(src/purpuresuit_pkg) by extensions ['ignore', 'ignore_ament_install']
[0.277s] Level 1:colcon.colcon_core.package_identification:_identify(src/purpuresuit_pkg) by extension 'ignore'
[0.277s] Level 1:colcon.colcon_core.package_identification:_identify(src/purpuresuit_pkg) by extension 'ignore_ament_install'
[0.277s] Level 1:colcon.colcon_core.package_identification:_identify(src/purpuresuit_pkg) by extensions ['colcon_pkg']
[0.277s] Level 1:colcon.colcon_core.package_identification:_identify(src/purpuresuit_pkg) by extension 'colcon_pkg'
[0.277s] Level 1:colcon.colcon_core.package_identification:_identify(src/purpuresuit_pkg) by extensions ['colcon_meta']
[0.277s] Level 1:colcon.colcon_core.package_identification:_identify(src/purpuresuit_pkg) by extension 'colcon_meta'
[0.277s] Level 1:colcon.colcon_core.package_identification:_identify(src/purpuresuit_pkg) by extensions ['ros']
[0.277s] Level 1:colcon.colcon_core.package_identification:_identify(src/purpuresuit_pkg) by extension 'ros'
[0.278s] DEBUG:colcon.colcon_core.package_identification:Package 'src/purpuresuit_pkg' with type 'ros.ament_cmake' and name 'purpuresuit_pkg'
[0.278s] Level 1:colcon.colcon_core.package_identification:_identify(src/robot_gui_pkg) by extensions ['ignore', 'ignore_ament_install']
[0.278s] Level 1:colcon.colcon_core.package_identification:_identify(src/robot_gui_pkg) by extension 'ignore'
[0.278s] Level 1:colcon.colcon_core.package_identification:_identify(src/robot_gui_pkg) by extension 'ignore_ament_install'
[0.278s] Level 1:colcon.colcon_core.package_identification:_identify(src/robot_gui_pkg) by extensions ['colcon_pkg']
[0.278s] Level 1:colcon.colcon_core.package_identification:_identify(src/robot_gui_pkg) by extension 'colcon_pkg'
[0.278s] Level 1:colcon.colcon_core.package_identification:_identify(src/robot_gui_pkg) by extensions ['colcon_meta']
[0.278s] Level 1:colcon.colcon_core.package_identification:_identify(src/robot_gui_pkg) by extension 'colcon_meta'
[0.278s] Level 1:colcon.colcon_core.package_identification:_identify(src/robot_gui_pkg) by extensions ['ros']
[0.278s] Level 1:colcon.colcon_core.package_identification:_identify(src/robot_gui_pkg) by extension 'ros'
[0.279s] DEBUG:colcon.colcon_core.package_identification:Package 'src/robot_gui_pkg' with type 'ros.ament_python' and name 'robot_gui_pkg'
[0.279s] Level 1:colcon.colcon_core.package_identification:_identify(src/robot_main_pkg) by extensions ['ignore', 'ignore_ament_install']
[0.279s] Level 1:colcon.colcon_core.package_identification:_identify(src/robot_main_pkg) by extension 'ignore'
[0.279s] Level 1:colcon.colcon_core.package_identification:_identify(src/robot_main_pkg) by extension 'ignore_ament_install'
[0.279s] Level 1:colcon.colcon_core.package_identification:_identify(src/robot_main_pkg) by extensions ['colcon_pkg']
[0.279s] Level 1:colcon.colcon_core.package_identification:_identify(src/robot_main_pkg) by extension 'colcon_pkg'
[0.279s] Level 1:colcon.colcon_core.package_identification:_identify(src/robot_main_pkg) by extensions ['colcon_meta']
[0.279s] Level 1:colcon.colcon_core.package_identification:_identify(src/robot_main_pkg) by extension 'colcon_meta'
[0.279s] Level 1:colcon.colcon_core.package_identification:_identify(src/robot_main_pkg) by extensions ['ros']
[0.279s] Level 1:colcon.colcon_core.package_identification:_identify(src/robot_main_pkg) by extension 'ros'
[0.279s] DEBUG:colcon.colcon_core.package_identification:Package 'src/robot_main_pkg' with type 'ros.ament_cmake' and name 'robot_main_pkg'
[0.279s] Level 1:colcon.colcon_core.package_identification:_identify(src/robot_waypoint_pkg) by extensions ['ignore', 'ignore_ament_install']
[0.279s] Level 1:colcon.colcon_core.package_identification:_identify(src/robot_waypoint_pkg) by extension 'ignore'
[0.280s] Level 1:colcon.colcon_core.package_identification:_identify(src/robot_waypoint_pkg) by extension 'ignore_ament_install'
[0.280s] Level 1:colcon.colcon_core.package_identification:_identify(src/robot_waypoint_pkg) by extensions ['colcon_pkg']
[0.280s] Level 1:colcon.colcon_core.package_identification:_identify(src/robot_waypoint_pkg) by extension 'colcon_pkg'
[0.280s] Level 1:colcon.colcon_core.package_identification:_identify(src/robot_waypoint_pkg) by extensions ['colcon_meta']
[0.280s] Level 1:colcon.colcon_core.package_identification:_identify(src/robot_waypoint_pkg) by extension 'colcon_meta'
[0.280s] Level 1:colcon.colcon_core.package_identification:_identify(src/robot_waypoint_pkg) by extensions ['ros']
[0.280s] Level 1:colcon.colcon_core.package_identification:_identify(src/robot_waypoint_pkg) by extension 'ros'
[0.280s] DEBUG:colcon.colcon_core.package_identification:Package 'src/robot_waypoint_pkg' with type 'ros.ament_cmake' and name 'robot_waypoint_pkg'
[0.280s] Level 1:colcon.colcon_core.package_discovery:discover_packages(recursive) using defaults
[0.280s] Level 1:colcon.colcon_core.package_discovery:discover_packages(ignore) discover
[0.280s] Level 1:colcon.colcon_core.package_discovery:discover_packages(ignore) using defaults
[0.280s] Level 1:colcon.colcon_core.package_discovery:discover_packages(path) discover
[0.280s] Level 1:colcon.colcon_core.package_discovery:discover_packages(path) using defaults
[0.297s] Level 1:colcon.colcon_core.package_discovery:discover_packages(prefix_path) check parameters
[0.297s] Level 1:colcon.colcon_core.package_discovery:discover_packages(prefix_path) discover
[0.298s] DEBUG:colcon.colcon_installed_package_information.package_discovery:Found 3 installed packages in /home/syafihidayat/microros_ws/install
[0.299s] DEBUG:colcon.colcon_installed_package_information.package_discovery:Found 401 installed packages in /opt/ros/humble
[0.301s] Level 1:colcon.colcon_core.package_discovery:discover_packages(prefix_path) using defaults
[0.338s] Level 5:colcon.colcon_core.verb:set package 'lbringup' build argument 'cmake_args' from command line to 'None'
[0.339s] Level 5:colcon.colcon_core.verb:set package 'lbringup' build argument 'cmake_target' from command line to 'None'
[0.339s] Level 5:colcon.colcon_core.verb:set package 'lbringup' build argument 'cmake_target_skip_unavailable' from command line to 'False'
[0.339s] Level 5:colcon.colcon_core.verb:set package 'lbringup' build argument 'cmake_clean_cache' from command line to 'False'
[0.339s] Level 5:colcon.colcon_core.verb:set package 'lbringup' build argument 'cmake_clean_first' from command line to 'False'
[0.339s] Level 5:colcon.colcon_core.verb:set package 'lbringup' build argument 'cmake_force_configure' from command line to 'False'
[0.339s] Level 5:colcon.colcon_core.verb:set package 'lbringup' build argument 'ament_cmake_args' from command line to 'None'
[0.339s] Level 5:colcon.colcon_core.verb:set package 'lbringup' build argument 'catkin_cmake_args' from command line to 'None'
[0.339s] Level 5:colcon.colcon_core.verb:set package 'lbringup' build argument 'catkin_skip_building_tests' from command line to 'False'
[0.339s] DEBUG:colcon.colcon_core.verb:Building package 'lbringup' with the following arguments: {'ament_cmake_args': None, 'build_base': '/home/syafihidayat/Documents/robot_smoothing/build/lbringup', 'catkin_cmake_args': None, 'catkin_skip_building_tests': False, 'cmake_args': None, 'cmake_clean_cache': False, 'cmake_clean_first': False, 'cmake_force_configure': False, 'cmake_target': None, 'cmake_target_skip_unavailable': False, 'install_base': '/home/syafihidayat/Documents/robot_smoothing/install/lbringup', 'merge_install': False, 'path': '/home/syafihidayat/Documents/robot_smoothing/src/lbringup', 'symlink_install': False, 'test_result_base': None}
[0.339s] Level 5:colcon.colcon_core.verb:set package 'purpuresuit_pkg' build argument 'cmake_args' from command line to 'None'
[0.339s] Level 5:colcon.colcon_core.verb:set package 'purpuresuit_pkg' build argument 'cmake_target' from command line to 'None'
[0.339s] Level 5:colcon.colcon_core.verb:set package 'purpuresuit_pkg' build argument 'cmake_target_skip_unavailable' from command line to 'False'
[0.339s] Level 5:colcon.colcon_core.verb:set package 'purpuresuit_pkg' build argument 'cmake_clean_cache' from command line to 'False'
[0.339s] Level 5:colcon.colcon_core.verb:set package 'purpuresuit_pkg' build argument 'cmake_clean_first' from command line to 'False'
[0.339s] Level 5:colcon.colcon_core.verb:set package 'purpuresuit_pkg' build argument 'cmake_force_configure' from command line to 'False'
[0.339s] Level 5:colcon.colcon_core.verb:set package 'purpuresuit_pkg' build argument 'ament_cmake_args' from command line to 'None'
[0.339s] Level 5:colcon.colcon_core.verb:set package 'purpuresuit_pkg' build argument 'catkin_cmake_args' from command line to 'None'
[0.339s] Level 5:colcon.colcon_core.verb:set package 'purpuresuit_pkg' build argument 'catkin_skip_building_tests' from command line to 'False'
[0.339s] DEBUG:colcon.colcon_core.verb:Building package 'purpuresuit_pkg' with the following arguments: {'ament_cmake_args': None, 'build_base': '/home/syafihidayat/Documents/robot_smoothing/build/purpuresuit_pkg', 'catkin_cmake_args': None, 'catkin_skip_building_tests': False, 'cmake_args': None, 'cmake_clean_cache': False, 'cmake_clean_first': False, 'cmake_force_configure': False, 'cmake_target': None, 'cmake_target_skip_unavailable': False, 'install_base': '/home/syafihidayat/Documents/robot_smoothing/install/purpuresuit_pkg', 'merge_install': False, 'path': '/home/syafihidayat/Documents/robot_smoothing/src/purpuresuit_pkg', 'symlink_install': False, 'test_result_base': None}
[0.339s] Level 5:colcon.colcon_core.verb:set package 'robot_gui_pkg' build argument 'cmake_args' from command line to 'None'
[0.339s] Level 5:colcon.colcon_core.verb:set package 'robot_gui_pkg' build argument 'cmake_target' from command line to 'None'
[0.339s] Level 5:colcon.colcon_core.verb:set package 'robot_gui_pkg' build argument 'cmake_target_skip_unavailable' from command line to 'False'
[0.339s] Level 5:colcon.colcon_core.verb:set package 'robot_gui_pkg' build argument 'cmake_clean_cache' from command line to 'False'
[0.339s] Level 5:colcon.colcon_core.verb:set package 'robot_gui_pkg' build argument 'cmake_clean_first' from command line to 'False'
[0.339s] Level 5:colcon.colcon_core.verb:set package 'robot_gui_pkg' build argument 'cmake_force_configure' from command line to 'False'
[0.339s] Level 5:colcon.colcon_core.verb:set package 'robot_gui_pkg' build argument 'ament_cmake_args' from command line to 'None'
[0.340s] Level 5:colcon.colcon_core.verb:set package 'robot_gui_pkg' build argument 'catkin_cmake_args' from command line to 'None'
[0.340s] Level 5:colcon.colcon_core.verb:set package 'robot_gui_pkg' build argument 'catkin_skip_building_tests' from command line to 'False'
[0.340s] DEBUG:colcon.colcon_core.verb:Building package 'robot_gui_pkg' with the following arguments: {'ament_cmake_args': None, 'build_base': '/home/syafihidayat/Documents/robot_smoothing/build/robot_gui_pkg', 'catkin_cmake_args': None, 'catkin_skip_building_tests': False, 'cmake_args': None, 'cmake_clean_cache': False, 'cmake_clean_first': False, 'cmake_force_configure': False, 'cmake_target': None, 'cmake_target_skip_unavailable': False, 'install_base': '/home/syafihidayat/Documents/robot_smoothing/install/robot_gui_pkg', 'merge_install': False, 'path': '/home/syafihidayat/Documents/robot_smoothing/src/robot_gui_pkg', 'symlink_install': False, 'test_result_base': None}
[0.340s] Level 5:colcon.colcon_core.verb:set package 'robot_main_pkg' build argument 'cmake_args' from command line to 'None'
[0.340s] Level 5:colcon.colcon_core.verb:set package 'robot_main_pkg' build argument 'cmake_target' from command line to 'None'
[0.340s] Level 5:colcon.colcon_core.verb:set package 'robot_main_pkg' build argument 'cmake_target_skip_unavailable' from command line to 'False'
[0.340s] Level 5:colcon.colcon_core.verb:set package 'robot_main_pkg' build argument 'cmake_clean_cache' from command line to 'False'
[0.340s] Level 5:colcon.colcon_core.verb:set package 'robot_main_pkg' build argument 'cmake_clean_first' from command line to 'False'
[0.340s] Level 5:colcon.colcon_core.verb:set package 'robot_main_pkg' build argument 'cmake_force_configure' from command line to 'False'
[0.340s] Level 5:colcon.colcon_core.verb:set package 'robot_main_pkg' build argument 'ament_cmake_args' from command line to 'None'
[0.340s] Level 5:colcon.colcon_core.verb:set package 'robot_main_pkg' build argument 'catkin_cmake_args' from command line to 'None'
[0.340s] Level 5:colcon.colcon_core.verb:set package 'robot_main_pkg' build argument 'catkin_skip_building_tests' from command line to 'False'
[0.340s] DEBUG:colcon.colcon_core.verb:Building package 'robot_main_pkg' with the following arguments: {'ament_cmake_args': None, 'build_base': '/home/syafihidayat/Documents/robot_smoothing/build/robot_main_pkg', 'catkin_cmake_args': None, 'catkin_skip_building_tests': False, 'cmake_args': None, 'cmake_clean_cache': False, 'cmake_clean_first': False, 'cmake_force_configure': False, 'cmake_target': None, 'cmake_target_skip_unavailable': False, 'install_base': '/home/syafihidayat/Documents/robot_smoothing/install/robot_main_pkg', 'merge_install': False, 'path': '/home/syafihidayat/Documents/robot_smoothing/src/robot_main_pkg', 'symlink_install': False, 'test_result_base': None}
[0.340s] Level 5:colcon.colcon_core.verb:set package 'robot_waypoint_pkg' build argument 'cmake_args' from command line to 'None'
[0.340s] Level 5:colcon.colcon_core.verb:set package 'robot_waypoint_pkg' build argument 'cmake_target' from command line to 'None'
[0.340s] Level 5:colcon.colcon_core.verb:set package 'robot_waypoint_pkg' build argument 'cmake_target_skip_unavailable' from command line to 'False'
[0.340s] Level 5:colcon.colcon_core.verb:set package 'robot_waypoint_pkg' build argument 'cmake_clean_cache' from command line to 'False'
[0.340s] Level 5:colcon.colcon_core.verb:set package 'robot_waypoint_pkg' build argument 'cmake_clean_first' from command line to 'False'
[0.340s] Level 5:colcon.colcon_core.verb:set package 'robot_waypoint_pkg' build argument 'cmake_force_configure' from command line to 'False'
[0.340s] Level 5:colcon.colcon_core.verb:set package 'robot_waypoint_pkg' build argument 'ament_cmake_args' from command line to 'None'
[0.340s] Level 5:colcon.colcon_core.verb:set package 'robot_waypoint_pkg' build argument 'catkin_cmake_args' from command line to 'None'
[0.340s] Level 5:colcon.colcon_core.verb:set package 'robot_waypoint_pkg' build argument 'catkin_skip_building_tests' from command line to 'False'
[0.340s] DEBUG:colcon.colcon_core.verb:Building package 'robot_waypoint_pkg' with the following arguments: {'ament_cmake_args': None, 'build_base': '/home/syafihidayat/Documents/robot_smoothing/build/robot_waypoint_pkg', 'catkin_cmake_args': None, 'catkin_skip_building_tests': False, 'cmake_args': None, 'cmake_clean_cache': False, 'cmake_clean_first': False, 'cmake_force_configure': False, 'cmake_target': None, 'cmake_target_skip_unavailable': False, 'install_base': '/home/syafihidayat/Documents/robot_smoothing/install/robot_waypoint_pkg', 'merge_install': False, 'path': '/home/syafihidayat/Documents/robot_smoothing/src/robot_waypoint_pkg', 'symlink_install': False, 'test_result_base': None}
[0.340s] INFO:colcon.colcon_core.executor:Executing jobs using 'parallel' executor
[0.341s] DEBUG:colcon.colcon_parallel_executor.executor.parallel:run_until_complete
[0.342s] INFO:colcon.colcon_ros.task.ament_cmake.build:Building ROS package in '/home/syafihidayat/Documents/robot_smoothing/src/lbringup' with build type 'ament_cmake'
[0.342s] INFO:colcon.colcon_cmake.task.cmake.build:Building CMake package in '/home/syafihidayat/Documents/robot_smoothing/src/lbringup'
[0.343s] INFO:colcon.colcon_core.plugin_system:Skipping extension 'colcon_core.shell.bat': Not used on non-Windows systems
[0.343s] INFO:colcon.colcon_core.shell:Skip shell extension 'powershell' for command environment: Not usable outside of PowerShell
[0.344s] DEBUG:colcon.colcon_core.shell:Skip shell extension 'dsv' for command environment
[0.347s] INFO:colcon.colcon_ros.task.ament_cmake.build:Building ROS package in '/home/syafihidayat/Documents/robot_smoothing/src/purpuresuit_pkg' with build type 'ament_cmake'
[0.347s] INFO:colcon.colcon_cmake.task.cmake.build:Building CMake package in '/home/syafihidayat/Documents/robot_smoothing/src/purpuresuit_pkg'
[0.348s] INFO:colcon.colcon_core.shell:Skip shell extension 'powershell' for command environment: Not usable outside of PowerShell
[0.348s] DEBUG:colcon.colcon_core.shell:Skip shell extension 'dsv' for command environment
[0.351s] INFO:colcon.colcon_ros.task.ament_python.build:Building ROS package in '/home/syafihidayat/Documents/robot_smoothing/src/robot_gui_pkg' with build type 'ament_python'
[0.351s] Level 1:colcon.colcon_core.shell:create_environment_hook('robot_gui_pkg', 'ament_prefix_path')
[0.352s] INFO:colcon.colcon_core.shell:Creating environment hook '/home/syafihidayat/Documents/robot_smoothing/install/robot_gui_pkg/share/robot_gui_pkg/hook/ament_prefix_path.ps1'
[0.352s] INFO:colcon.colcon_core.shell:Creating environment descriptor '/home/syafihidayat/Documents/robot_smoothing/install/robot_gui_pkg/share/robot_gui_pkg/hook/ament_prefix_path.dsv'
[0.353s] INFO:colcon.colcon_core.shell:Creating environment hook '/home/syafihidayat/Documents/robot_smoothing/install/robot_gui_pkg/share/robot_gui_pkg/hook/ament_prefix_path.sh'
[0.354s] INFO:colcon.colcon_core.shell:Skip shell extension 'powershell' for command environment: Not usable outside of PowerShell
[0.354s] DEBUG:colcon.colcon_core.shell:Skip shell extension 'dsv' for command environment
[0.358s] INFO:colcon.colcon_ros.task.ament_cmake.build:Building ROS package in '/home/syafihidayat/Documents/robot_smoothing/src/robot_main_pkg' with build type 'ament_cmake'
[0.358s] INFO:colcon.colcon_cmake.task.cmake.build:Building CMake package in '/home/syafihidayat/Documents/robot_smoothing/src/robot_main_pkg'
[0.358s] INFO:colcon.colcon_core.shell:Skip shell extension 'powershell' for command environment: Not usable outside of PowerShell
[0.358s] DEBUG:colcon.colcon_core.shell:Skip shell extension 'dsv' for command environment
[0.362s] INFO:colcon.colcon_ros.task.ament_cmake.build:Building ROS package in '/home/syafihidayat/Documents/robot_smoothing/src/robot_waypoint_pkg' with build type 'ament_cmake'
[0.362s] INFO:colcon.colcon_cmake.task.cmake.build:Building CMake package in '/home/syafihidayat/Documents/robot_smoothing/src/robot_waypoint_pkg'
[0.363s] INFO:colcon.colcon_core.shell:Skip shell extension 'powershell' for command environment: Not usable outside of PowerShell
[0.363s] DEBUG:colcon.colcon_core.shell:Skip shell extension 'dsv' for command environment
[0.374s] DEBUG:colcon.colcon_core.event_handler.log_command:Invoking command in '/home/syafihidayat/Documents/robot_smoothing/build/lbringup': CMAKE_PREFIX_PATH=${CMAKE_PREFIX_PATH}:/opt/ros/humble /usr/bin/cmake --build /home/syafihidayat/Documents/robot_smoothing/build/lbringup -- -j16 -l16
[0.377s] DEBUG:colcon.colcon_core.event_handler.log_command:Invoking command in '/home/syafihidayat/Documents/robot_smoothing/build/purpuresuit_pkg': CMAKE_PREFIX_PATH=${CMAKE_PREFIX_PATH}:/opt/ros/humble /usr/bin/cmake --build /home/syafihidayat/Documents/robot_smoothing/build/purpuresuit_pkg -- -j16 -l16
[0.629s] INFO:colcon.colcon_core.task.python.build:Building Python package in '/home/syafihidayat/Documents/robot_smoothing/src/robot_gui_pkg'
[0.629s] INFO:colcon.colcon_core.shell:Skip shell extension 'powershell' for command environment: Not usable outside of PowerShell
[0.629s] DEBUG:colcon.colcon_core.shell:Skip shell extension 'dsv' for command environment
[0.642s] DEBUG:colcon.colcon_core.event_handler.log_command:Invoking command in '/home/syafihidayat/Documents/robot_smoothing/build/robot_main_pkg': CMAKE_PREFIX_PATH=${CMAKE_PREFIX_PATH}:/opt/ros/humble /usr/bin/cmake --build /home/syafihidayat/Documents/robot_smoothing/build/robot_main_pkg -- -j16 -l16
[0.648s] DEBUG:colcon.colcon_core.event_handler.log_command:Invoking command in '/home/syafihidayat/Documents/robot_smoothing/build/robot_waypoint_pkg': CMAKE_PREFIX_PATH=${CMAKE_PREFIX_PATH}:/opt/ros/humble /usr/bin/cmake --build /home/syafihidayat/Documents/robot_smoothing/build/robot_waypoint_pkg -- -j16 -l16
[0.649s] DEBUG:colcon.colcon_core.event_handler.log_command:Invoked command in '/home/syafihidayat/Documents/robot_smoothing/build/lbringup' returned '0': CMAKE_PREFIX_PATH=${CMAKE_PREFIX_PATH}:/opt/ros/humble /usr/bin/cmake --build /home/syafihidayat/Documents/robot_smoothing/build/lbringup -- -j16 -l16
[0.663s] DEBUG:colcon.colcon_core.event_handler.log_command:Invoking command in '/home/syafihidayat/Documents/robot_smoothing/build/lbringup': CMAKE_PREFIX_PATH=${CMAKE_PREFIX_PATH}:/opt/ros/humble /usr/bin/cmake --install /home/syafihidayat/Documents/robot_smoothing/build/lbringup
[0.663s] DEBUG:colcon.colcon_core.event_handler.log_command:Invoked command in '/home/syafihidayat/Documents/robot_smoothing/build/purpuresuit_pkg' returned '0': CMAKE_PREFIX_PATH=${CMAKE_PREFIX_PATH}:/opt/ros/humble /usr/bin/cmake --build /home/syafihidayat/Documents/robot_smoothing/build/purpuresuit_pkg -- -j16 -l16
[0.665s] DEBUG:colcon.colcon_core.event_handler.log_command:Invoking command in '/home/syafihidayat/Documents/robot_smoothing/build/purpuresuit_pkg': CMAKE_PREFIX_PATH=${CMAKE_PREFIX_PATH}:/opt/ros/humble /usr/bin/cmake --install /home/syafihidayat/Documents/robot_smoothing/build/purpuresuit_pkg
[0.678s] Level 1:colcon.colcon_core.environment:create_environment_scripts_only(lbringup)
[0.679s] DEBUG:colcon.colcon_core.event_handler.log_command:Invoked command in '/home/syafihidayat/Documents/robot_smoothing/build/lbringup' returned '0': CMAKE_PREFIX_PATH=${CMAKE_PREFIX_PATH}:/opt/ros/humble /usr/bin/cmake --install /home/syafihidayat/Documents/robot_smoothing/build/lbringup
[0.684s] Level 1:colcon.colcon_core.environment:checking '/home/syafihidayat/Documents/robot_smoothing/install/lbringup' for CMake module files
[0.684s] Level 1:colcon.colcon_core.environment:checking '/home/syafihidayat/Documents/robot_smoothing/install/lbringup' for CMake config files
[0.684s] Level 1:colcon.colcon_core.shell:create_environment_hook('lbringup', 'cmake_prefix_path')
[0.685s] INFO:colcon.colcon_core.shell:Creating environment hook '/home/syafihidayat/Documents/robot_smoothing/install/lbringup/share/lbringup/hook/cmake_prefix_path.ps1'
[0.686s] INFO:colcon.colcon_core.shell:Creating environment descriptor '/home/syafihidayat/Documents/robot_smoothing/install/lbringup/share/lbringup/hook/cmake_prefix_path.dsv'
[0.686s] INFO:colcon.colcon_core.shell:Creating environment hook '/home/syafihidayat/Documents/robot_smoothing/install/lbringup/share/lbringup/hook/cmake_prefix_path.sh'
[0.687s] Level 1:colcon.colcon_core.environment:checking '/home/syafihidayat/Documents/robot_smoothing/install/lbringup/bin'
[0.687s] Level 1:colcon.colcon_core.environment:checking '/home/syafihidayat/Documents/robot_smoothing/install/lbringup/lib/pkgconfig/lbringup.pc'
[0.687s] Level 1:colcon.colcon_core.environment:checking '/home/syafihidayat/Documents/robot_smoothing/install/lbringup/lib/python3.10/site-packages'
[0.688s] Level 1:colcon.colcon_core.environment:checking '/home/syafihidayat/Documents/robot_smoothing/install/lbringup/bin'
[0.688s] INFO:colcon.colcon_core.shell:Creating package script '/home/syafihidayat/Documents/robot_smoothing/install/lbringup/share/lbringup/package.ps1'
[0.689s] INFO:colcon.colcon_core.shell:Creating package descriptor '/home/syafihidayat/Documents/robot_smoothing/install/lbringup/share/lbringup/package.dsv'
[0.690s] INFO:colcon.colcon_core.shell:Creating package script '/home/syafihidayat/Documents/robot_smoothing/install/lbringup/share/lbringup/package.sh'
[0.690s] INFO:colcon.colcon_core.shell:Creating package script '/home/syafihidayat/Documents/robot_smoothing/install/lbringup/share/lbringup/package.bash'
[0.691s] INFO:colcon.colcon_core.shell:Creating package script '/home/syafihidayat/Documents/robot_smoothing/install/lbringup/share/lbringup/package.zsh'
[0.692s] Level 1:colcon.colcon_core.environment:create_file_with_runtime_dependencies(/home/syafihidayat/Documents/robot_smoothing/install/lbringup/share/colcon-core/packages/lbringup)
[0.693s] Level 1:colcon.colcon_core.environment:create_environment_scripts_only(lbringup)
[0.693s] Level 1:colcon.colcon_core.environment:checking '/home/syafihidayat/Documents/robot_smoothing/install/lbringup' for CMake module files
[0.694s] Level 1:colcon.colcon_core.environment:checking '/home/syafihidayat/Documents/robot_smoothing/install/lbringup' for CMake config files
[0.694s] Level 1:colcon.colcon_core.shell:create_environment_hook('lbringup', 'cmake_prefix_path')
[0.694s] INFO:colcon.colcon_core.shell:Creating environment hook '/home/syafihidayat/Documents/robot_smoothing/install/lbringup/share/lbringup/hook/cmake_prefix_path.ps1'
[0.695s] INFO:colcon.colcon_core.shell:Creating environment descriptor '/home/syafihidayat/Documents/robot_smoothing/install/lbringup/share/lbringup/hook/cmake_prefix_path.dsv'
[0.696s] INFO:colcon.colcon_core.shell:Creating environment hook '/home/syafihidayat/Documents/robot_smoothing/install/lbringup/share/lbringup/hook/cmake_prefix_path.sh'
[0.696s] Level 1:colcon.colcon_core.environment:checking '/home/syafihidayat/Documents/robot_smoothing/install/lbringup/bin'
[0.696s] Level 1:colcon.colcon_core.environment:checking '/home/syafihidayat/Documents/robot_smoothing/install/lbringup/lib/pkgconfig/lbringup.pc'
[0.696s] Level 1:colcon.colcon_core.environment:checking '/home/syafihidayat/Documents/robot_smoothing/install/lbringup/lib/python3.10/site-packages'
[0.697s] Level 1:colcon.colcon_core.environment:checking '/home/syafihidayat/Documents/robot_smoothing/install/lbringup/bin'
[0.697s] INFO:colcon.colcon_core.shell:Creating package script '/home/syafihidayat/Documents/robot_smoothing/install/lbringup/share/lbringup/package.ps1'
[0.698s] INFO:colcon.colcon_core.shell:Creating package descriptor '/home/syafihidayat/Documents/robot_smoothing/install/lbringup/share/lbringup/package.dsv'
[0.698s] INFO:colcon.colcon_core.shell:Creating package script '/home/syafihidayat/Documents/robot_smoothing/install/lbringup/share/lbringup/package.sh'
[0.699s] INFO:colcon.colcon_core.shell:Creating package script '/home/syafihidayat/Documents/robot_smoothing/install/lbringup/share/lbringup/package.bash'
[0.699s] INFO:colcon.colcon_core.shell:Creating package script '/home/syafihidayat/Documents/robot_smoothing/install/lbringup/share/lbringup/package.zsh'
[0.699s] Level 1:colcon.colcon_core.environment:create_file_with_runtime_dependencies(/home/syafihidayat/Documents/robot_smoothing/install/lbringup/share/colcon-core/packages/lbringup)
[0.701s] Level 1:colcon.colcon_core.environment:create_environment_scripts_only(purpuresuit_pkg)
[0.701s] Level 1:colcon.colcon_core.environment:checking '/home/syafihidayat/Documents/robot_smoothing/install/purpuresuit_pkg' for CMake module files
[0.702s] DEBUG:colcon.colcon_core.event_handler.log_command:Invoked command in '/home/syafihidayat/Documents/robot_smoothing/build/purpuresuit_pkg' returned '0': CMAKE_PREFIX_PATH=${CMAKE_PREFIX_PATH}:/opt/ros/humble /usr/bin/cmake --install /home/syafihidayat/Documents/robot_smoothing/build/purpuresuit_pkg
[0.702s] Level 1:colcon.colcon_core.environment:checking '/home/syafihidayat/Documents/robot_smoothing/install/purpuresuit_pkg' for CMake config files
[0.703s] Level 1:colcon.colcon_core.shell:create_environment_hook('purpuresuit_pkg', 'cmake_prefix_path')
[0.703s] INFO:colcon.colcon_core.shell:Creating environment hook '/home/syafihidayat/Documents/robot_smoothing/install/purpuresuit_pkg/share/purpuresuit_pkg/hook/cmake_prefix_path.ps1'
[0.703s] INFO:colcon.colcon_core.shell:Creating environment descriptor '/home/syafihidayat/Documents/robot_smoothing/install/purpuresuit_pkg/share/purpuresuit_pkg/hook/cmake_prefix_path.dsv'
[0.704s] INFO:colcon.colcon_core.shell:Creating environment hook '/home/syafihidayat/Documents/robot_smoothing/install/purpuresuit_pkg/share/purpuresuit_pkg/hook/cmake_prefix_path.sh'
[0.705s] Level 1:colcon.colcon_core.environment:checking '/home/syafihidayat/Documents/robot_smoothing/install/purpuresuit_pkg/lib'
[0.705s] Level 1:colcon.colcon_core.environment:checking '/home/syafihidayat/Documents/robot_smoothing/install/purpuresuit_pkg/bin'
[0.705s] Level 1:colcon.colcon_core.environment:checking '/home/syafihidayat/Documents/robot_smoothing/install/purpuresuit_pkg/lib/pkgconfig/purpuresuit_pkg.pc'
[0.705s] Level 1:colcon.colcon_core.environment:checking '/home/syafihidayat/Documents/robot_smoothing/install/purpuresuit_pkg/lib/python3.10/site-packages'
[0.706s] Level 1:colcon.colcon_core.environment:checking '/home/syafihidayat/Documents/robot_smoothing/install/purpuresuit_pkg/bin'
[0.706s] INFO:colcon.colcon_core.shell:Creating package script '/home/syafihidayat/Documents/robot_smoothing/install/purpuresuit_pkg/share/purpuresuit_pkg/package.ps1'
[0.707s] INFO:colcon.colcon_core.shell:Creating package descriptor '/home/syafihidayat/Documents/robot_smoothing/install/purpuresuit_pkg/share/purpuresuit_pkg/package.dsv'
[0.707s] INFO:colcon.colcon_core.shell:Creating package script '/home/syafihidayat/Documents/robot_smoothing/install/purpuresuit_pkg/share/purpuresuit_pkg/package.sh'
[0.708s] INFO:colcon.colcon_core.shell:Creating package script '/home/syafihidayat/Documents/robot_smoothing/install/purpuresuit_pkg/share/purpuresuit_pkg/package.bash'
[0.708s] INFO:colcon.colcon_core.shell:Creating package script '/home/syafihidayat/Documents/robot_smoothing/install/purpuresuit_pkg/share/purpuresuit_pkg/package.zsh'
[0.709s] Level 1:colcon.colcon_core.environment:create_file_with_runtime_dependencies(/home/syafihidayat/Documents/robot_smoothing/install/purpuresuit_pkg/share/colcon-core/packages/purpuresuit_pkg)
[0.709s] Level 1:colcon.colcon_core.environment:create_environment_scripts_only(purpuresuit_pkg)
[0.709s] Level 1:colcon.colcon_core.environment:checking '/home/syafihidayat/Documents/robot_smoothing/install/purpuresuit_pkg' for CMake module files
[0.710s] Level 1:colcon.colcon_core.environment:checking '/home/syafihidayat/Documents/robot_smoothing/install/purpuresuit_pkg' for CMake config files
[0.710s] Level 1:colcon.colcon_core.shell:create_environment_hook('purpuresuit_pkg', 'cmake_prefix_path')
[0.710s] INFO:colcon.colcon_core.shell:Creating environment hook '/home/syafihidayat/Documents/robot_smoothing/install/purpuresuit_pkg/share/purpuresuit_pkg/hook/cmake_prefix_path.ps1'
[0.711s] INFO:colcon.colcon_core.shell:Creating environment descriptor '/home/syafihidayat/Documents/robot_smoothing/install/purpuresuit_pkg/share/purpuresuit_pkg/hook/cmake_prefix_path.dsv'
[0.711s] INFO:colcon.colcon_core.shell:Creating environment hook '/home/syafihidayat/Documents/robot_smoothing/install/purpuresuit_pkg/share/purpuresuit_pkg/hook/cmake_prefix_path.sh'
[0.712s] Level 1:colcon.colcon_core.environment:checking '/home/syafihidayat/Documents/robot_smoothing/install/purpuresuit_pkg/lib'
[0.713s] Level 1:colcon.colcon_core.environment:checking '/home/syafihidayat/Documents/robot_smoothing/install/purpuresuit_pkg/bin'
[0.713s] Level 1:colcon.colcon_core.environment:checking '/home/syafihidayat/Documents/robot_smoothing/install/purpuresuit_pkg/lib/pkgconfig/purpuresuit_pkg.pc'
[0.713s] Level 1:colcon.colcon_core.environment:checking '/home/syafihidayat/Documents/robot_smoothing/install/purpuresuit_pkg/lib/python3.10/site-packages'
[0.713s] Level 1:colcon.colcon_core.environment:checking '/home/syafihidayat/Documents/robot_smoothing/install/purpuresuit_pkg/bin'
[0.714s] INFO:colcon.colcon_core.shell:Creating package script '/home/syafihidayat/Documents/robot_smoothing/install/purpuresuit_pkg/share/purpuresuit_pkg/package.ps1'
[0.714s] INFO:colcon.colcon_core.shell:Creating package descriptor '/home/syafihidayat/Documents/robot_smoothing/install/purpuresuit_pkg/share/purpuresuit_pkg/package.dsv'
[0.715s] INFO:colcon.colcon_core.shell:Creating package script '/home/syafihidayat/Documents/robot_smoothing/install/purpuresuit_pkg/share/purpuresuit_pkg/package.sh'
[0.715s] INFO:colcon.colcon_core.shell:Creating package script '/home/syafihidayat/Documents/robot_smoothing/install/purpuresuit_pkg/share/purpuresuit_pkg/package.bash'
[0.716s] INFO:colcon.colcon_core.shell:Creating package script '/home/syafihidayat/Documents/robot_smoothing/install/purpuresuit_pkg/share/purpuresuit_pkg/package.zsh'
[0.716s] Level 1:colcon.colcon_core.environment:create_file_with_runtime_dependencies(/home/syafihidayat/Documents/robot_smoothing/install/purpuresuit_pkg/share/colcon-core/packages/purpuresuit_pkg)
[0.735s] DEBUG:colcon.colcon_core.event_handler.log_command:Invoked command in '/home/syafihidayat/Documents/robot_smoothing/build/robot_waypoint_pkg' returned '0': CMAKE_PREFIX_PATH=${CMAKE_PREFIX_PATH}:/opt/ros/humble /usr/bin/cmake --build /home/syafihidayat/Documents/robot_smoothing/build/robot_waypoint_pkg -- -j16 -l16
[0.738s] DEBUG:colcon.colcon_core.event_handler.log_command:Invoking command in '/home/syafihidayat/Documents/robot_smoothing/build/robot_waypoint_pkg': CMAKE_PREFIX_PATH=${CMAKE_PREFIX_PATH}:/opt/ros/humble /usr/bin/cmake --install /home/syafihidayat/Documents/robot_smoothing/build/robot_waypoint_pkg
[0.752s] Level 1:colcon.colcon_core.environment:create_environment_scripts_only(robot_waypoint_pkg)
[0.753s] Level 1:colcon.colcon_core.environment:checking '/home/syafihidayat/Documents/robot_smoothing/install/robot_waypoint_pkg' for CMake module files
[0.753s] DEBUG:colcon.colcon_core.event_handler.log_command:Invoked command in '/home/syafihidayat/Documents/robot_smoothing/build/robot_waypoint_pkg' returned '0': CMAKE_PREFIX_PATH=${CMAKE_PREFIX_PATH}:/opt/ros/humble /usr/bin/cmake --install /home/syafihidayat/Documents/robot_smoothing/build/robot_waypoint_pkg
[0.754s] Level 1:colcon.colcon_core.environment:checking '/home/syafihidayat/Documents/robot_smoothing/install/robot_waypoint_pkg' for CMake config files
[0.754s] Level 1:colcon.colcon_core.shell:create_environment_hook('robot_waypoint_pkg', 'cmake_prefix_path')
[0.754s] INFO:colcon.colcon_core.shell:Creating environment hook '/home/syafihidayat/Documents/robot_smoothing/install/robot_waypoint_pkg/share/robot_waypoint_pkg/hook/cmake_prefix_path.ps1'
[0.754s] INFO:colcon.colcon_core.shell:Creating environment descriptor '/home/syafihidayat/Documents/robot_smoothing/install/robot_waypoint_pkg/share/robot_waypoint_pkg/hook/cmake_prefix_path.dsv'
[0.755s] INFO:colcon.colcon_core.shell:Creating environment hook '/home/syafihidayat/Documents/robot_smoothing/install/robot_waypoint_pkg/share/robot_waypoint_pkg/hook/cmake_prefix_path.sh'
[0.755s] Level 1:colcon.colcon_core.environment:checking '/home/syafihidayat/Documents/robot_smoothing/install/robot_waypoint_pkg/lib'
[0.755s] Level 1:colcon.colcon_core.environment:checking '/home/syafihidayat/Documents/robot_smoothing/install/robot_waypoint_pkg/bin'
[0.755s] Level 1:colcon.colcon_core.environment:checking '/home/syafihidayat/Documents/robot_smoothing/install/robot_waypoint_pkg/lib/pkgconfig/robot_waypoint_pkg.pc'
[0.756s] Level 1:colcon.colcon_core.environment:checking '/home/syafihidayat/Documents/robot_smoothing/install/robot_waypoint_pkg/lib/python3.10/site-packages'
[0.756s] Level 1:colcon.colcon_core.environment:checking '/home/syafihidayat/Documents/robot_smoothing/install/robot_waypoint_pkg/bin'
[0.756s] INFO:colcon.colcon_core.shell:Creating package script '/home/syafihidayat/Documents/robot_smoothing/install/robot_waypoint_pkg/share/robot_waypoint_pkg/package.ps1'
[0.757s] INFO:colcon.colcon_core.shell:Creating package descriptor '/home/syafihidayat/Documents/robot_smoothing/install/robot_waypoint_pkg/share/robot_waypoint_pkg/package.dsv'
[0.757s] INFO:colcon.colcon_core.shell:Creating package script '/home/syafihidayat/Documents/robot_smoothing/install/robot_waypoint_pkg/share/robot_waypoint_pkg/package.sh'
[0.757s] INFO:colcon.colcon_core.shell:Creating package script '/home/syafihidayat/Documents/robot_smoothing/install/robot_waypoint_pkg/share/robot_waypoint_pkg/package.bash'
[0.758s] INFO:colcon.colcon_core.shell:Creating package script '/home/syafihidayat/Documents/robot_smoothing/install/robot_waypoint_pkg/share/robot_waypoint_pkg/package.zsh'
[0.758s] Level 1:colcon.colcon_core.environment:create_file_with_runtime_dependencies(/home/syafihidayat/Documents/robot_smoothing/install/robot_waypoint_pkg/share/colcon-core/packages/robot_waypoint_pkg)
[0.759s] Level 1:colcon.colcon_core.environment:create_environment_scripts_only(robot_waypoint_pkg)
[0.759s] Level 1:colcon.colcon_core.environment:checking '/home/syafihidayat/Documents/robot_smoothing/install/robot_waypoint_pkg' for CMake module files
[0.759s] Level 1:colcon.colcon_core.environment:checking '/home/syafihidayat/Documents/robot_smoothing/install/robot_waypoint_pkg' for CMake config files
[0.760s] Level 1:colcon.colcon_core.shell:create_environment_hook('robot_waypoint_pkg', 'cmake_prefix_path')
[0.760s] INFO:colcon.colcon_core.shell:Creating environment hook '/home/syafihidayat/Documents/robot_smoothing/install/robot_waypoint_pkg/share/robot_waypoint_pkg/hook/cmake_prefix_path.ps1'
[0.761s] INFO:colcon.colcon_core.shell:Creating environment descriptor '/home/syafihidayat/Documents/robot_smoothing/install/robot_waypoint_pkg/share/robot_waypoint_pkg/hook/cmake_prefix_path.dsv'
[0.761s] INFO:colcon.colcon_core.shell:Creating environment hook '/home/syafihidayat/Documents/robot_smoothing/install/robot_waypoint_pkg/share/robot_waypoint_pkg/hook/cmake_prefix_path.sh'
[0.761s] Level 1:colcon.colcon_core.environment:checking '/home/syafihidayat/Documents/robot_smoothing/install/robot_waypoint_pkg/lib'
[0.761s] Level 1:colcon.colcon_core.environment:checking '/home/syafihidayat/Documents/robot_smoothing/install/robot_waypoint_pkg/bin'
[0.762s] Level 1:colcon.colcon_core.environment:checking '/home/syafihidayat/Documents/robot_smoothing/install/robot_waypoint_pkg/lib/pkgconfig/robot_waypoint_pkg.pc'
[0.762s] Level 1:colcon.colcon_core.environment:checking '/home/syafihidayat/Documents/robot_smoothing/install/robot_waypoint_pkg/lib/python3.10/site-packages'
[0.762s] Level 1:colcon.colcon_core.environment:checking '/home/syafihidayat/Documents/robot_smoothing/install/robot_waypoint_pkg/bin'
[0.762s] INFO:colcon.colcon_core.shell:Creating package script '/home/syafihidayat/Documents/robot_smoothing/install/robot_waypoint_pkg/share/robot_waypoint_pkg/package.ps1'
[0.763s] INFO:colcon.colcon_core.shell:Creating package descriptor '/home/syafihidayat/Documents/robot_smoothing/install/robot_waypoint_pkg/share/robot_waypoint_pkg/package.dsv'
[0.763s] INFO:colcon.colcon_core.shell:Creating package script '/home/syafihidayat/Documents/robot_smoothing/install/robot_waypoint_pkg/share/robot_waypoint_pkg/package.sh'
[0.764s] INFO:colcon.colcon_core.shell:Creating package script '/home/syafihidayat/Documents/robot_smoothing/install/robot_waypoint_pkg/share/robot_waypoint_pkg/package.bash'
[0.764s] INFO:colcon.colcon_core.shell:Creating package script '/home/syafihidayat/Documents/robot_smoothing/install/robot_waypoint_pkg/share/robot_waypoint_pkg/package.zsh'
[0.764s] Level 1:colcon.colcon_core.environment:create_file_with_runtime_dependencies(/home/syafihidayat/Documents/robot_smoothing/install/robot_waypoint_pkg/share/colcon-core/packages/robot_waypoint_pkg)
[1.044s] DEBUG:colcon.colcon_core.task.python.build:Available setuptools commands: symlink_data, build_clib, register, check, upload, sdist, egg_info, build_ext, rotate, install_data, init_catalog, alias, clean, install_egg_info, bdist_egg, update_catalog, bdist_dumb, test, install_scripts, dist_info, install_headers, compile_catalog, build, extract_messages, easy_install, build_py, setopt, bdist_wheel, install_lib, saveopts, upload_docs, build_scripts, install, bdist_rpm, develop, bdist
[1.047s] DEBUG:colcon.colcon_core.event_handler.log_command:Invoking command in '/home/syafihidayat/Documents/robot_smoothing/src/robot_gui_pkg': PYTHONPATH=/home/syafihidayat/Documents/robot_smoothing/build/robot_gui_pkg/prefix_override:/usr/lib/python3/dist-packages/colcon_core/task/python/colcon_distutils_commands:/home/syafihidayat/Documents/robot_smoothing/install/robot_gui_pkg/lib/python3.10/site-packages:${PYTHONPATH} /usr/bin/python3 -W ignore:setup.py install is deprecated -W ignore:easy_install command is deprecated setup.py egg_info --egg-base ../../build/robot_gui_pkg build --build-base /home/syafihidayat/Documents/robot_smoothing/build/robot_gui_pkg/build install --record /home/syafihidayat/Documents/robot_smoothing/build/robot_gui_pkg/install.log --install-scripts $base/lib/robot_gui_pkg --single-version-externally-managed install_data
[1.345s] Level 1:colcon.colcon_core.environment:checking '/home/syafihidayat/Documents/robot_smoothing/install/robot_gui_pkg' for CMake module files
[1.346s] DEBUG:colcon.colcon_core.event_handler.log_command:Invoked command in '/home/syafihidayat/Documents/robot_smoothing/src/robot_gui_pkg' returned '0': PYTHONPATH=/home/syafihidayat/Documents/robot_smoothing/build/robot_gui_pkg/prefix_override:/usr/lib/python3/dist-packages/colcon_core/task/python/colcon_distutils_commands:/home/syafihidayat/Documents/robot_smoothing/install/robot_gui_pkg/lib/python3.10/site-packages:${PYTHONPATH} /usr/bin/python3 -W ignore:setup.py install is deprecated -W ignore:easy_install command is deprecated setup.py egg_info --egg-base ../../build/robot_gui_pkg build --build-base /home/syafihidayat/Documents/robot_smoothing/build/robot_gui_pkg/build install --record /home/syafihidayat/Documents/robot_smoothing/build/robot_gui_pkg/install.log --install-scripts $base/lib/robot_gui_pkg --single-version-externally-managed install_data
[1.346s] Level 1:colcon.colcon_core.environment:checking '/home/syafihidayat/Documents/robot_smoothing/install/robot_gui_pkg' for CMake config files
[1.346s] Level 1:colcon.colcon_core.environment:checking '/home/syafihidayat/Documents/robot_smoothing/install/robot_gui_pkg/lib'
[1.347s] Level 1:colcon.colcon_core.environment:checking '/home/syafihidayat/Documents/robot_smoothing/install/robot_gui_pkg/bin'
[1.347s] Level 1:colcon.colcon_core.environment:checking '/home/syafihidayat/Documents/robot_smoothing/install/robot_gui_pkg/lib/pkgconfig/robot_gui_pkg.pc'
[1.347s] Level 1:colcon.colcon_core.environment:checking '/home/syafihidayat/Documents/robot_smoothing/install/robot_gui_pkg/lib/python3.10/site-packages'
[1.347s] Level 1:colcon.colcon_core.shell:create_environment_hook('robot_gui_pkg', 'pythonpath')
[1.347s] INFO:colcon.colcon_core.shell:Creating environment hook '/home/syafihidayat/Documents/robot_smoothing/install/robot_gui_pkg/share/robot_gui_pkg/hook/pythonpath.ps1'
[1.348s] INFO:colcon.colcon_core.shell:Creating environment descriptor '/home/syafihidayat/Documents/robot_smoothing/install/robot_gui_pkg/share/robot_gui_pkg/hook/pythonpath.dsv'
[1.348s] INFO:colcon.colcon_core.shell:Creating environment hook '/home/syafihidayat/Documents/robot_smoothing/install/robot_gui_pkg/share/robot_gui_pkg/hook/pythonpath.sh'
[1.349s] Level 1:colcon.colcon_core.environment:checking '/home/syafihidayat/Documents/robot_smoothing/install/robot_gui_pkg/bin'
[1.349s] Level 1:colcon.colcon_core.environment:create_environment_scripts_only(robot_gui_pkg)
[1.349s] INFO:colcon.colcon_core.shell:Creating package script '/home/syafihidayat/Documents/robot_smoothing/install/robot_gui_pkg/share/robot_gui_pkg/package.ps1'
[1.350s] INFO:colcon.colcon_core.shell:Creating package descriptor '/home/syafihidayat/Documents/robot_smoothing/install/robot_gui_pkg/share/robot_gui_pkg/package.dsv'
[1.350s] INFO:colcon.colcon_core.shell:Creating package script '/home/syafihidayat/Documents/robot_smoothing/install/robot_gui_pkg/share/robot_gui_pkg/package.sh'
[1.351s] INFO:colcon.colcon_core.shell:Creating package script '/home/syafihidayat/Documents/robot_smoothing/install/robot_gui_pkg/share/robot_gui_pkg/package.bash'
[1.351s] INFO:colcon.colcon_core.shell:Creating package script '/home/syafihidayat/Documents/robot_smoothing/install/robot_gui_pkg/share/robot_gui_pkg/package.zsh'
[1.351s] Level 1:colcon.colcon_core.environment:create_file_with_runtime_dependencies(/home/syafihidayat/Documents/robot_smoothing/install/robot_gui_pkg/share/colcon-core/packages/robot_gui_pkg)
[5.749s] DEBUG:colcon.colcon_core.event_handler.log_command:Invoked command in '/home/syafihidayat/Documents/robot_smoothing/build/robot_main_pkg' returned '2': CMAKE_PREFIX_PATH=${CMAKE_PREFIX_PATH}:/opt/ros/humble /usr/bin/cmake --build /home/syafihidayat/Documents/robot_smoothing/build/robot_main_pkg -- -j16 -l16
[5.749s] Level 1:colcon.colcon_core.environment:create_environment_scripts_only(robot_main_pkg)
[5.749s] Level 1:colcon.colcon_core.environment:checking '/home/syafihidayat/Documents/robot_smoothing/install/robot_main_pkg' for CMake module files
[5.750s] Level 1:colcon.colcon_core.environment:checking '/home/syafihidayat/Documents/robot_smoothing/install/robot_main_pkg' for CMake config files
[5.750s] Level 1:colcon.colcon_core.shell:create_environment_hook('robot_main_pkg', 'cmake_prefix_path')
[5.750s] INFO:colcon.colcon_core.shell:Creating environment hook '/home/syafihidayat/Documents/robot_smoothing/install/robot_main_pkg/share/robot_main_pkg/hook/cmake_prefix_path.ps1'
[5.751s] INFO:colcon.colcon_core.shell:Creating environment descriptor '/home/syafihidayat/Documents/robot_smoothing/install/robot_main_pkg/share/robot_main_pkg/hook/cmake_prefix_path.dsv'
[5.751s] INFO:colcon.colcon_core.shell:Creating environment hook '/home/syafihidayat/Documents/robot_smoothing/install/robot_main_pkg/share/robot_main_pkg/hook/cmake_prefix_path.sh'
[5.751s] Level 1:colcon.colcon_core.environment:checking '/home/syafihidayat/Documents/robot_smoothing/install/robot_main_pkg/lib'
[5.752s] Level 1:colcon.colcon_core.environment:checking '/home/syafihidayat/Documents/robot_smoothing/install/robot_main_pkg/bin'
[5.752s] Level 1:colcon.colcon_core.environment:checking '/home/syafihidayat/Documents/robot_smoothing/install/robot_main_pkg/lib/pkgconfig/robot_main_pkg.pc'
[5.752s] Level 1:colcon.colcon_core.environment:checking '/home/syafihidayat/Documents/robot_smoothing/install/robot_main_pkg/lib/python3.10/site-packages'
[5.752s] Level 1:colcon.colcon_core.environment:checking '/home/syafihidayat/Documents/robot_smoothing/install/robot_main_pkg/bin'
[5.752s] INFO:colcon.colcon_core.shell:Creating package script '/home/syafihidayat/Documents/robot_smoothing/install/robot_main_pkg/share/robot_main_pkg/package.ps1'
[5.753s] INFO:colcon.colcon_core.shell:Creating package descriptor '/home/syafihidayat/Documents/robot_smoothing/install/robot_main_pkg/share/robot_main_pkg/package.dsv'
[5.753s] INFO:colcon.colcon_core.shell:Creating package script '/home/syafihidayat/Documents/robot_smoothing/install/robot_main_pkg/share/robot_main_pkg/package.sh'
[5.754s] INFO:colcon.colcon_core.shell:Creating package script '/home/syafihidayat/Documents/robot_smoothing/install/robot_main_pkg/share/robot_main_pkg/package.bash'
[5.754s] INFO:colcon.colcon_core.shell:Creating package script '/home/syafihidayat/Documents/robot_smoothing/install/robot_main_pkg/share/robot_main_pkg/package.zsh'
[5.755s] Level 1:colcon.colcon_core.environment:create_file_with_runtime_dependencies(/home/syafihidayat/Documents/robot_smoothing/install/robot_main_pkg/share/colcon-core/packages/robot_main_pkg)
[5.765s] DEBUG:colcon.colcon_parallel_executor.executor.parallel:closing loop
[5.765s] DEBUG:colcon.colcon_parallel_executor.executor.parallel:loop closed
[5.766s] DEBUG:colcon.colcon_parallel_executor.executor.parallel:run_until_complete finished with '2'
[5.766s] DEBUG:colcon.colcon_core.event_reactor:joining thread
[5.782s] INFO:colcon.colcon_core.plugin_system:Skipping extension 'colcon_notification.desktop_notification.terminal_notifier': Not used on non-Darwin systems
[5.782s] INFO:colcon.colcon_core.plugin_system:Skipping extension 'colcon_notification.desktop_notification.win32': Not used on non-Windows systems
[5.782s] INFO:colcon.colcon_notification.desktop_notification:Sending desktop notification using 'notify2'
[5.796s] DEBUG:colcon.colcon_core.event_reactor:joined thread
[5.796s] INFO:colcon.colcon_core.shell:Creating prefix script '/home/syafihidayat/Documents/robot_smoothing/install/local_setup.ps1'
[5.799s] INFO:colcon.colcon_core.shell:Creating prefix util module '/home/syafihidayat/Documents/robot_smoothing/install/_local_setup_util_ps1.py'
[5.800s] INFO:colcon.colcon_core.shell:Creating prefix chain script '/home/syafihidayat/Documents/robot_smoothing/install/setup.ps1'
[5.802s] INFO:colcon.colcon_core.shell:Creating prefix script '/home/syafihidayat/Documents/robot_smoothing/install/local_setup.sh'
[5.803s] INFO:colcon.colcon_core.shell:Creating prefix util module '/home/syafihidayat/Documents/robot_smoothing/install/_local_setup_util_sh.py'
[5.804s] INFO:colcon.colcon_core.shell:Creating prefix chain script '/home/syafihidayat/Documents/robot_smoothing/install/setup.sh'
[5.805s] INFO:colcon.colcon_core.shell:Creating prefix script '/home/syafihidayat/Documents/robot_smoothing/install/local_setup.bash'
[5.806s] INFO:colcon.colcon_core.shell:Creating prefix chain script '/home/syafihidayat/Documents/robot_smoothing/install/setup.bash'
[5.807s] INFO:colcon.colcon_core.shell:Creating prefix script '/home/syafihidayat/Documents/robot_smoothing/install/local_setup.zsh'
[5.808s] INFO:colcon.colcon_core.shell:Creating prefix chain script '/home/syafihidayat/Documents/robot_smoothing/install/setup.zsh'
