[0.015s] Invoking command in '/home/syafihidayat/Documents/robot_smoothing/build/purpuresuit_pkg': CMAKE_PREFIX_PATH=${CMAKE_PREFIX_PATH}:/home/syafihidayat/Documents/robot_smoothing/install/robot_gui_pkg:/opt/ros/humble /usr/bin/cmake --build /home/syafihidayat/Documents/robot_smoothing/build/purpuresuit_pkg -- -j16 -l16
[0.108s] [35m[1mConsolidate compiler generated dependencies of target purpuresuit[0m
[0.144s] [ 50%] [32mBuilding CXX object CMakeFiles/purpuresuit.dir/src/purpuresuit.cpp.o[0m
[2.396s] [01m[K/home/syafihidayat/Documents/robot_smoothing/src/purpuresuit_pkg/src/purpuresuit.cpp:284:1:[m[K [01;35m[Kwarning: [m[KISO C++ forbids declaration of ‘[01m[Kmain[m[K’ with no type [[01;35m[K]8;;https://gcc.gnu.org/onlinedocs/gcc/Warning-Options.html#index-Wpedantic-Wpedantic]8;;[m[K]
[2.396s]   284 | [01;35m[Kmain[m[K(int argc, char **argv)
[2.396s]       | [01;35m[K^~~~[m[K
[10.570s] [100%] [32m[1mLinking CXX executable purpuresuit[0m
[11.474s] [100%] Built target purpuresuit
[11.488s] Invoked command in '/home/syafihidayat/Documents/robot_smoothing/build/purpuresuit_pkg' returned '0': CMAKE_PREFIX_PATH=${CMAKE_PREFIX_PATH}:/home/syafihidayat/Documents/robot_smoothing/install/robot_gui_pkg:/opt/ros/humble /usr/bin/cmake --build /home/syafihidayat/Documents/robot_smoothing/build/purpuresuit_pkg -- -j16 -l16
[11.500s] Invoking command in '/home/syafihidayat/Documents/robot_smoothing/build/purpuresuit_pkg': CMAKE_PREFIX_PATH=${CMAKE_PREFIX_PATH}:/home/syafihidayat/Documents/robot_smoothing/install/robot_gui_pkg:/opt/ros/humble /usr/bin/cmake --install /home/syafihidayat/Documents/robot_smoothing/build/purpuresuit_pkg
[11.510s] -- Install configuration: ""
[11.510s] -- Installing: /home/syafihidayat/Documents/robot_smoothing/install/purpuresuit_pkg/lib/purpuresuit_pkg/purpuresuit
[11.520s] -- Set runtime path of "/home/syafihidayat/Documents/robot_smoothing/install/purpuresuit_pkg/lib/purpuresuit_pkg/purpuresuit" to ""
[11.520s] -- Up-to-date: /home/syafihidayat/Documents/robot_smoothing/install/purpuresuit_pkg/share/ament_index/resource_index/package_run_dependencies/purpuresuit_pkg
[11.520s] -- Installing: /home/syafihidayat/Documents/robot_smoothing/install/purpuresuit_pkg/share/ament_index/resource_index/parent_prefix_path/purpuresuit_pkg
[11.521s] -- Up-to-date: /home/syafihidayat/Documents/robot_smoothing/install/purpuresuit_pkg/share/purpuresuit_pkg/environment/ament_prefix_path.sh
[11.521s] -- Installing: /home/syafihidayat/Documents/robot_smoothing/install/purpuresuit_pkg/share/purpuresuit_pkg/environment/ament_prefix_path.dsv
[11.521s] -- Up-to-date: /home/syafihidayat/Documents/robot_smoothing/install/purpuresuit_pkg/share/purpuresuit_pkg/environment/path.sh
[11.521s] -- Installing: /home/syafihidayat/Documents/robot_smoothing/install/purpuresuit_pkg/share/purpuresuit_pkg/environment/path.dsv
[11.521s] -- Up-to-date: /home/syafihidayat/Documents/robot_smoothing/install/purpuresuit_pkg/share/purpuresuit_pkg/local_setup.bash
[11.521s] -- Up-to-date: /home/syafihidayat/Documents/robot_smoothing/install/purpuresuit_pkg/share/purpuresuit_pkg/local_setup.sh
[11.521s] -- Up-to-date: /home/syafihidayat/Documents/robot_smoothing/install/purpuresuit_pkg/share/purpuresuit_pkg/local_setup.zsh
[11.521s] -- Installing: /home/syafihidayat/Documents/robot_smoothing/install/purpuresuit_pkg/share/purpuresuit_pkg/local_setup.dsv
[11.521s] -- Installing: /home/syafihidayat/Documents/robot_smoothing/install/purpuresuit_pkg/share/purpuresuit_pkg/package.dsv
[11.522s] -- Up-to-date: /home/syafihidayat/Documents/robot_smoothing/install/purpuresuit_pkg/share/ament_index/resource_index/packages/purpuresuit_pkg
[11.522s] -- Up-to-date: /home/syafihidayat/Documents/robot_smoothing/install/purpuresuit_pkg/share/purpuresuit_pkg/cmake/purpuresuit_pkgConfig.cmake
[11.522s] -- Up-to-date: /home/syafihidayat/Documents/robot_smoothing/install/purpuresuit_pkg/share/purpuresuit_pkg/cmake/purpuresuit_pkgConfig-version.cmake
[11.522s] -- Up-to-date: /home/syafihidayat/Documents/robot_smoothing/install/purpuresuit_pkg/share/purpuresuit_pkg/package.xml
[11.525s] Invoked command in '/home/syafihidayat/Documents/robot_smoothing/build/purpuresuit_pkg' returned '0': CMAKE_PREFIX_PATH=${CMAKE_PREFIX_PATH}:/home/syafihidayat/Documents/robot_smoothing/install/robot_gui_pkg:/opt/ros/humble /usr/bin/cmake --install /home/syafihidayat/Documents/robot_smoothing/build/purpuresuit_pkg
