[0.364s] DEBUG:colcon:Command line arguments: ['/usr/bin/colcon', 'build']
[0.365s] DEBUG:colcon:Parsed command line arguments: Namespace(log_base=None, log_level=None, verb_name='build', build_base='build', install_base='install', merge_install=False, symlink_install=False, test_result_base=None, continue_on_error=False, executor='parallel', parallel_workers=16, event_handlers=None, ignore_user_meta=False, metas=['./colcon.meta'], base_paths=['.'], packages_ignore=None, packages_ignore_regex=None, paths=None, packages_up_to=None, packages_up_to_regex=None, packages_above=None, packages_above_and_dependencies=None, packages_above_depth=None, packages_select_by_dep=None, packages_skip_by_dep=None, packages_skip_up_to=None, packages_select_build_failed=False, packages_skip_build_finished=False, packages_select_test_failures=False, packages_skip_test_passed=False, packages_select=None, packages_skip=None, packages_select_regex=None, packages_skip_regex=None, packages_start=None, packages_end=None, allow_overriding=[], cmake_args=None, cmake_target=None, cmake_target_skip_unavailable=False, cmake_clean_cache=False, cmake_clean_first=False, cmake_force_configure=False, ament_cmake_args=None, catkin_cmake_args=None, catkin_skip_building_tests=False, verb_parser=<colcon_defaults.argument_parser.defaults.DefaultArgumentsDecorator object at 0x7f38197826e0>, verb_extension=<colcon_core.verb.build.BuildVerb object at 0x7f38198c84c0>, main=<bound method BuildVerb.main of <colcon_core.verb.build.BuildVerb object at 0x7f38198c84c0>>)
[0.649s] Level 1:colcon.colcon_core.package_discovery:discover_packages(colcon_meta) check parameters
[0.649s] Level 1:colcon.colcon_core.package_discovery:discover_packages(recursive) check parameters
[0.649s] Level 1:colcon.colcon_core.package_discovery:discover_packages(ignore) check parameters
[0.649s] Level 1:colcon.colcon_core.package_discovery:discover_packages(path) check parameters
[0.649s] Level 1:colcon.colcon_core.package_discovery:discover_packages(colcon_meta) discover
[0.649s] Level 1:colcon.colcon_core.package_discovery:discover_packages(recursive) discover
[0.649s] INFO:colcon.colcon_core.package_discovery:Crawling recursively for packages in '/home/syafihidayat/Documents/robot_smoothing'
[0.649s] Level 1:colcon.colcon_core.package_identification:_identify(.) by extensions ['ignore', 'ignore_ament_install']
[0.649s] Level 1:colcon.colcon_core.package_identification:_identify(.) by extension 'ignore'
[0.650s] Level 1:colcon.colcon_core.package_identification:_identify(.) by extension 'ignore_ament_install'
[0.650s] Level 1:colcon.colcon_core.package_identification:_identify(.) by extensions ['colcon_pkg']
[0.650s] Level 1:colcon.colcon_core.package_identification:_identify(.) by extension 'colcon_pkg'
[0.650s] Level 1:colcon.colcon_core.package_identification:_identify(.) by extensions ['colcon_meta']
[0.650s] Level 1:colcon.colcon_core.package_identification:_identify(.) by extension 'colcon_meta'
[0.650s] Level 1:colcon.colcon_core.package_identification:_identify(.) by extensions ['ros']
[0.650s] Level 1:colcon.colcon_core.package_identification:_identify(.) by extension 'ros'
[0.700s] Level 1:colcon.colcon_core.package_identification:_identify(.) by extensions ['cmake', 'python']
[0.700s] Level 1:colcon.colcon_core.package_identification:_identify(.) by extension 'cmake'
[0.700s] Level 1:colcon.colcon_core.package_identification:_identify(.) by extension 'python'
[0.700s] Level 1:colcon.colcon_core.package_identification:_identify(.) by extensions ['python_setup_py']
[0.700s] Level 1:colcon.colcon_core.package_identification:_identify(.) by extension 'python_setup_py'
[0.700s] Level 1:colcon.colcon_core.package_identification:_identify(build) by extensions ['ignore', 'ignore_ament_install']
[0.700s] Level 1:colcon.colcon_core.package_identification:_identify(build) by extension 'ignore'
[0.700s] Level 1:colcon.colcon_core.package_identification:_identify(build) ignored
[0.700s] Level 1:colcon.colcon_core.package_identification:_identify(install) by extensions ['ignore', 'ignore_ament_install']
[0.700s] Level 1:colcon.colcon_core.package_identification:_identify(install) by extension 'ignore'
[0.700s] Level 1:colcon.colcon_core.package_identification:_identify(install) ignored
[0.700s] Level 1:colcon.colcon_core.package_identification:_identify(log) by extensions ['ignore', 'ignore_ament_install']
[0.700s] Level 1:colcon.colcon_core.package_identification:_identify(log) by extension 'ignore'
[0.700s] Level 1:colcon.colcon_core.package_identification:_identify(log) ignored
[0.701s] Level 1:colcon.colcon_core.package_identification:_identify(src) by extensions ['ignore', 'ignore_ament_install']
[0.701s] Level 1:colcon.colcon_core.package_identification:_identify(src) by extension 'ignore'
[0.701s] Level 1:colcon.colcon_core.package_identification:_identify(src) by extension 'ignore_ament_install'
[0.701s] Level 1:colcon.colcon_core.package_identification:_identify(src) by extensions ['colcon_pkg']
[0.701s] Level 1:colcon.colcon_core.package_identification:_identify(src) by extension 'colcon_pkg'
[0.701s] Level 1:colcon.colcon_core.package_identification:_identify(src) by extensions ['colcon_meta']
[0.701s] Level 1:colcon.colcon_core.package_identification:_identify(src) by extension 'colcon_meta'
[0.701s] Level 1:colcon.colcon_core.package_identification:_identify(src) by extensions ['ros']
[0.701s] Level 1:colcon.colcon_core.package_identification:_identify(src) by extension 'ros'
[0.701s] Level 1:colcon.colcon_core.package_identification:_identify(src) by extensions ['cmake', 'python']
[0.701s] Level 1:colcon.colcon_core.package_identification:_identify(src) by extension 'cmake'
[0.701s] Level 1:colcon.colcon_core.package_identification:_identify(src) by extension 'python'
[0.701s] Level 1:colcon.colcon_core.package_identification:_identify(src) by extensions ['python_setup_py']
[0.701s] Level 1:colcon.colcon_core.package_identification:_identify(src) by extension 'python_setup_py'
[0.702s] Level 1:colcon.colcon_core.package_identification:_identify(src/lbringup) by extensions ['ignore', 'ignore_ament_install']
[0.702s] Level 1:colcon.colcon_core.package_identification:_identify(src/lbringup) by extension 'ignore'
[0.702s] Level 1:colcon.colcon_core.package_identification:_identify(src/lbringup) by extension 'ignore_ament_install'
[0.702s] Level 1:colcon.colcon_core.package_identification:_identify(src/lbringup) by extensions ['colcon_pkg']
[0.702s] Level 1:colcon.colcon_core.package_identification:_identify(src/lbringup) by extension 'colcon_pkg'
[0.702s] Level 1:colcon.colcon_core.package_identification:_identify(src/lbringup) by extensions ['colcon_meta']
[0.702s] Level 1:colcon.colcon_core.package_identification:_identify(src/lbringup) by extension 'colcon_meta'
[0.702s] Level 1:colcon.colcon_core.package_identification:_identify(src/lbringup) by extensions ['ros']
[0.702s] Level 1:colcon.colcon_core.package_identification:_identify(src/lbringup) by extension 'ros'
[0.705s] DEBUG:colcon.colcon_core.package_identification:Package 'src/lbringup' with type 'ros.ament_cmake' and name 'lbringup'
[0.706s] Level 1:colcon.colcon_core.package_identification:_identify(src/purpuresuit_pkg) by extensions ['ignore', 'ignore_ament_install']
[0.706s] Level 1:colcon.colcon_core.package_identification:_identify(src/purpuresuit_pkg) by extension 'ignore'
[0.706s] Level 1:colcon.colcon_core.package_identification:_identify(src/purpuresuit_pkg) by extension 'ignore_ament_install'
[0.706s] Level 1:colcon.colcon_core.package_identification:_identify(src/purpuresuit_pkg) by extensions ['colcon_pkg']
[0.706s] Level 1:colcon.colcon_core.package_identification:_identify(src/purpuresuit_pkg) by extension 'colcon_pkg'
[0.706s] Level 1:colcon.colcon_core.package_identification:_identify(src/purpuresuit_pkg) by extensions ['colcon_meta']
[0.706s] Level 1:colcon.colcon_core.package_identification:_identify(src/purpuresuit_pkg) by extension 'colcon_meta'
[0.706s] Level 1:colcon.colcon_core.package_identification:_identify(src/purpuresuit_pkg) by extensions ['ros']
[0.706s] Level 1:colcon.colcon_core.package_identification:_identify(src/purpuresuit_pkg) by extension 'ros'
[0.707s] DEBUG:colcon.colcon_core.package_identification:Package 'src/purpuresuit_pkg' with type 'ros.ament_cmake' and name 'purpuresuit_pkg'
[0.707s] Level 1:colcon.colcon_core.package_identification:_identify(src/robot_gui_pkg) by extensions ['ignore', 'ignore_ament_install']
[0.707s] Level 1:colcon.colcon_core.package_identification:_identify(src/robot_gui_pkg) by extension 'ignore'
[0.708s] Level 1:colcon.colcon_core.package_identification:_identify(src/robot_gui_pkg) by extension 'ignore_ament_install'
[0.708s] Level 1:colcon.colcon_core.package_identification:_identify(src/robot_gui_pkg) by extensions ['colcon_pkg']
[0.708s] Level 1:colcon.colcon_core.package_identification:_identify(src/robot_gui_pkg) by extension 'colcon_pkg'
[0.708s] Level 1:colcon.colcon_core.package_identification:_identify(src/robot_gui_pkg) by extensions ['colcon_meta']
[0.708s] Level 1:colcon.colcon_core.package_identification:_identify(src/robot_gui_pkg) by extension 'colcon_meta'
[0.708s] Level 1:colcon.colcon_core.package_identification:_identify(src/robot_gui_pkg) by extensions ['ros']
[0.708s] Level 1:colcon.colcon_core.package_identification:_identify(src/robot_gui_pkg) by extension 'ros'
[0.708s] DEBUG:colcon.colcon_core.package_identification:Package 'src/robot_gui_pkg' with type 'ros.ament_python' and name 'robot_gui_pkg'
[0.708s] Level 1:colcon.colcon_core.package_identification:_identify(src/robot_main_pkg) by extensions ['ignore', 'ignore_ament_install']
[0.708s] Level 1:colcon.colcon_core.package_identification:_identify(src/robot_main_pkg) by extension 'ignore'
[0.708s] Level 1:colcon.colcon_core.package_identification:_identify(src/robot_main_pkg) by extension 'ignore_ament_install'
[0.709s] Level 1:colcon.colcon_core.package_identification:_identify(src/robot_main_pkg) by extensions ['colcon_pkg']
[0.709s] Level 1:colcon.colcon_core.package_identification:_identify(src/robot_main_pkg) by extension 'colcon_pkg'
[0.709s] Level 1:colcon.colcon_core.package_identification:_identify(src/robot_main_pkg) by extensions ['colcon_meta']
[0.709s] Level 1:colcon.colcon_core.package_identification:_identify(src/robot_main_pkg) by extension 'colcon_meta'
[0.709s] Level 1:colcon.colcon_core.package_identification:_identify(src/robot_main_pkg) by extensions ['ros']
[0.709s] Level 1:colcon.colcon_core.package_identification:_identify(src/robot_main_pkg) by extension 'ros'
[0.710s] DEBUG:colcon.colcon_core.package_identification:Package 'src/robot_main_pkg' with type 'ros.ament_cmake' and name 'robot_main_pkg'
[0.710s] Level 1:colcon.colcon_core.package_identification:_identify(src/robot_waypoint_pkg) by extensions ['ignore', 'ignore_ament_install']
[0.710s] Level 1:colcon.colcon_core.package_identification:_identify(src/robot_waypoint_pkg) by extension 'ignore'
[0.710s] Level 1:colcon.colcon_core.package_identification:_identify(src/robot_waypoint_pkg) by extension 'ignore_ament_install'
[0.710s] Level 1:colcon.colcon_core.package_identification:_identify(src/robot_waypoint_pkg) by extensions ['colcon_pkg']
[0.710s] Level 1:colcon.colcon_core.package_identification:_identify(src/robot_waypoint_pkg) by extension 'colcon_pkg'
[0.711s] Level 1:colcon.colcon_core.package_identification:_identify(src/robot_waypoint_pkg) by extensions ['colcon_meta']
[0.711s] Level 1:colcon.colcon_core.package_identification:_identify(src/robot_waypoint_pkg) by extension 'colcon_meta'
[0.711s] Level 1:colcon.colcon_core.package_identification:_identify(src/robot_waypoint_pkg) by extensions ['ros']
[0.711s] Level 1:colcon.colcon_core.package_identification:_identify(src/robot_waypoint_pkg) by extension 'ros'
[0.711s] DEBUG:colcon.colcon_core.package_identification:Package 'src/robot_waypoint_pkg' with type 'ros.ament_cmake' and name 'robot_waypoint_pkg'
[0.711s] Level 1:colcon.colcon_core.package_discovery:discover_packages(recursive) using defaults
[0.711s] Level 1:colcon.colcon_core.package_discovery:discover_packages(ignore) discover
[0.711s] Level 1:colcon.colcon_core.package_discovery:discover_packages(ignore) using defaults
[0.711s] Level 1:colcon.colcon_core.package_discovery:discover_packages(path) discover
[0.711s] Level 1:colcon.colcon_core.package_discovery:discover_packages(path) using defaults
[0.753s] Level 1:colcon.colcon_core.package_discovery:discover_packages(prefix_path) check parameters
[0.753s] Level 1:colcon.colcon_core.package_discovery:discover_packages(prefix_path) discover
[0.760s] DEBUG:colcon.colcon_installed_package_information.package_discovery:Found 5 installed packages in /home/syafihidayat/Documents/robot_smoothing/install
[0.766s] DEBUG:colcon.colcon_installed_package_information.package_discovery:Found 3 installed packages in /home/syafihidayat/microros_ws/install
[0.770s] DEBUG:colcon.colcon_installed_package_information.package_discovery:Found 2 installed packages in /home/syafihidayat/Documents/ros2_lidar/install
[0.773s] DEBUG:colcon.colcon_installed_package_information.package_discovery:Found 401 installed packages in /opt/ros/humble
[0.775s] Level 1:colcon.colcon_core.package_discovery:discover_packages(prefix_path) using defaults
[0.891s] Level 5:colcon.colcon_core.verb:set package 'lbringup' build argument 'cmake_args' from command line to 'None'
[0.891s] Level 5:colcon.colcon_core.verb:set package 'lbringup' build argument 'cmake_target' from command line to 'None'
[0.891s] Level 5:colcon.colcon_core.verb:set package 'lbringup' build argument 'cmake_target_skip_unavailable' from command line to 'False'
[0.891s] Level 5:colcon.colcon_core.verb:set package 'lbringup' build argument 'cmake_clean_cache' from command line to 'False'
[0.891s] Level 5:colcon.colcon_core.verb:set package 'lbringup' build argument 'cmake_clean_first' from command line to 'False'
[0.891s] Level 5:colcon.colcon_core.verb:set package 'lbringup' build argument 'cmake_force_configure' from command line to 'False'
[0.891s] Level 5:colcon.colcon_core.verb:set package 'lbringup' build argument 'ament_cmake_args' from command line to 'None'
[0.891s] Level 5:colcon.colcon_core.verb:set package 'lbringup' build argument 'catkin_cmake_args' from command line to 'None'
[0.891s] Level 5:colcon.colcon_core.verb:set package 'lbringup' build argument 'catkin_skip_building_tests' from command line to 'False'
[0.891s] DEBUG:colcon.colcon_core.verb:Building package 'lbringup' with the following arguments: {'ament_cmake_args': None, 'build_base': '/home/syafihidayat/Documents/robot_smoothing/build/lbringup', 'catkin_cmake_args': None, 'catkin_skip_building_tests': False, 'cmake_args': None, 'cmake_clean_cache': False, 'cmake_clean_first': False, 'cmake_force_configure': False, 'cmake_target': None, 'cmake_target_skip_unavailable': False, 'install_base': '/home/syafihidayat/Documents/robot_smoothing/install/lbringup', 'merge_install': False, 'path': '/home/syafihidayat/Documents/robot_smoothing/src/lbringup', 'symlink_install': False, 'test_result_base': None}
[0.891s] Level 5:colcon.colcon_core.verb:set package 'purpuresuit_pkg' build argument 'cmake_args' from command line to 'None'
[0.891s] Level 5:colcon.colcon_core.verb:set package 'purpuresuit_pkg' build argument 'cmake_target' from command line to 'None'
[0.891s] Level 5:colcon.colcon_core.verb:set package 'purpuresuit_pkg' build argument 'cmake_target_skip_unavailable' from command line to 'False'
[0.891s] Level 5:colcon.colcon_core.verb:set package 'purpuresuit_pkg' build argument 'cmake_clean_cache' from command line to 'False'
[0.891s] Level 5:colcon.colcon_core.verb:set package 'purpuresuit_pkg' build argument 'cmake_clean_first' from command line to 'False'
[0.891s] Level 5:colcon.colcon_core.verb:set package 'purpuresuit_pkg' build argument 'cmake_force_configure' from command line to 'False'
[0.891s] Level 5:colcon.colcon_core.verb:set package 'purpuresuit_pkg' build argument 'ament_cmake_args' from command line to 'None'
[0.891s] Level 5:colcon.colcon_core.verb:set package 'purpuresuit_pkg' build argument 'catkin_cmake_args' from command line to 'None'
[0.891s] Level 5:colcon.colcon_core.verb:set package 'purpuresuit_pkg' build argument 'catkin_skip_building_tests' from command line to 'False'
[0.891s] DEBUG:colcon.colcon_core.verb:Building package 'purpuresuit_pkg' with the following arguments: {'ament_cmake_args': None, 'build_base': '/home/syafihidayat/Documents/robot_smoothing/build/purpuresuit_pkg', 'catkin_cmake_args': None, 'catkin_skip_building_tests': False, 'cmake_args': None, 'cmake_clean_cache': False, 'cmake_clean_first': False, 'cmake_force_configure': False, 'cmake_target': None, 'cmake_target_skip_unavailable': False, 'install_base': '/home/syafihidayat/Documents/robot_smoothing/install/purpuresuit_pkg', 'merge_install': False, 'path': '/home/syafihidayat/Documents/robot_smoothing/src/purpuresuit_pkg', 'symlink_install': False, 'test_result_base': None}
[0.892s] Level 5:colcon.colcon_core.verb:set package 'robot_gui_pkg' build argument 'cmake_args' from command line to 'None'
[0.892s] Level 5:colcon.colcon_core.verb:set package 'robot_gui_pkg' build argument 'cmake_target' from command line to 'None'
[0.892s] Level 5:colcon.colcon_core.verb:set package 'robot_gui_pkg' build argument 'cmake_target_skip_unavailable' from command line to 'False'
[0.892s] Level 5:colcon.colcon_core.verb:set package 'robot_gui_pkg' build argument 'cmake_clean_cache' from command line to 'False'
[0.892s] Level 5:colcon.colcon_core.verb:set package 'robot_gui_pkg' build argument 'cmake_clean_first' from command line to 'False'
[0.892s] Level 5:colcon.colcon_core.verb:set package 'robot_gui_pkg' build argument 'cmake_force_configure' from command line to 'False'
[0.892s] Level 5:colcon.colcon_core.verb:set package 'robot_gui_pkg' build argument 'ament_cmake_args' from command line to 'None'
[0.892s] Level 5:colcon.colcon_core.verb:set package 'robot_gui_pkg' build argument 'catkin_cmake_args' from command line to 'None'
[0.892s] Level 5:colcon.colcon_core.verb:set package 'robot_gui_pkg' build argument 'catkin_skip_building_tests' from command line to 'False'
[0.892s] DEBUG:colcon.colcon_core.verb:Building package 'robot_gui_pkg' with the following arguments: {'ament_cmake_args': None, 'build_base': '/home/syafihidayat/Documents/robot_smoothing/build/robot_gui_pkg', 'catkin_cmake_args': None, 'catkin_skip_building_tests': False, 'cmake_args': None, 'cmake_clean_cache': False, 'cmake_clean_first': False, 'cmake_force_configure': False, 'cmake_target': None, 'cmake_target_skip_unavailable': False, 'install_base': '/home/syafihidayat/Documents/robot_smoothing/install/robot_gui_pkg', 'merge_install': False, 'path': '/home/syafihidayat/Documents/robot_smoothing/src/robot_gui_pkg', 'symlink_install': False, 'test_result_base': None}
[0.892s] Level 5:colcon.colcon_core.verb:set package 'robot_main_pkg' build argument 'cmake_args' from command line to 'None'
[0.892s] Level 5:colcon.colcon_core.verb:set package 'robot_main_pkg' build argument 'cmake_target' from command line to 'None'
[0.892s] Level 5:colcon.colcon_core.verb:set package 'robot_main_pkg' build argument 'cmake_target_skip_unavailable' from command line to 'False'
[0.892s] Level 5:colcon.colcon_core.verb:set package 'robot_main_pkg' build argument 'cmake_clean_cache' from command line to 'False'
[0.892s] Level 5:colcon.colcon_core.verb:set package 'robot_main_pkg' build argument 'cmake_clean_first' from command line to 'False'
[0.892s] Level 5:colcon.colcon_core.verb:set package 'robot_main_pkg' build argument 'cmake_force_configure' from command line to 'False'
[0.892s] Level 5:colcon.colcon_core.verb:set package 'robot_main_pkg' build argument 'ament_cmake_args' from command line to 'None'
[0.892s] Level 5:colcon.colcon_core.verb:set package 'robot_main_pkg' build argument 'catkin_cmake_args' from command line to 'None'
[0.892s] Level 5:colcon.colcon_core.verb:set package 'robot_main_pkg' build argument 'catkin_skip_building_tests' from command line to 'False'
[0.892s] DEBUG:colcon.colcon_core.verb:Building package 'robot_main_pkg' with the following arguments: {'ament_cmake_args': None, 'build_base': '/home/syafihidayat/Documents/robot_smoothing/build/robot_main_pkg', 'catkin_cmake_args': None, 'catkin_skip_building_tests': False, 'cmake_args': None, 'cmake_clean_cache': False, 'cmake_clean_first': False, 'cmake_force_configure': False, 'cmake_target': None, 'cmake_target_skip_unavailable': False, 'install_base': '/home/syafihidayat/Documents/robot_smoothing/install/robot_main_pkg', 'merge_install': False, 'path': '/home/syafihidayat/Documents/robot_smoothing/src/robot_main_pkg', 'symlink_install': False, 'test_result_base': None}
[0.892s] Level 5:colcon.colcon_core.verb:set package 'robot_waypoint_pkg' build argument 'cmake_args' from command line to 'None'
[0.892s] Level 5:colcon.colcon_core.verb:set package 'robot_waypoint_pkg' build argument 'cmake_target' from command line to 'None'
[0.892s] Level 5:colcon.colcon_core.verb:set package 'robot_waypoint_pkg' build argument 'cmake_target_skip_unavailable' from command line to 'False'
[0.892s] Level 5:colcon.colcon_core.verb:set package 'robot_waypoint_pkg' build argument 'cmake_clean_cache' from command line to 'False'
[0.892s] Level 5:colcon.colcon_core.verb:set package 'robot_waypoint_pkg' build argument 'cmake_clean_first' from command line to 'False'
[0.892s] Level 5:colcon.colcon_core.verb:set package 'robot_waypoint_pkg' build argument 'cmake_force_configure' from command line to 'False'
[0.892s] Level 5:colcon.colcon_core.verb:set package 'robot_waypoint_pkg' build argument 'ament_cmake_args' from command line to 'None'
[0.892s] Level 5:colcon.colcon_core.verb:set package 'robot_waypoint_pkg' build argument 'catkin_cmake_args' from command line to 'None'
[0.892s] Level 5:colcon.colcon_core.verb:set package 'robot_waypoint_pkg' build argument 'catkin_skip_building_tests' from command line to 'False'
[0.892s] DEBUG:colcon.colcon_core.verb:Building package 'robot_waypoint_pkg' with the following arguments: {'ament_cmake_args': None, 'build_base': '/home/syafihidayat/Documents/robot_smoothing/build/robot_waypoint_pkg', 'catkin_cmake_args': None, 'catkin_skip_building_tests': False, 'cmake_args': None, 'cmake_clean_cache': False, 'cmake_clean_first': False, 'cmake_force_configure': False, 'cmake_target': None, 'cmake_target_skip_unavailable': False, 'install_base': '/home/syafihidayat/Documents/robot_smoothing/install/robot_waypoint_pkg', 'merge_install': False, 'path': '/home/syafihidayat/Documents/robot_smoothing/src/robot_waypoint_pkg', 'symlink_install': False, 'test_result_base': None}
[0.893s] INFO:colcon.colcon_core.executor:Executing jobs using 'parallel' executor
[0.894s] DEBUG:colcon.colcon_parallel_executor.executor.parallel:run_until_complete
[0.894s] INFO:colcon.colcon_ros.task.ament_cmake.build:Building ROS package in '/home/syafihidayat/Documents/robot_smoothing/src/lbringup' with build type 'ament_cmake'
[0.894s] INFO:colcon.colcon_cmake.task.cmake.build:Building CMake package in '/home/syafihidayat/Documents/robot_smoothing/src/lbringup'
[0.898s] INFO:colcon.colcon_core.plugin_system:Skipping extension 'colcon_core.shell.bat': Not used on non-Windows systems
[0.898s] INFO:colcon.colcon_core.shell:Skip shell extension 'powershell' for command environment: Not usable outside of PowerShell
[0.898s] DEBUG:colcon.colcon_core.shell:Skip shell extension 'dsv' for command environment
[0.903s] INFO:colcon.colcon_ros.task.ament_cmake.build:Building ROS package in '/home/syafihidayat/Documents/robot_smoothing/src/purpuresuit_pkg' with build type 'ament_cmake'
[0.904s] INFO:colcon.colcon_cmake.task.cmake.build:Building CMake package in '/home/syafihidayat/Documents/robot_smoothing/src/purpuresuit_pkg'
[0.904s] INFO:colcon.colcon_core.shell:Skip shell extension 'powershell' for command environment: Not usable outside of PowerShell
[0.904s] DEBUG:colcon.colcon_core.shell:Skip shell extension 'dsv' for command environment
[0.909s] INFO:colcon.colcon_ros.task.ament_python.build:Building ROS package in '/home/syafihidayat/Documents/robot_smoothing/src/robot_gui_pkg' with build type 'ament_python'
[0.909s] Level 1:colcon.colcon_core.shell:create_environment_hook('robot_gui_pkg', 'ament_prefix_path')
[0.909s] INFO:colcon.colcon_core.shell:Creating environment hook '/home/syafihidayat/Documents/robot_smoothing/install/robot_gui_pkg/share/robot_gui_pkg/hook/ament_prefix_path.ps1'
[0.911s] INFO:colcon.colcon_core.shell:Creating environment descriptor '/home/syafihidayat/Documents/robot_smoothing/install/robot_gui_pkg/share/robot_gui_pkg/hook/ament_prefix_path.dsv'
[0.911s] INFO:colcon.colcon_core.shell:Creating environment hook '/home/syafihidayat/Documents/robot_smoothing/install/robot_gui_pkg/share/robot_gui_pkg/hook/ament_prefix_path.sh'
[0.912s] INFO:colcon.colcon_core.shell:Skip shell extension 'powershell' for command environment: Not usable outside of PowerShell
[0.912s] DEBUG:colcon.colcon_core.shell:Skip shell extension 'dsv' for command environment
[0.917s] INFO:colcon.colcon_ros.task.ament_cmake.build:Building ROS package in '/home/syafihidayat/Documents/robot_smoothing/src/robot_main_pkg' with build type 'ament_cmake'
[0.918s] INFO:colcon.colcon_cmake.task.cmake.build:Building CMake package in '/home/syafihidayat/Documents/robot_smoothing/src/robot_main_pkg'
[0.918s] INFO:colcon.colcon_core.shell:Skip shell extension 'powershell' for command environment: Not usable outside of PowerShell
[0.918s] DEBUG:colcon.colcon_core.shell:Skip shell extension 'dsv' for command environment
[0.923s] INFO:colcon.colcon_ros.task.ament_cmake.build:Building ROS package in '/home/syafihidayat/Documents/robot_smoothing/src/robot_waypoint_pkg' with build type 'ament_cmake'
[0.923s] INFO:colcon.colcon_cmake.task.cmake.build:Building CMake package in '/home/syafihidayat/Documents/robot_smoothing/src/robot_waypoint_pkg'
[0.924s] INFO:colcon.colcon_core.shell:Skip shell extension 'powershell' for command environment: Not usable outside of PowerShell
[0.924s] DEBUG:colcon.colcon_core.shell:Skip shell extension 'dsv' for command environment
[0.935s] DEBUG:colcon.colcon_core.event_handler.log_command:Invoking command in '/home/syafihidayat/Documents/robot_smoothing/build/lbringup': CMAKE_PREFIX_PATH=${CMAKE_PREFIX_PATH}:/home/syafihidayat/Documents/robot_smoothing/install/robot_gui_pkg:/opt/ros/humble /usr/bin/cmake --build /home/syafihidayat/Documents/robot_smoothing/build/lbringup -- -j16 -l16
[0.941s] DEBUG:colcon.colcon_core.event_handler.log_command:Invoking command in '/home/syafihidayat/Documents/robot_smoothing/build/purpuresuit_pkg': CMAKE_PREFIX_PATH=${CMAKE_PREFIX_PATH}:/home/syafihidayat/Documents/robot_smoothing/install/robot_gui_pkg:/opt/ros/humble /usr/bin/cmake --build /home/syafihidayat/Documents/robot_smoothing/build/purpuresuit_pkg -- -j16 -l16
[1.207s] INFO:colcon.colcon_core.task.python.build:Building Python package in '/home/syafihidayat/Documents/robot_smoothing/src/robot_gui_pkg'
[1.207s] INFO:colcon.colcon_core.shell:Skip shell extension 'powershell' for command environment: Not usable outside of PowerShell
[1.208s] DEBUG:colcon.colcon_core.shell:Skip shell extension 'dsv' for command environment
[1.219s] DEBUG:colcon.colcon_core.event_handler.log_command:Invoking command in '/home/syafihidayat/Documents/robot_smoothing/build/robot_main_pkg': CMAKE_PREFIX_PATH=${CMAKE_PREFIX_PATH}:/home/syafihidayat/Documents/robot_smoothing/install/robot_gui_pkg:/opt/ros/humble /usr/bin/cmake --build /home/syafihidayat/Documents/robot_smoothing/build/robot_main_pkg -- -j16 -l16
[1.224s] DEBUG:colcon.colcon_core.event_handler.log_command:Invoking command in '/home/syafihidayat/Documents/robot_smoothing/build/robot_waypoint_pkg': CMAKE_PREFIX_PATH=${CMAKE_PREFIX_PATH}:/home/syafihidayat/Documents/robot_smoothing/install/robot_gui_pkg:/opt/ros/humble /usr/bin/cmake --build /home/syafihidayat/Documents/robot_smoothing/build/robot_waypoint_pkg -- -j16 -l16
[1.225s] DEBUG:colcon.colcon_core.event_handler.log_command:Invoked command in '/home/syafihidayat/Documents/robot_smoothing/build/lbringup' returned '0': CMAKE_PREFIX_PATH=${CMAKE_PREFIX_PATH}:/home/syafihidayat/Documents/robot_smoothing/install/robot_gui_pkg:/opt/ros/humble /usr/bin/cmake --build /home/syafihidayat/Documents/robot_smoothing/build/lbringup -- -j16 -l16
[1.241s] DEBUG:colcon.colcon_core.event_handler.log_command:Invoking command in '/home/syafihidayat/Documents/robot_smoothing/build/lbringup': CMAKE_PREFIX_PATH=${CMAKE_PREFIX_PATH}:/home/syafihidayat/Documents/robot_smoothing/install/robot_gui_pkg:/opt/ros/humble /usr/bin/cmake --install /home/syafihidayat/Documents/robot_smoothing/build/lbringup
[1.260s] Level 1:colcon.colcon_core.environment:create_environment_scripts_only(lbringup)
[1.261s] DEBUG:colcon.colcon_core.event_handler.log_command:Invoked command in '/home/syafihidayat/Documents/robot_smoothing/build/lbringup' returned '0': CMAKE_PREFIX_PATH=${CMAKE_PREFIX_PATH}:/home/syafihidayat/Documents/robot_smoothing/install/robot_gui_pkg:/opt/ros/humble /usr/bin/cmake --install /home/syafihidayat/Documents/robot_smoothing/build/lbringup
[1.268s] Level 1:colcon.colcon_core.environment:checking '/home/syafihidayat/Documents/robot_smoothing/install/lbringup' for CMake module files
[1.268s] Level 1:colcon.colcon_core.environment:checking '/home/syafihidayat/Documents/robot_smoothing/install/lbringup' for CMake config files
[1.268s] Level 1:colcon.colcon_core.shell:create_environment_hook('lbringup', 'cmake_prefix_path')
[1.269s] INFO:colcon.colcon_core.shell:Creating environment hook '/home/syafihidayat/Documents/robot_smoothing/install/lbringup/share/lbringup/hook/cmake_prefix_path.ps1'
[1.269s] INFO:colcon.colcon_core.shell:Creating environment descriptor '/home/syafihidayat/Documents/robot_smoothing/install/lbringup/share/lbringup/hook/cmake_prefix_path.dsv'
[1.270s] INFO:colcon.colcon_core.shell:Creating environment hook '/home/syafihidayat/Documents/robot_smoothing/install/lbringup/share/lbringup/hook/cmake_prefix_path.sh'
[1.271s] Level 1:colcon.colcon_core.environment:checking '/home/syafihidayat/Documents/robot_smoothing/install/lbringup/bin'
[1.271s] Level 1:colcon.colcon_core.environment:checking '/home/syafihidayat/Documents/robot_smoothing/install/lbringup/lib/pkgconfig/lbringup.pc'
[1.271s] Level 1:colcon.colcon_core.environment:checking '/home/syafihidayat/Documents/robot_smoothing/install/lbringup/lib/python3.10/site-packages'
[1.271s] Level 1:colcon.colcon_core.environment:checking '/home/syafihidayat/Documents/robot_smoothing/install/lbringup/bin'
[1.271s] INFO:colcon.colcon_core.shell:Creating package script '/home/syafihidayat/Documents/robot_smoothing/install/lbringup/share/lbringup/package.ps1'
[1.273s] INFO:colcon.colcon_core.shell:Creating package descriptor '/home/syafihidayat/Documents/robot_smoothing/install/lbringup/share/lbringup/package.dsv'
[1.273s] INFO:colcon.colcon_core.shell:Creating package script '/home/syafihidayat/Documents/robot_smoothing/install/lbringup/share/lbringup/package.sh'
[1.275s] INFO:colcon.colcon_core.shell:Creating package script '/home/syafihidayat/Documents/robot_smoothing/install/lbringup/share/lbringup/package.bash'
[1.276s] INFO:colcon.colcon_core.shell:Creating package script '/home/syafihidayat/Documents/robot_smoothing/install/lbringup/share/lbringup/package.zsh'
[1.278s] Level 1:colcon.colcon_core.environment:create_file_with_runtime_dependencies(/home/syafihidayat/Documents/robot_smoothing/install/lbringup/share/colcon-core/packages/lbringup)
[1.279s] Level 1:colcon.colcon_core.environment:create_environment_scripts_only(lbringup)
[1.280s] Level 1:colcon.colcon_core.environment:checking '/home/syafihidayat/Documents/robot_smoothing/install/lbringup' for CMake module files
[1.281s] Level 1:colcon.colcon_core.environment:checking '/home/syafihidayat/Documents/robot_smoothing/install/lbringup' for CMake config files
[1.281s] Level 1:colcon.colcon_core.shell:create_environment_hook('lbringup', 'cmake_prefix_path')
[1.282s] INFO:colcon.colcon_core.shell:Creating environment hook '/home/syafihidayat/Documents/robot_smoothing/install/lbringup/share/lbringup/hook/cmake_prefix_path.ps1'
[1.283s] INFO:colcon.colcon_core.shell:Creating environment descriptor '/home/syafihidayat/Documents/robot_smoothing/install/lbringup/share/lbringup/hook/cmake_prefix_path.dsv'
[1.284s] INFO:colcon.colcon_core.shell:Creating environment hook '/home/syafihidayat/Documents/robot_smoothing/install/lbringup/share/lbringup/hook/cmake_prefix_path.sh'
[1.285s] Level 1:colcon.colcon_core.environment:checking '/home/syafihidayat/Documents/robot_smoothing/install/lbringup/bin'
[1.285s] Level 1:colcon.colcon_core.environment:checking '/home/syafihidayat/Documents/robot_smoothing/install/lbringup/lib/pkgconfig/lbringup.pc'
[1.285s] Level 1:colcon.colcon_core.environment:checking '/home/syafihidayat/Documents/robot_smoothing/install/lbringup/lib/python3.10/site-packages'
[1.285s] Level 1:colcon.colcon_core.environment:checking '/home/syafihidayat/Documents/robot_smoothing/install/lbringup/bin'
[1.286s] INFO:colcon.colcon_core.shell:Creating package script '/home/syafihidayat/Documents/robot_smoothing/install/lbringup/share/lbringup/package.ps1'
[1.286s] INFO:colcon.colcon_core.shell:Creating package descriptor '/home/syafihidayat/Documents/robot_smoothing/install/lbringup/share/lbringup/package.dsv'
[1.287s] INFO:colcon.colcon_core.shell:Creating package script '/home/syafihidayat/Documents/robot_smoothing/install/lbringup/share/lbringup/package.sh'
[1.288s] INFO:colcon.colcon_core.shell:Creating package script '/home/syafihidayat/Documents/robot_smoothing/install/lbringup/share/lbringup/package.bash'
[1.288s] INFO:colcon.colcon_core.shell:Creating package script '/home/syafihidayat/Documents/robot_smoothing/install/lbringup/share/lbringup/package.zsh'
[1.288s] Level 1:colcon.colcon_core.environment:create_file_with_runtime_dependencies(/home/syafihidayat/Documents/robot_smoothing/install/lbringup/share/colcon-core/packages/lbringup)
[1.326s] DEBUG:colcon.colcon_core.event_handler.log_command:Invoked command in '/home/syafihidayat/Documents/robot_smoothing/build/robot_main_pkg' returned '0': CMAKE_PREFIX_PATH=${CMAKE_PREFIX_PATH}:/home/syafihidayat/Documents/robot_smoothing/install/robot_gui_pkg:/opt/ros/humble /usr/bin/cmake --build /home/syafihidayat/Documents/robot_smoothing/build/robot_main_pkg -- -j16 -l16
[1.328s] DEBUG:colcon.colcon_core.event_handler.log_command:Invoking command in '/home/syafihidayat/Documents/robot_smoothing/build/robot_main_pkg': CMAKE_PREFIX_PATH=${CMAKE_PREFIX_PATH}:/home/syafihidayat/Documents/robot_smoothing/install/robot_gui_pkg:/opt/ros/humble /usr/bin/cmake --install /home/syafihidayat/Documents/robot_smoothing/build/robot_main_pkg
[1.347s] Level 1:colcon.colcon_core.environment:create_environment_scripts_only(robot_main_pkg)
[1.347s] Level 1:colcon.colcon_core.environment:checking '/home/syafihidayat/Documents/robot_smoothing/install/robot_main_pkg' for CMake module files
[1.348s] DEBUG:colcon.colcon_core.event_handler.log_command:Invoked command in '/home/syafihidayat/Documents/robot_smoothing/build/robot_main_pkg' returned '0': CMAKE_PREFIX_PATH=${CMAKE_PREFIX_PATH}:/home/syafihidayat/Documents/robot_smoothing/install/robot_gui_pkg:/opt/ros/humble /usr/bin/cmake --install /home/syafihidayat/Documents/robot_smoothing/build/robot_main_pkg
[1.348s] Level 1:colcon.colcon_core.environment:checking '/home/syafihidayat/Documents/robot_smoothing/install/robot_main_pkg' for CMake config files
[1.348s] Level 1:colcon.colcon_core.shell:create_environment_hook('robot_main_pkg', 'cmake_prefix_path')
[1.349s] INFO:colcon.colcon_core.shell:Creating environment hook '/home/syafihidayat/Documents/robot_smoothing/install/robot_main_pkg/share/robot_main_pkg/hook/cmake_prefix_path.ps1'
[1.349s] INFO:colcon.colcon_core.shell:Creating environment descriptor '/home/syafihidayat/Documents/robot_smoothing/install/robot_main_pkg/share/robot_main_pkg/hook/cmake_prefix_path.dsv'
[1.350s] INFO:colcon.colcon_core.shell:Creating environment hook '/home/syafihidayat/Documents/robot_smoothing/install/robot_main_pkg/share/robot_main_pkg/hook/cmake_prefix_path.sh'
[1.350s] Level 1:colcon.colcon_core.environment:checking '/home/syafihidayat/Documents/robot_smoothing/install/robot_main_pkg/lib'
[1.351s] Level 1:colcon.colcon_core.environment:checking '/home/syafihidayat/Documents/robot_smoothing/install/robot_main_pkg/bin'
[1.351s] Level 1:colcon.colcon_core.environment:checking '/home/syafihidayat/Documents/robot_smoothing/install/robot_main_pkg/lib/pkgconfig/robot_main_pkg.pc'
[1.351s] Level 1:colcon.colcon_core.environment:checking '/home/syafihidayat/Documents/robot_smoothing/install/robot_main_pkg/lib/python3.10/site-packages'
[1.351s] Level 1:colcon.colcon_core.environment:checking '/home/syafihidayat/Documents/robot_smoothing/install/robot_main_pkg/bin'
[1.351s] INFO:colcon.colcon_core.shell:Creating package script '/home/syafihidayat/Documents/robot_smoothing/install/robot_main_pkg/share/robot_main_pkg/package.ps1'
[1.352s] INFO:colcon.colcon_core.shell:Creating package descriptor '/home/syafihidayat/Documents/robot_smoothing/install/robot_main_pkg/share/robot_main_pkg/package.dsv'
[1.352s] INFO:colcon.colcon_core.shell:Creating package script '/home/syafihidayat/Documents/robot_smoothing/install/robot_main_pkg/share/robot_main_pkg/package.sh'
[1.353s] INFO:colcon.colcon_core.shell:Creating package script '/home/syafihidayat/Documents/robot_smoothing/install/robot_main_pkg/share/robot_main_pkg/package.bash'
[1.353s] INFO:colcon.colcon_core.shell:Creating package script '/home/syafihidayat/Documents/robot_smoothing/install/robot_main_pkg/share/robot_main_pkg/package.zsh'
[1.353s] Level 1:colcon.colcon_core.environment:create_file_with_runtime_dependencies(/home/syafihidayat/Documents/robot_smoothing/install/robot_main_pkg/share/colcon-core/packages/robot_main_pkg)
[1.354s] Level 1:colcon.colcon_core.environment:create_environment_scripts_only(robot_main_pkg)
[1.354s] Level 1:colcon.colcon_core.environment:checking '/home/syafihidayat/Documents/robot_smoothing/install/robot_main_pkg' for CMake module files
[1.355s] Level 1:colcon.colcon_core.environment:checking '/home/syafihidayat/Documents/robot_smoothing/install/robot_main_pkg' for CMake config files
[1.355s] Level 1:colcon.colcon_core.shell:create_environment_hook('robot_main_pkg', 'cmake_prefix_path')
[1.355s] INFO:colcon.colcon_core.shell:Creating environment hook '/home/syafihidayat/Documents/robot_smoothing/install/robot_main_pkg/share/robot_main_pkg/hook/cmake_prefix_path.ps1'
[1.355s] INFO:colcon.colcon_core.shell:Creating environment descriptor '/home/syafihidayat/Documents/robot_smoothing/install/robot_main_pkg/share/robot_main_pkg/hook/cmake_prefix_path.dsv'
[1.356s] INFO:colcon.colcon_core.shell:Creating environment hook '/home/syafihidayat/Documents/robot_smoothing/install/robot_main_pkg/share/robot_main_pkg/hook/cmake_prefix_path.sh'
[1.356s] Level 1:colcon.colcon_core.environment:checking '/home/syafihidayat/Documents/robot_smoothing/install/robot_main_pkg/lib'
[1.356s] Level 1:colcon.colcon_core.environment:checking '/home/syafihidayat/Documents/robot_smoothing/install/robot_main_pkg/bin'
[1.356s] Level 1:colcon.colcon_core.environment:checking '/home/syafihidayat/Documents/robot_smoothing/install/robot_main_pkg/lib/pkgconfig/robot_main_pkg.pc'
[1.357s] Level 1:colcon.colcon_core.environment:checking '/home/syafihidayat/Documents/robot_smoothing/install/robot_main_pkg/lib/python3.10/site-packages'
[1.357s] Level 1:colcon.colcon_core.environment:checking '/home/syafihidayat/Documents/robot_smoothing/install/robot_main_pkg/bin'
[1.357s] INFO:colcon.colcon_core.shell:Creating package script '/home/syafihidayat/Documents/robot_smoothing/install/robot_main_pkg/share/robot_main_pkg/package.ps1'
[1.358s] INFO:colcon.colcon_core.shell:Creating package descriptor '/home/syafihidayat/Documents/robot_smoothing/install/robot_main_pkg/share/robot_main_pkg/package.dsv'
[1.358s] INFO:colcon.colcon_core.shell:Creating package script '/home/syafihidayat/Documents/robot_smoothing/install/robot_main_pkg/share/robot_main_pkg/package.sh'
[1.359s] INFO:colcon.colcon_core.shell:Creating package script '/home/syafihidayat/Documents/robot_smoothing/install/robot_main_pkg/share/robot_main_pkg/package.bash'
[1.359s] INFO:colcon.colcon_core.shell:Creating package script '/home/syafihidayat/Documents/robot_smoothing/install/robot_main_pkg/share/robot_main_pkg/package.zsh'
[1.359s] Level 1:colcon.colcon_core.environment:create_file_with_runtime_dependencies(/home/syafihidayat/Documents/robot_smoothing/install/robot_main_pkg/share/colcon-core/packages/robot_main_pkg)
[1.700s] DEBUG:colcon.colcon_core.task.python.build:Available setuptools commands: register, clean, upload_docs, install_headers, build_clib, alias, upload, egg_info, update_catalog, bdist_wheel, dist_info, build, build_scripts, symlink_data, easy_install, build_ext, sdist, check, test, init_catalog, install, install_data, saveopts, install_egg_info, install_scripts, bdist_egg, build_py, rotate, compile_catalog, bdist_rpm, extract_messages, setopt, develop, bdist_dumb, install_lib, bdist
[1.703s] DEBUG:colcon.colcon_core.event_handler.log_command:Invoking command in '/home/syafihidayat/Documents/robot_smoothing/src/robot_gui_pkg': PYTHONPATH=/home/syafihidayat/Documents/robot_smoothing/build/robot_gui_pkg/prefix_override:/usr/lib/python3/dist-packages/colcon_core/task/python/colcon_distutils_commands:/home/syafihidayat/Documents/robot_smoothing/install/robot_gui_pkg/lib/python3.10/site-packages:${PYTHONPATH} /usr/bin/python3 -W ignore:setup.py install is deprecated -W ignore:easy_install command is deprecated setup.py egg_info --egg-base ../../build/robot_gui_pkg build --build-base /home/syafihidayat/Documents/robot_smoothing/build/robot_gui_pkg/build install --record /home/syafihidayat/Documents/robot_smoothing/build/robot_gui_pkg/install.log --install-scripts $base/lib/robot_gui_pkg --single-version-externally-managed install_data
[2.065s] Level 1:colcon.colcon_core.environment:checking '/home/syafihidayat/Documents/robot_smoothing/install/robot_gui_pkg' for CMake module files
[2.065s] DEBUG:colcon.colcon_core.event_handler.log_command:Invoked command in '/home/syafihidayat/Documents/robot_smoothing/src/robot_gui_pkg' returned '0': PYTHONPATH=/home/syafihidayat/Documents/robot_smoothing/build/robot_gui_pkg/prefix_override:/usr/lib/python3/dist-packages/colcon_core/task/python/colcon_distutils_commands:/home/syafihidayat/Documents/robot_smoothing/install/robot_gui_pkg/lib/python3.10/site-packages:${PYTHONPATH} /usr/bin/python3 -W ignore:setup.py install is deprecated -W ignore:easy_install command is deprecated setup.py egg_info --egg-base ../../build/robot_gui_pkg build --build-base /home/syafihidayat/Documents/robot_smoothing/build/robot_gui_pkg/build install --record /home/syafihidayat/Documents/robot_smoothing/build/robot_gui_pkg/install.log --install-scripts $base/lib/robot_gui_pkg --single-version-externally-managed install_data
[2.066s] Level 1:colcon.colcon_core.environment:checking '/home/syafihidayat/Documents/robot_smoothing/install/robot_gui_pkg' for CMake config files
[2.067s] Level 1:colcon.colcon_core.environment:checking '/home/syafihidayat/Documents/robot_smoothing/install/robot_gui_pkg/lib'
[2.067s] Level 1:colcon.colcon_core.environment:checking '/home/syafihidayat/Documents/robot_smoothing/install/robot_gui_pkg/bin'
[2.067s] Level 1:colcon.colcon_core.environment:checking '/home/syafihidayat/Documents/robot_smoothing/install/robot_gui_pkg/lib/pkgconfig/robot_gui_pkg.pc'
[2.067s] Level 1:colcon.colcon_core.environment:checking '/home/syafihidayat/Documents/robot_smoothing/install/robot_gui_pkg/lib/python3.10/site-packages'
[2.067s] Level 1:colcon.colcon_core.shell:create_environment_hook('robot_gui_pkg', 'pythonpath')
[2.067s] INFO:colcon.colcon_core.shell:Creating environment hook '/home/syafihidayat/Documents/robot_smoothing/install/robot_gui_pkg/share/robot_gui_pkg/hook/pythonpath.ps1'
[2.068s] INFO:colcon.colcon_core.shell:Creating environment descriptor '/home/syafihidayat/Documents/robot_smoothing/install/robot_gui_pkg/share/robot_gui_pkg/hook/pythonpath.dsv'
[2.068s] INFO:colcon.colcon_core.shell:Creating environment hook '/home/syafihidayat/Documents/robot_smoothing/install/robot_gui_pkg/share/robot_gui_pkg/hook/pythonpath.sh'
[2.069s] Level 1:colcon.colcon_core.environment:checking '/home/syafihidayat/Documents/robot_smoothing/install/robot_gui_pkg/bin'
[2.069s] Level 1:colcon.colcon_core.environment:create_environment_scripts_only(robot_gui_pkg)
[2.070s] INFO:colcon.colcon_core.shell:Creating package script '/home/syafihidayat/Documents/robot_smoothing/install/robot_gui_pkg/share/robot_gui_pkg/package.ps1'
[2.070s] INFO:colcon.colcon_core.shell:Creating package descriptor '/home/syafihidayat/Documents/robot_smoothing/install/robot_gui_pkg/share/robot_gui_pkg/package.dsv'
[2.071s] INFO:colcon.colcon_core.shell:Creating package script '/home/syafihidayat/Documents/robot_smoothing/install/robot_gui_pkg/share/robot_gui_pkg/package.sh'
[2.071s] INFO:colcon.colcon_core.shell:Creating package script '/home/syafihidayat/Documents/robot_smoothing/install/robot_gui_pkg/share/robot_gui_pkg/package.bash'
[2.072s] INFO:colcon.colcon_core.shell:Creating package script '/home/syafihidayat/Documents/robot_smoothing/install/robot_gui_pkg/share/robot_gui_pkg/package.zsh'
[2.072s] Level 1:colcon.colcon_core.environment:create_file_with_runtime_dependencies(/home/syafihidayat/Documents/robot_smoothing/install/robot_gui_pkg/share/colcon-core/packages/robot_gui_pkg)
[300.284s] DEBUG:colcon.colcon_parallel_executor.executor.parallel:run_until_complete was interrupted
[300.297s] DEBUG:colcon.colcon_parallel_executor.executor.parallel:run_until_complete again
[300.381s] DEBUG:colcon.colcon_core.event_handler.log_command:Invoked command in '/home/syafihidayat/Documents/robot_smoothing/build/robot_waypoint_pkg' returned '-2': CMAKE_PREFIX_PATH=${CMAKE_PREFIX_PATH}:/home/syafihidayat/Documents/robot_smoothing/install/robot_gui_pkg:/opt/ros/humble /usr/bin/cmake --build /home/syafihidayat/Documents/robot_smoothing/build/robot_waypoint_pkg -- -j16 -l16
[300.397s] Level 1:colcon.colcon_core.environment:create_environment_scripts_only(robot_waypoint_pkg)
[300.398s] Level 1:colcon.colcon_core.environment:checking '/home/syafihidayat/Documents/robot_smoothing/install/robot_waypoint_pkg' for CMake module files
[300.423s] Level 1:colcon.colcon_core.environment:checking '/home/syafihidayat/Documents/robot_smoothing/install/robot_waypoint_pkg' for CMake config files
[300.423s] Level 1:colcon.colcon_core.shell:create_environment_hook('robot_waypoint_pkg', 'cmake_prefix_path')
[300.424s] INFO:colcon.colcon_core.shell:Creating environment hook '/home/syafihidayat/Documents/robot_smoothing/install/robot_waypoint_pkg/share/robot_waypoint_pkg/hook/cmake_prefix_path.ps1'
[300.455s] INFO:colcon.colcon_core.shell:Creating environment descriptor '/home/syafihidayat/Documents/robot_smoothing/install/robot_waypoint_pkg/share/robot_waypoint_pkg/hook/cmake_prefix_path.dsv'
[300.474s] INFO:colcon.colcon_core.shell:Creating environment hook '/home/syafihidayat/Documents/robot_smoothing/install/robot_waypoint_pkg/share/robot_waypoint_pkg/hook/cmake_prefix_path.sh'
[300.479s] Level 1:colcon.colcon_core.environment:checking '/home/syafihidayat/Documents/robot_smoothing/install/robot_waypoint_pkg/lib'
[300.480s] Level 1:colcon.colcon_core.environment:checking '/home/syafihidayat/Documents/robot_smoothing/install/robot_waypoint_pkg/bin'
[300.480s] Level 1:colcon.colcon_core.environment:checking '/home/syafihidayat/Documents/robot_smoothing/install/robot_waypoint_pkg/lib/pkgconfig/robot_waypoint_pkg.pc'
[300.480s] Level 1:colcon.colcon_core.environment:checking '/home/syafihidayat/Documents/robot_smoothing/install/robot_waypoint_pkg/lib/python3.10/site-packages'
[300.481s] Level 1:colcon.colcon_core.environment:checking '/home/syafihidayat/Documents/robot_smoothing/install/robot_waypoint_pkg/bin'
[300.482s] INFO:colcon.colcon_core.shell:Creating package script '/home/syafihidayat/Documents/robot_smoothing/install/robot_waypoint_pkg/share/robot_waypoint_pkg/package.ps1'
[300.486s] INFO:colcon.colcon_core.shell:Creating package descriptor '/home/syafihidayat/Documents/robot_smoothing/install/robot_waypoint_pkg/share/robot_waypoint_pkg/package.dsv'
[300.489s] INFO:colcon.colcon_core.shell:Creating package script '/home/syafihidayat/Documents/robot_smoothing/install/robot_waypoint_pkg/share/robot_waypoint_pkg/package.sh'
[300.492s] INFO:colcon.colcon_core.shell:Creating package script '/home/syafihidayat/Documents/robot_smoothing/install/robot_waypoint_pkg/share/robot_waypoint_pkg/package.bash'
[300.496s] INFO:colcon.colcon_core.shell:Creating package script '/home/syafihidayat/Documents/robot_smoothing/install/robot_waypoint_pkg/share/robot_waypoint_pkg/package.zsh'
[300.501s] Level 1:colcon.colcon_core.environment:create_file_with_runtime_dependencies(/home/syafihidayat/Documents/robot_smoothing/install/robot_waypoint_pkg/share/colcon-core/packages/robot_waypoint_pkg)
[300.509s] DEBUG:colcon.colcon_core.event_handler.log_command:Invoked command in '/home/syafihidayat/Documents/robot_smoothing/build/purpuresuit_pkg' returned '-2': CMAKE_PREFIX_PATH=${CMAKE_PREFIX_PATH}:/home/syafihidayat/Documents/robot_smoothing/install/robot_gui_pkg:/opt/ros/humble /usr/bin/cmake --build /home/syafihidayat/Documents/robot_smoothing/build/purpuresuit_pkg -- -j16 -l16
[300.511s] Level 1:colcon.colcon_core.environment:create_environment_scripts_only(purpuresuit_pkg)
[300.511s] Level 1:colcon.colcon_core.environment:checking '/home/syafihidayat/Documents/robot_smoothing/install/purpuresuit_pkg' for CMake module files
[300.521s] Level 1:colcon.colcon_core.environment:checking '/home/syafihidayat/Documents/robot_smoothing/install/purpuresuit_pkg' for CMake config files
[300.521s] Level 1:colcon.colcon_core.shell:create_environment_hook('purpuresuit_pkg', 'cmake_prefix_path')
[300.522s] INFO:colcon.colcon_core.shell:Creating environment hook '/home/syafihidayat/Documents/robot_smoothing/install/purpuresuit_pkg/share/purpuresuit_pkg/hook/cmake_prefix_path.ps1'
[300.524s] INFO:colcon.colcon_core.shell:Creating environment descriptor '/home/syafihidayat/Documents/robot_smoothing/install/purpuresuit_pkg/share/purpuresuit_pkg/hook/cmake_prefix_path.dsv'
[300.525s] INFO:colcon.colcon_core.shell:Creating environment hook '/home/syafihidayat/Documents/robot_smoothing/install/purpuresuit_pkg/share/purpuresuit_pkg/hook/cmake_prefix_path.sh'
[300.526s] Level 1:colcon.colcon_core.environment:checking '/home/syafihidayat/Documents/robot_smoothing/install/purpuresuit_pkg/lib'
[300.526s] Level 1:colcon.colcon_core.environment:checking '/home/syafihidayat/Documents/robot_smoothing/install/purpuresuit_pkg/bin'
[300.526s] Level 1:colcon.colcon_core.environment:checking '/home/syafihidayat/Documents/robot_smoothing/install/purpuresuit_pkg/lib/pkgconfig/purpuresuit_pkg.pc'
[300.526s] Level 1:colcon.colcon_core.environment:checking '/home/syafihidayat/Documents/robot_smoothing/install/purpuresuit_pkg/lib/python3.10/site-packages'
[300.526s] Level 1:colcon.colcon_core.environment:checking '/home/syafihidayat/Documents/robot_smoothing/install/purpuresuit_pkg/bin'
[300.527s] INFO:colcon.colcon_core.shell:Creating package script '/home/syafihidayat/Documents/robot_smoothing/install/purpuresuit_pkg/share/purpuresuit_pkg/package.ps1'
[300.528s] INFO:colcon.colcon_core.shell:Creating package descriptor '/home/syafihidayat/Documents/robot_smoothing/install/purpuresuit_pkg/share/purpuresuit_pkg/package.dsv'
[300.528s] INFO:colcon.colcon_core.shell:Creating package script '/home/syafihidayat/Documents/robot_smoothing/install/purpuresuit_pkg/share/purpuresuit_pkg/package.sh'
[300.529s] INFO:colcon.colcon_core.shell:Creating package script '/home/syafihidayat/Documents/robot_smoothing/install/purpuresuit_pkg/share/purpuresuit_pkg/package.bash'
[300.529s] INFO:colcon.colcon_core.shell:Creating package script '/home/syafihidayat/Documents/robot_smoothing/install/purpuresuit_pkg/share/purpuresuit_pkg/package.zsh'
[300.530s] Level 1:colcon.colcon_core.environment:create_file_with_runtime_dependencies(/home/syafihidayat/Documents/robot_smoothing/install/purpuresuit_pkg/share/colcon-core/packages/purpuresuit_pkg)
[300.544s] DEBUG:colcon.colcon_parallel_executor.executor.parallel:run_until_complete finished
[300.544s] DEBUG:colcon.colcon_parallel_executor.executor.parallel:closing loop
[300.545s] DEBUG:colcon.colcon_parallel_executor.executor.parallel:loop closed
[300.545s] DEBUG:colcon.colcon_core.event_reactor:joining thread
[300.693s] INFO:colcon.colcon_core.plugin_system:Skipping extension 'colcon_notification.desktop_notification.terminal_notifier': Not used on non-Darwin systems
[300.693s] INFO:colcon.colcon_core.plugin_system:Skipping extension 'colcon_notification.desktop_notification.win32': Not used on non-Windows systems
[300.693s] INFO:colcon.colcon_notification.desktop_notification:Sending desktop notification using 'notify2'
[300.831s] DEBUG:colcon.colcon_core.event_reactor:joined thread
[300.832s] INFO:colcon.colcon_core.shell:Creating prefix script '/home/syafihidayat/Documents/robot_smoothing/install/local_setup.ps1'
[300.835s] INFO:colcon.colcon_core.shell:Creating prefix util module '/home/syafihidayat/Documents/robot_smoothing/install/_local_setup_util_ps1.py'
[300.838s] INFO:colcon.colcon_core.shell:Creating prefix chain script '/home/syafihidayat/Documents/robot_smoothing/install/setup.ps1'
[300.847s] INFO:colcon.colcon_core.shell:Creating prefix script '/home/syafihidayat/Documents/robot_smoothing/install/local_setup.sh'
[300.849s] INFO:colcon.colcon_core.shell:Creating prefix util module '/home/syafihidayat/Documents/robot_smoothing/install/_local_setup_util_sh.py'
[300.850s] INFO:colcon.colcon_core.shell:Creating prefix chain script '/home/syafihidayat/Documents/robot_smoothing/install/setup.sh'
[300.854s] INFO:colcon.colcon_core.shell:Creating prefix script '/home/syafihidayat/Documents/robot_smoothing/install/local_setup.bash'
[300.856s] INFO:colcon.colcon_core.shell:Creating prefix chain script '/home/syafihidayat/Documents/robot_smoothing/install/setup.bash'
[300.860s] INFO:colcon.colcon_core.shell:Creating prefix script '/home/syafihidayat/Documents/robot_smoothing/install/local_setup.zsh'
[300.862s] INFO:colcon.colcon_core.shell:Creating prefix chain script '/home/syafihidayat/Documents/robot_smoothing/install/setup.zsh'
